  0  0.907
  0  1.237
  0  0.902
  0  0.863
  0  0.827
  0  0.915
  0  0.834
  0  0.889
  0  1.052
  0  0.833
  0  0.868
  0  0.888
  0  0.930
  0  0.979
  0  0.913
  0  0.913
  0  0.971
  0  0.880
  0  1.067
  0  0.894
  0  0.940
  0  1.047
  0  0.939
  0  1.198
  0  0.841
  0  0.796
  0  0.856
  0  0.805
  0  0.822
  0  0.971
  0  0.949
  0  0.944
  0  0.952
  0  1.149
  0  1.093
  0  1.030
  0  0.976
  0  0.809
  0  0.843
  0  0.983
  0  0.929
  0  0.803
  0  0.850
  0  1.118
  0  0.959
  0  1.129
  0  1.048
  0  0.836
  0  1.011
  0  0.875
  0  0.909
  0  0.918
  0  0.893
  0  0.980
  0  0.960
  0  0.824
  0  0.826
  0  0.831
  0  1.297
  0  0.936
  0  1.079
  0  0.924
  0  0.876
  0  0.840
  0  1.055
  0  0.911
  0  0.911
  0  0.955
  0  0.859
  0  0.840
  0  1.436
  0  1.498
  0  0.906
  0  1.006
  0  0.822
  0  0.883
  0  0.897
  0  0.969
  0  1.234
  0  1.252
  0  0.853
  0  1.026
  0  0.839
  0  0.843
  0  0.990
  0  1.210
  0  1.066
  0  0.889
  0  0.923
  0  0.987
  0  1.024
  0  0.972
  0  0.955
  0  0.835
  0  0.950
  0  0.851
  0  1.134
  0  0.837
  0  1.148
  0  0.814
  0  0.807
  0  0.849
  0  0.996
  0  1.176
  0  1.051
  0  0.877
  0  0.944
  0  0.984
  0  0.962
  0  0.868
  0  0.877
  0  0.901
  0  0.922
  0  0.834
  0  0.806
  0  0.841
  0  0.976
  0  0.989
  0  0.819
  0  0.832
  0  0.832
  0  0.876
  0  1.112
  0  0.950
  0  0.844
  0  0.857
  0  0.838
  0  1.182
  0  0.891
  0  0.958
  0  1.115
  0  0.905
  0  1.009
  0  0.931
  0  0.933
  0  0.947
  0  0.935
  0  0.900
  0  0.948
  0  0.966
  0  0.940
  0  0.999
  0  0.865
  0  1.165
  0  0.939
  0  0.941
  0  0.876
  0  0.918
  0  0.859
  0  0.855
  0  0.838
  0  1.020
  0  0.896
  0  0.852
  0  0.843
  0  0.884
  0  0.874
  0  0.935
  0  0.814
  0  0.952
  0  0.923
  0  0.980
  0  0.979
  0  0.887
  0  1.275
  0  0.998
  0  0.995
  0  0.914
  0  0.911
  0  0.986
  0  0.937
  0  1.658
  0  0.873
  0  0.900
  0  1.081
  0  0.923
  0  0.874
  0  0.949
  0  0.973
  0  0.809
  0  0.855
  0  0.831
  0  1.380
  0  0.879
  0  0.864
  0  0.827
  0  0.882
  0  1.512
  0  0.983
  0  0.974
  0  0.805
  0  0.896
  0  0.844
  0  0.909
  0  0.948
  0  0.917
  0  0.848
  0  0.908
  0  1.137
  0  0.829
  0  0.960
  0  0.815
  0  0.861
  0  1.014
  0  0.847
  0  0.810
  0  1.062
  0  1.137
  0  0.870
  0  0.843
  0  1.076
  0  0.853
  0  0.860
  0  0.955
  0  0.926
  0  1.159
  0  0.858
  0  1.027
  0  0.980
  0  0.903
  0  0.813
  0  0.979
  0  0.883
  0  0.935
  0  0.770
  0  1.030
  0  1.488
  0  0.936
  0  1.008
  0  0.887
  0  0.998
  0  0.930
  0  0.912
  0  0.875
  0  0.959
  0  0.839
  0  1.255
  0  0.902
  0  0.844
  0  0.936
  0  0.850
  0  0.871
  0  0.942
  0  0.878
  0  0.896
  0  0.867
  0  0.788
  0  0.837
  0  0.996
  0  0.976
  0  0.997
  0  0.941
  0  0.955
  0  0.881
  0  0.887
  0  0.886
  0  0.799
  0  0.902
  0  0.869
  0  1.147
  0  0.939
  0  0.854
  0  0.912
  0  0.880
  0  0.851
  0  0.887
  0  0.950
  0  0.876
  0  0.875
  0  0.896
  0  0.794
  0  0.827
  0  0.955
  0  0.932
  0  0.964
  0  0.915
  0  0.818
  0  1.117
  0  1.370
  0  0.892
  0  0.951
  0  0.803
  0  1.148
  0  0.999
  0  1.353
  0  0.907
  0  0.923
  0  0.856
  0  0.857
  0  0.906
  0  0.984
  0  0.978
  0  1.081
  0  0.845
  0  0.848
  0  0.930
  0  0.913
  0  0.941
  0  1.052
  0  1.042
  0  0.903
  0  1.273
  0  0.892
  0  0.905
  0  0.829
  0  0.840
  0  0.883
  0  1.010
  0  0.913
  0  0.968
  0  0.923
  0  0.832
  0  0.876
  0  0.881
  0  0.916
  0  0.982
  0  0.877
  0  0.984
  0  0.916
  0  0.938
  0  1.090
  0  1.037
  0  1.032
  0  0.841
  0  1.000
  0  0.906
  0  1.010
  0  0.984
  0  1.051
  1  0.944
  0  0.911
  0  1.225
  0  0.876
  0  0.972
  0  1.019
  0  1.103
  0  0.891
  0  0.833
  0  0.980
  0  0.963
  0  1.068
  0  1.077
  0  0.848
  0  1.198
  0  1.067
  0  1.198
  0  0.949
  0  1.181
  0  0.854
  0  0.972
  0  0.988
  0  1.049
  0  0.925
  0  0.835
  0  0.895
  0  0.961
  0  1.205
  0  0.864
  0  0.929
  0  0.926
  0  0.908
  0  0.862
  0  0.889
  0  1.129
  0  0.858
  0  0.911
  0  0.847
  0  0.974
  0  0.946
  0  1.214
  0  0.875
  0  0.851
  0  1.021
  0  0.880
  0  0.871
  0  0.890
  0  0.980
  0  0.922
  0  1.186
  0  0.846
  0  0.906
  0  0.914
  0  0.908
  0  1.020
  0  0.924
  0  0.870
  0  1.107
  0  0.867
  0  0.891
  0  0.855
  0  0.958
  0  0.951
  0  1.032
  0  0.892
  0  0.899
  0  0.831
  0  1.030
  0  1.114
  0  0.931
  0  0.930
  0  0.829
  0  1.008
  0  1.106
  0  1.055
  0  0.925
  0  0.862
  0  0.972
  0  0.936
  0  0.866
  0  0.966
  0  0.942
  0  0.951
  0  0.841
  0  0.883
  0  0.964
  0  0.954
  0  0.995
  0  0.868
  0  0.884
  0  0.985
  0  0.977
  0  0.775
  0  0.930
  0  0.971
  0  1.030
  0  0.903
  0  0.853
  0  0.938
  0  0.924
  0  0.913
  0  0.903
  0  0.902
  0  0.982
  0  0.906
  0  1.048
  0  0.785
  0  0.881
  0  0.964
  0  0.882
  0  0.951
  0  0.876
  0  0.817
  0  1.004
  0  0.929
  0  0.846
  0  1.007
  0  0.978
  0  0.955
  0  1.020
  0  0.838
  0  0.883
  0  0.824
  0  0.894
  0  0.991
  0  0.905
  0  0.892
  0  0.840
  0  0.813
  0  0.886
  0  0.855
  0  0.896
  0  0.944
  0  0.917
  0  0.966
  0  1.139
  0  1.032
  0  0.885
  0  0.817
  0  1.145
  0  0.869
  0  0.799
  0  0.858
  0  0.880
  0  0.885
  0  0.913
  0  0.912
  0  0.964
  0  0.859
  0  0.995
  0  0.867
  0  0.861
  0  1.010
  0  0.887
  0  1.138
  0  0.869
  0  0.897
  0  0.939
  0  0.919
  0  0.894
  0  0.927
  0  0.843
  0  0.913
  0  0.924
  0  1.224
  0  0.814
  0  0.967
  0  0.788
  0  0.816
  0  1.255
  0  1.202
