  1  1.133
  1  1.054
  0  0.992
  1  1.334
  0  2.139
  0  1.241
  0  1.510
  0  1.141
  1  1.655
  1  1.751
  1  1.479
  0  1.343
  1  1.700
  1  1.233
  1  1.295
  0  1.666
  1  2.252
  0  1.504
  0  1.111
  0  0.943
  1  1.144
  0  1.194
  1  1.112
  1  1.034
  0  1.056
  1  1.095
  1  1.372
  1  1.325
  0  1.449
  1  1.095
  0  1.393
  1  2.250
  0  1.079
  1  1.027
  1  1.186
  0  1.252
  0  1.045
  1  1.270
  0  1.149
  0  1.617
  1  1.146
  1  1.446
  0  1.995
  0  1.132
  0  1.145
  1  1.415
  1  1.075
  1  1.365
  0  1.292
  0  1.322
  0  1.620
  1  1.003
  1  1.108
  1  1.481
  0  1.185
  1  1.155
  0  1.805
  0  1.366
  0  2.696
  0  1.104
  1  1.158
  0  1.263
  0  1.953
  1  1.564
  0  1.001
  1  1.186
  1  1.499
  1  1.099
  0  1.274
  0  1.024
  0  1.184
  0  1.153
  1  1.435
  1  1.112
  0  1.517
  0  1.611
  1  1.291
  1  1.014
  1  2.731
  0  1.223
  0  0.910
  1  1.497
  0  1.163
  1  1.236
  0  0.979
  1  1.161
  1  1.287
  1  1.401
  0  0.961
  1  1.090
  1  1.015
  1  1.322
  0  1.075
  1  1.131
  0  1.834
  1  1.572
  0  1.709
  0  1.823
  1  1.398
  0  1.369
  0  1.262
  0  1.188
  1  2.350
  1  1.661
  1  0.938
  1  1.086
  1  0.998
  0  1.039
  0  1.486
  0  1.384
  0  1.331
  1  1.268
  1  1.355
  0  1.239
  0  0.975
  1  0.992
  0  1.096
  0  1.130
  1  1.340
  0  1.643
  0  1.075
  1  1.180
  1  1.245
  0  1.468
  0  1.047
  0  1.010
  0  1.431
  0  1.231
  1  1.289
  0  1.784
  1  1.629
  0  2.752
  1  1.033
  1  1.124
  1  1.105
  0  1.275
  1  1.599
  0  1.441
  1  0.960
  0  1.050
  1  1.076
  0  1.040
  0  1.137
  1  1.312
  1  1.386
  1  1.086
  0  1.002
  1  1.825
  1  1.007
  1  1.744
  1  1.281
  1  1.136
  1  1.452
  0  1.092
  0  1.265
  0  1.204
  0  1.159
  0  1.626
  1  1.227
  1  1.088
  1  1.390
  1  0.995
  0  1.303
  0  0.948
  0  1.732
  1  1.105
  1  1.691
  1  1.116
  0  1.168
  0  0.959
  1  1.106
  1  1.728
  1  1.059
  0  1.711
  1  1.234
  1  1.354
  1  1.948
  0  1.747
  0  1.154
  1  1.338
  1  1.055
  0  1.152
  0  1.501
  0  1.704
  1  1.844
  1  1.132
  1  0.978
  0  1.009
  1  1.613
  0  1.244
  0  1.981
  0  1.153
  0  1.453
  1  1.239
  0  1.290
  0  1.710
  1  2.693
  0  1.068
  1  1.252
  0  0.971
  1  1.515
  0  1.839
  1  1.533
  1  1.303
  1  1.001
  1  1.410
  1  1.261
  0  1.770
  1  1.037
  1  1.219
  0  1.084
  1  1.253
  0  1.098
  0  1.980
  1  1.444
  1  1.117
  1  1.977
  1  1.006
  1  1.055
  0  1.025
  0  1.114
  1  1.276
  0  1.493
  1  1.332
  0  1.213
  0  1.301
  1  1.289
  0  0.990
  1  1.288
  1  0.988
  0  1.493
  0  1.079
  0  0.989
  1  1.106
  1  1.211
  1  1.016
  1  1.364
  1  0.957
  1  1.415
  1  2.093
  1  1.104
  1  1.495
  1  1.033
  0  1.049
  0  1.469
  1  1.653
  0  1.705
  0  2.959
  0  2.045
  1  0.989
  1  1.032
  1  0.938
  0  1.239
  0  1.005
  0  0.987
  1  1.542
  1  1.121
  1  1.204
  1  1.092
  1  1.041
  1  1.015
  1  1.034
  0  1.282
  1  1.074
  0  1.148
  0  1.314
  1  1.951
  1  1.364
  0  1.148
  1  1.002
  0  1.941
  0  1.099
  0  1.358
  1  1.028
  1  1.012
  0  1.488
  0  1.313
  1  1.018
  0  1.126
  0  1.400
  0  0.949
  0  1.892
  0  1.237
  0  1.712
  0  1.611
  1  1.158
  1  1.185
  0  1.134
  0  1.268
  1  1.260
  0  0.970
  0  1.136
  1  1.009
  1  1.125
  1  1.349
  0  1.052
  1  1.234
  1  1.386
  0  1.037
  1  1.088
  0  1.211
  1  1.076
  1  1.567
  1  1.433
  1  1.327
  1  1.738
  1  2.183
  1  1.266
  0  1.703
  0  0.973
  0  1.711
  0  1.436
  0  1.067
  1  1.039
  0  1.215
  0  1.126
  1  2.286
  0  2.380
  1  1.298
  0  1.025
  0  1.255
  1  1.292
  1  1.090
  1  1.098
  1  1.215
  0  1.645
  0  1.426
  0  1.660
  1  1.227
  1  1.898
  0  1.145
  1  1.098
  1  1.154
  0  1.214
  0  1.222
  0  1.773
  1  1.295
  1  1.006
  1  1.047
  1  1.156
  0  1.231
  1  1.116
  0  1.808
  1  1.237
  1  1.401
  1  1.500
  0  1.068
  1  1.035
  0  1.353
  1  1.268
  1  1.154
  1  1.180
  1  1.130
  0  1.045
  1  1.873
  1  0.953
  0  1.014
  0  1.168
  1  0.995
  0  1.302
  1  1.428
  1  1.023
  0  2.248
  0  1.108
  1  1.495
  0  1.334
  1  1.948
  1  1.061
  1  1.676
  0  1.437
  0  1.942
  1  1.172
  0  1.091
  0  1.318
  1  1.483
  0  1.089
  0  1.342
  0  1.038
  0  1.384
  0  0.975
  0  1.408
  0  1.064
  1  1.190
  0  1.241
  0  1.040
  1  1.109
  0  0.962
  1  1.987
  1  1.650
  1  1.473
  1  1.488
  0  1.409
  0  1.060
  1  1.370
  0  1.186
  1  1.071
  1  1.442
  1  2.919
  1  1.263
  0  1.183
  0  1.633
  0  1.083
  0  1.620
  0  2.402
  1  1.648
  0  1.107
  1  1.537
  1  1.303
  0  1.197
  1  1.290
  0  1.261
  0  1.476
  1  1.008
  0  1.197
  0  1.445
  0  1.800
  1  3.265
  0  1.320
  0  1.032
  1  1.027
  1  1.166
  1  2.343
  1  1.247
  0  1.035
  1  1.291
  0  2.994
  1  1.035
  0  0.947
  0  1.154
  1  1.975
  1  1.736
  0  2.008
  1  1.530
  1  2.474
  1  1.054
  0  2.046
  1  1.035
  1  1.090
  0  1.121
  0  1.218
  1  2.603
  0  1.057
  1  1.421
  0  1.084
  0  1.448
  0  1.973
  1  1.183
  0  1.204
  0  1.769
  0  2.420
  1  1.041
  0  0.949
  1  1.684
  0  0.952
  0  2.297
  0  1.208
  1  1.348
  0  1.191
  0  1.112
  1  1.093
  0  1.528
  1  1.105
  0  1.190
  1  1.022
  0  0.964
  1  1.071
  0  1.093
  0  1.925
  1  2.001
  0  1.025
  0  2.234
  0  0.979
  0  1.071
  1  1.119
  0  1.086
  0  0.987
  1  1.142
  0  1.184
  1  1.485
  1  1.376
  0  1.081
  0  1.118
  1  1.530
  1  1.178
  1  1.180
  0  1.100
  0  2.027
  1  1.168
  1  1.490
  0  1.092
  0  1.060
  0  1.430
  0  1.578
  0  2.940
  0  1.136
  1  1.538
  1  1.081
  0  1.053
  0  1.487
  0  1.247
