  1  0.415
  0  0.403
  1  2.228
  0  0.729
  0  0.708
  0  1.600
  1  0.532
  0  1.506
  0  0.438
  0  0.438
  0  1.655
  1  0.690
  0  0.374
  0  0.861
  0  0.536
  1  0.873
  0  0.882
  0  0.938
  0  1.893
  1  0.692
  1  0.965
  0  0.981
  0  0.639
  0  1.026
  1  0.668
  0  0.852
  0  0.811
  0  0.683
  0  0.536
  0  0.963
  1  0.854
  0  0.882
  0  0.966
  0  1.926
  1  0.694
  0  0.915
  0  0.472
  0  1.074
  1  0.483
  1  0.416
  0  0.626
  0  0.829
  0  0.621
  1  1.882
  0  0.635
  0  0.905
  0  0.451
  0  0.633
  1  0.482
  0  1.075
  0  0.775
  0  1.805
  0  0.834
  0  0.495
  0  0.653
  0  0.722
  0  0.548
  1  0.580
  0  1.239
  0  0.648
  1  0.774
  0  0.593
  0  0.863
  0  0.351
  0  1.112
  0  1.556
  0  0.976
  0  1.082
  0  0.883
  0  1.037
  0  0.625
  0  0.598
  0  0.690
  0  0.971
  0  1.037
  0  0.429
  0  0.829
  0  0.474
  0  0.852
  1  0.469
  0  0.455
  0  0.685
  0  0.853
  1  0.479
  0  0.988
  1  0.529
  0  0.537
  0  1.158
  0  1.000
  0  0.537
  0  1.585
  0  0.743
  0  0.863
  1  0.467
  0  0.928
  0  1.047
  1  0.813
  0  1.105
  0  0.622
  0  2.019
  0  0.623
  1  0.989
  0  0.774
  0  0.683
  0  0.542
  0  0.816
  0  1.012
  0  0.749
  0  1.287
  0  0.399
  0  1.349
  1  0.631
  0  1.845
  0  0.409
  0  0.849
  0  1.646
  0  0.581
  1  0.774
  0  0.956
  0  0.778
  0  1.093
  0  0.896
  0  0.630
  0  1.284
  0  1.582
  1  0.532
  0  0.454
  0  0.529
  0  0.440
  0  1.518
  0  0.883
  0  1.176
  0  0.428
  0  0.646
  0  1.391
  0  0.963
  0  0.558
  0  0.844
  0  0.835
  1  0.647
  0  0.463
  0  2.025
  1  1.350
  1  0.501
  0  1.173
  0  0.841
  0  1.806
  0  0.454
  0  1.398
  0  0.661
  0  0.768
  0  1.434
  0  0.635
  0  0.584
  0  0.720
  0  1.246
  0  0.998
  0  1.575
  0  0.460
  0  0.950
  0  1.048
  1  0.983
  0  0.682
  0  1.499
  0  1.472
  0  1.233
  0  0.801
  1  0.617
  0  0.535
  0  0.697
  0  1.057
  0  0.650
  0  0.499
  0  0.418
  0  0.370
  0  0.741
  0  0.713
  0  0.457
  0  0.926
  0  0.803
  0  0.817
  1  0.332
  1  0.985
  0  0.974
  0  0.417
  0  1.036
  0  0.422
  1  0.408
  0  0.661
  0  0.576
  0  1.876
  0  0.585
  0  0.537
  0  0.486
  0  1.030
  0  0.572
  0  0.499
  0  1.254
  0  0.491
  0  1.251
  0  0.742
  0  1.324
  0  0.719
  0  0.812
  1  1.013
  0  0.545
  0  0.831
  0  0.621
  0  0.956
  0  0.544
  0  0.534
  0  0.571
  0  1.016
  0  0.540
  0  1.065
  0  0.430
  0  0.546
  0  0.468
  0  0.903
  0  0.701
  1  0.759
  1  1.320
  0  0.654
  0  0.667
  0  1.434
  0  0.346
  0  0.509
  0  1.426
  0  0.473
  1  0.625
  0  0.572
  0  0.863
  0  0.490
  0  1.585
  0  1.395
  0  0.951
  0  1.224
  0  0.815
  1  0.518
  0  1.344
  1  0.684
  0  0.648
  0  0.801
  0  1.763
  0  0.543
  0  0.976
  0  1.196
  0  1.084
  0  0.996
  1  0.463
  0  0.815
  0  0.484
  0  0.440
  0  0.511
  0  1.546
  0  0.702
  0  0.616
  1  0.491
  0  0.465
  0  0.669
  0  1.328
  1  0.438
  0  0.965
  1  0.324
  0  1.988
  0  0.522
  1  0.636
  0  0.627
  0  0.829
  0  0.894
  1  0.657
  0  1.039
  1  0.433
  0  0.675
  0  0.441
  0  0.762
  0  1.020
  0  0.432
  0  0.757
  0  0.590
  0  1.265
  0  0.428
  0  0.846
  0  0.749
  0  0.497
  1  1.178
  0  0.698
  1  0.821
  1  0.467
  0  1.142
  0  0.533
  0  0.698
  0  0.611
  0  1.119
  0  1.381
  0  0.953
  0  1.560
  0  0.915
  0  0.841
  0  0.902
  1  1.108
  0  0.502
  1  1.449
  0  0.692
  0  0.834
  0  1.153
  1  1.201
  0  0.978
  1  0.452
  0  0.464
  0  0.631
  0  0.743
  0  0.602
  1  0.641
  0  0.774
  0  0.954
  0  0.888
  0  1.291
  0  0.774
  1  1.034
  0  1.518
  0  0.717
  0  0.468
  0  1.204
  1  0.479
  0  0.763
  0  0.471
  0  1.041
  0  0.732
  0  1.150
  0  0.727
  0  0.749
  0  1.959
  0  0.942
  0  1.323
  0  0.829
  0  1.225
  0  0.664
  0  0.807
  0  0.714
  0  1.218
  0  1.114
  0  0.555
  0  0.974
  0  0.769
  0  1.428
  0  1.222
  0  0.905
  0  0.749
  0  0.883
  0  0.454
  0  1.150
  0  0.480
  0  0.719
  1  0.447
  0  0.432
  0  0.841
  0  0.800
  1  0.742
  0  0.537
  0  0.695
  0  1.427
  0  0.569
  0  0.615
  0  1.370
  1  0.418
  1  0.515
  0  1.708
  0  0.725
  0  1.029
  0  0.592
  0  0.700
  0  0.802
  0  1.220
  0  1.025
  0  0.671
  0  1.919
  0  0.482
  0  0.554
  0  1.315
  0  0.888
  0  0.903
  0  2.557
  0  0.688
  0  0.506
  0  0.486
  0  0.645
  0  0.817
  0  0.762
  0  0.903
  0  0.532
  0  0.647
  0  1.330
  0  1.153
  0  0.526
  0  0.851
  1  0.601
  0  0.665
  0  0.456
  0  0.702
  0  0.529
  0  1.074
  0  0.693
  0  1.942
  0  0.862
  0  1.090
  1  0.960
  0  0.727
  0  1.259
  0  1.176
  0  0.639
  0  0.446
  0  1.259
  0  0.388
  0  0.550
  1  0.963
  1  0.556
  1  0.991
  0  1.095
  1  0.578
  0  0.563
  0  0.404
  1  0.465
  0  0.741
  1  1.346
  0  0.755
  1  1.542
  0  0.754
  1  0.322
  0  0.680
  0  1.102
  0  1.360
  0  0.488
  0  0.724
  0  1.485
  0  0.477
  0  0.757
  0  0.519
  0  1.362
  0  0.633
  0  1.141
  0  0.532
  0  0.861
  0  1.017
  0  0.453
  0  0.467
  0  1.883
  1  0.740
  0  0.556
  0  1.911
  1  0.535
  1  1.958
  0  1.112
  0  1.371
  0  0.786
  0  0.640
  0  0.944
  0  0.798
  0  0.978
  0  0.985
  0  0.830
  0  0.903
  1  0.378
  0  0.811
  0  1.344
  0  0.632
  0  0.502
  1  0.434
  0  1.124
  0  0.845
  0  0.810
  0  0.617
  0  0.775
  1  1.162
  0  0.500
  1  0.519
  0  0.683
  0  0.804
  0  0.535
  0  0.722
  0  0.713
  0  0.466
  0  0.600
  0  1.819
  0  1.547
  0  0.504
  0  0.524
  1  0.671
  0  1.202
  0  1.645
  0  0.717
  1  0.370
  0  0.663
  0  0.756
  0  1.111
  0  1.737
  0  1.242
  1  0.690
  0  0.369
  1  0.373
