  0  0.549
  0  1.033
  0  0.461
  0  0.541
  0  0.439
  0  0.312
  0  1.095
  1  0.738
  1  0.504
  0  0.442
  0  0.548
  0  0.747
  0  0.453
  0  0.767
  1  0.241
  0  0.338
  1  0.359
  1  0.370
  0  1.186
  0  0.528
  0  0.386
  0  1.129
  0  0.617
  1  0.537
  0  1.157
  0  2.070
  0  0.988
  0  0.595
  0  1.459
  0  0.547
  0  0.283
  0  0.600
  1  0.201
  0  0.859
  0  1.749
  0  0.852
  0  0.782
  0  0.650
  0  0.550
  0  0.622
  0  0.370
  1  1.166
  1  0.771
  0  0.878
  0  2.397
  1  0.893
  0  1.473
  0  1.145
  0  0.891
  1  0.195
  0  1.403
  1  0.713
  1  0.309
  1  0.508
  0  1.024
  0  0.490
  1  0.548
  0  0.786
  0  0.701
  1  1.277
  0  0.710
  0  1.153
  0  0.455
  0  1.610
  0  0.782
  1  2.246
  0  0.999
  0  0.978
  0  1.325
  0  0.700
  0  0.827
  0  0.355
  0  0.388
  1  0.547
  1  0.335
  0  0.625
  1  0.231
  1  0.920
  0  1.313
  0  0.460
  1  0.909
  0  0.596
  0  1.093
  0  0.621
  0  0.705
  0  0.561
  0  1.782
  0  0.563
  0  0.516
  0  1.062
  0  1.065
  0  1.270
  0  0.769
  0  0.945
  0  0.466
  0  0.574
  0  1.026
  0  1.569
  0  0.571
  1  0.368
  1  0.458
  0  0.529
  1  0.231
  1  0.936
  0  0.738
  0  0.916
  0  1.011
  1  0.320
  0  0.946
  0  1.294
  1  1.080
  0  0.908
  0  1.062
  1  0.453
  1  0.634
  0  1.211
  0  0.818
  0  0.423
  0  0.418
  0  1.036
  0  0.945
  0  0.695
  1  0.784
  0  1.159
  1  0.452
  0  0.936
  0  0.565
  0  0.848
  0  1.367
  0  0.735
  0  0.650
  0  1.464
  0  0.776
  0  2.211
  0  0.963
  0  0.967
  0  1.189
  1  0.555
  0  0.887
  0  0.540
  0  0.850
  0  0.392
  0  0.543
  0  1.516
  0  0.645
  0  0.528
  0  0.958
  0  0.654
  0  0.789
  0  1.114
  1  0.689
  0  0.810
  0  0.497
  0  0.509
  0  0.897
  0  0.302
  1  0.863
  0  0.789
  0  1.348
  0  1.251
  0  0.376
  1  0.455
  0  0.952
  1  1.057
  0  0.571
  1  0.312
  0  1.696
  0  0.711
  0  0.746
  1  0.466
  0  0.791
  0  0.611
  0  0.980
  0  1.119
  0  0.630
  0  0.391
  0  0.309
  0  1.034
  1  0.381
  0  0.921
  0  0.587
  1  0.683
  0  0.598
  0  0.695
  0  0.878
  0  0.832
  0  0.636
  0  0.825
  0  0.503
  1  0.285
  0  0.507
  0  0.625
  0  0.564
  0  1.591
  0  0.844
  0  0.742
  0  1.171
  1  0.449
  0  0.438
  0  0.558
  0  1.343
  0  0.893
  0  0.714
  0  0.421
  0  0.436
  1  0.696
  0  0.755
  0  0.421
  0  0.903
  0  0.360
  0  0.686
  0  0.777
  0  1.058
  0  2.061
  1  0.638
  0  0.871
  0  1.185
  0  1.493
  1  0.644
  1  0.608
  0  0.652
  0  0.435
  0  1.076
  1  0.448
  0  1.385
  0  0.460
  0  0.731
  0  0.946
  1  0.890
  1  0.672
  0  0.682
  0  0.537
  1  0.308
  0  1.606
  0  0.497
  0  0.607
  0  0.619
  0  0.681
  0  1.780
  0  1.267
  0  0.781
  0  1.559
  0  1.940
  0  0.583
  0  2.195
  0  1.361
  0  0.576
  1  0.486
  0  0.536
  0  0.808
  0  0.710
  0  0.935
  1  0.314
  0  0.904
  0  0.667
  1  0.745
  0  0.832
  0  0.454
  0  1.492
  0  1.225
  0  1.041
  1  0.282
  0  0.479
  1  0.294
  1  1.430
  0  0.727
  0  1.015
  0  0.847
  0  0.758
  0  0.677
  0  0.491
  0  1.298
  0  1.244
  0  1.063
  1  0.316
  0  0.710
  0  1.034
  0  0.606
  0  1.404
  0  1.859
  0  1.055
  0  0.427
  1  0.743
  0  0.956
  0  0.934
  0  1.636
  1  0.390
  0  1.027
  0  0.592
  1  1.220
  0  0.958
  0  0.780
  0  0.722
  0  0.852
  0  0.432
  0  0.555
  0  0.599
  0  0.679
  0  0.295
  0  0.773
  0  1.167
  1  0.350
  0  1.403
  1  0.537
  0  1.245
  0  0.577
  0  0.787
  0  0.497
  0  1.134
  0  0.458
  1  0.427
  0  1.762
  0  0.825
  0  0.730
  0  1.096
  0  0.576
  0  0.998
  0  0.505
  0  0.520
  0  0.618
  1  0.493
  0  0.438
  0  1.159
  0  0.594
  0  1.352
  0  1.068
  1  0.361
  0  0.600
  0  1.517
  0  1.079
  0  0.365
  0  0.985
  0  0.805
  1  0.389
  0  1.268
  0  0.945
  0  1.536
  0  1.120
  0  1.393
  1  0.442
  0  0.868
  0  0.711
  0  0.920
  0  0.295
  0  0.782
  0  0.599
  1  0.782
  1  0.429
  0  0.762
  0  0.771
  0  0.874
  0  0.539
  0  1.069
  0  1.508
  0  0.622
  0  0.911
  0  0.865
  1  0.429
  0  0.406
  0  0.640
  0  0.352
  0  0.507
  0  0.631
  0  0.575
  0  0.585
  0  0.308
  0  1.398
  0  0.718
  0  0.655
  0  0.316
  0  0.385
  0  0.921
  0  1.066
  0  0.877
  0  1.096
  0  0.811
  0  1.271
  1  0.701
  0  0.463
  0  1.036
  0  0.370
  0  1.148
  0  0.905
  1  0.368
  0  0.884
  0  1.073
  1  0.572
  0  0.658
  0  0.501
  0  1.865
  0  0.555
  0  1.466
  1  1.610
  0  0.475
  0  1.022
  0  0.788
  1  0.543
  0  0.464
  1  0.828
  0  0.543
  0  0.432
  0  1.567
  1  0.586
  0  0.820
  0  1.239
  1  0.547
  0  1.031
  0  0.318
  0  1.177
  0  0.363
  0  0.441
  0  0.746
  0  0.519
  0  0.577
  0  0.856
  0  0.445
  0  0.412
  1  0.524
  0  0.514
  0  0.912
  0  0.481
  0  1.315
  1  0.505
  0  1.141
  0  0.409
  1  1.027
  1  0.417
  1  0.416
  0  0.686
  0  1.243
  0  0.818
  0  0.907
  0  1.236
  1  1.048
  0  0.993
  1  0.730
  0  0.549
  0  0.854
  0  0.541
  0  0.881
  0  0.711
  1  0.370
  0  0.618
  0  0.909
  0  0.612
  0  0.854
  0  0.567
  1  0.939
  0  0.330
  0  0.990
  0  0.516
  0  0.887
  0  0.827
  0  2.216
  0  0.600
  0  0.689
  0  0.467
  0  0.562
  0  0.624
  1  0.531
  1  0.645
  0  0.940
  1  0.408
  0  0.530
  0  0.670
  0  0.958
  0  0.718
  0  1.021
  0  0.883
  0  0.694
  0  0.595
  0  1.165
  1  1.781
  0  0.794
  0  1.172
  0  0.519
  0  1.178
  0  0.441
  0  0.688
  0  0.552
  1  1.122
  0  0.811
  1  0.301
  0  0.627
  0  1.277
  0  0.544
  0  0.607
  0  0.836
  0  0.616
  0  0.739
  0  1.124
  0  0.622
  0  0.759
  1  0.400
  0  0.519
  0  1.894
  0  0.756
  0  1.169
  1  0.286
  0  1.820
