  1  0.445
  1  0.732
  1  0.471
  1  0.595
  1  0.463
  1  0.639
  1  0.425
  1  0.561
  1  0.622
  1  0.610
  1  0.783
  1  0.679
  1  0.482
  1  0.659
  1  0.521
  1  0.548
  1  0.762
  1  0.564
  1  0.628
  1  0.734
  1  0.573
  1  0.474
  1  0.562
  1  0.461
  1  0.487
  1  0.646
  1  0.532
  1  1.012
  1  0.566
  1  0.555
  1  0.544
  1  0.626
  1  0.705
  1  0.615
  1  0.384
  1  0.564
  1  0.519
  1  0.638
  1  0.584
  1  0.418
  1  0.479
  1  0.477
  1  0.846
  1  0.622
  1  1.120
  1  0.807
  1  0.440
  1  0.541
  1  0.485
  1  1.321
  1  0.611
  1  0.558
  1  0.557
  1  0.633
  1  0.472
  1  0.594
  1  0.401
  1  0.398
  1  0.575
  1  0.822
  1  0.496
  1  0.442
  1  0.522
  1  0.510
  1  0.655
  1  0.503
  1  0.503
  1  0.418
  1  1.027
  1  0.629
  1  0.858
  1  0.585
  1  0.685
  1  0.615
  1  0.570
  1  0.449
  1  0.506
  1  0.471
  1  0.743
  1  0.547
  1  0.560
  1  0.582
  1  0.631
  1  0.447
  1  0.469
  1  0.470
  1  0.609
  1  0.440
  1  0.543
  1  0.583
  1  0.650
  1  0.622
  1  0.510
  1  0.588
  1  0.489
  1  0.533
  1  0.568
  1  0.720
  1  0.519
  1  0.560
  1  0.573
  1  0.529
  1  0.500
  1  0.456
  1  0.442
  1  0.525
  1  0.629
  1  0.553
  1  0.380
  1  0.427
  1  0.635
  1  0.576
  1  0.768
  1  0.548
  1  0.489
  1  0.666
  1  0.475
  1  0.691
  1  0.527
  1  0.466
  1  0.587
  1  0.546
  1  0.540
  1  0.630
  1  0.746
  1  0.679
  1  0.489
  1  0.683
  1  0.484
  1  0.547
  1  0.532
  1  0.660
  1  0.665
  1  0.689
  1  0.478
  1  0.579
  1  0.514
  1  0.479
  1  0.513
  1  0.683
  1  0.458
  1  0.447
  1  0.570
  1  0.640
  1  0.622
  1  0.590
  1  0.455
  1  0.910
  1  0.594
  1  0.428
  1  0.436
  1  0.591
  1  0.635
  1  0.511
  1  0.610
  1  0.783
  1  0.561
  0  0.705
  1  0.460
  1  0.546
  1  0.753
  1  0.675
  1  0.680
  1  0.866
  1  0.482
  1  0.498
  1  0.575
  1  0.638
  1  0.503
  1  0.563
  1  0.513
  1  0.507
  1  0.547
  1  0.518
  1  0.496
  1  0.542
  1  0.556
  1  2.130
  1  0.581
  1  0.566
  1  0.529
  1  0.485
  1  0.732
  1  0.567
  1  0.479
  1  0.428
  1  0.519
  1  0.594
  1  0.458
  1  0.651
  1  0.760
  1  0.583
  1  0.879
  1  0.496
  1  0.549
  1  0.900
  1  0.537
  1  0.526
  1  1.036
  1  0.433
  1  0.562
  1  0.585
  1  0.513
  1  0.661
  0  1.151
  1  0.499
  1  0.389
  1  0.411
  1  0.457
  1  0.907
  1  0.496
  1  0.809
  1  0.596
  1  0.465
  1  0.741
  1  1.250
  1  0.645
  1  0.764
  1  0.771
  1  0.431
  1  0.528
  1  0.389
  1  0.635
  1  0.610
  1  0.471
  1  0.535
  1  0.558
  1  0.469
  1  0.542
  1  0.527
  1  0.442
  1  0.563
  1  0.505
  1  0.564
  1  0.619
  1  0.537
  1  0.616
  1  0.419
  1  0.467
  1  0.446
  1  0.560
  1  0.461
  1  0.504
  1  0.383
  1  0.442
  1  0.653
  1  0.640
  1  0.519
  1  0.477
  1  0.571
  1  0.592
  1  0.598
  1  0.503
  1  0.544
  1  0.731
  1  0.439
  1  0.567
  1  0.557
  1  0.397
  1  0.403
  1  0.873
  1  0.525
  1  0.698
  1  0.497
  1  0.513
  1  0.419
  1  0.466
  1  0.417
  1  0.509
  1  0.615
  1  0.619
  1  0.547
  1  0.441
  1  0.471
  1  0.659
  1  0.724
  1  0.588
  1  0.662
  1  0.467
  1  0.430
  1  0.666
  1  0.542
  1  0.505
  1  0.620
  1  0.387
  1  0.479
  1  0.448
  1  0.457
  1  0.506
  1  0.474
  1  0.712
  1  0.855
  1  0.504
  1  0.524
  1  0.623
  1  0.671
  1  0.463
  1  0.431
  1  0.545
  1  0.379
  1  0.574
  1  0.501
  1  0.534
  1  0.944
  1  0.545
  1  0.563
  1  0.810
  1  0.492
  1  1.123
  1  0.487
  1  0.526
  1  0.641
  1  0.559
  1  0.517
  1  0.404
  1  0.591
  1  0.382
  1  0.481
  1  0.490
  1  0.437
  1  0.493
  1  0.501
  1  0.536
  1  0.730
  1  0.742
  1  0.552
  1  0.415
  1  0.476
  1  0.881
  1  0.547
  1  0.556
  1  0.463
  1  0.453
  1  0.534
  1  0.513
  1  0.636
  1  0.519
  1  0.463
  0  1.592
  1  0.403
  1  0.631
  1  0.541
  1  0.576
  1  0.490
  1  0.721
  1  0.496
  1  0.557
  1  0.643
  1  0.693
  1  0.766
  1  0.640
  1  0.488
  1  0.460
  1  0.490
  1  0.498
  1  0.666
  1  0.512
  1  0.446
  1  0.507
  1  0.542
  1  0.631
  1  0.521
  1  0.467
  1  0.444
  1  0.460
  1  0.410
  1  0.482
  1  0.558
  1  0.562
  1  0.622
  1  0.883
  1  0.539
  1  0.678
  1  0.671
  1  0.564
  1  0.647
  1  0.646
  1  0.439
  1  0.810
  1  0.528
  1  0.409
  1  0.450
  1  0.941
  1  0.596
  1  0.670
  1  0.634
  1  0.541
  1  0.565
  1  0.460
  1  1.795
  1  0.562
  1  0.418
  1  0.584
  1  0.423
  1  0.500
  1  0.804
  1  0.683
  1  0.527
  1  0.603
  1  0.629
  1  0.549
  1  0.630
  1  0.641
  1  0.488
  1  0.802
  1  0.463
  1  0.506
  1  0.559
  1  0.696
  1  0.501
  1  0.479
  1  0.480
  1  0.465
  1  0.485
  1  0.527
  1  0.687
  1  0.823
  1  0.523
  1  0.526
  1  0.577
  1  0.742
  1  0.775
  1  0.386
  1  1.355
  1  0.495
  1  0.508
  1  0.963
  1  0.606
  1  0.505
  1  0.472
  1  0.529
  1  0.452
  1  0.931
  1  0.483
  1  0.590
  1  0.365
  1  0.549
  1  0.474
  1  0.739
  1  0.820
  1  0.636
  1  0.528
  1  0.602
  1  0.489
  1  0.611
  0  0.591
  1  0.597
  1  0.504
  1  0.976
  1  0.563
  1  0.417
  1  0.413
  1  0.466
  1  0.539
  1  0.652
  1  0.551
  1  0.637
  1  0.784
  1  0.582
  1  0.470
  1  0.622
  0  1.843
  1  1.468
  1  0.385
  1  0.449
  1  0.519
  1  0.546
  1  0.504
  1  0.713
  1  0.480
  1  0.531
  1  0.516
  1  0.541
  1  0.511
  1  0.411
  1  0.476
  1  0.440
  1  0.469
  1  1.416
  1  0.537
  1  0.572
  1  0.911
  1  0.909
  1  0.575
  1  0.483
  1  0.514
  1  0.563
  1  0.657
  1  0.590
  1  0.649
  0  0.915
  1  0.754
  1  0.570
  1  0.578
  1  0.501
  1  0.593
  1  0.493
  1  0.524
  1  0.445
  1  0.572
