  0  1.005
  0  1.136
  0  1.092
  0  1.465
  0  1.280
  0  1.480
  0  1.368
  0  0.934
  0  1.390
  0  0.940
  0  1.083
  0  0.968
  0  1.192
  0  1.040
  0  1.539
  0  1.446
  0  1.780
  0  1.035
  0  0.995
  0  0.993
  0  1.030
  0  1.249
  0  1.161
  0  1.758
  0  0.856
  0  1.013
  0  1.166
  0  1.065
  0  0.928
  0  1.073
  0  1.128
  0  0.835
  0  0.928
  0  1.527
  0  1.040
  0  0.987
  0  0.940
  0  0.963
  0  1.160
  0  1.297
  0  0.985
  0  0.879
  0  0.950
  0  1.187
  0  0.959
  0  1.031
  0  1.031
  0  1.776
  0  0.973
  0  1.415
  0  1.146
  0  0.969
  0  0.967
  0  1.833
  0  0.983
  0  0.992
  0  0.904
  0  1.035
  0  1.085
  0  1.693
  0  1.265
  0  0.912
  0  1.106
  0  1.019
  0  0.960
  0  0.952
  0  0.916
  0  1.444
  0  1.327
  0  1.056
  0  1.088
  0  1.158
  0  0.978
  0  0.855
  0  0.979
  0  0.936
  0  1.266
  0  1.367
  0  0.920
  0  1.049
  0  1.012
  0  1.027
  0  1.102
  0  0.928
  0  1.129
  0  0.928
  0  2.431
  0  1.016
  0  1.691
  0  1.020
  0  0.902
  0  1.428
  0  0.955
  0  0.958
  0  1.276
  0  0.875
  0  0.963
  0  0.903
  0  0.951
  0  1.060
  0  0.953
  0  0.966
  0  0.965
  0  1.156
  0  1.195
  0  1.265
  0  1.003
  0  0.876
  0  0.914
  0  1.072
  0  1.631
  0  0.863
  0  1.016
  0  0.921
  0  0.940
  0  0.869
  0  0.971
  0  0.963
  0  2.952
  0  0.957
  0  0.908
  0  0.985
  0  1.019
  0  1.720
  0  0.860
  0  1.078
  0  0.966
  0  1.303
  0  0.905
  0  1.024
  0  0.898
  0  1.126
  0  1.070
  0  1.068
  0  1.026
  0  0.962
  0  0.995
  0  0.986
  0  1.686
  0  1.011
  0  0.948
  0  1.259
  0  0.914
  0  1.991
  0  1.011
  0  1.082
  0  0.920
  0  2.305
  0  0.897
  0  1.261
  1  1.785
  0  1.012
  0  0.960
  0  0.900
  0  0.994
  0  0.988
  0  0.925
  0  0.897
  0  0.959
  0  1.068
  0  1.054
  0  0.866
  0  0.881
  0  2.638
  0  0.964
  0  2.243
  0  0.990
  0  1.113
  0  0.924
  0  0.971
  0  0.961
  0  1.666
  0  1.002
  0  0.998
  0  0.896
  0  0.982
  0  1.020
  0  0.900
  0  0.996
  0  0.841
  0  0.955
  0  0.888
  0  0.910
  0  0.929
  0  1.120
  0  0.912
  0  0.948
  0  1.265
  0  1.272
  0  0.960
  0  0.982
  0  1.439
  0  1.043
  0  0.981
  1  2.094
  0  0.958
  0  1.036
  0  1.032
  0  1.084
  0  0.905
  0  1.004
  0  0.998
  0  1.244
  0  3.263
  0  0.966
  0  0.960
  0  1.165
  0  1.074
  0  0.952
  1  0.969
  0  0.997
  0  1.635
  0  1.169
  0  1.136
  0  0.914
  0  1.290
  0  1.092
  0  1.055
  0  0.993
  0  1.638
  1  1.284
  0  0.903
  0  1.015
  0  1.147
  0  0.929
  0  1.082
  0  1.196
  0  4.285
  0  1.001
  0  1.041
  0  0.939
  0  1.228
  0  1.178
  0  1.147
  0  1.209
  0  0.907
  0  0.948
  0  1.967
  0  0.962
  0  0.910
  0  0.971
  0  0.899
  0  1.197
  0  1.116
  0  1.728
  0  1.171
  0  0.885
  0  1.141
  0  0.963
  0  1.298
  0  1.042
  0  1.039
  0  0.954
  0  0.943
  0  0.897
  0  0.996
  0  1.005
  0  0.980
  0  1.366
  0  1.030
  0  0.996
  0  1.014
  0  0.917
  0  0.929
  0  0.920
  0  1.017
  0  0.987
  0  1.204
  0  1.006
  0  0.905
  0  1.035
  0  0.938
  0  0.957
  0  1.120
  0  0.934
  0  1.263
  0  0.994
  0  0.862
  1  2.290
  0  0.966
  0  1.051
  0  0.828
  0  0.906
  0  1.442
  0  1.212
  0  0.936
  0  1.006
  0  1.113
  0  0.971
  0  1.000
  0  1.533
  0  1.183
  0  1.120
  0  0.928
  0  1.009
  1  1.162
  0  0.947
  0  1.000
  0  1.426
  0  1.461
  0  0.849
  0  1.158
  0  0.954
  0  1.034
  0  0.962
  0  1.201
  0  1.112
  0  0.935
  0  0.980
  0  0.990
  0  1.252
  0  1.329
  0  0.969
  0  1.086
  0  0.856
  0  1.053
  0  0.861
  0  0.922
  0  1.320
  0  0.857
  0  1.367
  1  1.056
  0  0.998
  0  0.868
  0  1.226
  0  0.909
  0  0.998
  0  1.101
  0  0.910
  0  1.579
  0  1.098
  0  0.961
  0  0.981
  0  0.962
  0  0.900
  0  1.256
  0  1.281
  0  1.088
  0  0.979
  0  1.238
  0  1.026
  0  1.012
  0  1.078
  0  1.180
  0  1.124
  0  1.076
  0  1.005
  0  1.302
  0  1.029
  0  1.825
  0  0.894
  0  1.384
  0  1.008
  0  1.326
  0  0.957
  0  1.084
  0  1.154
  0  1.141
  0  0.934
  0  0.918
  1  1.851
  0  1.033
  0  0.863
  0  0.893
  0  1.081
  0  0.958
  0  0.910
  0  1.172
  0  1.159
  0  1.592
  0  0.878
  0  0.949
  0  0.928
  0  0.876
  0  1.068
  0  1.624
  0  0.998
  0  1.031
  0  1.080
  0  1.060
  0  0.994
  0  0.963
  0  1.187
  0  0.958
  0  0.934
  0  1.096
  0  2.466
  0  1.315
  0  2.262
  1  1.355
  0  1.015
  0  0.895
  0  0.935
  0  2.503
  0  0.871
  0  1.434
  0  0.956
  0  0.927
  0  0.946
  0  0.956
  0  0.970
  0  1.185
  0  1.299
  1  1.400
  0  0.955
  0  0.902
  0  1.097
  0  1.795
  0  1.177
  0  0.935
  0  1.280
  0  0.882
  0  1.436
  0  1.068
  0  0.912
  0  0.892
  0  0.981
  0  0.893
  0  1.022
  0  1.000
  0  0.928
  1  2.457
  0  1.187
  0  0.894
  0  1.100
  0  0.970
  0  1.044
  0  0.859
  0  1.183
  0  0.857
  0  1.289
  0  1.256
  0  0.896
  0  0.942
  0  0.930
  0  1.251
  0  0.913
  0  1.352
  0  1.284
  0  0.965
  0  0.984
  0  0.856
  0  1.862
  0  0.882
  0  0.922
  0  1.016
  0  0.969
  0  1.029
  0  1.181
  0  1.036
  0  1.035
  1  1.017
  1  1.657
  0  1.042
  0  0.919
  0  1.282
  0  0.940
  0  1.082
  0  1.136
  0  0.980
  0  1.281
  0  0.985
  0  1.050
  0  1.261
  0  0.958
  0  0.987
  0  1.089
  0  0.913
  0  1.093
  0  1.260
  0  1.118
  0  0.959
  0  1.025
  0  1.148
  0  0.878
  0  0.949
  0  2.674
  0  0.848
  0  1.069
  0  0.912
  0  0.930
  1  2.095
  0  1.007
  0  1.132
  0  1.198
  0  0.893
  0  0.930
  0  0.975
  0  3.129
  0  0.891
  0  0.890
  0  0.883
  0  1.106
  0  1.427
  0  2.166
  0  0.995
  0  1.229
  0  0.943
  0  1.064
  0  0.805
