  0  0.628
  0  0.612
  0  0.617
  0  0.547
  0  0.734
  0  0.530
  0  0.664
  1  0.847
  0  0.588
  0  0.603
  0  0.789
  0  0.767
  0  0.488
  0  0.616
  0  0.551
  1  0.564
  0  0.719
  0  0.663
  0  0.551
  0  0.502
  0  0.632
  0  0.705
  0  0.523
  0  0.543
  0  0.571
  0  0.631
  0  0.591
  0  0.585
  0  0.639
  0  0.590
  0  0.481
  0  0.487
  0  0.540
  0  0.613
  0  0.632
  0  0.566
  0  0.623
  0  0.621
  0  0.769
  0  0.481
  1  0.568
  0  0.633
  0  0.473
  0  0.569
  0  0.575
  0  0.707
  0  0.574
  0  0.578
  0  0.531
  0  0.562
  0  0.520
  0  0.597
  0  0.682
  0  0.575
  0  0.533
  0  0.637
  0  0.712
  0  0.577
  0  0.705
  0  0.633
  0  0.764
  0  0.666
  0  0.736
  0  0.598
  0  0.620
  0  0.607
  0  0.595
  0  0.578
  0  0.546
  0  0.677
  0  0.564
  0  0.614
  0  0.563
  0  0.649
  0  0.581
  0  0.625
  0  0.589
  0  0.505
  0  0.569
  0  0.823
  0  0.614
  0  0.507
  0  0.654
  0  0.552
  0  0.702
  0  0.617
  0  0.617
  0  0.676
  0  0.621
  0  0.538
  0  0.531
  0  0.648
  0  0.514
  0  0.649
  0  0.651
  0  0.617
  0  0.525
  0  0.653
  0  0.988
  0  0.664
  0  0.564
  0  0.588
  0  0.660
  0  0.612
  0  0.954
  0  0.638
  0  0.666
  0  0.691
  0  0.606
  0  0.600
  0  0.509
  0  0.610
  0  0.708
  0  0.637
  0  0.486
  0  0.863
  0  0.726
  1  0.749
  0  0.557
  0  0.507
  0  0.506
  0  0.563
  0  0.618
  0  0.559
  0  0.545
  1  0.816
  0  0.692
  0  0.535
  0  0.649
  0  0.575
  0  0.623
  0  0.689
  0  0.482
  0  0.893
  0  0.802
  0  0.494
  0  0.857
  0  0.589
  0  0.556
  0  0.581
  0  0.620
  0  0.640
  0  0.539
  0  0.614
  0  0.630
  0  0.573
  0  0.661
  0  0.537
  0  0.631
  0  0.597
  1  0.594
  0  0.626
  0  0.572
  0  0.491
  0  0.607
  0  0.516
  0  0.490
  0  0.636
  0  0.525
  0  0.563
  0  0.467
  0  0.614
  0  0.649
  0  0.599
  1  0.630
  0  0.626
  0  0.659
  0  0.607
  0  0.585
  0  0.536
  0  0.465
  0  0.792
  0  0.619
  0  0.536
  0  0.736
  0  0.561
  0  0.557
  0  0.594
  0  0.614
  0  0.660
  0  0.544
  0  0.754
  0  0.487
  0  0.484
  0  0.540
  0  0.734
  0  0.519
  0  0.512
  0  0.594
  0  0.566
  1  0.639
  0  0.699
  0  0.507
  0  0.577
  0  0.481
  0  0.511
  0  0.654
  0  0.649
  1  0.597
  0  0.501
  0  0.868
  0  0.653
  0  0.539
  0  0.736
  0  0.515
  0  0.571
  0  0.520
  0  0.492
  0  0.506
  0  0.563
  0  1.018
  0  0.906
  0  0.618
  0  0.584
  0  0.517
  0  0.656
  0  0.516
  0  0.577
  0  0.682
  0  0.668
  0  0.658
  0  0.487
  0  0.640
  0  0.619
  0  0.601
  0  0.579
  0  0.633
  0  0.652
  0  0.971
  0  0.611
  0  0.524
  1  0.550
  0  0.807
  0  0.548
  0  0.479
  0  0.627
  0  0.678
  0  0.719
  0  0.680
  1  0.677
  0  0.558
  0  0.677
  0  0.536
  0  0.552
  0  0.597
  0  0.520
  0  0.610
  0  0.498
  0  0.595
  0  0.571
  0  0.664
  0  0.494
  0  0.882
  1  0.579
  0  0.650
  0  0.593
  0  0.604
  1  0.682
  1  0.670
  0  0.604
  0  0.631
  0  0.650
  0  0.579
  0  0.604
  0  0.684
  0  0.776
  0  0.544
  0  0.531
  1  0.695
  0  0.666
  0  0.519
  0  0.542
  0  0.508
  0  0.754
  0  0.710
  0  0.616
  0  0.644
  1  0.520
  0  0.622
  0  0.709
  0  0.563
  0  0.493
  0  0.580
  0  0.556
  0  0.760
  0  0.662
  0  0.657
  0  0.506
  0  0.674
  0  0.713
  0  0.696
  0  0.548
  0  0.714
  0  0.795
  0  0.508
  0  0.574
  0  0.657
  0  0.665
  0  0.633
  1  0.694
  0  0.660
  0  0.601
  0  0.606
  0  0.591
  0  0.616
  0  0.641
  1  0.879
  0  0.567
  0  0.539
  0  0.585
  0  0.499
  0  0.826
  0  0.632
  0  0.518
  0  0.582
  0  0.623
  0  0.720
  0  0.489
  0  0.536
  0  0.554
  0  0.638
  0  0.640
  0  0.606
  0  0.658
  0  0.746
  0  0.664
  0  0.550
  0  0.518
  0  0.640
  0  0.543
  0  0.581
  0  0.617
  0  0.646
  0  0.513
  0  0.626
  0  0.667
  0  0.588
  0  0.649
  0  0.764
  0  0.543
  0  0.604
  0  0.630
  0  0.856
  0  0.603
  0  0.608
  0  0.588
  0  0.827
  0  0.524
  0  0.482
  0  0.540
  0  0.619
  0  0.600
  0  0.667
  0  0.640
  0  0.866
  0  0.704
  1  0.682
  0  0.594
  0  0.578
  0  0.517
  0  0.572
  0  0.694
  0  0.697
  0  0.562
  0  0.491
  0  0.559
  0  0.639
  0  0.690
  0  0.584
  0  0.507
  0  0.520
  0  0.541
  0  0.667
  0  0.741
  0  0.604
  0  0.684
  0  0.617
  0  0.695
  0  0.761
  0  0.541
  0  0.611
  0  0.515
  0  0.811
  0  0.706
  0  0.692
  0  0.649
  0  0.658
  0  0.579
  0  0.591
  0  0.617
  0  1.096
  0  0.937
  0  0.530
  0  0.538
  0  0.562
  0  0.548
  0  0.729
  0  0.554
  0  0.739
  0  0.666
  0  0.607
  0  0.539
  0  0.627
  0  0.628
  0  0.511
  0  0.491
  0  0.616
  0  0.754
  0  0.543
  0  0.834
  0  0.701
  0  0.652
  0  0.549
  0  0.646
  0  0.500
  0  0.560
  0  0.548
  0  0.762
  1  0.840
  0  0.569
  0  0.694
  0  0.641
  0  0.560
  0  1.117
  0  0.602
  0  0.528
  0  0.618
  0  0.593
  0  0.541
  0  0.566
  0  0.460
  0  0.641
  0  0.584
  1  0.790
  0  0.523
  0  0.665
  0  0.632
  0  0.599
  0  0.630
  0  0.608
  1  0.690
  0  0.715
  0  0.665
  0  0.572
  0  0.660
  0  0.621
  0  0.466
  0  0.561
  0  0.578
  0  0.646
  0  0.576
  0  0.645
  0  0.549
  0  0.612
  0  0.567
  0  0.635
  0  0.542
  0  0.520
  0  0.476
  0  0.775
  0  0.770
  0  0.469
  1  0.536
  0  0.611
  0  0.752
  0  0.832
  0  0.672
  0  0.586
  0  0.583
  0  0.621
  0  0.544
  0  0.587
  0  0.632
  0  0.587
  0  0.873
  0  0.744
  0  0.558
  0  0.677
  0  0.980
  0  0.709
  0  0.603
  0  0.535
  0  0.545
  0  0.534
  0  0.638
  0  0.639
  0  0.521
  0  0.653
  0  0.553
  0  0.750
  0  0.769
  0  0.678
  0  0.653
  0  0.555
  0  0.527
  0  0.484
  0  0.740
  0  0.769
  0  0.486
  0  0.524
