  1  2.448
  0  0.682
  0  1.887
  1  3.274
  0  0.892
  0  1.125
  0  1.341
  0  0.638
  1  1.358
  0  1.036
  0  1.227
  0  1.613
  1  0.708
  1  1.040
  0  1.546
  0  1.087
  0  2.059
  0  2.037
  0  1.436
  1  1.732
  0  0.752
  1  1.596
  0  0.638
  0  0.530
  0  1.898
  1  2.014
  1  0.964
  0  1.263
  0  0.519
  0  0.937
  0  1.458
  0  0.983
  1  0.593
  1  0.776
  0  4.851
  0  0.850
  0  1.931
  1  1.543
  0  0.843
  0  0.975
  1  1.014
  1  1.137
  0  1.911
  1  1.632
  0  1.141
  0  0.760
  1  1.025
  0  2.116
  1  2.396
  1  1.358
  0  2.373
  0  0.865
  0  0.650
  0  0.667
  0  0.729
  1  3.336
  1  1.404
  0  1.096
  0  0.911
  0  0.948
  0  2.186
  0  1.329
  0  1.458
  1  2.007
  0  1.774
  1  1.719
  0  1.395
  1  1.047
  0  0.618
  0  1.179
  1  0.745
  1  1.116
  1  2.066
  1  2.244
  0  1.431
  1  1.735
  1  0.769
  1  1.289
  1  0.850
  1  2.153
  0  1.266
  1  0.794
  0  1.255
  0  1.744
  0  2.380
  1  1.147
  1  0.995
  0  0.818
  1  1.286
  1  1.259
  0  0.738
  1  1.042
  1  1.205
  0  0.834
  1  0.761
  1  0.634
  0  1.210
  0  1.248
  1  1.150
  0  3.055
  0  0.833
  0  0.751
  0  0.752
  0  0.901
  0  3.092
  0  0.826
  0  2.336
  0  1.846
  1  1.904
  1  0.941
  1  1.834
  0  2.296
  1  1.024
  0  0.797
  0  1.088
  0  1.916
  0  0.689
  1  1.191
  1  0.703
  0  0.918
  0  1.872
  0  1.826
  0  0.915
  0  1.371
  0  1.389
  0  1.430
  0  1.038
  1  0.768
  0  1.124
  0  1.058
  0  0.724
  0  2.109
  1  1.360
  0  1.518
  1  1.446
  0  2.662
  0  1.122
  0  1.289
  0  4.432
  1  1.854
  1  0.828
  0  1.311
  0  0.998
  1  1.114
  0  1.540
  0  1.163
  0  1.275
  1  0.666
  1  1.153
  1  0.928
  0  0.839
  1  0.662
  0  1.023
  1  1.744
  0  3.126
  0  1.114
  1  2.420
  0  2.214
  0  1.213
  1  0.946
  0  0.873
  0  1.408
  0  1.112
  1  2.008
  0  3.391
  0  1.697
  1  1.054
  1  1.170
  1  1.636
  1  1.026
  1  4.103
  1  1.607
  1  0.870
  0  1.311
  0  1.226
  0  1.343
  1  1.166
  0  2.634
  0  1.333
  0  0.709
  1  1.063
  0  0.789
  1  1.142
  1  1.751
  1  4.218
  1  0.934
  0  0.630
  1  1.443
  0  1.310
  1  0.655
  0  1.868
  0  1.901
  0  1.054
  0  1.570
  0  0.805
  0  0.675
  0  0.939
  0  0.843
  0  1.404
  1  0.944
  0  1.039
  1  2.915
  0  0.743
  1  1.008
  1  1.260
  0  1.643
  1  1.280
  1  1.065
  0  1.374
  0  1.541
  0  1.201
  1  5.578
  1  0.891
  0  1.655
  0  3.536
  1  0.682
  1  0.655
  1  1.497
  0  0.854
  1  1.211
  0  1.741
  0  0.961
  0  2.503
  0  1.361
  0  2.336
  1  1.439
  1  1.584
  1  1.407
  0  0.740
  1  1.658
  0  0.651
  1  0.803
  0  2.087
  0  0.967
  0  1.236
  0  1.208
  1  0.774
  0  1.262
  1  1.040
  1  0.921
  0  1.309
  0  0.807
  0  1.307
  0  1.186
  0  0.625
  0  0.703
  0  1.837
  1  0.724
  0  2.115
  1  1.254
  1  0.834
  1  3.738
  1  1.454
  0  0.806
  1  1.476
  0  0.963
  0  2.734
  0  2.305
  0  0.777
  1  0.677
  1  0.980
  0  2.963
  1  1.183
  1  2.596
  0  3.519
  1  0.921
  0  1.967
  0  0.955
  1  1.007
  1  0.852
  0  1.286
  0  1.071
  1  0.974
  1  1.920
  0  2.223
  0  1.738
  1  0.954
  1  1.217
  0  0.709
  1  1.224
  0  0.793
  1  1.047
  1  2.109
  0  0.960
  0  2.027
  1  2.675
  1  1.322
  0  0.948
  0  0.827
  1  0.940
  0  1.063
  0  1.488
  0  0.708
  1  0.872
  1  1.076
  0  0.830
  1  0.712
  0  2.353
  0  2.508
  0  0.799
  1  1.813
  1  0.711
  0  0.855
  0  0.882
  1  0.762
  0  1.013
  0  2.458
  0  0.744
  0  2.478
  1  1.092
  1  1.154
  0  1.312
  0  1.175
  0  1.050
  1  2.187
  0  0.743
  0  0.906
  1  1.829
  1  1.663
  0  0.696
  0  1.504
  0  1.265
  1  1.057
  1  0.935
  0  1.812
  1  0.915
  0  1.366
  0  2.907
  0  0.845
  0  0.822
  0  1.175
  0  0.671
  1  1.031
  1  0.740
  0  0.916
  0  2.663
  0  1.651
  0  2.308
  1  1.544
  0  2.696
  1  1.272
  1  0.886
  1  1.188
  0  2.013
  0  2.271
  0  1.443
  0  0.659
  0  0.666
  1  0.844
  0  1.657
  1  2.703
  0  1.213
  1  1.117
  0  1.169
  0  1.688
  0  0.610
  1  0.960
  0  1.429
  1  2.314
  0  1.995
  0  2.192
  0  2.196
  1  0.681
  0  1.256
  0  0.945
  1  0.795
  0  1.009
  0  1.605
  1  3.208
  0  0.809
  0  1.359
  1  1.318
  0  0.535
  1  1.170
  1  0.868
  1  1.557
  1  2.067
  0  0.828
  0  0.665
  0  1.477
  0  1.325
  0  1.730
  1  0.677
  0  0.705
  0  0.548
  1  0.949
  0  0.749
  0  1.102
  1  1.134
  0  0.758
  0  1.429
  1  0.925
  1  2.257
  1  0.789
  1  0.717
  1  1.665
  1  3.212
  1  1.872
  0  0.740
  0  0.692
  0  0.683
  0  1.594
  1  1.124
  0  1.330
  0  1.792
  0  0.552
  1  1.194
  0  2.306
  0  2.356
  1  0.604
  1  4.287
  1  1.927
  1  0.836
  0  1.396
  1  1.310
  0  0.934
  0  1.031
  0  0.908
  1  0.959
  0  1.001
  0  2.125
  1  2.937
  0  1.105
  0  0.627
  1  1.778
  1  1.289
  1  0.839
  1  3.353
  0  0.626
  1  1.118
  0  3.240
  0  2.766
  1  0.725
  0  0.771
  0  1.719
  1  1.311
  1  1.352
  1  0.766
  0  1.179
  0  1.435
  0  1.156
  0  1.052
  0  1.274
  0  3.439
  1  2.006
  0  1.436
  0  1.999
  0  0.786
  0  1.405
  0  1.250
  0  1.766
  1  1.458
  0  2.607
  1  1.199
  1  3.114
  0  1.086
  0  1.441
  0  0.637
  1  0.808
  0  1.184
  0  1.411
  0  0.800
  1  1.675
  1  1.026
  1  0.868
  0  0.700
  1  0.870
  1  1.222
  0  0.919
  0  1.788
  0  2.619
  0  3.529
  0  1.823
  0  1.735
  1  0.998
  1  1.870
  0  1.989
  1  0.651
  1  0.805
  0  0.851
  1  1.391
  0  0.916
  0  2.205
  1  0.705
  1  0.921
  0  1.130
  0  0.783
  1  0.843
  1  0.626
  1  1.057
  0  0.994
  0  1.327
  1  0.917
  0  1.755
  1  0.833
  0  2.135
  0  0.926
  1  0.636
  0  0.915
  0  0.607
