  0  1.106
  0  0.866
  0  0.794
  0  1.312
  0  0.789
  0  0.705
  0  0.926
  0  0.763
  0  1.258
  1  1.088
  0  0.800
  0  0.907
  0  0.807
  0  0.847
  0  0.845
  0  0.842
  0  0.732
  0  1.283
  0  0.777
  0  1.022
  0  0.694
  0  1.179
  0  0.918
  0  0.789
  0  0.728
  0  1.034
  0  0.836
  0  0.848
  0  0.906
  0  0.956
  0  0.970
  0  0.664
  0  0.899
  0  1.125
  0  0.638
  0  0.931
  0  0.703
  0  0.650
  0  0.867
  0  0.915
  0  0.895
  0  0.959
  1  0.727
  0  1.094
  0  0.928
  0  1.259
  1  1.143
  0  0.855
  0  0.987
  0  0.784
  0  0.722
  0  0.807
  0  0.917
  1  0.991
  1  0.780
  0  0.753
  0  0.725
  0  1.281
  0  1.023
  0  0.852
  0  0.684
  0  0.808
  0  0.781
  0  1.185
  0  0.952
  0  1.054
  0  1.121
  0  0.879
  1  0.797
  0  0.726
  0  0.758
  0  0.907
  0  0.963
  0  1.300
  0  0.893
  0  0.868
  0  0.747
  0  0.933
  0  1.322
  1  1.080
  0  0.781
  0  0.812
  1  1.035
  0  0.911
  0  0.895
  0  0.776
  0  0.934
  1  0.958
  0  0.936
  1  1.521
  0  0.831
  0  0.750
  0  0.895
  0  1.186
  0  0.863
  0  0.899
  0  0.912
  0  1.379
  1  0.901
  0  1.026
  1  0.857
  0  0.952
  0  0.871
  0  0.789
  0  0.945
  0  1.077
  0  0.641
  0  0.968
  0  0.667
  0  0.825
  0  0.942
  0  0.901
  0  0.942
  0  1.422
  0  0.894
  1  0.913
  0  1.035
  0  0.961
  0  0.994
  0  1.017
  0  0.707
  0  0.913
  0  0.840
  0  0.796
  0  0.978
  0  0.877
  0  0.953
  0  0.712
  0  1.612
  0  1.233
  1  0.914
  0  1.067
  0  0.925
  0  0.827
  0  0.873
  0  1.101
  0  0.905
  0  0.817
  0  0.944
  0  1.369
  0  0.715
  0  0.879
  0  0.883
  0  0.804
  0  1.030
  0  0.965
  0  0.853
  0  1.158
  1  0.973
  0  1.085
  0  0.813
  0  0.817
  0  0.827
  0  0.836
  1  1.131
  0  1.053
  0  1.107
  0  0.875
  0  1.137
  0  0.973
  0  1.093
  0  0.793
  0  0.871
  1  1.374
  0  0.745
  0  1.015
  0  0.855
  0  0.730
  0  0.833
  0  0.847
  0  0.685
  0  0.938
  0  1.283
  0  0.712
  0  0.773
  0  0.990
  0  1.039
  0  0.724
  0  1.024
  0  0.801
  1  0.813
  0  0.974
  1  1.243
  0  0.921
  0  0.706
  1  1.265
  0  1.020
  1  1.057
  0  0.998
  0  0.942
  0  1.039
  1  0.890
  0  0.827
  0  1.071
  0  1.204
  0  0.855
  0  0.954
  0  0.965
  0  0.940
  0  1.070
  0  0.966
  0  0.959
  0  1.168
  0  1.220
  0  0.781
  0  0.868
  0  0.722
  0  1.238
  0  0.773
  0  0.901
  0  0.754
  0  1.145
  0  0.876
  0  0.922
  0  0.668
  0  0.800
  0  0.912
  0  0.880
  0  0.742
  0  0.760
  0  0.963
  0  0.861
  0  0.680
  0  1.431
  0  0.896
  0  0.934
  0  0.931
  0  1.115
  0  1.279
  0  0.964
  0  0.896
  0  1.015
  0  0.871
  1  0.745
  0  0.836
  0  0.850
  0  0.721
  0  0.721
  0  0.975
  0  0.730
  0  1.052
  0  0.793
  0  0.981
  0  0.914
  0  0.878
  0  0.866
  1  0.734
  0  0.880
  0  0.872
  0  0.928
  0  1.618
  0  0.720
  0  0.823
  0  0.974
  0  0.914
  0  1.015
  0  0.833
  0  0.877
  0  0.787
  0  1.106
  0  0.918
  0  1.186
  0  0.860
  0  0.805
  0  0.857
  0  0.926
  0  0.798
  0  1.163
  0  0.687
  0  0.855
  0  0.689
  0  0.874
  0  0.737
  0  1.081
  0  1.340
  1  1.755
  0  1.111
  0  1.222
  0  1.019
  0  0.752
  1  0.889
  0  1.035
  0  0.923
  0  0.742
  0  0.672
  0  0.740
  0  0.708
  0  0.893
  0  1.130
  0  0.684
  0  0.716
  0  0.788
  0  0.744
  0  1.155
  0  0.758
  0  1.309
  0  0.806
  0  0.872
  0  1.044
  0  2.259
  0  0.705
  0  1.044
  0  0.803
  0  0.865
  0  0.909
  0  1.208
  1  1.205
  0  1.314
  0  1.313
  0  1.187
  0  0.897
  0  1.271
  0  0.740
  0  0.912
  0  1.035
  0  0.916
  0  0.735
  1  0.889
  0  1.025
  0  0.941
  0  0.745
  0  0.864
  0  0.788
  0  1.405
  0  0.917
  0  1.015
  0  0.912
  0  1.011
  0  0.998
  0  0.781
  0  1.301
  0  0.890
  0  0.665
  0  0.793
  0  0.704
  1  0.786
  0  0.833
  0  0.835
  0  0.874
  0  1.136
  0  0.963
  0  1.076
  0  1.090
  0  0.868
  0  0.974
  0  0.824
  0  0.899
  0  1.225
  0  0.892
  0  0.887
  0  1.064
  0  0.973
  0  0.757
  0  1.250
  0  0.720
  0  0.749
  0  0.812
  0  1.297
  0  1.036
  0  0.973
  0  0.716
  0  0.966
  1  0.886
  1  0.965
  0  0.726
  0  1.026
  0  0.989
  0  1.139
  0  0.740
  0  1.029
  0  0.843
  0  0.833
  0  0.639
  0  0.815
  0  0.890
  0  0.749
  0  0.637
  0  0.791
  0  0.730
  0  0.756
  1  1.265
  0  1.010
  0  0.944
  0  0.742
  0  1.156
  0  1.218
  0  0.908
  0  0.904
  0  1.313
  0  0.829
  1  0.922
  0  0.938
  0  0.834
  0  0.795
  0  0.757
  0  0.933
  0  0.778
  0  0.831
  0  0.867
  0  1.166
  0  0.795
  0  0.960
  0  1.319
  0  0.792
  0  0.772
  0  0.836
  0  1.163
  0  0.818
  0  0.947
  0  0.884
  0  0.884
  0  0.979
  0  0.975
  0  0.894
  0  0.702
  0  0.714
  0  0.650
  0  0.922
  0  0.979
  0  0.854
  0  0.740
  0  0.847
  0  0.869
  0  1.113
  0  0.803
  0  1.023
  0  0.972
  0  0.666
  0  0.787
  1  1.153
  0  0.868
  0  1.146
  0  0.730
  0  0.739
  0  1.186
  0  0.869
  0  1.121
  0  0.981
  0  0.891
  0  1.234
  0  0.938
  0  0.837
  0  0.883
  0  0.859
  0  0.663
  0  0.618
  0  0.754
  0  0.788
  0  0.879
  0  1.207
  0  0.862
  0  0.846
  0  0.886
  0  1.450
  0  0.938
  0  0.774
  0  0.991
  0  0.735
  0  0.923
  0  0.848
  0  1.085
  0  1.106
  0  0.748
  0  0.900
  1  0.972
  1  0.865
  1  1.156
  0  0.707
  0  0.736
  0  1.046
  0  0.799
  0  0.862
  0  0.872
  0  0.977
  0  1.054
  0  0.895
  0  0.700
  0  1.082
  0  0.786
  0  0.815
  0  0.712
  1  1.178
  0  1.252
  0  0.879
  0  1.020
  0  0.726
  0  1.180
  0  0.704
  0  0.801
  0  1.379
  0  0.869
  0  0.943
  0  0.848
  0  1.018
  0  0.879
  0  0.613
  0  1.014
  0  0.715
  0  0.866
  0  0.773
