  1  2.365
  0  1.117
  1  1.028
  0  1.177
  1  1.314
  0  0.906
  0  1.463
  0  1.151
  0  1.015
  1  0.890
  0  0.962
  1  1.380
  0  1.518
  1  0.882
  0  0.898
  0  1.055
  1  1.196
  0  1.095
  0  1.272
  0  0.939
  0  0.938
  0  1.228
  0  0.972
  1  1.415
  1  1.557
  1  0.775
  0  1.252
  0  1.164
  0  1.357
  0  1.246
  0  0.986
  0  1.195
  0  1.473
  0  1.332
  0  1.038
  1  0.915
  1  1.197
  0  1.041
  0  1.076
  1  1.108
  0  1.070
  0  1.086
  0  0.976
  1  0.881
  0  1.023
  1  0.895
  1  1.575
  0  1.009
  1  0.955
  0  0.905
  0  1.234
  0  1.043
  1  1.035
  1  0.942
  0  0.947
  1  1.247
  1  1.082
  0  0.851
  0  1.053
  0  1.084
  1  0.990
  0  1.177
  0  1.062
  0  0.920
  0  1.168
  0  0.912
  0  1.082
  0  0.946
  0  1.058
  0  1.276
  0  0.913
  0  1.085
  0  1.536
  0  1.127
  1  1.116
  0  1.237
  0  1.167
  1  1.284
  1  0.850
  1  0.922
  0  0.993
  0  1.346
  1  1.009
  1  0.894
  1  0.927
  0  0.851
  1  0.824
  1  1.011
  0  1.371
  1  1.133
  1  1.101
  0  1.037
  0  1.290
  0  0.961
  1  1.023
  1  0.969
  1  2.045
  0  1.572
  1  1.515
  1  0.926
  1  0.823
  0  1.121
  1  0.855
  1  1.064
  0  0.983
  0  1.034
  0  2.315
  1  0.808
  0  0.943
  1  0.826
  1  1.251
  0  1.168
  0  1.095
  0  0.988
  0  1.225
  0  1.508
  0  1.201
  0  0.955
  0  0.999
  1  0.976
  0  2.293
  0  1.159
  1  0.825
  0  1.009
  1  0.888
  0  0.984
  0  1.003
  1  1.075
  0  0.941
  0  1.026
  0  1.910
  1  0.797
  0  1.502
  1  0.950
  1  1.155
  1  0.776
  0  1.093
  0  0.947
  0  0.924
  0  0.987
  0  1.051
  0  1.076
  1  0.874
  1  2.916
  0  1.001
  0  0.876
  0  0.900
  0  1.104
  0  1.068
  0  0.929
  0  1.024
  0  1.258
  1  1.098
  0  0.975
  0  1.114
  1  0.901
  0  1.015
  0  1.088
  1  0.842
  0  1.002
  0  1.235
  1  1.026
  0  1.262
  1  0.877
  0  0.971
  0  0.983
  0  0.923
  0  1.137
  0  0.880
  1  1.014
  1  0.979
  0  0.946
  1  1.024
  0  1.076
  0  1.089
  0  1.287
  0  1.001
  1  2.543
  1  0.876
  1  1.111
  0  0.979
  1  0.946
  0  1.175
  1  1.042
  0  1.213
  0  0.921
  0  1.027
  0  1.101
  1  0.863
  0  1.490
  1  0.914
  1  0.825
  0  1.208
  0  1.242
  1  0.886
  0  1.162
  1  1.096
  1  0.835
  1  1.149
  1  1.017
  0  1.136
  0  1.354
  1  0.817
  0  1.055
  0  1.142
  0  1.023
  0  0.893
  0  1.033
  1  1.074
  0  1.156
  1  0.862
  1  0.989
  0  0.958
  0  1.149
  0  1.154
  0  1.346
  0  0.976
  1  0.990
  1  0.944
  0  0.878
  1  0.853
  1  0.839
  1  0.997
  0  1.194
  1  1.202
  1  0.862
  0  0.926
  0  0.900
  0  1.170
  1  1.262
  1  1.199
  0  1.123
  0  0.935
  1  1.228
  1  1.190
  0  1.281
  0  0.967
  0  1.303
  0  1.577
  0  0.877
  1  1.219
  0  1.046
  1  1.350
  0  0.836
  0  1.231
  0  1.014
  0  1.046
  1  0.881
  1  0.960
  1  0.879
  1  0.922
  1  0.901
  0  1.093
  0  1.014
  1  0.812
  0  1.228
  0  1.053
  1  0.989
  0  0.947
  1  0.859
  1  0.888
  0  1.109
  0  1.071
  0  1.258
  1  0.890
  1  0.942
  0  1.001
  0  0.850
  0  1.119
  0  1.466
  0  0.920
  1  1.012
  0  0.878
  1  0.954
  0  0.907
  1  0.797
  0  1.137
  1  1.307
  0  1.087
  0  1.116
  1  1.063
  0  0.976
  0  0.892
  1  1.060
  0  1.057
  0  0.892
  0  1.071
  1  0.797
  1  1.044
  1  0.827
  0  0.952
  1  1.138
  0  0.898
  1  1.096
  1  0.806
  1  1.347
  0  1.270
  1  0.819
  1  0.951
  1  1.499
  1  1.112
  1  0.908
  1  0.896
  1  0.944
  1  1.343
  0  1.191
  1  1.043
  0  1.110
  0  1.539
  1  0.909
  1  0.880
  0  1.176
  1  0.953
  0  0.956
  0  1.204
  0  1.111
  1  1.134
  0  1.909
  1  0.859
  1  0.915
  0  0.918
  0  1.395
  0  1.007
  0  1.167
  0  1.458
  0  1.002
  1  0.758
  0  0.963
  0  0.966
  1  0.880
  1  1.029
  0  1.131
  0  1.245
  1  0.830
  0  0.933
  0  1.022
  0  1.049
  0  1.472
  0  1.167
  0  1.057
  1  1.127
  0  1.069
  0  1.067
  1  1.518
  0  1.472
  0  1.185
  0  1.424
  0  1.163
  0  1.013
  1  1.203
  1  1.551
  0  0.917
  0  1.077
  0  1.044
  0  1.420
  0  0.960
  0  0.874
  0  0.899
  1  1.196
  0  1.415
  0  1.151
  1  0.817
  1  0.969
  1  0.818
  0  1.547
  0  1.432
  0  1.165
  0  1.004
  0  1.189
  1  1.886
  0  1.061
  0  1.038
  0  0.962
  0  1.076
  0  1.166
  1  0.801
  0  0.974
  0  0.899
  0  1.243
  0  0.896
  1  0.968
  0  1.085
  1  0.926
  1  1.228
  0  0.909
  0  0.958
  0  0.939
  0  0.951
  0  1.020
  0  1.201
  0  1.083
  0  1.045
  1  1.306
  0  1.103
  1  0.866
  0  1.381
  0  1.049
  0  1.017
  1  0.843
  1  1.529
  1  0.989
  1  0.832
  0  1.032
  1  0.905
  1  0.912
  1  1.249
  0  1.555
  0  1.353
  1  0.885
  0  1.021
  0  1.266
  0  0.934
  0  1.156
  0  1.391
  0  1.096
  1  0.813
  1  0.842
  0  0.959
  1  0.881
  0  1.289
  1  1.259
  0  1.383
  1  0.875
  0  1.214
  1  0.916
  1  0.832
  0  0.986
  0  0.954
  1  0.826
  1  0.906
  0  0.868
  1  0.941
  1  0.932
  0  0.855
  0  1.145
  0  1.130
  0  0.862
  0  1.005
  0  0.862
  1  0.965
  0  1.338
  0  1.032
  0  1.465
  1  0.973
  0  0.923
  0  0.917
  0  1.010
  1  1.191
  0  1.025
  0  0.921
  0  1.173
  0  1.040
  0  1.508
  1  0.789
  0  1.194
  1  0.922
  1  0.798
  0  0.884
  0  1.061
  0  1.016
  1  0.877
  0  1.011
  1  1.034
  1  0.924
  0  1.026
  1  0.913
  0  0.968
  0  0.966
  0  0.953
  1  0.769
  1  0.900
  0  1.379
  0  1.531
  0  1.407
  0  0.994
  1  0.976
  1  1.090
  0  0.933
  0  1.067
  0  0.901
  0  0.870
  0  0.964
  0  0.957
  1  0.944
  1  1.000
  1  0.951
  1  1.291
  1  0.956
  0  0.985
  0  1.358
  0  0.978
  0  1.074
  1  0.969
  1  1.036
  0  1.164
  0  0.971
  0  1.158
  0  1.457
  1  1.325
  1  1.161
