  1  1.352
  1  0.494
  1  1.282
  1  0.944
  1  0.964
  1  1.915
  0  1.106
  1  0.544
  1  0.434
  1  0.424
  1  0.441
  1  2.215
  1  1.015
  1  0.439
  1  0.467
  1  0.472
  1  0.687
  1  0.391
  1  1.195
  1  1.060
  1  0.430
  1  3.774
  1  0.389
  1  0.416
  1  0.476
  1  1.348
  1  1.368
  1  0.594
  1  0.879
  1  0.389
  1  0.396
  1  0.691
  1  0.497
  1  0.654
  1  0.421
  0  0.848
  1  1.592
  1  0.850
  1  0.923
  1  0.736
  1  0.664
  1  0.520
  1  0.647
  1  0.572
  1  0.661
  1  1.092
  1  1.840
  1  0.688
  0  2.322
  1  1.275
  0  1.550
  1  0.908
  1  0.379
  1  0.785
  1  0.765
  1  0.500
  1  1.142
  1  0.572
  1  0.955
  0  0.993
  1  1.020
  0  0.562
  1  0.558
  1  0.399
  0  0.660
  1  0.815
  1  1.072
  0  1.123
  1  0.619
  1  0.877
  1  0.544
  1  1.677
  0  0.519
  0  1.382
  1  0.445
  1  0.403
  0  2.474
  1  1.394
  0  0.697
  1  0.424
  1  0.479
  1  0.423
  1  0.588
  0  1.537
  1  0.931
  1  0.492
  0  0.701
  1  0.552
  1  1.636
  1  0.367
  1  0.611
  1  0.889
  1  1.570
  0  0.906
  1  0.501
  1  0.458
  0  1.863
  0  0.833
  0  1.181
  1  0.451
  0  0.894
  1  0.545
  1  1.355
  1  0.498
  1  0.535
  1  0.583
  1  0.388
  1  0.573
  0  0.682
  1  0.403
  1  0.394
  1  1.157
  1  0.930
  1  0.465
  1  0.756
  1  0.879
  0  1.362
  1  2.056
  1  0.465
  1  0.976
  1  1.307
  1  0.668
  1  1.058
  1  1.113
  1  0.635
  1  0.474
  0  1.145
  1  0.684
  1  0.531
  1  0.639
  1  0.430
  1  0.427
  1  1.302
  1  0.435
  1  0.646
  1  0.817
  1  1.096
  0  1.832
  1  0.579
  1  0.603
  1  0.553
  1  0.429
  1  0.590
  1  1.045
  1  1.660
  1  0.563
  1  1.259
  1  0.962
  0  0.971
  1  0.512
  1  0.511
  1  0.518
  0  0.646
  1  0.421
  0  0.812
  1  0.644
  1  1.348
  1  0.969
  1  0.576
  1  0.477
  1  0.580
  1  0.530
  0  0.705
  0  1.521
  1  0.402
  1  0.850
  0  1.790
  1  2.578
  0  0.612
  1  0.855
  1  0.593
  1  0.398
  1  2.162
  1  1.409
  0  0.812
  1  0.364
  1  2.602
  1  1.835
  1  0.430
  1  0.460
  1  0.355
  0  0.605
  1  0.734
  1  0.665
  1  0.509
  1  0.406
  0  1.006
  0  1.279
  1  0.382
  0  1.518
  0  0.798
  1  0.900
  1  0.718
  1  1.343
  1  0.600
  1  0.662
  1  1.102
  1  0.583
  0  1.071
  1  0.505
  0  2.943
  1  0.634
  0  2.286
  0  0.617
  1  0.847
  1  0.384
  1  0.994
  1  0.424
  1  0.720
  1  0.631
  1  0.392
  1  0.560
  1  0.376
  1  0.616
  1  0.625
  0  1.480
  1  0.452
  1  0.416
  1  0.400
  1  0.966
  1  1.726
  1  0.470
  1  1.681
  1  0.520
  0  0.751
  1  0.616
  1  0.426
  1  0.369
  1  0.464
  1  0.663
  1  0.459
  1  0.433
  1  0.620
  1  0.408
  0  1.812
  1  0.855
  0  0.950
  0  0.806
  1  1.292
  1  0.487
  1  0.529
  0  1.391
  1  0.752
  1  0.756
  1  0.514
  1  0.613
  1  1.511
  1  0.770
  1  0.569
  1  0.512
  1  0.418
  1  0.717
  1  0.349
  1  0.776
  1  0.548
  1  1.172
  1  0.452
  1  0.432
  1  0.677
  1  0.366
  0  1.092
  1  0.504
  1  0.431
  0  0.888
  1  0.470
  1  1.172
  1  1.367
  1  0.407
  1  0.820
  1  0.492
  1  0.407
  1  0.639
  1  1.436
  0  0.758
  1  1.511
  0  3.014
  1  0.370
  0  0.882
  1  0.512
  1  0.609
  1  0.411
  1  0.425
  0  1.409
  1  0.477
  1  0.449
  1  0.402
  1  1.304
  1  0.890
  0  1.654
  1  2.811
  0  1.144
  1  0.603
  1  0.675
  1  0.634
  0  0.629
  1  0.736
  1  0.464
  1  0.523
  1  0.554
  1  1.030
  1  1.347
  1  0.510
  1  0.471
  1  2.503
  0  1.962
  0  4.481
  1  0.453
  1  0.626
  0  0.852
  1  1.331
  1  0.434
  1  0.453
  0  1.670
  1  0.982
  1  0.496
  1  0.380
  1  1.644
  0  0.986
  1  0.989
  0  0.615
  1  0.701
  1  1.026
  1  0.833
  1  0.949
  1  0.385
  0  1.769
  1  0.453
  1  0.364
  0  1.717
  0  1.111
  1  0.589
  1  0.694
  1  1.396
  1  0.893
  1  1.237
  1  1.776
  1  0.486
  1  1.964
  1  1.176
  1  0.568
  1  0.534
  1  0.592
  0  3.476
  1  0.989
  1  2.712
  1  0.940
  1  1.169
  1  0.551
  1  0.425
  0  1.153
  1  1.714
  1  0.583
  1  0.541
  1  0.645
  1  0.582
  0  0.847
  0  0.930
  0  0.610
  1  0.705
  1  0.556
  1  1.318
  1  0.518
  1  0.610
  1  0.629
  1  1.171
  1  0.698
  1  0.672
  1  0.788
  1  0.743
  1  0.666
  1  1.256
  1  0.492
  1  0.390
  1  0.540
  1  0.406
  1  0.385
  1  0.404
  1  0.405
  1  0.548
  1  1.222
  1  0.910
  0  0.891
  1  0.505
  1  0.741
  1  0.393
  1  0.585
  1  0.498
  1  0.643
  1  0.398
  1  0.682
  0  0.959
  0  0.545
  1  1.359
  1  0.435
  1  0.614
  0  0.783
  1  0.472
  0  2.478
  1  0.421
  1  0.447
  1  0.578
  1  0.600
  1  0.763
  1  0.898
  1  0.550
  1  0.873
  1  0.402
  1  0.418
  1  0.784
  1  2.111
  1  1.838
  1  1.242
  1  0.372
  1  0.707
  1  0.823
  1  0.534
  1  0.498
  0  1.008
  1  1.134
  1  0.486
  1  1.893
  1  1.109
  1  0.620
  1  0.372
  1  0.428
  1  1.080
  1  0.698
  1  0.366
  0  0.795
  1  1.267
  1  0.482
  1  0.407
  1  0.403
  1  0.419
  1  1.654
  0  0.710
  1  0.437
  1  0.498
  1  1.001
  1  2.114
  1  0.485
  1  1.653
  1  0.936
  0  2.849
  0  0.691
  1  0.469
  1  0.682
  1  0.756
  1  0.469
  0  1.376
  0  3.561
  1  0.735
  1  0.432
  1  1.736
  0  1.465
  1  0.483
  1  0.556
  1  0.492
  1  0.498
  1  0.421
  1  0.566
  1  0.533
  1  0.490
  1  0.511
  1  0.472
  1  0.421
  1  0.496
  1  0.578
  1  0.492
  1  0.507
  1  0.917
  1  0.542
  1  0.913
  1  0.412
  1  0.521
  0  0.548
  0  0.698
  0  1.808
  1  0.641
  1  0.539
  0  0.793
  1  0.460
  1  0.458
  1  0.466
  1  1.187
  1  0.424
  1  0.864
  1  0.477
  0  0.786
  0  2.118
  1  0.430
  1  0.764
  1  1.491
  1  0.547
  1  0.466
  1  0.873
  0  0.810
  1  0.355
  1  0.539
  1  0.600
