  1  0.724
  0  0.861
  0  0.741
  1  0.810
  1  0.745
  0  0.818
  1  0.846
  0  0.759
  1  0.820
  1  0.887
  1  0.726
  1  0.864
  1  0.753
  0  0.929
  1  0.716
  1  0.769
  0  0.732
  1  0.817
  1  0.783
  1  0.870
  1  0.792
  1  0.776
  0  0.748
  0  0.816
  1  0.826
  1  0.764
  1  0.760
  1  0.877
  1  0.940
  1  0.775
  1  0.641
  1  0.770
  1  0.731
  0  0.859
  0  0.726
  0  0.847
  0  0.895
  0  0.879
  1  0.840
  0  0.834
  1  0.823
  1  0.826
  0  0.844
  0  0.816
  0  0.925
  0  0.857
  1  0.850
  1  0.686
  1  0.740
  1  0.811
  1  0.795
  1  0.862
  1  0.808
  1  0.825
  0  0.777
  1  0.724
  1  0.727
  0  0.738
  1  0.831
  1  0.774
  1  0.670
  1  0.810
  0  0.748
  0  0.824
  1  0.864
  1  0.830
  1  0.820
  1  0.692
  0  0.821
  0  0.710
  1  1.002
  1  0.866
  1  0.841
  1  0.693
  1  0.770
  1  0.788
  1  0.750
  0  0.821
  1  0.900
  1  0.744
  1  0.819
  0  0.834
  1  0.816
  1  0.703
  0  0.907
  1  0.716
  0  0.834
  1  0.858
  1  0.798
  1  0.784
  1  0.864
  0  0.902
  0  0.869
  0  0.809
  0  0.740
  1  0.745
  1  0.791
  0  0.917
  1  0.846
  1  0.834
  1  0.726
  1  0.837
  1  0.747
  1  0.769
  0  0.860
  1  0.834
  1  0.905
  0  0.844
  0  1.055
  0  0.711
  1  0.726
  1  0.839
  1  0.733
  1  0.705
  1  0.817
  1  0.715
  1  0.778
  1  0.906
  0  0.762
  1  0.679
  1  0.754
  1  0.687
  1  0.831
  1  0.671
  1  0.796
  1  0.708
  1  0.765
  0  0.917
  1  0.730
  1  0.827
  0  0.929
  1  0.796
  1  0.704
  1  0.724
  1  0.685
  1  0.784
  0  0.736
  1  0.748
  1  0.686
  0  0.989
  1  0.885
  0  1.012
  1  0.707
  0  0.832
  1  0.923
  1  0.685
  1  0.800
  0  0.921
  1  0.691
  1  0.871
  1  0.747
  1  0.759
  0  0.978
  1  0.771
  1  0.793
  1  0.763
  1  0.787
  0  0.734
  1  0.798
  1  0.823
  0  0.801
  1  0.728
  1  0.745
  0  0.814
  0  0.750
  1  0.709
  1  0.855
  1  0.769
  0  0.828
  1  0.805
  0  0.917
  1  0.821
  1  0.925
  1  0.834
  1  0.767
  1  0.735
  1  0.829
  0  0.806
  0  0.879
  1  0.723
  1  0.657
  1  0.751
  1  0.762
  0  0.802
  1  0.860
  1  0.816
  1  0.755
  0  0.798
  0  0.865
  1  0.742
  1  0.774
  1  0.668
  1  0.854
  1  0.874
  0  0.870
  1  0.830
  1  0.822
  0  0.947
  0  0.880
  0  0.842
  0  0.870
  1  0.858
  0  0.902
  1  0.779
  1  0.882
  1  0.820
  0  0.852
  1  0.747
  1  0.805
  1  0.731
  0  0.901
  0  0.774
  0  0.885
  0  0.880
  1  0.827
  1  0.834
  1  0.719
  0  0.883
  1  0.751
  0  0.814
  0  0.746
  0  0.914
  1  0.847
  0  0.784
  1  0.714
  1  0.878
  0  0.885
  1  0.908
  0  0.849
  1  0.802
  1  0.759
  1  0.913
  1  0.678
  0  0.895
  1  0.682
  1  0.762
  0  0.876
  1  0.853
  0  0.775
  0  0.789
  1  0.833
  0  0.856
  0  0.831
  1  0.794
  1  0.848
  0  0.839
  1  0.823
  1  0.859
  0  0.894
  1  0.760
  1  0.701
  1  0.704
  1  0.732
  1  0.828
  0  0.772
  1  0.763
  0  0.811
  0  0.917
  1  0.822
  1  0.793
  1  0.843
  0  0.735
  1  0.814
  0  0.903
  1  0.842
  1  0.681
  0  0.797
  1  0.822
  0  0.755
  1  0.792
  1  1.081
  1  0.814
  1  0.722
  1  0.863
  0  0.776
  0  0.817
  1  0.762
  1  0.791
  1  0.742
  0  0.794
  0  0.994
  1  0.743
  0  0.808
  1  0.796
  0  0.769
  1  0.760
  1  0.757
  0  0.759
  1  0.829
  1  0.809
  0  0.775
  1  0.722
  1  0.694
  1  0.764
  1  0.811
  1  0.686
  0  0.762
  0  0.732
  0  0.775
  1  0.660
  0  0.869
  0  0.835
  0  0.888
  1  0.846
  1  0.672
  1  0.781
  1  0.713
  1  0.760
  1  0.815
  0  1.140
  1  0.840
  1  0.703
  1  0.733
  0  0.780
  1  0.797
  0  0.747
  1  0.841
  1  0.862
  0  0.859
  1  0.761
  1  0.886
  0  0.762
  1  0.775
  1  0.764
  1  0.770
  1  0.814
  0  0.741
  1  0.796
  1  1.041
  1  0.689
  1  0.804
  1  0.935
  1  0.809
  0  0.736
  1  0.728
  1  0.772
  0  0.812
  0  0.922
  1  0.669
  1  0.843
  1  0.814
  1  0.697
  1  0.783
  1  0.725
  1  0.735
  1  0.745
  1  0.777
  1  0.763
  0  0.815
  0  0.785
  1  0.898
  1  0.785
  1  0.766
  0  0.826
  1  0.726
  0  0.811
  1  0.787
  1  0.707
  1  0.898
  1  0.751
  1  0.793
  1  0.657
  1  0.768
  1  0.859
  0  0.735
  1  0.779
  1  0.661
  1  0.812
  1  0.808
  1  0.741
  1  0.855
  0  0.892
  0  0.771
  0  0.900
  1  0.748
  0  0.793
  1  0.752
  1  0.846
  0  0.794
  1  0.689
  0  0.832
  1  0.909
  0  0.849
  1  0.745
  0  0.780
  0  0.884
  1  0.779
  1  0.668
  1  0.825
  1  0.814
  1  0.701
  1  0.771
  1  0.809
  1  0.739
  1  0.759
  0  0.804
  0  0.871
  1  0.811
  0  0.840
  1  0.880
  0  0.842
  0  0.854
  1  0.840
  0  0.905
  1  0.732
  0  0.901
  1  0.810
  1  0.828
  1  1.006
  1  0.781
  1  0.819
  1  0.757
  1  0.706
  1  0.804
  1  0.877
  0  0.843
  1  0.867
  0  0.858
  0  0.809
  1  0.831
  1  0.780
  1  0.832
  0  0.872
  1  0.828
  1  0.730
  0  0.935
  1  0.803
  1  0.702
  1  0.895
  1  0.835
  0  0.874
  1  0.828
  0  0.843
  0  0.807
  1  0.922
  0  0.756
  0  0.991
  0  0.807
  0  0.875
  1  0.826
  1  0.739
  1  0.891
  1  0.961
  1  0.777
  0  0.861
  1  0.843
  0  0.831
  1  0.765
  1  0.671
  0  0.835
  1  0.832
  1  0.807
  1  0.813
  0  0.848
  1  0.747
  1  0.755
  0  0.871
  0  1.069
  0  0.998
  0  0.850
  1  0.813
  1  0.762
  1  0.775
  0  0.813
  0  0.734
  0  0.817
  0  0.760
  1  0.803
  1  0.914
  1  0.743
  0  0.942
  1  0.754
  1  0.752
  1  0.840
  1  0.887
  1  0.770
  0  0.854
  0  0.807
  1  0.780
  1  0.718
  1  0.725
  1  0.848
  1  0.678
  0  0.831
  1  0.780
  1  0.830
  1  0.727
  1  0.656
  1  0.744
  0  0.797
  1  0.861
  1  0.844
  1  0.694
  1  0.892
  0  0.828
  1  0.726
  0  0.879
  0  0.829
  0  0.865
  1  0.727
