  0  0.396
  0  0.364
  0  0.480
  0  0.509
  0  0.466
  0  0.421
  0  0.572
  0  0.385
  0  0.435
  0  0.396
  0  0.483
  0  0.507
  1  0.305
  0  0.540
  0  0.406
  0  0.492
  0  0.438
  0  0.398
  0  0.508
  0  0.487
  0  0.573
  0  0.475
  0  0.448
  0  0.552
  0  0.383
  0  0.412
  0  0.424
  0  0.366
  0  0.468
  0  0.509
  0  0.469
  0  0.504
  0  0.665
  0  0.394
  0  0.503
  0  0.377
  1  0.312
  0  0.410
  0  0.380
  0  0.395
  0  0.477
  0  0.421
  0  0.387
  0  0.469
  0  0.547
  0  0.484
  0  0.352
  0  0.373
  0  0.840
  0  0.382
  0  0.365
  0  0.633
  0  0.420
  0  0.479
  1  0.338
  0  0.483
  0  0.612
  0  0.373
  0  0.464
  0  0.520
  0  0.485
  1  0.407
  0  0.436
  0  0.442
  0  0.422
  1  0.389
  0  0.381
  1  0.750
  0  0.383
  0  0.450
  0  0.676
  0  0.366
  0  0.405
  0  0.393
  0  0.549
  0  0.428
  0  0.405
  0  0.429
  0  0.437
  0  0.390
  0  0.487
  0  0.475
  0  0.420
  1  0.718
  0  0.477
  0  0.446
  0  0.399
  0  0.467
  0  0.504
  1  0.472
  0  0.388
  1  0.310
  0  0.407
  0  0.442
  0  0.585
  0  0.369
  0  0.490
  0  0.380
  0  0.413
  0  0.686
  0  0.698
  0  0.456
  0  0.535
  0  0.570
  1  0.333
  0  0.387
  0  0.406
  0  0.378
  0  0.652
  0  0.392
  0  0.492
  0  0.558
  0  0.404
  1  0.326
  0  0.395
  0  0.441
  0  0.451
  0  0.437
  0  0.387
  1  0.314
  0  0.427
  0  0.521
  0  0.452
  0  0.712
  0  0.384
  0  0.476
  1  0.326
  0  0.410
  0  0.423
  0  0.405
  1  0.391
  0  0.359
  0  0.767
  0  0.383
  1  0.434
  0  0.532
  0  0.424
  0  0.379
  0  0.754
  0  0.672
  0  0.517
  0  0.374
  0  0.415
  0  0.505
  0  0.473
  0  0.432
  0  0.446
  0  0.558
  0  0.590
  1  0.532
  0  0.589
  0  0.549
  0  0.490
  0  0.544
  0  0.448
  1  0.337
  0  0.471
  0  0.411
  0  0.398
  0  0.447
  1  0.498
  0  0.823
  0  0.518
  0  0.383
  0  0.381
  0  0.497
  0  0.587
  0  0.432
  1  0.349
  0  0.488
  1  0.380
  0  0.395
  0  0.349
  0  0.521
  1  0.412
  0  0.474
  0  0.521
  0  0.431
  0  0.408
  0  0.407
  0  0.396
  1  0.394
  0  0.395
  0  0.437
  0  0.476
  0  0.620
  0  0.512
  0  0.413
  1  0.431
  0  0.426
  0  0.359
  0  0.463
  0  0.417
  0  0.469
  0  0.415
  0  0.444
  0  0.424
  0  0.381
  1  0.382
  0  0.486
  0  0.448
  0  0.543
  0  0.426
  0  0.382
  0  0.450
  0  0.372
  0  0.536
  0  0.394
  0  0.453
  1  0.312
  0  0.377
  0  0.542
  0  0.506
  0  0.508
  1  0.342
  1  0.303
  1  0.355
  0  0.596
  0  0.391
  0  0.459
  0  0.379
  1  0.401
  0  0.599
  0  0.616
  0  0.481
  0  0.787
  1  0.398
  0  0.428
  0  0.452
  0  0.422
  0  0.560
  0  0.452
  0  0.450
  0  0.474
  0  0.417
  0  0.485
  0  0.391
  0  0.508
  0  0.436
  0  0.421
  0  0.428
  0  0.752
  0  0.405
  1  0.391
  0  0.401
  1  0.396
  1  0.399
  0  0.567
  0  0.526
  0  0.534
  0  0.567
  0  0.395
  0  0.719
  1  0.308
  0  0.513
  1  0.367
  0  0.578
  1  0.296
  0  0.418
  0  0.435
  0  0.412
  0  0.395
  0  0.436
  1  0.395
  0  0.441
  0  0.399
  0  0.504
  1  0.345
  0  0.556
  0  0.463
  0  0.567
  0  0.443
  0  0.530
  0  0.396
  0  0.371
  0  0.722
  1  0.596
  1  0.321
  0  0.621
  0  0.397
  1  0.413
  0  0.410
  1  0.364
  0  0.427
  1  0.487
  0  0.383
  0  0.397
  0  0.381
  0  0.435
  0  0.771
  1  0.433
  0  0.407
  0  0.561
  0  0.575
  0  0.568
  0  0.477
  1  0.462
  0  0.371
  0  0.363
  0  0.395
  1  0.428
  0  0.475
  0  0.584
  1  0.355
  1  0.407
  0  0.456
  0  0.379
  0  0.370
  0  0.378
  0  0.599
  0  0.449
  1  0.304
  0  0.576
  0  0.720
  0  0.707
  0  0.756
  1  0.413
  1  0.333
  0  0.539
  0  0.398
  0  0.388
  0  0.451
  1  0.293
  0  0.434
  0  0.449
  0  0.436
  1  0.368
  0  0.663
  1  0.362
  0  0.510
  0  0.750
  0  0.408
  0  0.397
  0  0.527
  1  0.361
  0  0.470
  0  0.381
  1  0.390
  0  0.492
  0  0.423
  0  0.462
  1  0.453
  0  0.441
  0  0.414
  0  0.451
  0  0.408
  1  0.302
  1  0.596
  0  0.403
  0  0.470
  0  0.447
  0  0.376
  1  0.456
  1  0.342
  0  0.563
  0  0.719
  1  0.521
  1  0.317
  1  0.598
  0  0.481
  0  0.400
  1  0.602
  0  0.431
  1  0.366
  0  0.381
  0  0.515
  0  0.510
  0  0.443
  0  0.449
  1  0.438
  0  0.471
  0  0.517
  1  0.640
  0  0.387
  0  0.405
  0  0.516
  0  0.386
  1  0.345
  0  0.432
  1  0.411
  0  0.393
  0  0.499
  0  0.602
  0  0.399
  0  0.539
  0  0.401
  0  0.575
  0  0.399
  0  0.369
  0  0.468
  0  0.409
  0  0.442
  0  0.380
  0  0.494
  0  0.375
  0  0.451
  0  0.470
  0  0.423
  0  0.399
  1  0.359
  0  0.375
  0  0.484
  0  0.439
  0  1.051
  0  0.564
  0  0.663
  0  0.557
  0  0.441
  0  0.685
  1  0.344
  1  0.356
  0  0.476
  0  0.636
  1  0.361
  1  0.704
  0  0.458
  1  0.435
  1  0.355
  0  0.469
  0  0.424
  0  0.427
  0  0.511
  0  0.529
  0  0.397
  0  0.403
  1  0.408
  0  0.487
  0  0.432
  0  0.548
  0  0.400
  0  0.385
  0  0.405
  1  0.469
  1  0.430
  0  0.463
  0  0.473
  0  0.482
  0  0.390
  0  0.507
  0  0.486
  1  0.391
  0  0.362
  0  0.454
  0  0.381
  0  0.364
  0  0.442
  0  0.608
  0  0.834
  0  0.412
  1  0.321
  0  0.365
  0  0.517
  0  0.387
  0  0.474
  0  0.380
  0  0.369
  0  0.458
  0  0.369
  1  0.435
  0  0.634
  0  0.457
  0  0.426
  0  0.507
  0  0.394
  1  0.698
  0  0.442
  0  0.473
  0  0.518
  0  0.399
  0  0.402
  0  0.545
  0  0.383
  0  0.488
  0  0.455
  0  0.441
  0  0.555
  0  0.400
  1  0.473
  0  0.446
  0  0.560
  0  0.493
  0  0.495
  1  0.376
  1  0.490
  0  0.375
  0  0.475
  0  0.556
  0  0.409
  0  0.471
  0  0.495
  0  0.392
  0  0.731
  1  0.325
  0  0.459
  0  0.395
  0  0.454
  0  0.469
  0  0.650
  1  0.416
  0  0.395
