  0  0.878
  0  0.855
  0  0.954
  0  0.980
  0  0.942
  0  0.902
  0  1.041
  0  0.869
  0  0.914
  0  0.879
  0  0.957
  0  0.978
  0  0.850
  0  1.009
  0  0.888
  0  0.965
  0  0.917
  0  0.881
  0  0.979
  0  0.960
  0  1.042
  0  0.949
  0  0.926
  0  1.021
  0  0.867
  0  0.894
  0  0.905
  0  0.856
  0  0.943
  0  0.980
  0  0.944
  0  0.976
  0  1.147
  0  0.877
  0  0.975
  0  0.862
  0  0.849
  0  0.892
  0  0.864
  0  0.878
  0  0.951
  0  0.902
  0  0.871
  0  0.944
  0  1.016
  0  0.957
  0  0.852
  0  0.859
  0  1.412
  0  0.866
  0  0.855
  0  1.109
  0  0.901
  0  0.953
  0  0.842
  0  0.956
  0  1.084
  0  0.859
  0  0.939
  0  0.991
  0  0.958
  0  0.825
  0  0.915
  0  0.921
  0  0.903
  0  0.829
  0  0.866
  0  0.781
  0  0.867
  0  0.928
  0  1.161
  0  0.856
  0  0.887
  0  0.876
  0  1.019
  0  0.908
  0  0.887
  0  0.909
  0  0.916
  0  0.873
  0  0.960
  0  0.949
  0  0.901
  0  0.785
  0  0.951
  0  0.924
  0  0.881
  0  0.943
  0  0.976
  0  0.813
  0  0.872
  0  0.849
  0  0.889
  0  0.921
  0  1.055
  0  0.857
  0  0.963
  0  0.864
  0  0.894
  0  1.174
  0  1.190
  0  0.933
  0  1.004
  0  1.039
  0  0.843
  0  0.871
  0  0.888
  0  0.863
  0  1.131
  0  0.875
  0  0.964
  0  1.027
  0  0.886
  0  0.845
  0  0.878
  0  0.920
  0  0.928
  0  0.916
  0  0.871
  0  0.848
  0  0.907
  0  0.991
  0  0.930
  0  1.210
  0  0.867
  0  0.950
  0  0.845
  0  0.892
  0  0.903
  0  0.887
  0  0.829
  0  0.853
  0  1.290
  0  0.867
  0  0.820
  0  1.002
  0  0.904
  0  0.863
  0  1.270
  0  1.156
  0  0.988
  0  0.860
  0  0.897
  0  0.976
  0  0.948
  0  0.912
  0  0.924
  0  1.028
  0  1.060
  0  0.805
  0  1.059
  0  1.018
  0  0.963
  0  1.013
  0  0.926
  0  0.842
  0  0.946
  0  0.892
  0  0.881
  0  0.925
  0  0.809
  0  1.382
  0  0.989
  0  0.867
  0  0.866
  0  0.969
  0  1.057
  0  0.911
  0  0.839
  0  0.961
  0  0.831
  0  0.878
  0  0.852
  0  0.992
  0  0.824
  0  0.948
  0  0.991
  0  0.911
  0  0.889
  0  0.889
  0  0.879
  0  0.828
  0  0.878
  0  0.916
  0  0.950
  0  1.094
  0  0.983
  0  0.894
  0  0.820
  0  0.906
  0  0.853
  0  0.939
  0  0.898
  0  0.944
  0  0.896
  0  0.922
  0  0.904
  0  0.865
  0  0.831
  0  0.959
  0  0.926
  0  1.012
  0  0.906
  0  0.866
  0  0.928
  0  0.858
  0  1.006
  0  0.877
  0  0.930
  0  0.849
  0  0.862
  0  1.012
  0  0.978
  0  0.979
  0  0.841
  0  0.850
  0  0.838
  0  1.067
  0  0.874
  0  0.936
  0  0.864
  0  0.826
  0  1.070
  0  1.089
  0  0.955
  0  1.321
  0  0.827
  0  0.908
  0  0.929
  0  0.902
  0  1.030
  0  0.929
  0  0.928
  0  0.949
  0  0.898
  0  0.959
  0  0.874
  0  0.979
  0  0.915
  0  0.902
  0  0.908
  0  1.267
  0  0.887
  0  0.829
  0  0.883
  0  0.827
  0  0.827
  0  1.036
  0  0.996
  0  1.003
  0  1.037
  0  0.878
  0  1.219
  0  0.850
  0  0.984
  0  0.834
  0  1.048
  0  0.851
  0  0.899
  0  0.914
  0  0.893
  0  0.878
  0  0.915
  0  0.828
  0  0.919
  0  0.881
  0  0.975
  0  0.840
  0  1.025
  0  0.938
  0  1.037
  0  0.922
  0  1.000
  0  0.879
  0  0.858
  0  1.223
  0  0.797
  0  0.847
  0  1.095
  0  0.879
  0  0.824
  0  0.891
  0  0.835
  0  0.907
  0  0.811
  0  0.866
  0  0.879
  0  0.865
  0  0.914
  0  1.296
  0  0.820
  0  0.889
  0  1.030
  0  1.045
  0  1.038
  0  0.951
  0  0.815
  0  0.858
  0  0.854
  0  0.878
  0  0.821
  0  0.950
  0  1.055
  0  0.837
  0  0.825
  0  0.933
  0  0.864
  0  0.858
  0  0.863
  0  1.070
  0  0.926
  0  0.850
  0  1.046
  0  1.220
  0  1.202
  0  1.273
  0  0.824
  0  0.843
  0  1.008
  0  0.880
  0  0.871
  0  0.928
  0  0.851
  0  0.913
  0  0.927
  0  0.915
  0  0.834
  0  1.144
  0  0.836
  0  0.981
  0  1.264
  0  0.890
  0  0.879
  0  0.997
  0  0.836
  0  0.945
  0  0.865
  0  0.829
  0  0.965
  0  0.903
  0  0.938
  0  0.817
  0  0.919
  0  0.895
  0  0.928
  0  0.890
  0  0.850
  0  0.797
  0  0.885
  0  0.945
  0  0.925
  0  0.861
  0  0.816
  0  0.841
  0  1.032
  0  1.219
  0  0.806
  0  0.848
  0  0.797
  0  0.954
  0  0.882
  0  0.797
  0  0.911
  0  0.835
  0  0.865
  0  0.986
  0  0.981
  0  0.921
  0  0.926
  0  0.819
  0  0.946
  0  0.988
  0  0.793
  0  0.870
  0  0.887
  0  0.987
  0  0.870
  0  0.840
  0  0.911
  0  0.824
  0  0.876
  0  0.971
  0  1.073
  0  0.881
  0  1.009
  0  0.883
  0  1.045
  0  0.882
  0  0.857
  0  0.944
  0  0.891
  0  0.921
  0  0.864
  0  0.967
  0  0.861
  0  0.929
  0  0.945
  0  0.904
  0  0.881
  0  0.836
  0  0.861
  0  0.958
  0  0.918
  0  1.872
  0  1.033
  0  1.145
  0  1.026
  0  0.920
  0  1.173
  0  0.840
  0  0.837
  0  0.950
  0  1.112
  0  0.836
  0  0.787
  0  0.934
  0  0.820
  0  0.837
  0  0.944
  0  0.904
  0  0.907
  0  0.982
  0  0.999
  0  0.880
  0  0.885
  0  0.825
  0  0.961
  0  0.911
  0  1.017
  0  0.882
  0  0.868
  0  0.887
  0  0.814
  0  0.821
  0  0.938
  0  0.948
  0  0.956
  0  0.873
  0  0.978
  0  0.959
  0  0.829
  0  0.854
  0  0.931
  0  0.865
  0  0.855
  0  0.920
  0  1.080
  0  1.402
  0  0.894
  0  0.847
  0  0.855
  0  0.988
  0  0.870
  0  0.948
  0  0.864
  0  0.857
  0  0.935
  0  0.857
  0  0.820
  0  1.110
  0  0.934
  0  0.906
  0  0.978
  0  0.876
  0  0.787
  0  0.920
  0  0.948
  0  0.989
  0  0.882
  0  0.885
  0  1.014
  0  0.867
  0  0.961
  0  0.931
  0  0.919
  0  1.025
  0  0.883
  0  0.813
  0  0.924
  0  1.029
  0  0.966
  0  0.968
  0  0.832
  0  0.811
  0  0.861
  0  0.950
  0  1.025
  0  0.891
  0  0.946
  0  0.968
  0  0.875
  0  1.236
  0  0.845
  0  0.936
  0  0.878
  0  0.931
  0  0.945
  0  1.129
  0  0.823
  0  0.877
