  0  0.570
  0  0.963
  0  0.565
  0  0.878
  0  0.558
  0  0.632
  0  0.593
  0  0.764
  0  0.800
  0  0.727
  0  0.689
  0  0.872
  0  0.662
  0  0.784
  0  0.766
  1  1.917
  0  0.657
  0  1.299
  0  0.928
  0  0.600
  0  1.164
  0  0.562
  0  0.694
  1  0.851
  0  0.603
  1  1.091
  0  2.762
  0  0.652
  0  0.552
  0  0.573
  0  0.582
  0  0.857
  1  0.936
  0  0.548
  0  0.658
  0  0.875
  0  0.629
  1  0.587
  0  0.703
  0  0.580
  0  0.854
  0  0.693
  0  0.635
  0  0.583
  0  0.642
  0  0.554
  0  0.576
  0  0.720
  0  0.595
  0  0.753
  0  0.854
  0  1.364
  0  0.578
  0  0.686
  0  0.605
  0  0.794
  0  0.631
  1  1.265
  0  0.671
  0  0.801
  1  1.149
  0  0.607
  0  0.868
  0  0.660
  0  0.625
  0  0.624
  0  1.375
  0  0.630
  0  0.599
  1  0.640
  0  0.605
  0  1.645
  0  0.568
  0  0.592
  0  0.693
  0  0.532
  0  0.578
  0  0.598
  1  0.879
  0  0.656
  0  0.722
  1  1.009
  0  0.558
  0  0.651
  0  0.729
  1  0.624
  0  0.602
  0  0.540
  0  0.565
  0  0.811
  0  0.544
  0  0.569
  0  1.647
  0  0.608
  0  0.561
  0  0.635
  0  0.619
  0  0.775
  0  0.582
  0  0.695
  0  0.598
  0  0.608
  1  1.764
  0  1.333
  1  1.121
  0  0.697
  0  0.677
  0  0.969
  1  0.672
  0  0.580
  0  0.571
  0  0.645
  0  0.617
  0  0.578
  0  0.626
  0  0.596
  0  0.580
  0  0.624
  0  0.632
  0  0.590
  0  0.722
  0  0.637
  0  0.558
  0  0.570
  0  0.652
  0  1.141
  0  0.662
  0  0.768
  0  1.907
  0  0.585
  0  0.660
  0  0.731
  0  0.677
  0  0.739
  0  0.585
  0  0.697
  1  0.787
  0  0.922
  0  0.574
  0  0.732
  0  1.220
  0  0.552
  0  0.913
  1  0.928
  0  0.989
  0  0.629
  0  0.616
  0  0.727
  0  0.600
  0  0.557
  0  0.572
  0  0.798
  0  0.818
  0  0.949
  0  0.764
  0  0.983
  0  1.156
  0  0.856
  0  0.891
  0  0.641
  0  0.668
  0  0.668
  0  0.610
  0  0.616
  0  0.572
  0  0.860
  0  0.605
  0  0.714
  0  1.181
  0  0.743
  0  0.697
  0  0.618
  0  1.297
  0  0.695
  0  0.612
  0  0.616
  0  0.617
  0  0.605
  0  1.141
  0  0.656
  0  0.578
  0  0.643
  0  0.557
  0  0.596
  0  0.839
  0  0.567
  0  0.643
  0  0.715
  0  0.661
  0  0.718
  0  0.624
  0  0.554
  0  0.578
  0  0.646
  0  0.656
  0  0.551
  0  0.560
  0  0.652
  0  1.076
  0  0.548
  0  1.211
  0  0.710
  0  0.607
  0  0.564
  0  0.537
  0  0.608
  0  0.568
  0  0.668
  0  0.556
  0  0.650
  0  0.754
  0  0.577
  0  0.815
  0  0.632
  0  0.548
  0  0.777
  0  1.554
  0  0.640
  0  0.582
  0  0.677
  0  0.708
  0  0.674
  0  0.659
  0  0.939
  0  0.620
  0  0.656
  0  0.635
  0  0.635
  0  0.654
  0  0.613
  0  0.721
  0  0.612
  0  0.566
  0  1.105
  0  0.567
  0  0.582
  0  0.848
  1  0.775
  0  0.562
  0  0.542
  0  0.573
  0  0.684
  0  0.748
  0  0.580
  0  0.639
  0  0.815
  0  0.838
  0  0.572
  0  0.588
  0  0.574
  0  0.583
  0  0.731
  0  0.687
  0  0.541
  0  0.752
  0  0.781
  0  0.839
  0  0.569
  0  0.617
  0  0.540
  0  0.908
  0  0.662
  0  0.679
  0  0.683
  0  1.151
  0  0.605
  0  0.587
  0  0.672
  0  0.835
  0  0.647
  0  0.719
  0  0.537
  0  0.666
  0  0.654
  0  1.035
  0  0.596
  1  0.679
  0  0.608
  0  0.702
  1  1.558
  0  0.708
  0  0.612
  0  0.638
  0  0.647
  1  0.875
  0  0.615
  0  0.652
  0  0.890
  0  0.603
  0  0.548
  0  1.066
  0  0.601
  0  0.679
  0  0.715
  0  0.761
  0  0.647
  0  0.673
  0  1.031
  0  0.660
  0  0.670
  0  0.538
  0  0.637
  0  0.547
  0  0.657
  0  0.551
  0  1.149
  0  0.713
  0  0.757
  0  0.568
  0  0.772
  0  0.799
  0  0.586
  0  0.717
  0  0.587
  0  0.561
  0  0.840
  0  0.572
  1  0.738
  0  1.440
  0  0.756
  0  0.614
  0  0.935
  0  1.107
  0  0.564
  0  1.071
  0  0.613
  0  0.562
  0  1.180
  0  0.963
  0  0.711
  0  0.591
  0  0.653
  0  0.572
  0  0.770
  0  0.680
  0  0.562
  0  0.712
  0  0.636
  0  1.281
  0  0.615
  0  0.669
  0  0.674
  0  1.049
  0  0.581
  0  0.815
  0  0.586
  0  0.703
  0  0.635
  0  0.818
  0  0.577
  0  0.925
  0  0.608
  0  0.650
  0  0.710
  0  0.610
  0  0.836
  0  0.657
  0  0.753
  1  0.917
  0  0.602
  1  1.369
  0  0.649
  0  0.768
  0  0.588
  0  0.660
  0  0.552
  0  0.730
  0  0.585
  0  0.596
  0  0.575
  0  0.575
  0  0.839
  0  0.676
  0  0.547
  0  0.600
  0  0.933
  0  0.627
  0  0.634
  0  0.627
  0  0.665
  0  0.664
  0  0.675
  0  0.856
  0  0.538
  0  0.537
  0  0.692
  0  0.543
  1  0.939
  0  0.688
  0  0.648
  0  0.874
  0  0.656
  0  0.634
  0  1.091
  0  0.849
  0  0.588
  0  0.660
  0  0.791
  0  1.039
  1  0.753
  0  0.558
  0  0.594
  0  0.675
  0  0.780
  0  1.154
  0  0.588
  1  0.992
  1  1.441
  0  0.542
  0  0.676
  0  0.588
  0  0.600
  0  0.641
  0  0.553
  0  0.652
  0  0.717
  0  0.628
  0  0.702
  0  0.608
  0  0.809
  0  0.660
  0  0.933
  0  0.619
  0  0.949
  1  0.739
  0  0.569
  0  0.616
  0  0.667
  0  0.762
  0  1.581
  0  0.613
  0  0.657
  1  0.702
  0  0.639
  0  0.620
  0  0.810
  0  0.863
  0  0.608
  0  0.936
  0  0.603
  0  0.683
  0  0.604
  0  0.571
  0  0.548
  0  0.594
  1  0.784
  0  0.608
  0  0.790
  0  0.945
  0  0.580
  0  1.074
  0  0.569
  0  0.745
  0  0.537
  0  0.627
  0  0.595
  0  1.223
  0  0.627
  0  0.791
  0  0.602
  0  1.279
  0  0.767
  0  0.553
  0  0.785
  0  0.660
  0  0.635
  0  0.543
  0  0.794
  0  0.691
  0  0.567
  0  0.659
  0  0.629
  0  1.171
  0  0.691
  0  0.640
  0  0.735
  0  0.897
  0  0.795
  0  0.727
  0  0.559
  0  0.598
  0  1.133
  1  2.183
  0  0.690
  0  0.579
  0  1.319
  0  0.605
  0  0.783
  0  0.749
  0  0.814
  0  1.775
  0  0.657
  1  0.930
  0  0.576
  0  0.581
  0  0.623
  0  0.639
  1  0.885
  0  0.622
  0  0.608
