  1  0.368
  1  0.298
  1  0.247
  1  0.361
  1  0.241
  1  0.211
  1  0.370
  1  0.381
  1  0.317
  1  0.300
  1  0.312
  1  0.279
  1  0.266
  1  0.294
  1  0.283
  0  0.252
  1  0.330
  1  0.246
  1  0.323
  1  0.246
  0  0.324
  1  0.302
  1  0.268
  1  0.396
  1  0.263
  1  0.330
  1  0.254
  0  0.330
  0  0.479
  1  0.494
  0  0.269
  1  0.228
  0  0.368
  1  0.316
  1  0.287
  0  0.304
  1  0.291
  1  0.241
  1  0.241
  1  0.417
  1  0.283
  1  0.421
  1  0.368
  1  0.286
  1  0.218
  1  0.256
  1  0.280
  1  0.436
  1  0.280
  1  0.342
  0  0.374
  1  0.409
  0  0.242
  0  0.378
  0  0.323
  1  0.287
  1  0.282
  1  0.239
  1  0.324
  1  0.257
  1  0.422
  0  0.237
  0  0.336
  0  0.389
  1  0.234
  1  0.277
  0  0.240
  1  0.257
  0  0.382
  0  0.299
  1  0.289
  1  0.306
  0  0.300
  0  0.364
  0  0.313
  0  0.406
  0  0.319
  1  0.250
  1  0.287
  0  0.236
  1  0.495
  1  0.330
  0  0.260
  1  0.270
  1  0.394
  1  0.349
  1  0.271
  1  0.240
  0  0.244
  0  0.372
  1  0.352
  0  0.325
  1  0.276
  0  0.291
  1  0.252
  1  0.363
  1  0.560
  0  0.291
  0  0.303
  1  0.242
  0  0.288
  1  0.317
  1  0.324
  1  0.258
  0  0.310
  1  0.284
  0  0.294
  1  0.305
  0  0.222
  1  0.366
  1  0.333
  0  0.326
  1  0.235
  1  0.227
  1  0.435
  0  0.293
  1  0.260
  1  0.300
  1  0.264
  0  0.262
  1  0.311
  1  0.301
  1  0.375
  1  0.324
  1  0.497
  1  0.294
  1  0.298
  1  0.256
  1  0.232
  1  0.358
  0  0.279
  0  0.295
  0  0.286
  0  0.414
  0  0.402
  0  0.320
  0  0.236
  0  0.346
  0  0.243
  0  0.406
  1  0.338
  0  0.298
  0  0.264
  0  0.301
  1  0.448
  1  0.261
  1  0.320
  0  0.264
  1  0.252
  0  0.329
  1  0.205
  0  0.251
  1  0.220
  1  0.330
  1  0.285
  1  0.262
  1  0.332
  0  0.335
  1  0.310
  1  0.292
  1  0.304
  0  0.369
  1  0.282
  0  0.287
  0  0.321
  1  0.267
  1  0.224
  1  0.298
  1  0.376
  1  0.344
  1  0.228
  1  0.476
  1  0.248
  1  0.274
  0  0.430
  1  0.286
  1  0.291
  0  0.314
  0  0.269
  1  0.344
  0  0.445
  1  0.352
  1  0.382
  1  0.353
  1  0.410
  0  0.292
  0  0.353
  0  0.270
  1  0.234
  1  0.301
  0  0.241
  1  0.236
  0  0.329
  1  0.274
  1  0.237
  0  0.251
  1  0.331
  1  0.298
  1  0.400
  1  0.319
  0  0.389
  0  0.264
  0  0.266
  1  0.266
  0  0.434
  0  0.307
  0  0.219
  1  0.290
  1  0.210
  1  0.376
  0  0.224
  1  0.436
  1  0.255
  1  0.254
  1  0.254
  0  0.322
  1  0.286
  1  0.287
  0  0.303
  1  0.320
  0  0.289
  0  0.347
  1  0.319
  1  0.250
  1  0.346
  1  0.264
  0  0.305
  1  0.288
  1  0.320
  1  0.205
  0  0.310
  0  0.278
  1  0.493
  1  0.264
  1  0.244
  1  0.380
  1  0.267
  1  0.237
  1  0.220
  0  0.252
  1  0.316
  1  0.241
  0  0.235
  1  0.220
  1  0.345
  1  0.323
  1  0.422
  1  0.267
  1  0.225
  1  0.294
  0  0.224
  1  0.303
  1  0.230
  1  0.322
  1  0.297
  1  0.212
  0  0.276
  1  0.318
  0  0.390
  0  0.312
  0  0.319
  0  0.257
  1  0.372
  1  0.221
  0  0.362
  1  0.293
  1  0.319
  1  0.344
  1  0.294
  1  0.452
  0  0.319
  1  0.313
  0  0.222
  1  0.249
  1  0.239
  0  0.277
  1  0.298
  0  0.386
  1  0.255
  1  0.291
  0  0.242
  0  0.351
  1  0.242
  1  0.252
  0  0.356
  0  0.399
  0  0.323
  1  0.314
  0  0.330
  1  0.285
  1  0.215
  1  0.345
  1  0.364
  1  0.484
  1  0.383
  1  0.304
  1  0.289
  0  0.311
  1  0.271
  0  0.286
  1  0.381
  0  0.225
  1  0.299
  1  0.328
  1  0.244
  1  0.263
  1  0.302
  0  0.302
  0  0.432
  1  0.267
  1  0.305
  0  0.215
  1  0.425
  1  0.224
  0  0.263
  1  0.285
  1  0.341
  1  0.268
  1  0.310
  1  0.304
  0  0.315
  0  0.252
  1  0.290
  0  0.374
  1  0.282
  0  0.362
  0  0.261
  0  0.341
  0  0.265
  0  0.265
  0  0.255
  1  0.300
  1  0.224
  1  0.424
  1  0.324
  1  0.245
  1  0.327
  1  0.304
  0  0.293
  1  0.299
  1  0.289
  1  0.282
  1  0.264
  1  0.270
  0  0.304
  0  0.344
  0  0.398
  1  0.524
  1  0.245
  0  0.336
  1  0.322
  0  0.621
  0  0.361
  0  0.282
  1  0.254
  0  0.274
  1  0.429
  1  0.256
  1  0.234
  1  0.334
  1  0.274
  0  0.341
  1  0.300
  1  0.420
  0  0.322
  0  0.262
  0  0.359
  1  0.479
  1  0.298
  0  0.354
  1  0.234
  1  0.315
  1  0.312
  0  0.328
  1  0.316
  1  0.332
  1  0.247
  1  0.284
  0  0.242
  0  0.289
  0  0.417
  1  0.511
  0  0.320
  1  0.269
  1  0.354
  0  0.216
  1  0.290
  0  0.320
  1  0.270
  1  0.389
  1  0.356
  1  0.361
  0  0.390
  1  0.321
  0  0.369
  1  0.346
  0  0.298
  1  0.251
  0  0.375
  0  0.351
  1  0.266
  1  0.359
  1  0.250
  1  0.323
  1  0.255
  0  0.266
  1  0.427
  1  0.276
  1  0.329
  1  0.307
  1  0.318
  1  0.332
  0  0.304
  1  0.290
  1  0.474
  0  0.278
  1  0.343
  1  0.233
  1  0.284
  1  0.375
  1  0.303
  1  0.216
  1  0.433
  1  0.286
  1  0.276
  1  0.337
  1  0.370
  1  0.283
  0  0.267
  1  0.305
  1  0.454
  1  0.226
  1  0.274
  0  0.270
  1  0.284
  1  0.291
  1  0.282
  1  0.343
  1  0.244
  1  0.227
  1  0.330
  0  0.268
  0  0.341
  0  0.336
  0  0.342
  1  0.384
  1  0.262
  1  0.282
  1  0.231
  1  0.437
  1  0.315
  1  0.315
  1  0.277
  0  0.369
  1  0.334
  1  0.362
  1  0.233
  1  0.244
  1  0.274
  1  0.269
  1  0.328
  0  0.339
  1  0.424
  0  0.377
  0  0.287
  1  0.265
  1  0.265
  1  0.281
  0  0.450
  1  0.251
  1  0.323
  0  0.390
  1  0.478
  1  0.237
  0  0.291
  1  0.222
  1  0.269
  1  0.270
  1  0.324
  1  0.305
  0  0.483
  1  0.241
  1  0.279
  1  0.301
  1  0.295
  1  0.314
  0  0.284
  1  0.295
  1  0.259
  0  0.337
  1  0.344
  1  0.241
  0  0.251
  1  0.271
  1  0.373
  1  0.392
  0  0.293
  1  0.354
  1  0.349
  0  0.353
