  1  0.881
  0  0.742
  0  0.850
  1  0.833
  0  0.860
  0  0.909
  1  0.890
  1  0.959
  0  0.706
  0  0.737
  0  0.715
  0  0.782
  0  0.810
  0  0.750
  0  0.774
  0  0.944
  0  0.678
  0  0.851
  0  0.693
  0  0.852
  0  1.151
  0  0.733
  0  0.805
  1  1.054
  0  0.816
  0  0.679
  0  0.834
  0  1.181
  0  1.978
  1  1.684
  0  0.972
  0  0.885
  0  1.362
  0  0.708
  0  0.766
  0  1.068
  0  0.756
  0  0.861
  0  0.861
  1  1.183
  0  0.774
  1  1.208
  1  0.878
  0  0.767
  0  0.901
  0  0.830
  0  0.779
  1  1.305
  0  0.779
  1  0.676
  0  1.391
  1  1.135
  0  0.931
  0  1.413
  0  1.149
  0  0.765
  0  0.776
  0  0.865
  0  0.692
  0  0.828
  1  1.215
  0  0.927
  0  1.205
  0  1.470
  0  0.875
  0  0.786
  0  0.930
  0  0.827
  0  1.437
  0  1.052
  0  0.761
  0  0.726
  0  1.054
  0  1.344
  0  1.105
  0  1.563
  0  1.131
  0  0.843
  0  0.764
  0  0.926
  1  1.692
  0  0.680
  0  0.955
  0  0.801
  1  1.041
  1  0.758
  0  0.798
  0  0.863
  0  0.934
  0  1.382
  1  0.775
  0  1.155
  0  0.788
  0  1.025
  0  0.840
  1  0.846
  1  2.126
  0  1.025
  0  1.066
  0  0.859
  0  1.015
  0  0.706
  0  0.692
  0  0.826
  0  1.092
  0  0.772
  0  1.035
  0  0.728
  0  0.918
  1  0.865
  0  0.671
  0  1.160
  0  0.872
  0  0.887
  1  1.299
  0  1.031
  0  0.821
  0  0.737
  0  0.814
  0  0.958
  0  0.716
  0  0.735
  1  0.923
  0  0.692
  1  1.701
  0  0.750
  0  0.741
  0  0.831
  0  0.878
  1  0.818
  0  0.992
  0  1.038
  0  1.011
  0  1.608
  0  1.541
  0  1.135
  0  0.926
  0  1.254
  0  0.933
  0  1.564
  0  0.652
  0  1.046
  0  0.961
  0  1.059
  1  1.381
  0  0.820
  0  0.699
  0  0.962
  0  0.840
  0  1.174
  0  0.913
  0  0.942
  0  0.898
  0  0.679
  0  0.770
  0  0.817
  0  0.674
  0  1.202
  0  0.719
  0  0.755
  0  0.730
  0  1.369
  0  0.775
  0  1.013
  0  1.139
  0  0.807
  0  0.892
  0  0.741
  1  0.929
  1  0.715
  0  0.886
  1  1.562
  0  0.846
  0  0.793
  0  1.695
  0  0.768
  0  0.757
  0  1.109
  0  0.970
  1  0.713
  0  1.778
  1  0.780
  1  0.966
  1  0.784
  1  1.137
  0  1.028
  0  1.288
  0  0.973
  0  0.875
  0  0.736
  0  0.931
  0  0.871
  0  1.173
  0  0.794
  0  0.868
  0  0.942
  0  0.676
  0  0.742
  1  1.077
  0  0.701
  0  1.473
  0  0.961
  0  0.965
  0  0.809
  0  1.720
  0  1.082
  0  0.917
  0  0.759
  0  0.909
  1  0.928
  0  0.919
  1  1.308
  0  0.832
  0  0.834
  0  0.835
  0  1.143
  0  0.767
  0  0.765
  0  1.067
  0  0.699
  0  1.018
  0  1.257
  0  0.702
  0  0.843
  1  0.729
  0  0.813
  0  1.073
  0  0.763
  0  0.699
  0  0.913
  0  1.091
  0  0.989
  1  1.674
  0  0.813
  0  0.855
  1  0.951
  0  0.807
  0  0.869
  0  0.898
  0  0.944
  0  0.707
  0  0.861
  0  0.925
  0  0.898
  1  0.724
  0  0.693
  1  1.216
  0  0.807
  0  0.891
  0  0.750
  0  0.918
  0  0.731
  0  0.882
  0  0.696
  0  0.743
  0  0.907
  0  0.986
  0  0.703
  0  1.476
  0  1.103
  0  1.129
  0  0.950
  1  0.907
  0  0.897
  0  1.330
  0  0.752
  0  0.702
  1  0.706
  0  0.751
  1  1.406
  0  1.130
  0  0.712
  0  0.918
  0  0.845
  0  0.866
  0  0.989
  0  0.741
  0  1.455
  0  0.832
  0  0.756
  0  0.932
  0  1.280
  0  0.859
  0  0.838
  0  1.302
  0  1.522
  0  1.147
  0  0.711
  0  1.181
  0  0.769
  0  0.904
  1  0.720
  1  0.853
  1  1.614
  1  0.969
  0  0.730
  0  0.760
  0  1.095
  0  0.799
  0  1.010
  1  0.958
  0  0.919
  0  0.740
  0  0.683
  0  0.856
  0  0.815
  0  0.733
  0  1.062
  0  1.708
  0  0.808
  0  0.728
  0  0.916
  1  1.234
  0  0.893
  0  0.960
  0  0.769
  1  0.664
  0  0.805
  0  0.718
  0  0.729
  0  1.114
  0  0.943
  0  0.758
  0  1.391
  0  0.776
  0  1.331
  0  0.956
  0  1.231
  0  0.964
  0  0.964
  0  0.947
  0  0.738
  0  0.892
  1  1.226
  0  0.692
  0  0.853
  0  0.685
  0  0.730
  0  1.030
  0  0.739
  0  0.760
  0  0.776
  0  0.813
  0  0.800
  0  1.068
  0  1.243
  0  1.518
  1  1.882
  0  0.853
  0  1.205
  0  0.696
  0  2.861
  0  1.326
  0  0.999
  0  0.835
  0  0.980
  1  1.259
  0  0.830
  0  0.876
  0  0.667
  0  0.793
  0  1.230
  0  0.738
  1  1.204
  0  1.142
  0  0.959
  0  1.318
  1  1.587
  0  0.742
  0  1.292
  0  0.875
  0  0.709
  0  0.714
  0  1.169
  0  0.708
  0  0.675
  0  0.849
  0  0.771
  0  0.932
  0  1.019
  0  1.621
  1  1.794
  0  1.134
  0  0.804
  1  0.788
  0  0.916
  0  0.758
  0  1.134
  0  0.801
  1  1.011
  1  0.805
  1  0.835
  0  1.475
  0  0.699
  0  1.369
  1  0.730
  0  1.049
  0  0.840
  0  1.398
  0  1.280
  0  0.809
  1  0.825
  0  0.842
  0  0.694
  0  0.832
  0  0.966
  1  1.248
  0  0.789
  0  0.681
  0  0.724
  0  0.703
  0  0.674
  0  1.068
  0  0.758
  1  1.549
  0  0.991
  1  0.705
  0  0.876
  0  0.771
  1  0.921
  0  0.732
  0  0.903
  1  1.285
  0  0.768
  0  0.788
  0  0.654
  1  0.890
  0  0.775
  0  0.967
  0  0.728
  1  1.423
  0  0.889
  0  0.792
  0  0.972
  0  0.772
  0  0.756
  0  0.775
  1  0.700
  0  0.855
  0  0.887
  0  0.678
  0  0.968
  0  1.231
  0  1.206
  0  1.233
  1  0.976
  0  0.817
  0  0.776
  0  0.881
  1  1.310
  0  0.709
  0  0.710
  0  0.786
  0  1.367
  0  0.667
  1  0.839
  0  0.878
  0  0.855
  0  0.793
  0  0.803
  0  0.683
  0  1.219
  1  1.230
  0  1.408
  0  1.014
  0  0.811
  0  0.810
  0  0.778
  0  1.806
  0  0.841
  0  0.694
  0  1.475
  1  1.575
  0  0.870
  0  1.024
  0  0.895
  0  0.802
  0  0.801
  0  0.692
  0  0.728
  0  2.002
  0  0.861
  0  0.781
  0  0.735
  0  0.748
  0  0.712
  0  1.004
  0  0.749
  0  0.825
  0  1.210
  1  0.710
  0  0.862
  0  0.942
  0  0.798
  1  0.912
  1  1.024
  0  1.031
  1  0.790
  1  0.753
  0  1.289
