  1  0.713
  1  0.644
  0  0.767
  1  0.680
  1  0.768
  1  0.614
  1  0.686
  1  0.643
  1  0.722
  1  0.653
  1  0.600
  0  0.682
  1  0.674
  0  0.621
  1  0.677
  1  0.630
  0  0.665
  1  0.639
  1  0.603
  1  0.639
  1  0.661
  1  0.641
  1  0.641
  0  0.687
  1  0.626
  1  0.595
  1  0.625
  1  0.653
  1  0.690
  0  0.661
  1  0.744
  1  0.674
  1  0.679
  1  0.660
  1  0.619
  1  0.657
  0  0.656
  1  0.646
  1  0.731
  1  0.643
  1  0.714
  1  0.685
  1  0.637
  1  0.698
  1  0.650
  1  0.639
  0  0.643
  1  0.677
  1  0.617
  1  0.623
  1  0.660
  1  0.665
  0  0.654
  0  0.624
  1  0.689
  1  0.600
  0  0.664
  1  0.656
  1  0.603
  1  0.657
  1  0.638
  1  0.650
  1  0.676
  1  0.627
  1  0.687
  1  0.686
  1  0.621
  0  0.704
  1  0.648
  1  0.660
  1  0.624
  1  0.768
  1  0.615
  1  0.620
  1  0.612
  1  0.613
  1  0.618
  1  0.652
  1  0.695
  1  0.635
  0  0.689
  1  0.676
  1  0.657
  1  0.591
  1  0.700
  0  0.613
  1  0.626
  1  0.623
  1  0.619
  1  0.717
  0  0.717
  1  0.696
  1  0.699
  1  0.600
  1  0.676
  1  0.594
  0  0.673
  0  0.701
  1  0.734
  1  0.674
  1  0.599
  0  0.690
  1  0.668
  1  0.606
  1  0.660
  1  0.586
  1  0.667
  1  0.765
  1  0.787
  1  0.684
  1  0.640
  1  0.604
  0  0.656
  1  0.643
  1  0.686
  1  0.633
  1  0.707
  1  0.727
  0  0.611
  1  0.626
  1  0.647
  1  0.736
  0  0.623
  1  0.703
  1  0.662
  1  0.672
  0  0.650
  0  0.665
  1  0.608
  1  0.645
  0  0.722
  1  0.671
  1  0.747
  1  0.611
  1  0.629
  1  0.615
  1  0.713
  1  0.660
  1  0.654
  1  0.645
  1  0.748
  1  0.753
  0  0.656
  0  0.650
  1  0.656
  1  0.641
  1  0.659
  0  0.664
  1  0.625
  1  0.617
  1  0.697
  0  0.657
  1  0.630
  1  0.627
  1  0.619
  0  0.677
  1  0.663
  1  0.633
  1  0.628
  1  0.684
  1  0.673
  1  0.639
  1  0.639
  1  0.679
  1  0.674
  0  0.689
  1  0.603
  1  0.670
  1  0.599
  1  0.599
  1  0.645
  1  0.674
  0  0.665
  1  0.638
  1  0.720
  1  0.694
  1  0.654
  1  0.675
  1  0.579
  1  0.741
  1  0.629
  1  0.668
  0  0.658
  1  0.843
  1  0.669
  0  0.734
  1  0.680
  0  0.650
  1  0.628
  1  0.653
  1  0.599
  1  0.583
  1  0.669
  1  0.670
  1  0.622
  1  0.640
  1  0.592
  1  0.658
  1  0.689
  0  0.754
  1  0.709
  0  0.617
  1  0.658
  1  0.814
  1  0.661
  0  0.648
  0  0.689
  1  0.613
  1  0.706
  1  0.662
  0  0.664
  1  0.684
  1  0.659
  1  0.673
  1  0.802
  0  0.652
  1  0.692
  1  0.677
  1  0.737
  1  0.728
  1  0.676
  1  0.667
  1  0.626
  1  0.727
  1  0.642
  1  0.684
  1  0.605
  0  0.638
  0  0.682
  0  0.661
  0  0.730
  0  0.637
  1  0.651
  1  0.619
  0  0.628
  0  0.667
  1  0.744
  0  0.635
  1  0.630
  1  0.627
  0  0.607
  1  0.704
  1  0.682
  1  0.631
  1  0.720
  1  0.657
  1  0.672
  0  0.620
  1  0.697
  1  0.618
  1  0.627
  1  0.672
  1  0.680
  0  0.647
  1  0.673
  1  0.666
  1  0.612
  1  0.605
  1  0.907
  1  0.670
  1  0.649
  0  0.660
  1  0.641
  1  0.664
  0  0.631
  1  0.650
  1  0.663
  1  0.672
  1  0.664
  1  0.650
  1  0.590
  1  0.821
  1  0.665
  1  0.685
  1  0.636
  1  0.678
  1  0.675
  0  0.618
  0  0.700
  0  0.711
  1  0.687
  1  0.664
  1  0.596
  1  0.697
  1  0.681
  1  0.720
  1  0.663
  1  0.634
  0  0.659
  1  0.653
  1  0.639
  1  0.626
  1  0.658
  1  0.663
  0  0.673
  1  0.700
  0  0.606
  0  0.644
  1  0.713
  1  0.667
  1  0.686
  0  0.688
  1  0.629
  0  0.706
  1  0.617
  1  0.668
  1  0.611
  1  0.644
  1  0.762
  1  0.653
  1  0.603
  1  0.696
  1  0.686
  1  0.676
  1  0.926
  0  0.638
  1  0.656
  0  0.697
  1  0.661
  1  0.663
  1  0.614
  1  0.670
  1  0.731
  1  0.639
  1  0.696
  1  0.714
  0  0.800
  1  0.719
  1  0.646
  0  0.652
  0  0.609
  1  0.679
  1  0.677
  1  0.629
  1  0.682
  1  0.647
  1  0.647
  1  0.613
  1  0.699
  1  0.623
  1  0.604
  0  0.658
  1  0.646
  1  0.619
  1  0.681
  1  0.658
  1  0.632
  1  0.706
  1  0.654
  1  0.673
  1  0.676
  0  0.674
  1  0.641
  0  0.635
  0  0.627
  1  0.761
  1  0.647
  1  0.628
  1  0.653
  1  0.647
  1  0.626
  1  0.685
  1  0.666
  0  0.608
  1  0.640
  1  0.628
  1  0.650
  1  0.675
  1  0.650
  0  0.637
  1  0.832
  0  0.676
  1  0.768
  1  0.668
  1  0.699
  1  0.610
  1  0.651
  1  0.666
  1  0.644
  1  0.612
  1  0.677
  1  0.637
  1  0.634
  0  0.725
  1  0.682
  1  0.711
  1  0.629
  0  0.596
  0  0.661
  1  0.700
  0  0.674
  1  0.691
  1  0.640
  0  0.653
  1  0.673
  1  0.595
  1  0.643
  1  0.745
  1  0.594
  1  0.609
  1  0.657
  1  0.667
  1  0.648
  0  0.640
  0  0.723
  1  0.676
  1  0.659
  1  0.695
  1  0.598
  1  0.640
  1  0.712
  1  0.661
  1  0.610
  0  0.685
  0  0.755
  1  0.788
  1  0.664
  0  0.634
  1  0.672
  1  0.736
  1  0.678
  1  0.653
  1  0.691
  0  0.705
  1  0.657
  1  0.723
  1  0.702
  1  0.710
  1  0.680
  1  0.646
  0  0.683
  1  0.773
  1  0.662
  1  0.630
  1  0.720
  1  0.658
  0  0.668
  0  0.601
  1  0.681
  1  0.640
  1  0.615
  1  0.583
  0  0.640
  1  0.707
  0  0.641
  1  0.667
  1  0.583
  1  0.718
  1  0.894
  1  0.619
  1  0.647
  1  0.621
  0  0.653
  0  0.623
  0  0.685
  1  0.672
  1  0.587
  1  0.642
  1  0.626
  1  0.661
  1  0.655
  1  0.603
  1  0.676
  1  0.649
  1  0.718
  1  0.679
  1  0.712
  0  0.708
  1  0.625
  1  0.666
  0  0.686
  1  0.648
  0  0.652
  1  0.657
  0  0.611
  1  0.616
  1  0.787
  1  0.602
  0  0.625
  0  0.614
  0  0.683
  1  0.667
  1  0.663
  0  0.775
  0  0.718
  1  0.749
  1  0.703
  0  0.620
  0  0.616
  1  0.590
  1  0.689
  1  0.684
  1  0.600
  1  0.911
  0  0.718
  1  0.659
  0  0.640
  1  0.694
  1  0.647
  1  0.694
