  1  1.002
  0  1.250
  0  3.245
  0  1.008
  1  1.687
  0  1.491
  0  0.978
  0  1.257
  1  1.118
  0  1.185
  0  1.595
  0  2.207
  0  1.042
  0  1.728
  0  1.027
  0  1.360
  0  2.003
  0  1.292
  0  1.574
  0  1.288
  0  1.130
  0  1.273
  0  1.278
  0  2.275
  0  1.399
  0  1.627
  0  1.401
  0  1.185
  0  0.954
  0  1.970
  1  1.392
  0  1.045
  0  1.017
  0  1.137
  0  1.451
  0  1.155
  0  1.925
  0  1.235
  1  1.235
  0  1.263
  1  1.020
  0  0.983
  0  1.307
  0  0.894
  0  1.204
  0  1.288
  0  1.832
  0  1.027
  0  1.471
  0  1.421
  0  1.137
  0  1.101
  0  1.910
  0  1.740
  0  0.960
  0  1.599
  0  1.991
  0  1.164
  0  1.579
  0  1.156
  0  1.301
  0  1.209
  0  1.030
  0  1.387
  0  0.970
  0  0.976
  0  1.437
  0  2.496
  0  1.220
  0  1.133
  0  1.415
  1  1.694
  0  1.487
  0  1.442
  0  1.509
  0  1.507
  0  1.466
  0  1.192
  0  0.921
  0  1.322
  0  2.297
  0  1.035
  0  1.153
  0  1.643
  0  0.831
  0  1.701
  0  1.393
  0  1.419
  0  1.450
  1  1.050
  0  2.654
  0  0.911
  0  0.878
  0  1.595
  0  1.031
  0  1.632
  0  2.096
  0  2.458
  1  1.262
  0  1.043
  0  1.606
  0  2.312
  0  1.080
  0  1.559
  0  1.132
  0  1.658
  0  1.084
  1  1.660
  1  1.933
  0  0.989
  0  1.285
  0  1.568
  0  1.928
  0  1.263
  0  0.977
  0  1.336
  1  0.923
  1  1.184
  0  1.697
  0  1.395
  0  1.232
  1  1.286
  0  1.735
  1  0.865
  0  1.121
  0  1.055
  0  1.881
  0  2.003
  0  1.544
  0  1.242
  0  2.709
  0  1.064
  1  1.426
  0  1.522
  0  1.369
  0  1.490
  1  1.006
  0  1.138
  0  1.175
  0  1.247
  1  1.440
  1  1.500
  0  1.922
  0  1.876
  0  1.164
  0  1.272
  0  1.142
  0  1.997
  0  1.401
  0  1.469
  0  0.902
  0  1.934
  0  1.365
  0  1.389
  0  1.454
  0  2.144
  0  1.112
  0  1.335
  0  1.380
  0  0.984
  0  1.049
  0  1.292
  0  1.293
  0  1.017
  0  1.042
  0  2.303
  0  1.577
  0  1.067
  0  1.606
  0  1.603
  0  1.246
  0  1.042
  0  2.002
  0  1.299
  1  1.093
  0  0.924
  0  1.180
  0  1.039
  0  1.669
  1  1.358
  0  1.371
  0  1.083
  0  1.944
  1  2.619
  0  1.072
  0  2.854
  0  1.010
  0  1.883
  0  1.379
  0  1.187
  0  1.603
  0  1.665
  0  1.073
  0  1.070
  0  1.431
  0  1.285
  0  1.640
  0  1.149
  0  0.957
  0  3.096
  1  0.954
  0  1.713
  0  1.149
  1  2.267
  0  1.124
  0  1.867
  0  2.300
  0  1.506
  1  0.909
  0  1.120
  0  1.990
  0  0.988
  0  1.141
  0  1.050
  1  2.116
  0  1.897
  0  0.941
  0  1.024
  1  1.307
  1  1.189
  0  1.035
  0  1.086
  0  1.395
  1  1.178
  0  1.271
  0  0.988
  0  1.566
  0  1.804
  0  2.206
  0  1.967
  0  2.812
  0  1.799
  0  1.197
  0  1.450
  0  1.753
  0  2.022
  1  1.388
  0  1.791
  0  1.362
  0  1.389
  0  1.688
  1  0.881
  0  0.998
  0  1.353
  1  1.098
  0  1.158
  0  1.056
  0  1.725
  0  0.903
  0  1.460
  0  1.385
  0  1.053
  0  1.009
  0  1.857
  0  1.051
  0  1.097
  0  1.514
  0  1.565
  1  3.400
  0  1.067
  0  1.212
  0  1.958
  0  1.275
  0  1.108
  0  1.770
  0  1.206
  0  1.112
  0  1.053
  0  1.105
  0  1.209
  0  1.646
  1  2.346
  0  1.099
  0  0.979
  0  1.314
  0  1.023
  0  1.040
  0  1.716
  0  2.437
  0  2.577
  0  0.972
  0  1.106
  0  1.620
  0  0.906
  0  1.003
  1  1.091
  0  1.116
  0  1.330
  0  1.952
  0  1.185
  0  1.291
  0  1.396
  0  1.148
  0  1.111
  0  2.092
  1  0.783
  0  1.685
  0  1.841
  1  1.003
  0  1.085
  0  0.974
  0  2.283
  0  1.376
  0  2.514
  0  1.474
  0  1.078
  0  1.516
  0  1.255
  1  1.612
  0  1.182
  0  1.577
  0  0.908
  0  0.978
  0  1.029
  1  3.636
  0  1.802
  0  1.162
  0  2.403
  0  1.130
  0  1.115
  0  1.492
  0  1.069
  1  1.224
  0  1.291
  0  0.912
  1  1.021
  0  3.620
  1  1.080
  0  1.235
  0  1.893
  0  1.691
  0  1.014
  0  1.029
  0  1.373
  0  0.996
  0  1.232
  0  1.230
  0  1.499
  0  0.866
  0  1.418
  0  1.573
  0  1.942
  0  1.240
  0  1.457
  0  1.001
  0  1.146
  0  1.345
  1  0.905
  0  1.179
  0  1.047
  0  1.029
  0  2.100
  0  1.273
  0  1.787
  0  1.749
  1  1.608
  0  1.233
  0  1.379
  0  1.187
  0  1.229
  0  1.397
  0  0.979
  0  1.092
  0  1.689
  0  1.286
  0  1.379
  0  1.210
  0  1.037
  0  1.208
  0  1.800
  1  2.483
  0  2.127
  1  1.695
  0  1.080
  0  0.875
  0  1.524
  0  1.199
  0  1.095
  0  1.251
  0  1.508
  0  1.027
  0  1.310
  0  1.327
  0  2.749
  0  1.000
  1  0.974
  0  1.368
  0  1.673
  0  1.963
  1  0.747
  0  2.106
  0  0.947
  0  1.282
  0  1.904
  0  1.050
  0  1.624
  0  1.258
  1  1.405
  0  1.632
  0  1.531
  0  1.158
  0  1.090
  0  1.219
  0  1.816
  0  2.722
  0  1.032
  0  1.141
  0  0.921
  0  1.609
  0  1.285
  1  0.994
  0  1.129
  0  1.529
  0  2.245
  0  3.102
  1  1.938
  0  1.110
  0  1.784
  0  1.055
  1  1.291
  0  1.018
  0  1.187
  0  0.949
  0  2.499
  0  1.153
  1  1.133
  1  0.837
  1  0.967
  0  1.011
  0  1.239
  0  2.222
  1  1.754
  0  1.118
  0  1.366
  1  1.094
  0  1.150
  0  2.039
  0  1.677
  0  1.003
  0  1.280
  0  1.490
  0  1.664
  0  1.815
  1  0.924
  0  1.820
  0  1.090
  0  1.665
  1  1.068
  1  3.248
  0  1.457
  0  1.226
  0  1.438
  0  1.904
  0  1.734
  0  2.252
  0  1.055
  0  1.655
  0  1.271
  0  1.399
  0  1.125
  0  1.173
  0  1.578
  0  1.033
  0  1.217
  1  1.064
  0  1.013
  1  0.992
  0  2.539
  0  1.407
  0  1.094
  0  2.265
  0  1.223
  0  1.895
  0  1.156
  0  1.697
  0  1.479
  1  1.925
  0  1.583
  0  1.743
  0  1.705
  0  2.218
  0  1.084
  0  1.117
  0  3.339
  0  2.664
  1  1.455
  1  0.870
  0  1.723
  0  1.710
  0  1.648
  0  0.960
  0  0.986
  0  1.599
  1  3.453
  0  2.664
  0  1.141
  0  1.817
  0  0.928
  0  1.232
  0  0.925
