  1  1.070
  0  1.833
  1  1.083
  1  1.307
  1  1.596
  1  1.180
  1  1.123
  1  1.655
  1  1.892
  1  1.117
  1  1.002
  1  1.265
  1  1.258
  1  1.147
  1  1.081
  1  1.204
  1  1.657
  1  1.621
  1  1.916
  1  1.010
  1  1.101
  0  1.122
  1  1.116
  1  1.173
  0  1.645
  1  1.142
  1  1.024
  1  1.294
  0  1.375
  1  1.176
  1  1.111
  1  2.027
  0  1.041
  1  2.858
  1  1.409
  1  1.143
  1  1.177
  1  1.193
  1  1.088
  1  1.109
  1  2.332
  1  1.159
  1  1.541
  1  1.374
  1  1.057
  1  1.211
  1  1.089
  1  1.891
  1  1.054
  1  2.084
  1  1.306
  1  1.207
  1  1.083
  1  1.146
  1  1.087
  1  1.141
  1  1.553
  1  1.140
  1  1.955
  1  1.216
  1  1.496
  1  1.058
  1  1.157
  1  1.575
  1  1.137
  1  1.330
  0  1.196
  1  1.337
  1  1.032
  1  1.555
  1  1.411
  1  1.383
  1  1.407
  1  1.537
  1  1.503
  1  1.311
  1  1.221
  1  1.376
  1  1.303
  1  1.377
  1  1.143
  1  1.000
  1  1.042
  1  1.051
  1  1.157
  1  1.687
  0  1.923
  0  1.782
  1  2.152
  1  1.062
  1  1.031
  0  1.596
  0  1.351
  1  1.663
  1  1.384
  1  1.087
  1  1.076
  1  1.246
  1  1.111
  1  1.082
  1  1.173
  1  1.217
  1  1.387
  1  1.195
  1  3.196
  1  1.173
  1  1.695
  0  1.506
  1  1.081
  1  1.156
  1  1.078
  1  1.181
  1  2.000
  1  1.288
  1  1.130
  1  1.268
  1  1.357
  1  1.266
  1  1.124
  1  1.064
  1  1.101
  0  1.175
  1  1.247
  0  1.598
  1  1.088
  1  1.040
  1  1.231
  1  1.312
  1  1.054
  0  2.068
  1  1.408
  1  1.193
  1  1.162
  1  1.168
  0  1.485
  1  1.142
  1  1.186
  1  1.105
  1  1.064
  1  1.278
  1  1.212
  1  1.246
  1  1.642
  1  1.024
  0  2.102
  1  1.232
  1  1.056
  1  1.146
  1  1.154
  1  1.108
  1  1.250
  1  1.065
  1  1.039
  1  1.160
  1  1.408
  1  1.166
  1  1.090
  0  1.357
  0  1.792
  0  1.938
  1  1.350
  1  1.454
  1  1.027
  1  1.071
  0  1.191
  1  1.653
  1  1.268
  1  1.453
  1  1.237
  0  1.152
  1  1.316
  1  1.661
  1  1.293
  1  1.219
  1  1.300
  1  1.116
  0  1.464
  1  1.151
  1  1.197
  1  1.297
  1  1.742
  1  1.302
  1  1.086
  1  1.225
  1  1.291
  1  1.226
  1  1.084
  1  1.105
  1  1.438
  1  1.377
  1  1.165
  1  1.200
  1  1.295
  1  1.274
  1  1.179
  1  1.129
  1  1.541
  1  1.479
  1  1.045
  1  1.034
  1  1.194
  1  1.470
  1  1.386
  1  1.066
  1  1.310
  1  1.116
  0  1.940
  0  1.153
  0  1.127
  0  1.390
  1  1.468
  1  1.367
  1  1.190
  1  1.103
  1  1.281
  1  1.197
  1  1.056
  1  1.345
  1  1.524
  1  1.126
  1  1.454
  1  1.264
  1  1.284
  1  1.102
  1  1.790
  1  1.074
  1  1.105
  0  1.278
  0  1.160
  1  1.928
  1  1.468
  1  1.323
  1  1.082
  1  1.557
  1  1.170
  1  1.101
  0  1.425
  1  1.159
  0  1.154
  1  1.256
  1  1.235
  0  1.874
  1  1.386
  1  2.224
  1  1.093
  1  1.187
  1  1.075
  1  1.181
  1  1.233
  1  1.160
  1  1.331
  0  1.070
  1  1.462
  1  1.643
  1  1.088
  1  1.098
  1  1.197
  1  1.152
  0  1.343
  1  1.140
  1  1.222
  1  1.386
  0  2.863
  1  1.160
  1  1.530
  1  1.212
  0  1.196
  1  1.186
  1  1.092
  1  1.249
  1  1.565
  0  1.033
  1  1.135
  1  1.224
  1  1.383
  1  1.637
  1  1.064
  1  1.284
  1  1.044
  1  1.285
  1  1.156
  1  1.139
  1  1.106
  1  1.148
  1  1.303
  1  1.183
  1  1.206
  1  1.184
  1  1.044
  1  1.070
  1  1.284
  1  1.124
  1  1.210
  1  1.165
  1  1.379
  1  1.234
  1  1.115
  1  1.771
  1  1.463
  1  1.085
  1  1.159
  0  1.732
  1  1.405
  1  1.043
  0  1.087
  1  1.190
  1  1.264
  1  1.919
  1  1.144
  1  1.604
  1  1.181
  1  1.215
  1  1.924
  1  1.282
  1  1.183
  1  1.417
  1  1.251
  0  2.650
  1  1.535
  0  1.266
  1  1.158
  1  1.186
  0  1.334
  1  1.269
  1  1.623
  0  1.329
  1  1.350
  1  1.229
  1  1.039
  1  1.213
  1  1.049
  1  1.242
  1  1.599
  1  1.467
  1  1.082
  1  1.091
  1  1.058
  1  1.235
  1  1.311
  1  1.219
  1  1.032
  1  1.081
  1  1.537
  1  1.085
  0  1.791
  0  1.376
  1  1.866
  1  1.010
  1  1.220
  1  1.266
  1  1.281
  1  1.117
  1  1.250
  0  3.252
  1  1.323
  1  1.074
  1  1.631
  1  1.072
  1  1.108
  1  1.492
  0  1.544
  1  1.323
  1  1.079
  1  1.351
  1  1.576
  1  1.150
  1  1.143
  1  1.129
  1  1.563
  1  1.015
  1  1.105
  1  1.506
  1  1.363
  1  1.051
  1  1.159
  1  1.005
  1  1.424
  1  1.175
  1  1.372
  0  1.133
  1  1.457
  1  1.059
  1  1.246
  0  2.552
  1  2.228
  1  1.081
  1  1.149
  1  1.421
  0  1.565
  1  1.831
  1  1.720
  1  1.200
  1  1.398
  1  1.173
  0  1.643
  1  1.160
  1  1.282
  1  1.251
  0  1.571
  1  1.166
  1  1.142
  1  1.275
  1  1.451
  1  1.166
  1  1.045
  1  1.220
  1  2.212
  1  1.734
  0  1.157
  1  1.345
  1  2.084
  1  1.224
  1  1.149
  1  1.239
  1  1.359
  1  1.127
  1  1.185
  1  2.689
  1  1.289
  1  1.354
  0  1.008
  0  1.113
  0  1.456
  1  1.161
  1  1.092
  1  1.477
  1  1.335
  1  1.080
  1  1.007
  1  1.136
  1  1.524
  1  1.232
  0  1.939
  0  1.501
  1  1.319
  1  1.034
  1  1.843
  0  1.324
  1  1.435
  1  1.074
  1  1.704
  1  1.349
  1  1.314
  1  1.468
  0  2.463
  1  1.200
  0  1.404
  1  1.261
  1  1.076
  0  1.570
  1  1.218
  0  1.196
  1  1.230
  1  1.528
  1  1.049
  1  1.122
  1  1.153
  1  1.137
  1  1.433
  1  1.530
  1  1.263
  1  1.091
  0  1.518
  1  1.006
  1  1.163
  0  1.487
  1  1.051
  1  1.114
  1  1.397
  1  1.228
  1  1.127
  0  2.709
  0  1.141
  1  1.071
  0  1.134
  1  1.225
  1  1.047
  1  1.416
  1  1.039
  1  1.391
  1  1.683
  1  2.371
  1  1.232
  1  1.336
  1  1.477
  1  1.023
  0  1.090
  1  1.360
  1  1.323
  0  1.646
  1  1.179
  1  1.121
  0  1.477
  0  1.321
  0  1.522
  0  1.307
  0  1.076
  1  1.622
  1  1.245
  0  1.467
