  0  0.681
  0  0.572
  0  0.834
  0  0.397
  0  0.646
  0  0.435
  0  0.608
  0  0.466
  0  0.967
  0  0.593
  0  0.611
  0  0.790
  0  0.830
  1  0.434
  0  0.530
  0  0.464
  0  0.572
  0  0.506
  0  0.639
  0  0.555
  0  0.330
  0  0.714
  0  0.553
  0  0.655
  0  1.436
  0  0.495
  0  0.958
  0  0.868
  0  0.307
  0  0.464
  0  0.351
  0  0.472
  0  0.632
  0  0.458
  0  0.600
  0  0.582
  1  0.519
  0  0.403
  0  0.410
  0  0.615
  0  0.479
  0  0.456
  0  0.751
  0  0.492
  0  0.539
  0  0.413
  0  0.532
  0  0.581
  0  0.674
  0  0.465
  0  0.463
  0  0.572
  0  0.527
  0  1.204
  0  0.487
  0  0.568
  0  0.566
  0  0.495
  0  0.635
  0  0.381
  0  0.411
  0  0.767
  0  0.578
  0  0.986
  1  1.124
  0  0.656
  0  0.446
  0  0.633
  0  0.683
  0  0.486
  0  1.411
  0  0.479
  0  0.335
  0  0.483
  0  0.600
  0  0.498
  0  0.853
  0  0.790
  0  0.550
  0  0.965
  0  0.618
  0  0.385
  0  0.567
  0  0.353
  0  1.199
  0  0.726
  0  0.749
  0  0.998
  0  0.414
  0  0.588
  0  0.487
  0  0.575
  1  0.892
  0  0.477
  0  0.543
  0  0.823
  0  0.672
  0  0.727
  0  1.202
  0  1.344
  0  0.605
  1  0.536
  0  0.608
  1  0.636
  0  1.094
  0  0.400
  0  0.400
  0  0.433
  0  1.031
  0  0.765
  0  0.588
  0  0.470
  0  0.414
  0  0.914
  0  0.427
  0  0.533
  0  0.651
  0  0.748
  0  0.422
  0  0.473
  0  0.606
  0  1.092
  0  1.414
  0  0.617
  0  0.778
  0  0.562
  0  0.519
  0  0.441
  0  0.937
  0  0.462
  1  0.500
  0  0.947
  0  0.620
  1  0.287
  0  0.625
  0  0.510
  0  0.541
  0  0.563
  0  0.930
  0  0.413
  0  0.456
  0  0.928
  0  1.417
  0  1.374
  0  0.647
  0  0.430
  0  0.846
  0  1.168
  0  0.687
  0  0.422
  0  0.549
  0  0.482
  0  0.611
  0  0.620
  0  0.477
  0  0.470
  0  0.685
  0  0.771
  0  0.484
  0  0.792
  0  0.763
  0  0.425
  0  0.685
  0  0.640
  0  0.639
  0  0.656
  0  0.556
  0  0.476
  0  1.078
  0  0.500
  1  0.882
  0  0.722
  0  0.506
  0  0.533
  0  0.508
  0  0.530
  0  0.606
  0  0.376
  0  0.349
  0  0.509
  0  0.865
  0  0.487
  0  0.423
  0  0.502
  0  0.466
  0  0.377
  0  0.533
  0  1.017
  1  0.575
  0  0.446
  0  0.652
  0  0.477
  0  0.562
  0  0.667
  0  0.517
  0  0.314
  0  0.416
  0  0.514
  0  0.483
  1  0.298
  0  0.495
  0  0.864
  0  0.431
  0  0.464
  0  0.526
  0  0.502
  0  0.977
  0  0.536
  0  0.651
  1  0.868
  0  0.660
  0  0.572
  0  0.550
  0  0.375
  1  1.006
  0  0.519
  0  1.128
  0  0.655
  0  0.581
  0  0.861
  0  0.536
  0  0.847
  0  0.340
  0  0.548
  0  0.582
  0  0.835
  0  0.415
  0  0.563
  0  0.399
  0  0.336
  0  0.481
  0  0.629
  0  0.703
  0  0.690
  0  0.720
  1  0.413
  0  0.538
  0  0.787
  0  0.366
  0  0.598
  0  0.872
  0  0.573
  0  0.550
  0  1.371
  0  1.825
  0  0.520
  1  0.471
  0  0.408
  0  0.547
  0  0.941
  0  0.431
  1  0.541
  0  0.481
  0  0.568
  0  0.574
  0  0.716
  0  0.599
  0  0.471
  0  0.438
  0  0.552
  0  0.737
  0  0.406
  1  0.566
  0  0.579
  0  0.545
  0  0.410
  0  0.592
  0  0.627
  0  0.830
  0  0.863
  0  0.534
  1  0.378
  0  0.956
  0  0.605
  0  0.654
  0  0.416
  0  0.408
  0  0.550
  0  1.070
  0  0.801
  1  1.116
  0  0.691
  0  0.845
  0  0.977
  0  0.685
  1  0.586
  1  0.860
  0  0.326
  1  0.297
  0  1.022
  0  0.789
  0  0.673
  0  0.907
  0  0.369
  0  0.499
  0  0.779
  1  0.709
  0  0.419
  0  0.552
  0  0.856
  0  0.529
  0  0.632
  0  0.567
  1  0.749
  0  0.762
  0  0.704
  0  0.743
  0  0.575
  0  0.571
  0  0.458
  1  0.629
  0  0.543
  0  0.481
  0  0.403
  0  0.529
  0  0.784
  0  0.366
  0  0.504
  0  0.407
  0  0.430
  0  0.938
  0  0.617
  0  0.566
  0  0.509
  0  1.245
  0  0.943
  0  0.595
  0  0.565
  1  0.435
  0  0.687
  0  0.766
  0  0.588
  0  2.518
  0  0.550
  0  0.980
  0  1.060
  0  0.623
  1  0.448
  0  0.613
  0  0.682
  0  0.529
  0  0.480
  0  0.509
  0  0.959
  0  0.489
  0  0.931
  0  0.534
  0  0.686
  0  0.838
  0  0.489
  0  0.446
  0  0.939
  1  0.469
  0  0.541
  0  1.154
  0  0.416
  0  0.722
  0  1.375
  0  0.605
  0  0.424
  0  0.720
  0  0.810
  0  0.612
  0  0.664
  1  0.447
  1  0.475
  0  0.630
  0  0.569
  0  0.567
  0  0.643
  0  0.987
  0  2.860
  0  0.457
  0  1.039
  0  0.417
  0  0.742
  0  0.590
  0  0.372
  0  0.593
  0  0.675
  0  0.490
  0  1.687
  0  0.983
  0  0.907
  0  0.956
  1  0.444
  0  0.424
  0  0.566
  0  1.073
  0  1.267
  0  0.657
  0  0.657
  0  0.754
  0  0.674
  0  0.665
  0  0.285
  0  1.057
  1  0.377
  1  0.401
  0  0.606
  0  0.661
  0  0.588
  0  0.683
  0  0.748
  0  0.745
  0  0.669
  0  0.629
  0  0.521
  0  0.532
  0  0.926
  0  0.636
  0  0.436
  0  0.543
  0  0.608
  1  0.565
  0  0.442
  0  0.509
  0  0.526
  0  0.517
  0  0.564
  0  0.573
  0  0.401
  1  0.689
  0  0.492
  0  0.724
  0  0.411
  0  0.932
  0  0.787
  0  0.948
  1  0.578
  0  0.647
  1  0.599
  0  1.061
  0  0.676
  0  0.519
  0  1.731
  0  1.036
  0  1.250
  0  0.371
  1  0.322
  0  0.416
  1  0.483
  0  0.728
  0  0.521
  0  0.421
  0  0.459
  0  0.666
  0  0.684
  0  0.663
  0  0.463
  0  0.332
  0  0.521
  0  0.651
  0  0.556
  0  0.473
  0  0.548
  0  1.185
  0  1.574
  1  0.840
  0  1.622
  0  0.528
  0  0.683
  0  0.613
  0  0.418
  0  0.412
  0  0.491
  0  1.928
  0  0.691
  0  0.486
  0  0.486
  0  0.656
  0  0.486
  0  0.696
  0  0.397
  1  0.637
  0  1.060
  0  1.302
  0  0.687
  0  0.481
  1  0.345
  0  0.406
  0  0.880
  0  0.529
  0  0.593
  0  0.500
  0  0.499
  0  0.638
  0  0.357
  0  0.380
  0  0.784
  0  0.747
  1  0.552
  0  0.520
  0  0.699
  0  0.471
  0  0.702
  0  0.977
  0  1.334
  0  0.686
  1  0.562
