  0  0.440
  0  0.425
  1  0.499
  0  0.372
  0  0.429
  0  0.493
  0  0.447
  0  0.488
  0  0.542
  0  0.456
  1  0.413
  0  0.466
  0  0.438
  0  0.520
  0  0.421
  0  0.436
  0  0.563
  0  0.414
  0  0.481
  0  0.450
  0  0.389
  0  0.565
  0  0.479
  0  0.413
  0  0.514
  0  0.409
  0  0.447
  1  0.417
  0  0.453
  0  0.621
  0  0.430
  0  0.497
  0  0.514
  0  0.773
  0  0.411
  0  0.430
  0  0.438
  0  0.690
  0  0.458
  0  0.437
  0  0.391
  0  0.426
  0  0.455
  0  0.470
  0  0.573
  0  0.444
  0  0.416
  0  0.477
  0  0.453
  0  0.512
  0  0.412
  0  0.490
  0  0.439
  0  0.450
  0  0.461
  0  0.368
  0  0.508
  0  0.411
  0  0.482
  0  0.391
  0  0.506
  0  0.490
  0  0.379
  0  0.528
  0  0.582
  0  0.472
  0  0.424
  1  0.437
  0  0.523
  0  0.479
  0  0.463
  0  0.434
  0  0.512
  1  0.486
  0  0.459
  0  0.587
  0  0.419
  0  0.434
  0  0.391
  0  0.506
  0  0.456
  0  0.443
  0  0.462
  0  0.410
  1  0.357
  0  0.609
  0  0.563
  0  0.576
  0  0.550
  0  0.462
  0  0.404
  0  0.575
  1  0.485
  0  0.501
  1  0.424
  0  0.622
  0  0.506
  0  0.641
  0  0.513
  0  0.424
  0  0.498
  0  0.507
  0  0.418
  1  0.383
  1  0.486
  0  0.407
  0  0.415
  0  0.448
  0  0.562
  0  0.492
  0  0.456
  0  0.400
  0  0.469
  0  0.489
  0  0.485
  0  0.468
  0  0.444
  0  0.447
  0  0.448
  0  0.452
  0  0.516
  0  0.570
  0  0.379
  0  0.403
  0  0.466
  0  0.508
  0  0.480
  0  0.450
  0  0.547
  0  0.504
  0  0.477
  0  0.489
  0  0.533
  0  0.404
  0  0.544
  0  0.423
  0  0.489
  0  0.491
  0  0.398
  0  0.394
  0  0.417
  0  0.515
  0  0.422
  0  0.594
  0  0.375
  0  0.521
  0  0.512
  0  0.459
  1  0.380
  0  0.412
  0  0.455
  0  0.443
  0  0.405
  0  0.501
  0  0.402
  0  0.425
  0  0.489
  1  0.593
  0  0.407
  0  0.382
  0  0.508
  0  0.502
  0  0.400
  0  0.474
  0  0.458
  0  0.483
  0  0.483
  0  0.381
  0  0.449
  0  0.465
  0  0.577
  0  0.483
  0  0.512
  0  0.450
  0  0.481
  0  0.513
  0  0.452
  0  0.514
  0  0.502
  0  0.450
  0  0.432
  0  0.401
  0  0.512
  0  0.544
  0  0.434
  0  0.483
  0  0.583
  0  0.471
  0  0.560
  0  0.544
  0  0.786
  0  0.469
  0  0.470
  0  0.550
  0  0.427
  0  0.447
  0  0.408
  0  0.530
  0  0.429
  0  0.475
  0  0.718
  0  0.469
  0  0.434
  0  0.409
  0  0.650
  0  0.387
  0  0.454
  0  0.402
  0  0.463
  0  0.453
  0  0.387
  0  0.449
  0  0.430
  0  0.451
  0  0.487
  0  0.496
  0  0.414
  0  0.433
  0  0.448
  1  0.503
  0  0.455
  0  0.435
  0  0.417
  0  0.640
  0  0.542
  0  0.537
  1  0.379
  0  0.437
  0  0.589
  0  0.448
  0  0.397
  0  0.415
  0  0.416
  0  0.453
  0  0.511
  0  0.489
  0  0.430
  0  0.490
  1  0.385
  0  0.447
  1  0.397
  0  0.461
  0  0.434
  0  0.610
  0  0.559
  0  0.498
  0  0.519
  0  0.399
  0  0.420
  0  0.498
  0  0.450
  0  0.427
  0  0.461
  0  0.433
  0  0.460
  0  0.419
  0  0.521
  1  0.418
  0  0.466
  0  0.473
  0  0.571
  0  0.460
  0  0.521
  0  0.583
  0  0.418
  0  0.438
  0  0.462
  0  0.498
  0  0.499
  0  0.466
  0  0.547
  0  0.568
  0  0.445
  0  0.471
  0  0.458
  0  0.509
  0  0.492
  0  0.398
  0  0.489
  0  0.514
  0  0.438
  0  0.518
  0  0.396
  0  0.468
  0  0.597
  0  0.427
  0  0.474
  0  0.636
  0  0.481
  0  0.536
  0  0.520
  0  0.576
  0  0.488
  0  0.532
  0  0.594
  0  0.396
  0  0.457
  0  0.445
  0  0.414
  0  0.409
  0  0.438
  1  0.583
  0  0.445
  0  0.414
  0  0.416
  0  0.656
  0  0.470
  0  0.475
  0  0.384
  0  0.506
  0  0.476
  0  0.428
  0  0.427
  0  0.485
  0  0.474
  0  0.679
  0  0.564
  0  0.658
  0  0.422
  0  0.535
  0  0.421
  1  0.440
  0  0.490
  0  0.464
  0  0.557
  0  0.499
  0  0.486
  0  0.516
  0  0.436
  0  0.451
  0  0.616
  0  0.538
  0  0.439
  0  0.467
  0  0.471
  0  0.609
  0  0.513
  0  0.511
  0  0.512
  0  0.470
  0  0.577
  0  0.436
  0  0.491
  0  0.664
  0  0.385
  0  0.432
  0  0.632
  1  0.352
  0  0.723
  0  0.551
  0  0.434
  0  0.565
  0  0.480
  0  0.461
  0  0.574
  0  0.475
  0  0.408
  0  0.478
  0  0.473
  0  0.510
  0  0.448
  0  0.458
  0  0.454
  0  0.524
  0  0.490
  0  0.435
  0  0.499
  0  0.497
  0  0.465
  0  0.539
  0  0.472
  0  0.394
  0  0.462
  0  0.450
  0  0.555
  0  0.526
  0  0.448
  0  0.497
  0  0.412
  1  0.332
  0  0.449
  0  0.540
  0  0.477
  0  0.433
  0  0.501
  0  0.444
  0  0.414
  0  0.398
  0  0.446
  0  0.505
  0  0.456
  0  0.447
  0  0.478
  0  0.482
  0  0.516
  0  0.407
  0  0.450
  0  0.564
  0  0.399
  0  0.457
  1  0.400
  0  0.470
  1  0.408
  0  0.499
  0  0.514
  0  0.486
  0  0.519
  0  0.538
  0  0.489
  0  0.462
  0  0.447
  0  0.618
  0  0.460
  0  0.442
  0  0.522
  1  0.460
  0  0.472
  0  0.466
  0  0.428
  0  0.581
  0  0.471
  0  0.680
  0  0.475
  0  0.490
  0  0.525
  0  0.503
  0  0.503
  1  0.315
  1  0.415
  1  0.395
  0  0.532
  0  0.384
  0  0.574
  0  0.499
  0  0.489
  1  0.455
  0  0.489
  0  0.505
  0  0.410
  0  0.486
  0  0.441
  0  0.456
  0  0.438
  0  0.523
  0  0.449
  0  0.569
  0  0.471
  0  0.542
  0  0.421
  0  0.368
  1  0.440
  0  0.495
  0  0.470
  0  0.485
  1  0.352
  0  0.479
  0  0.478
  0  0.493
  0  0.435
  0  0.517
  0  0.534
  0  0.451
  0  0.430
  0  0.548
  0  0.561
  0  0.430
  0  0.574
  0  0.456
  0  0.570
  0  0.422
  0  0.501
  0  0.488
  0  0.391
  0  0.403
  0  0.441
  0  0.438
  0  0.384
  0  0.525
  0  0.561
  0  0.458
  0  0.474
  1  0.434
  0  0.478
  0  0.487
  0  0.490
  1  0.339
  0  0.425
  0  0.498
  0  0.529
  0  0.554
  1  0.533
  0  0.394
  0  0.402
  1  0.416
  0  0.466
  0  0.480
  0  0.629
  0  0.458
  0  0.583
  0  0.398
