  0  0.596
  0  0.501
  0  0.323
  0  0.516
  0  0.458
  0  0.494
  0  0.408
  0  0.291
  0  0.362
  0  0.380
  0  0.456
  0  0.394
  0  0.496
  0  0.510
  0  0.524
  0  0.275
  0  0.483
  0  0.270
  0  0.583
  0  0.503
  0  0.315
  0  0.395
  0  0.501
  0  0.407
  0  0.400
  0  0.521
  0  0.269
  0  0.492
  0  0.700
  0  0.499
  0  0.471
  0  0.446
  0  0.558
  0  0.352
  0  0.530
  0  0.523
  0  0.399
  0  0.373
  0  0.350
  0  0.618
  0  0.419
  0  0.583
  0  0.354
  0  0.413
  0  0.622
  0  0.278
  0  0.421
  0  0.412
  0  0.463
  0  0.248
  0  0.573
  0  0.265
  0  0.491
  0  0.573
  0  0.403
  0  0.481
  0  0.368
  0  0.450
  0  0.260
  0  0.348
  0  0.252
  0  0.521
  0  0.333
  0  0.452
  0  0.328
  0  0.395
  0  0.249
  0  0.617
  0  0.392
  0  0.372
  0  0.499
  0  0.470
  0  0.539
  0  0.835
  0  0.338
  0  0.474
  0  0.640
  0  0.432
  0  0.348
  0  0.506
  0  0.391
  0  0.335
  0  0.454
  0  0.351
  0  0.407
  0  0.485
  0  0.569
  0  0.338
  0  0.281
  0  0.648
  0  0.403
  0  0.530
  0  0.367
  0  0.390
  0  0.464
  0  0.416
  0  0.357
  0  0.561
  0  0.263
  0  0.386
  0  0.492
  0  0.392
  0  0.710
  0  0.276
  0  0.278
  0  0.518
  0  0.423
  0  0.312
  0  0.312
  0  0.339
  0  0.538
  0  0.311
  0  0.342
  0  0.607
  0  0.552
  0  0.415
  0  0.521
  0  0.226
  0  0.537
  0  1.243
  0  0.295
  0  0.298
  0  0.373
  0  0.395
  0  0.377
  0  0.532
  0  0.361
  0  0.297
  0  0.335
  0  0.631
  0  0.484
  0  0.261
  0  0.403
  0  0.469
  0  0.659
  0  0.326
  0  0.641
  0  0.488
  0  0.634
  0  0.362
  0  0.302
  0  0.560
  0  0.581
  0  0.383
  0  0.392
  0  0.480
  0  0.398
  0  0.393
  0  0.443
  0  0.443
  0  0.319
  0  0.513
  0  0.357
  0  0.673
  0  0.314
  0  0.515
  0  0.453
  0  0.484
  0  0.263
  0  0.333
  0  0.350
  0  0.426
  0  0.346
  0  0.627
  0  0.339
  0  0.542
  0  0.680
  0  0.476
  0  0.416
  0  0.484
  0  0.450
  0  0.357
  0  0.560
  1  0.702
  0  0.464
  0  0.403
  0  0.255
  0  0.289
  0  0.384
  0  0.379
  0  0.415
  0  0.358
  0  0.327
  0  0.301
  0  0.306
  0  0.610
  0  0.321
  0  0.581
  0  0.233
  0  0.472
  0  0.580
  0  0.266
  0  0.350
  0  0.472
  0  0.351
  0  0.282
  0  0.694
  0  0.293
  0  0.319
  0  0.594
  0  0.529
  0  0.404
  0  0.466
  0  0.272
  0  0.636
  0  0.236
  0  0.401
  0  0.544
  0  0.493
  0  0.343
  0  0.371
  0  0.289
  0  0.416
  0  0.440
  0  0.469
  0  0.307
  0  0.337
  0  0.654
  0  0.500
  0  0.271
  0  0.400
  0  0.414
  0  0.448
  0  0.546
  0  0.301
  0  0.351
  0  0.410
  0  0.467
  0  0.467
  0  0.482
  0  0.320
  0  0.445
  0  0.257
  0  0.428
  0  0.292
  0  0.259
  0  0.649
  0  0.281
  0  0.386
  0  0.354
  0  0.473
  0  0.408
  0  0.502
  0  0.265
  0  0.474
  0  0.667
  0  0.396
  0  0.356
  0  0.484
  0  0.352
  0  0.428
  0  0.429
  0  0.362
  0  0.428
  0  0.463
  0  0.590
  0  0.597
  0  0.474
  0  0.442
  0  0.313
  0  0.376
  0  0.394
  0  0.232
  0  0.365
  0  0.356
  0  0.477
  0  0.349
  0  0.353
  0  0.413
  0  0.398
  0  0.479
  0  0.423
  0  0.460
  0  0.264
  0  0.405
  0  0.618
  0  0.363
  0  0.713
  0  0.453
  0  0.308
  0  0.322
  0  0.261
  0  0.486
  0  0.422
  0  0.458
  0  0.368
  0  0.576
  0  0.538
  0  0.395
  0  0.315
  0  0.427
  0  0.333
  0  0.347
  0  0.420
  0  0.332
  0  0.463
  0  0.299
  0  0.367
  0  0.564
  0  0.504
  0  0.472
  0  0.394
  0  0.691
  0  0.269
  0  0.549
  0  0.412
  0  0.716
  0  0.498
  0  0.400
  0  0.376
  0  0.530
  0  0.583
  0  0.287
  0  0.529
  0  0.392
  0  0.351
  0  0.573
  0  0.470
  0  0.410
  0  0.459
  0  0.759
  0  0.486
  0  0.415
  0  0.341
  0  0.559
  0  0.347
  0  0.485
  0  0.640
  0  0.318
  0  0.601
  0  0.498
  0  0.581
  0  0.353
  0  0.393
  0  0.460
  0  0.460
  0  0.477
  0  0.397
  0  0.463
  0  0.526
  0  0.473
  0  0.512
  0  0.355
  0  0.522
  0  0.263
  0  0.518
  0  0.260
  0  0.601
  0  0.521
  0  0.483
  0  0.467
  0  0.344
  0  0.476
  0  0.380
  0  0.790
  0  0.342
  0  0.424
  0  0.553
  0  0.364
  0  0.560
  0  0.612
  0  0.420
  0  0.339
  0  0.233
  0  0.437
  0  0.225
  0  0.440
  0  0.380
  0  0.298
  0  0.355
  0  0.532
  0  0.422
  0  0.640
  0  0.313
  0  0.326
  0  0.454
  0  0.605
  0  0.319
  0  0.441
  0  0.454
  0  0.351
  0  0.364
  0  0.483
  0  0.641
  0  0.363
  0  0.466
  0  0.454
  0  0.323
  0  0.553
  0  0.409
  0  0.463
  0  0.510
  0  0.367
  0  0.271
  0  0.495
  0  0.493
  0  0.447
  0  0.520
  0  0.697
  0  0.726
  0  0.400
  0  0.376
  0  0.323
  0  0.326
  0  0.471
  0  0.324
  0  0.506
  0  0.314
  0  0.440
  0  0.418
  0  0.670
  0  0.426
  0  0.517
  0  0.474
  0  0.401
  0  0.460
  0  0.489
  0  0.511
  0  0.556
  0  0.231
  0  0.482
  0  0.516
  0  0.246
  0  0.259
  0  0.389
  0  0.410
  0  0.398
  0  0.374
  0  0.641
  0  0.487
  0  0.394
  0  0.486
  0  0.309
  0  0.625
  0  0.361
  0  0.770
  0  0.599
  0  0.516
  0  0.356
  0  0.454
  0  0.477
  0  0.479
  0  0.473
  0  0.604
  0  0.444
  0  0.488
  0  0.406
  0  0.455
  0  0.353
  0  0.359
  0  0.531
  0  0.478
  0  0.443
  0  0.296
  0  0.399
  0  0.418
  0  0.503
  0  0.445
  0  0.301
  0  0.442
  0  0.634
  0  0.315
  0  0.484
  0  0.560
  0  0.542
  0  0.374
  0  0.467
  0  0.571
  0  0.478
  0  0.342
  0  0.528
  0  0.382
  0  0.353
  0  0.288
  0  0.512
  0  0.352
  0  0.321
  0  0.584
  0  0.528
  0  0.350
  0  0.611
  0  0.404
  0  0.581
  0  0.566
  0  0.514
  0  0.417
  0  0.342
  0  0.402
  0  0.469
  0  0.367
  0  0.420
  0  0.518
  0  0.565
  0  0.437
  0  0.281
  0  0.615
  0  0.287
  0  0.475
  0  0.439
  0  0.454
