  1  0.767
  1  0.792
  1  1.032
  1  0.886
  1  0.786
  1  0.674
  1  0.755
  1  0.682
  1  0.616
  1  0.738
  1  0.937
  1  0.720
  1  0.771
  1  0.638
  1  0.801
  1  0.773
  1  0.597
  1  0.814
  1  0.694
  1  0.750
  1  0.862
  1  0.596
  1  0.697
  1  0.816
  1  0.646
  1  0.823
  1  0.755
  1  0.940
  1  0.744
  1  0.556
  1  0.784
  1  0.669
  1  0.647
  0  0.684
  1  0.820
  1  0.783
  1  0.770
  0  0.551
  1  0.736
  1  0.772
  1  0.858
  1  0.790
  1  0.742
  1  0.713
  1  0.590
  1  0.759
  1  0.809
  1  0.702
  1  0.743
  1  0.648
  1  0.817
  1  0.680
  1  0.769
  1  0.749
  1  0.730
  1  0.889
  1  0.653
  1  0.820
  1  0.692
  1  0.858
  1  0.656
  1  0.680
  1  0.878
  1  0.630
  1  0.583
  1  0.710
  1  0.795
  1  0.961
  1  0.636
  1  0.697
  1  0.726
  1  0.777
  1  0.649
  1  1.017
  1  0.734
  1  0.579
  1  0.804
  1  0.777
  1  0.857
  1  0.656
  1  0.739
  1  0.761
  1  0.728
  1  0.821
  1  0.900
  1  0.564
  1  0.598
  1  0.587
  1  0.608
  1  0.728
  1  0.833
  1  0.588
  1  1.016
  1  0.664
  1  0.947
  1  0.556
  1  0.656
  1  0.542
  1  0.648
  1  0.794
  1  0.667
  1  0.654
  1  0.805
  1  0.913
  1  1.017
  1  0.827
  1  0.811
  1  0.752
  1  0.599
  1  0.677
  1  0.739
  1  0.840
  1  0.715
  1  0.680
  1  0.688
  1  0.716
  1  0.760
  1  0.754
  1  0.754
  1  0.745
  1  0.643
  1  0.592
  1  0.878
  1  0.835
  1  0.720
  1  0.654
  1  0.696
  1  0.749
  1  0.611
  1  0.659
  1  0.701
  1  0.681
  1  0.624
  1  0.833
  1  0.614
  1  0.797
  1  0.681
  1  0.678
  1  0.844
  1  0.853
  1  0.808
  1  0.645
  1  0.799
  1  0.574
  1  0.883
  1  0.638
  1  0.648
  1  0.733
  1  0.911
  1  0.818
  1  0.740
  1  0.762
  1  0.830
  1  0.663
  1  0.837
  1  0.793
  1  0.680
  1  1.144
  1  0.828
  1  0.873
  1  0.653
  1  0.662
  1  0.841
  1  0.707
  1  0.736
  1  0.691
  1  0.690
  1  0.875
  1  0.751
  1  0.722
  1  0.586
  1  0.690
  1  0.648
  1  0.750
  1  0.694
  1  0.647
  1  0.746
  1  0.645
  1  0.662
  1  0.749
  1  0.781
  1  0.838
  1  0.648
  1  0.614
  1  0.777
  1  0.691
  1  0.582
  1  0.711
  1  0.600
  1  0.614
  0  0.698
  1  0.716
  1  0.713
  1  0.608
  1  0.789
  1  0.755
  1  0.824
  1  0.628
  1  0.786
  1  0.705
  0  0.615
  1  0.715
  1  0.776
  1  0.822
  1  0.534
  1  0.865
  1  0.742
  1  0.836
  1  0.727
  1  0.745
  1  0.865
  1  0.751
  1  0.784
  1  0.748
  1  0.685
  1  0.670
  1  0.813
  1  0.778
  1  0.753
  1  1.037
  1  0.741
  1  0.775
  1  0.807
  1  0.542
  1  0.616
  1  0.621
  1  0.911
  1  0.772
  1  0.577
  1  0.752
  1  0.847
  1  0.812
  1  0.810
  1  0.745
  1  0.650
  1  0.680
  1  0.784
  1  0.679
  1  0.914
  1  0.755
  1  0.923
  1  0.731
  1  0.778
  1  0.564
  1  0.600
  1  0.667
  1  0.641
  1  0.842
  1  0.802
  1  0.668
  1  0.749
  1  0.789
  1  0.730
  1  0.779
  1  0.732
  1  0.803
  1  0.638
  1  0.941
  1  0.720
  1  0.708
  1  0.591
  1  0.732
  1  0.637
  1  0.582
  1  0.805
  1  0.771
  1  0.728
  1  0.667
  1  0.665
  1  0.721
  1  0.611
  1  0.593
  1  0.758
  1  0.712
  1  0.735
  1  0.652
  1  0.676
  1  0.845
  1  0.681
  1  0.646
  1  0.769
  1  0.642
  1  0.848
  1  0.718
  1  0.572
  1  0.789
  1  0.707
  1  0.546
  1  0.694
  1  0.622
  1  0.639
  1  0.587
  1  0.683
  1  0.626
  1  0.574
  1  0.848
  1  0.738
  1  0.758
  1  0.813
  1  0.823
  1  0.770
  1  1.131
  1  0.759
  1  0.814
  1  0.810
  1  0.527
  1  0.714
  1  0.704
  1  0.871
  1  0.656
  1  0.703
  1  0.788
  1  0.790
  1  0.687
  1  0.707
  0  0.511
  1  0.596
  1  0.525
  1  0.797
  1  0.623
  1  0.800
  1  0.965
  1  0.679
  1  0.725
  1  0.602
  1  0.665
  1  0.686
  1  0.643
  1  0.773
  1  0.748
  1  0.559
  1  0.620
  1  0.769
  1  0.720
  1  0.712
  1  0.564
  1  0.648
  1  0.650
  1  0.649
  1  0.713
  1  0.587
  1  0.773
  1  0.678
  1  0.514
  1  0.870
  1  0.781
  1  0.548
  1  0.899
  0  0.623
  1  0.608
  1  0.778
  1  0.596
  1  0.696
  1  0.729
  1  0.589
  1  0.704
  1  0.824
  1  0.699
  1  0.709
  1  0.651
  1  0.753
  1  0.735
  1  0.743
  1  0.635
  1  0.679
  1  0.776
  1  0.666
  1  0.668
  1  0.723
  1  0.619
  1  0.710
  1  0.852
  1  0.727
  1  0.750
  1  0.604
  1  0.632
  1  0.753
  1  0.669
  1  0.818
  1  0.894
  1  0.751
  1  0.617
  1  0.701
  1  0.778
  1  0.663
  1  0.760
  1  0.813
  1  0.845
  1  0.756
  1  0.657
  1  0.739
  1  0.755
  1  0.700
  1  0.692
  1  0.644
  1  0.826
  1  0.750
  1  0.596
  1  0.843
  1  0.737
  1  0.926
  1  0.713
  1  0.932
  1  0.665
  1  0.646
  1  0.685
  1  0.640
  1  0.619
  1  0.681
  1  0.729
  1  0.755
  1  0.558
  1  0.733
  1  0.763
  1  0.636
  1  0.987
  1  0.709
  1  0.722
  1  0.788
  1  0.583
  1  0.712
  0  0.514
  1  0.704
  1  0.680
  1  0.633
  1  0.661
  1  0.660
  1  0.892
  1  0.939
  1  0.921
  1  0.625
  1  0.870
  1  0.588
  1  0.665
  1  0.682
  1  0.982
  1  0.680
  1  0.657
  1  0.821
  1  0.685
  1  0.764
  1  0.740
  1  0.769
  1  0.635
  1  0.751
  1  0.592
  1  0.712
  1  0.616
  1  0.799
  1  0.889
  1  0.965
  1  0.671
  1  0.713
  1  0.687
  1  0.899
  1  0.697
  1  0.699
  1  0.675
  1  0.775
  1  0.643
  1  0.624
  1  0.748
  1  0.784
  1  0.611
  1  0.599
  1  0.784
  1  0.589
  1  0.740
  1  0.592
  1  0.798
  1  0.663
  1  0.683
  1  0.857
  1  0.834
  1  0.766
  1  0.770
  1  0.870
  1  0.633
  1  0.599
  1  0.735
  1  0.706
  1  0.958
  1  0.700
  1  0.685
  1  0.680
  1  0.895
  1  0.792
  1  0.668
  1  0.629
  1  0.605
  1  1.072
  1  0.852
  1  0.836
  1  0.939
  1  0.720
  1  0.696
  1  0.550
  1  0.735
  1  0.582
  1  0.844
