  1  1.161
  1  1.250
  1  1.038
  0  1.318
  0  1.510
  0  1.020
  1  1.111
  0  1.068
  1  1.267
  0  1.016
  0  1.305
  1  1.159
  1  1.031
  0  1.011
  0  1.339
  0  1.036
  0  1.010
  1  1.222
  1  1.247
  1  0.946
  1  1.156
  0  1.204
  0  1.167
  0  1.067
  1  1.255
  1  1.485
  0  1.182
  0  1.158
  0  1.186
  1  1.271
  1  1.868
  0  1.257
  0  0.975
  0  1.151
  0  1.534
  1  1.317
  0  1.056
  1  1.176
  1  1.150
  0  1.271
  0  1.013
  1  1.077
  0  1.075
  0  1.143
  1  1.047
  1  1.153
  1  1.112
  1  1.099
  1  1.258
  1  1.035
  1  1.223
  1  1.093
  0  0.964
  0  1.082
  0  1.137
  0  1.244
  1  1.274
  1  1.022
  1  1.335
  0  1.530
  0  1.283
  0  1.083
  0  1.163
  0  1.646
  0  0.955
  0  1.199
  0  1.207
  1  1.165
  0  1.115
  1  1.202
  1  1.217
  0  1.136
  1  1.068
  1  1.069
  1  1.188
  0  1.103
  1  1.112
  1  1.067
  1  1.213
  0  1.035
  1  1.086
  0  1.137
  0  1.475
  1  1.309
  0  1.114
  0  1.090
  0  1.116
  0  1.304
  0  1.047
  1  1.141
  1  1.166
  0  1.005
  0  1.046
  1  1.151
  1  1.098
  0  1.002
  0  1.004
  0  0.992
  0  0.993
  1  1.124
  1  1.217
  1  1.109
  1  1.775
  1  1.216
  0  1.100
  0  1.185
  0  1.030
  0  1.225
  1  1.216
  0  1.090
  1  1.255
  1  1.241
  0  1.101
  1  1.288
  0  1.090
  1  1.168
  1  1.541
  1  1.239
  0  1.192
  1  1.017
  0  1.112
  0  1.065
  1  1.016
  1  1.349
  0  0.994
  0  1.089
  1  1.128
  1  1.096
  0  1.038
  0  1.035
  1  1.310
  0  1.143
  0  1.073
  1  1.267
  1  1.000
  1  1.322
  1  1.241
  0  0.921
  0  1.036
  1  1.170
  1  1.204
  0  1.131
  1  1.177
  1  1.142
  1  1.132
  1  1.129
  1  1.139
  1  1.325
  1  1.301
  0  1.008
  1  1.385
  1  1.314
  1  1.072
  1  1.222
  0  1.041
  1  1.116
  0  1.438
  1  1.112
  1  1.294
  0  1.049
  1  0.945
  0  1.288
  1  1.053
  0  0.933
  0  1.302
  0  1.048
  0  1.007
  0  1.244
  1  1.108
  0  1.175
  1  1.147
  1  1.117
  0  1.307
  0  1.683
  1  0.987
  0  1.203
  0  1.093
  1  1.263
  0  1.082
  1  1.243
  1  1.111
  1  1.152
  0  1.090
  1  1.329
  0  1.050
  0  1.033
  0  0.998
  0  1.015
  0  1.015
  1  1.241
  1  1.198
  0  0.975
  1  1.271
  1  1.071
  0  1.162
  0  1.131
  1  1.198
  1  1.143
  0  0.979
  1  1.098
  1  2.036
  1  1.350
  1  1.079
  1  1.752
  1  1.294
  1  1.306
  1  1.370
  0  1.276
  1  1.047
  0  1.078
  0  1.252
  0  1.238
  0  1.161
  0  0.934
  0  1.094
  1  1.070
  1  1.327
  1  1.137
  0  0.917
  1  1.048
  1  1.301
  1  1.149
  0  1.165
  0  1.120
  1  1.711
  1  1.382
  1  1.008
  1  1.197
  0  1.146
  0  1.106
  1  1.334
  0  1.055
  1  1.135
  0  1.048
  1  2.368
  1  1.374
  1  1.211
  1  1.112
  0  1.150
  0  1.207
  0  0.955
  1  1.177
  1  1.257
  0  1.113
  1  1.019
  0  1.143
  1  1.351
  0  1.341
  1  1.005
  0  1.101
  1  1.115
  0  1.027
  0  0.977
  0  1.279
  1  1.166
  1  1.132
  0  1.203
  1  1.186
  1  1.181
  0  1.478
  0  1.040
  1  1.029
  1  1.132
  1  1.284
  1  1.045
  0  1.311
  0  1.001
  1  1.084
  1  1.110
  1  1.139
  1  1.053
  0  1.106
  0  1.124
  1  0.972
  1  1.059
  0  1.531
  1  1.196
  0  1.227
  1  1.071
  1  1.016
  0  1.301
  1  1.541
  0  1.233
  0  1.073
  0  1.137
  0  1.204
  1  1.171
  0  1.064
  1  1.300
  1  1.182
  1  1.058
  0  0.978
  1  1.014
  0  1.182
  0  1.211
  0  1.067
  0  1.175
  0  1.168
  1  0.973
  1  1.081
  0  0.984
  1  1.117
  1  0.986
  0  1.099
  1  1.077
  0  1.120
  0  1.135
  1  1.169
  1  1.288
  0  0.918
  1  1.160
  1  1.086
  1  1.175
  0  0.963
  0  1.058
  1  1.237
  0  0.894
  1  1.054
  0  1.011
  1  1.100
  1  1.106
  0  1.299
  0  0.890
  0  1.120
  0  1.017
  1  1.356
  1  1.116
  0  1.134
  0  1.272
  1  1.061
  1  1.380
  0  1.110
  1  1.360
  0  1.298
  1  1.277
  1  1.028
  0  1.073
  1  1.144
  0  0.983
  1  1.331
  1  1.131
  1  1.184
  1  1.077
  0  0.902
  1  1.118
  0  1.280
  0  1.087
  0  1.065
  0  0.980
  0  1.144
  1  1.072
  0  1.020
  0  1.050
  1  1.101
  0  1.215
  0  1.993
  1  1.312
  1  1.269
  1  1.181
  1  1.051
  0  1.451
  0  1.025
  1  1.072
  0  1.033
  1  1.042
  0  1.346
  0  0.982
  0  1.021
  1  1.333
  0  0.916
  0  0.923
  1  1.179
  0  1.338
  1  1.352
  1  1.274
  0  1.123
  1  1.122
  1  1.227
  0  0.937
  1  0.969
  0  1.204
  0  1.031
  1  1.214
  0  1.150
  1  1.289
  0  1.121
  1  1.341
  1  1.263
  1  0.995
  1  1.112
  0  0.961
  1  1.084
  0  0.944
  1  1.311
  0  0.952
  0  1.103
  1  1.108
  1  1.205
  1  1.274
  1  1.212
  1  1.739
  1  1.231
  1  1.050
  1  1.167
  1  1.197
  0  1.106
  1  1.343
  0  1.030
  1  1.063
  1  0.999
  1  1.029
  0  1.205
  1  1.187
  1  1.212
  1  1.107
  1  1.133
  0  0.941
  1  1.143
  1  1.229
  0  1.261
  1  1.213
  0  1.189
  0  0.944
  1  1.058
  1  1.268
  1  1.165
  1  1.360
  1  1.168
  1  1.114
  1  1.134
  1  1.242
  0  0.938
  0  1.163
  0  1.141
  0  1.069
  1  1.370
  0  1.227
  0  0.963
  0  1.140
  0  1.197
  0  1.036
  0  1.262
  1  1.083
  0  0.992
  0  1.035
  0  1.043
  1  1.150
  0  1.377
  0  1.111
  1  1.520
  1  0.996
  0  1.198
  0  1.127
  0  1.011
  1  1.028
  1  1.028
  1  1.239
  0  1.174
  1  1.096
  1  1.571
  0  1.070
  0  1.234
  0  1.263
  0  0.963
  1  1.212
  1  1.228
  1  1.046
  0  1.156
  1  1.275
  1  1.216
  1  1.133
  1  1.067
  1  1.232
  1  1.125
  1  1.126
  1  1.162
  0  1.176
  1  1.016
  1  1.130
  1  1.257
  1  1.050
  1  1.098
  1  1.139
  1  0.983
  0  1.063
  0  1.113
  0  1.055
  1  1.070
  1  1.266
  0  1.060
  1  1.051
  1  1.199
  1  1.097
  0  1.244
  1  1.118
  0  1.095
  0  0.914
  1  1.032
  0  1.005
  1  1.108
