  0  0.539
  0  0.553
  0  0.787
  0  0.402
  0  0.835
  1  0.704
  0  0.701
  0  0.759
  0  0.565
  0  0.459
  0  0.411
  0  0.469
  0  0.948
  0  0.646
  0  0.372
  0  0.447
  1  0.508
  0  0.552
  0  0.845
  1  0.511
  0  0.601
  0  0.641
  0  0.543
  0  0.402
  0  0.793
  0  0.701
  0  1.228
  1  0.388
  0  0.423
  1  0.486
  1  0.488
  0  0.562
  0  0.498
  0  0.655
  1  0.575
  0  0.465
  0  0.548
  0  0.963
  0  0.587
  0  0.669
  0  0.704
  0  0.395
  0  0.403
  0  0.603
  0  0.394
  0  0.465
  0  0.692
  0  0.615
  0  0.645
  0  0.882
  0  0.535
  0  0.739
  0  0.685
  0  0.367
  0  0.391
  0  0.527
  0  0.468
  0  0.795
  1  0.422
  1  0.515
  0  0.398
  0  0.459
  0  0.477
  0  0.676
  0  0.556
  0  0.443
  1  0.528
  1  0.501
  0  0.658
  0  0.509
  1  0.458
  1  0.586
  0  0.630
  0  0.635
  0  0.555
  0  0.491
  1  0.435
  0  0.510
  0  0.508
  0  0.403
  0  0.578
  0  0.489
  0  0.873
  1  0.661
  0  0.435
  1  1.014
  0  0.434
  0  0.512
  1  0.426
  0  0.572
  0  1.015
  1  0.539
  1  1.007
  0  1.086
  1  0.599
  0  0.721
  0  0.414
  0  1.297
  1  0.627
  0  0.648
  0  0.403
  0  0.558
  0  0.544
  0  0.698
  0  0.815
  0  0.443
  1  0.608
  1  0.512
  0  0.453
  1  0.603
  0  0.551
  0  0.941
  1  0.675
  0  0.479
  0  0.520
  1  0.633
  0  0.629
  0  0.680
  1  0.840
  1  0.693
  1  0.577
  1  0.490
  1  0.418
  0  0.881
  1  0.546
  1  0.450
  0  0.517
  0  0.552
  0  0.706
  0  0.438
  0  0.592
  0  1.060
  0  0.521
  0  0.482
  0  0.340
  1  0.701
  0  0.444
  0  0.625
  0  0.759
  0  0.463
  0  0.531
  0  0.599
  1  0.597
  0  0.336
  0  0.503
  1  0.473
  0  0.531
  1  0.658
  0  0.783
  0  0.545
  0  0.843
  0  0.329
  0  0.641
  0  0.744
  0  0.603
  0  0.590
  1  1.237
  1  0.554
  0  0.597
  0  0.604
  0  0.806
  0  0.617
  0  0.853
  0  0.667
  0  0.556
  1  0.619
  0  0.797
  0  0.687
  0  0.509
  0  0.599
  0  0.714
  0  0.362
  0  0.537
  0  0.477
  0  0.610
  1  0.579
  0  0.586
  0  0.500
  0  0.507
  0  0.451
  0  0.426
  0  0.758
  0  0.554
  1  0.546
  0  0.586
  1  0.623
  0  0.343
  0  0.354
  0  0.635
  0  0.410
  1  0.545
  0  0.579
  0  0.601
  1  0.829
  0  0.405
  0  0.611
  0  0.411
  0  0.608
  0  0.941
  0  0.549
  0  0.494
  0  0.858
  0  0.657
  0  0.653
  0  0.448
  0  0.469
  0  0.491
  0  0.763
  1  0.551
  0  0.993
  1  0.525
  0  0.666
  0  0.589
  0  0.408
  0  0.764
  1  0.472
  1  0.832
  0  0.560
  1  0.715
  0  0.434
  0  0.563
  1  0.522
  0  0.518
  0  0.626
  0  0.340
  0  0.417
  0  0.412
  0  0.489
  0  0.463
  1  0.720
  1  0.410
  0  0.614
  0  0.578
  0  0.489
  0  0.767
  0  0.328
  0  0.940
  0  0.923
  0  0.813
  0  0.404
  0  0.406
  0  0.585
  1  0.417
  0  0.559
  0  0.652
  0  0.566
  0  0.475
  0  0.536
  0  0.401
  0  0.702
  0  0.761
  0  0.679
  1  0.489
  0  0.454
  1  0.538
  0  0.593
  0  0.576
  1  0.416
  1  0.491
  0  1.259
  1  0.493
  0  0.698
  0  0.770
  0  0.725
  0  0.485
  0  0.616
  1  0.582
  1  0.523
  0  0.534
  0  0.533
  0  0.358
  1  0.492
  1  0.623
  0  0.810
  0  0.374
  0  0.525
  1  0.645
  1  1.083
  0  0.793
  1  1.018
  1  0.372
  0  0.551
  1  0.625
  0  0.511
  1  0.466
  0  0.457
  0  0.488
  0  0.500
  0  0.651
  0  0.588
  0  0.619
  0  0.501
  0  0.517
  0  0.618
  0  0.570
  1  0.539
  0  0.695
  0  0.507
  1  0.626
  0  0.736
  0  0.581
  0  0.517
  1  0.503
  0  0.924
  0  0.533
  0  0.614
  0  0.577
  0  0.454
  1  0.555
  0  0.489
  0  0.651
  0  0.436
  0  0.345
  1  0.492
  0  0.519
  0  0.524
  0  0.595
  1  0.530
  0  0.431
  0  0.515
  1  0.422
  0  0.746
  0  0.779
  0  0.611
  0  0.637
  0  0.496
  0  0.429
  1  0.730
  0  0.782
  0  0.708
  1  0.383
  1  0.459
  0  0.412
  0  0.700
  0  0.522
  0  0.347
  1  0.494
  0  0.434
  0  0.833
  1  0.581
  1  0.582
  0  0.617
  0  0.549
  0  0.337
  0  0.443
  0  0.474
  1  0.483
  0  0.305
  0  0.588
  0  0.564
  0  0.429
  0  0.522
  0  0.593
  1  0.654
  1  0.693
  0  0.711
  1  0.649
  0  1.116
  1  0.393
  0  0.433
  0  0.581
  0  0.600
  0  0.527
  0  0.982
  0  0.676
  0  0.593
  0  0.643
  1  0.605
  1  0.418
  0  0.557
  0  0.496
  0  0.605
  0  0.524
  0  0.822
  0  0.620
  0  0.512
  0  0.505
  0  0.502
  0  1.019
  0  0.495
  0  0.653
  0  0.517
  0  0.507
  1  0.394
  0  0.461
  1  0.414
  0  0.441
  0  0.574
  0  0.380
  0  0.609
  0  0.374
  0  0.580
  1  0.605
  1  0.673
  0  0.432
  0  0.624
  0  0.724
  0  0.500
  0  0.457
  1  0.491
  1  0.451
  0  0.555
  0  0.667
  0  0.438
  0  1.125
  0  0.458
  1  0.966
  0  0.476
  1  0.662
  0  0.454
  0  0.809
  0  0.491
  0  0.406
  0  0.538
  1  0.551
  0  0.601
  0  0.532
  0  0.524
  0  0.416
  1  0.580
  0  0.572
  1  0.552
  0  0.556
  0  0.534
  1  0.525
  0  0.658
  0  0.585
  0  0.476
  0  0.379
  0  0.974
  0  0.529
  1  0.804
  0  0.493
  0  0.613
  0  0.680
  0  0.623
  0  0.303
  1  0.834
  0  0.392
  1  0.592
  0  0.447
  0  0.568
  0  0.718
  0  0.578
  0  0.356
  0  0.477
  1  0.362
  0  0.750
  0  0.596
  0  0.458
  0  0.677
  0  0.655
  0  0.452
  0  0.454
  0  0.693
  0  1.301
  0  0.602
  0  0.759
  1  0.608
  0  0.752
  0  0.535
  0  0.699
  0  0.320
  0  0.895
  0  0.441
  0  0.555
  1  0.421
  0  0.556
  1  0.520
  0  0.859
  0  0.567
  0  0.688
  0  0.510
  0  0.421
  0  0.504
  0  0.503
  0  1.377
  0  0.750
  0  0.386
  0  0.588
  0  0.714
  0  0.976
  1  0.370
  0  0.493
  1  0.412
  0  0.589
  0  1.012
  0  0.676
  1  0.614
  1  0.454
  0  0.535
  0  0.581
  1  0.624
  0  0.463
  1  0.600
  0  0.700
  0  0.408
  0  0.454
  1  0.970
  1  0.452
