  0  1.285
  0  1.244
  0  1.145
  0  1.086
  0  1.067
  0  1.136
  0  1.172
  0  1.329
  0  1.228
  0  1.348
  0  1.249
  0  1.363
  0  1.081
  0  1.229
  0  1.134
  0  1.134
  0  1.359
  0  1.037
  0  1.182
  0  1.301
  0  1.189
  0  1.402
  0  1.036
  0  1.320
  0  1.138
  0  1.170
  0  1.433
  0  1.235
  0  1.213
  0  0.998
  0  1.003
  0  1.128
  0  1.166
  0  1.034
  0  1.472
  0  1.320
  0  1.135
  0  1.071
  0  1.137
  0  1.224
  0  1.211
  0  1.156
  0  1.138
  0  1.607
  0  1.097
  0  1.227
  0  1.238
  0  1.038
  0  1.190
  0  1.238
  0  1.098
  0  1.213
  0  1.184
  0  1.212
  0  1.160
  0  1.276
  0  1.074
  0  1.098
  0  1.267
  0  1.218
  0  1.283
  0  0.956
  0  1.292
  0  1.122
  0  1.064
  0  1.105
  0  1.070
  0  1.333
  0  1.363
  0  1.133
  0  1.267
  0  1.145
  0  1.133
  0  1.089
  0  1.192
  0  0.990
  0  1.022
  0  1.202
  0  1.435
  0  1.143
  0  1.181
  0  1.192
  0  1.057
  0  0.990
  0  1.168
  0  1.224
  0  0.951
  0  1.153
  0  1.349
  0  1.149
  0  1.025
  0  1.180
  0  1.201
  0  1.097
  0  1.174
  0  1.047
  0  1.239
  0  1.047
  0  1.086
  0  1.178
  0  1.473
  0  1.046
  0  1.120
  0  1.304
  0  1.228
  0  1.038
  0  1.085
  0  1.350
  0  1.198
  0  1.570
  0  1.415
  0  1.066
  0  1.001
  0  1.323
  0  1.445
  0  1.405
  0  1.356
  0  1.187
  0  1.497
  0  1.355
  0  1.733
  0  0.961
  0  1.065
  0  0.992
  0  1.074
  0  1.309
  0  1.297
  0  1.338
  0  1.280
  0  1.374
  0  1.275
  0  1.257
  0  1.428
  0  1.103
  0  1.155
  0  1.113
  0  1.023
  0  1.126
  0  1.288
  0  1.395
  0  1.528
  0  1.714
  0  1.196
  0  1.173
  0  1.121
  0  1.078
  0  1.234
  0  1.175
  0  1.410
  0  0.993
  0  1.126
  0  1.201
  0  1.145
  0  1.214
  0  1.131
  0  1.156
  0  1.270
  0  1.292
  0  1.243
  0  1.247
  0  1.478
  0  1.243
  0  1.162
  0  1.647
  0  1.133
  0  1.220
  0  1.365
  0  1.086
  0  0.948
  0  1.129
  0  1.168
  0  1.062
  0  1.105
  0  1.031
  0  1.191
  0  1.299
  0  1.209
  0  1.819
  0  1.013
  0  1.236
  0  1.180
  0  1.214
  0  1.257
  0  1.324
  0  1.280
  0  1.194
  0  1.526
  0  1.243
  0  1.038
  0  1.048
  0  2.036
  0  1.315
  0  1.189
  0  1.287
  0  1.125
  0  1.213
  0  1.208
  0  1.022
  0  0.971
  0  1.076
  0  1.056
  0  1.392
  0  1.403
  0  1.562
  0  1.297
  0  1.149
  0  1.021
  0  1.161
  0  1.007
  0  1.437
  0  1.294
  0  1.274
  0  1.174
  0  1.297
  0  1.356
  0  1.241
  0  1.004
  0  1.163
  0  1.465
  0  1.234
  0  1.301
  0  1.418
  0  1.769
  0  1.041
  0  1.254
  0  1.754
  0  1.122
  0  1.561
  0  1.224
  0  1.296
  0  1.186
  0  1.160
  0  1.220
  0  1.158
  0  1.278
  0  1.165
  0  1.362
  0  1.055
  0  1.084
  0  1.175
  0  1.013
  0  1.236
  0  1.153
  0  1.477
  0  1.161
  0  1.213
  0  1.274
  0  1.285
  0  1.032
  0  1.061
  0  1.292
  0  1.088
  0  1.310
  0  1.152
  0  1.021
  0  1.055
  0  1.124
  0  1.181
  0  1.201
  0  1.134
  0  1.204
  0  1.174
  0  1.397
  0  1.213
  0  1.213
  0  1.332
  0  1.170
  0  1.185
  0  1.428
  0  1.047
  0  1.104
  0  1.191
  0  1.177
  0  1.302
  0  1.097
  0  1.097
  0  1.181
  0  1.303
  0  1.523
  0  1.213
  0  1.415
  0  1.231
  0  1.397
  0  1.121
  0  1.101
  0  1.124
  0  1.019
  0  1.104
  0  1.147
  0  1.216
  0  1.744
  0  1.231
  0  1.171
  0  1.476
  0  1.168
  0  1.199
  0  1.391
  0  1.116
  0  1.271
  0  1.129
  0  1.019
  0  1.309
  0  1.192
  0  1.409
  0  1.249
  0  1.104
  0  2.121
  0  1.194
  0  1.232
  0  1.235
  0  1.311
  0  1.032
  0  1.178
  0  1.558
  0  1.235
  0  1.099
  0  1.228
  0  1.105
  0  1.035
  0  1.165
  0  1.122
  0  1.153
  0  1.239
  0  1.743
  0  1.178
  0  2.937
  0  1.092
  0  1.211
  1  1.217
  0  1.069
  0  1.120
  0  1.185
  0  1.388
  0  1.148
  0  1.092
  0  1.109
  0  1.064
  0  1.366
  0  1.110
  0  1.189
  0  1.202
  0  1.221
  0  1.178
  0  1.154
  0  1.051
  0  1.259
  0  1.221
  0  1.120
  0  1.057
  0  1.038
  0  1.251
  0  1.044
  0  1.030
  0  1.054
  0  1.043
  0  1.060
  0  1.162
  0  1.352
  0  1.206
  0  1.147
  0  1.069
  0  1.138
  0  1.370
  0  1.112
  0  1.177
  0  1.081
  0  1.572
  0  0.994
  0  1.213
  0  1.039
  0  1.020
  0  1.238
  0  1.024
  0  1.256
  0  1.342
  0  1.208
  0  1.041
  0  1.055
  0  1.185
  0  1.393
  0  1.195
  0  1.049
  0  1.154
  0  1.159
  0  1.215
  0  1.050
  0  1.185
  0  1.271
  0  1.122
  0  1.112
  0  1.203
  0  1.067
  0  1.237
  0  1.089
  0  1.018
  0  1.132
  0  1.359
  0  1.407
  0  0.986
  0  1.125
  0  1.154
  0  1.089
  0  1.227
  0  1.341
  0  1.350
  0  1.228
  0  1.398
  0  1.024
  0  1.256
  0  1.125
  0  1.357
  0  1.359
  0  1.743
  0  0.980
  0  1.317
  0  1.105
  0  1.265
  0  1.317
  0  1.181
  0  1.315
  0  1.191
  0  1.306
  0  1.402
  0  1.129
  0  1.330
  0  1.344
  0  1.096
  0  1.140
  0  1.181
  0  1.120
  0  1.026
  0  1.344
  0  1.077
  0  1.210
  0  1.027
  0  1.114
  0  1.258
  0  1.336
  0  1.563
  0  1.127
  0  1.114
  0  1.132
  0  1.215
  0  1.200
  0  1.452
  0  1.239
  0  1.338
  0  1.125
  0  1.114
  0  1.188
  0  0.979
  0  1.247
  0  1.241
  0  1.235
  0  1.178
  0  1.339
  0  1.214
  0  1.324
  0  1.140
  0  1.025
  0  1.090
  0  1.210
  0  1.031
  0  1.365
  0  1.154
  0  1.173
  0  1.226
  0  1.288
  0  1.241
  0  1.200
  0  1.174
  0  1.208
  0  1.300
  0  1.202
  0  1.010
  0  1.183
  0  0.974
  0  1.082
  0  1.065
  0  1.111
  0  1.115
  0  1.083
  0  1.567
  0  1.164
  0  0.969
  0  1.137
  0  1.107
  0  1.145
  0  1.205
  0  1.092
  0  1.194
  0  1.324
  0  1.249
  0  1.309
  0  1.103
  0  0.974
  0  1.324
  0  1.667
  0  1.399
  0  1.226
