  1  0.397
  1  0.426
  1  0.454
  1  0.404
  1  0.489
  1  0.464
  1  0.458
  1  0.438
  1  0.463
  1  0.443
  1  0.407
  0  0.431
  1  0.600
  0  0.536
  1  0.493
  1  0.479
  1  0.453
  0  0.355
  1  1.153
  1  0.395
  1  0.485
  1  0.528
  0  0.426
  1  0.409
  1  0.406
  1  0.587
  1  0.464
  1  0.467
  1  0.453
  1  0.557
  1  0.631
  1  0.483
  1  0.430
  1  0.477
  0  0.383
  1  0.522
  1  0.523
  1  0.445
  1  0.409
  1  0.461
  1  0.910
  1  0.469
  1  0.438
  1  0.464
  1  0.642
  1  0.427
  0  0.422
  1  0.826
  0  0.366
  1  0.546
  1  0.452
  1  0.462
  1  0.645
  1  0.774
  1  0.520
  1  0.495
  1  0.430
  1  0.578
  1  0.421
  1  0.398
  1  0.693
  1  0.429
  1  0.437
  1  0.447
  0  0.418
  1  0.407
  1  0.466
  1  0.366
  1  0.414
  1  0.755
  1  0.508
  1  0.426
  0  0.404
  0  0.595
  1  0.415
  1  0.418
  1  0.433
  1  0.508
  1  0.450
  1  0.440
  1  0.448
  1  0.394
  1  0.429
  1  0.564
  1  0.433
  1  0.486
  1  0.537
  1  0.417
  1  0.609
  1  0.446
  1  0.467
  1  0.433
  1  0.469
  1  0.402
  1  0.387
  1  0.521
  0  0.493
  1  0.547
  1  0.420
  1  0.419
  1  0.525
  1  0.438
  1  0.469
  1  0.405
  1  0.532
  1  0.443
  1  0.471
  1  0.527
  1  0.444
  1  0.411
  1  0.444
  1  0.399
  1  0.727
  1  0.434
  1  0.433
  1  0.455
  1  0.435
  1  0.409
  1  0.601
  1  0.617
  1  0.468
  1  0.470
  1  0.482
  1  0.427
  1  0.554
  1  0.705
  1  0.608
  1  0.809
  1  0.423
  1  0.739
  1  0.564
  1  0.443
  1  0.589
  1  0.436
  1  0.487
  1  0.447
  1  0.528
  1  0.493
  1  0.449
  1  0.550
  1  0.387
  1  0.381
  1  0.515
  1  0.609
  1  0.456
  1  0.468
  1  0.477
  1  0.438
  1  0.406
  1  0.564
  0  0.338
  1  0.476
  1  0.459
  1  0.384
  1  0.468
  1  0.423
  1  0.541
  1  0.429
  1  0.513
  1  0.555
  1  0.468
  1  0.426
  1  0.487
  1  0.488
  1  0.449
  1  0.501
  1  0.659
  1  0.511
  1  0.432
  0  0.341
  0  0.474
  1  0.394
  0  0.379
  1  0.515
  1  0.630
  1  0.463
  1  0.449
  1  0.420
  1  0.452
  1  0.545
  1  0.497
  1  0.502
  1  0.500
  1  0.393
  1  0.789
  1  0.425
  1  0.824
  1  0.490
  1  0.537
  1  0.476
  1  0.426
  1  0.562
  1  0.393
  1  0.537
  1  0.567
  1  0.586
  1  0.509
  0  0.383
  1  0.592
  1  0.539
  1  0.456
  1  0.582
  1  0.438
  1  0.482
  1  0.516
  1  0.392
  1  0.526
  1  0.557
  1  0.429
  1  0.446
  0  0.378
  1  0.406
  1  0.497
  1  0.412
  1  0.420
  1  0.538
  0  0.378
  0  0.387
  1  0.444
  1  0.407
  1  0.555
  1  0.406
  0  0.405
  1  0.437
  1  0.544
  1  0.464
  1  0.440
  1  0.402
  1  0.374
  1  0.435
  1  0.670
  1  0.451
  1  0.423
  1  0.453
  1  0.566
  1  0.527
  1  0.443
  1  0.510
  1  0.659
  1  0.535
  0  0.434
  1  0.520
  1  0.454
  1  0.493
  1  0.419
  1  0.539
  0  0.384
  1  0.447
  1  0.505
  1  0.565
  1  0.502
  1  0.510
  1  0.416
  1  0.574
  1  0.395
  1  0.638
  1  0.454
  1  0.434
  1  0.420
  1  0.565
  1  0.468
  1  0.430
  1  0.572
  1  0.745
  1  0.590
  1  0.505
  0  0.459
  1  0.424
  1  0.427
  1  0.489
  1  0.459
  1  0.409
  0  0.503
  1  0.562
  1  0.458
  0  0.384
  1  0.462
  1  0.468
  1  0.689
  1  0.479
  1  0.543
  1  0.460
  0  0.398
  0  0.396
  1  0.428
  1  0.437
  1  0.453
  1  0.434
  1  0.430
  1  0.417
  1  0.427
  1  0.698
  1  0.462
  1  0.444
  1  0.426
  1  0.460
  1  0.419
  1  0.542
  1  0.467
  1  0.402
  1  0.509
  1  0.477
  1  0.587
  1  0.426
  1  0.390
  0  0.400
  1  0.478
  1  0.409
  1  0.438
  1  0.613
  1  0.446
  1  0.472
  1  0.479
  0  0.378
  1  0.557
  0  0.418
  1  0.470
  1  0.473
  1  0.593
  1  0.468
  0  0.348
  1  0.473
  1  0.478
  1  0.493
  1  0.476
  1  0.546
  1  0.455
  1  0.428
  1  0.453
  1  0.479
  0  0.370
  1  0.466
  1  0.493
  1  0.433
  1  0.571
  1  0.479
  1  0.504
  1  0.435
  0  0.408
  1  0.459
  1  0.421
  1  0.545
  1  0.432
  0  0.389
  1  0.453
  1  0.457
  0  0.370
  1  0.604
  1  0.701
  1  0.422
  1  0.524
  1  0.368
  1  0.425
  1  0.440
  1  0.419
  1  0.442
  1  0.445
  1  0.567
  1  0.393
  1  0.530
  0  0.447
  0  0.389
  1  0.522
  0  0.361
  1  0.460
  0  0.458
  1  0.586
  1  0.463
  1  0.513
  1  0.431
  1  0.439
  1  0.445
  1  0.442
  1  0.466
  1  0.774
  1  0.387
  1  0.435
  1  0.422
  0  0.371
  0  0.420
  1  0.458
  1  0.488
  1  0.656
  1  0.454
  1  0.434
  1  0.442
  1  0.525
  1  0.447
  1  0.458
  1  0.389
  1  0.459
  1  0.584
  1  0.454
  1  0.520
  1  0.488
  1  0.478
  1  0.446
  1  0.544
  1  0.785
  1  0.415
  1  0.531
  1  0.397
  1  0.416
  1  0.482
  1  0.381
  0  0.445
  1  0.479
  1  0.489
  1  0.478
  0  0.458
  1  0.444
  1  0.446
  1  0.383
  1  0.442
  1  0.408
  1  0.420
  1  0.475
  1  0.444
  1  0.498
  1  0.431
  1  0.432
  1  0.428
  0  0.366
  1  0.382
  1  0.460
  1  0.438
  1  0.514
  1  0.454
  1  0.478
  1  0.414
  1  0.467
  1  0.439
  1  0.462
  1  0.470
  1  0.375
  1  0.467
  1  0.467
  1  0.595
  1  0.444
  1  0.501
  0  0.635
  1  0.449
  1  0.471
  1  0.436
  1  0.506
  1  0.434
  1  0.411
  1  0.424
  0  0.455
  1  0.389
  1  0.390
  1  0.423
  1  0.439
  1  0.523
  1  0.529
  1  0.487
  1  0.441
  1  0.483
  0  0.397
  0  0.374
  1  0.445
  1  0.404
  1  0.390
  0  0.406
  1  0.549
  1  0.426
  1  0.416
  1  0.619
  0  0.484
  1  0.506
  1  0.500
  1  0.524
  1  0.438
  1  0.496
  1  0.464
  1  0.566
  1  0.625
  1  0.454
  1  0.727
  1  0.420
  1  0.460
  1  0.507
  1  0.447
  1  0.508
  0  0.528
  1  0.690
  1  0.390
  1  0.433
  1  0.454
  1  0.375
  1  0.549
  1  0.396
  1  0.393
  0  0.370
  1  0.442
  1  0.368
  1  0.515
  1  0.531
  1  0.661
  1  0.487
