  1  0.856
  0  1.177
  1  0.918
  1  0.798
  1  1.118
  1  0.897
  1  0.987
  1  0.758
  1  0.748
  1  0.906
  1  0.978
  1  1.507
  1  0.818
  1  0.867
  1  0.948
  1  0.747
  1  0.950
  1  1.282
  1  0.973
  1  1.083
  1  0.870
  1  0.773
  1  0.999
  1  0.856
  1  0.792
  1  1.091
  1  0.924
  1  1.081
  1  0.994
  1  1.029
  1  0.844
  1  0.930
  1  0.859
  1  0.757
  1  0.848
  1  0.907
  1  0.814
  1  1.002
  1  0.921
  1  0.796
  1  1.216
  1  1.203
  1  0.951
  1  0.960
  1  0.785
  1  1.122
  1  1.013
  1  1.257
  1  1.100
  1  0.949
  1  0.979
  1  0.907
  1  1.440
  1  0.822
  1  0.952
  1  1.261
  1  0.818
  1  0.819
  1  1.063
  1  0.770
  1  0.854
  1  1.236
  1  1.057
  1  1.214
  1  0.983
  1  1.176
  1  0.996
  1  0.777
  1  0.792
  1  0.843
  1  0.788
  1  0.995
  1  1.055
  1  0.948
  1  0.804
  1  0.854
  1  0.983
  1  1.016
  1  1.005
  1  0.939
  1  0.783
  1  0.828
  1  0.941
  1  1.196
  1  1.096
  1  0.818
  1  0.767
  1  0.991
  1  0.834
  1  0.788
  1  0.889
  1  1.006
  1  0.807
  1  1.122
  1  1.010
  1  1.074
  1  0.894
  1  0.843
  1  0.851
  1  0.945
  1  1.131
  1  1.008
  1  0.756
  1  0.874
  1  1.009
  1  1.038
  1  0.810
  1  0.839
  1  0.768
  1  0.928
  1  0.721
  1  1.168
  1  1.102
  1  1.319
  1  0.829
  1  0.863
  1  0.827
  1  1.081
  1  1.035
  1  0.826
  1  0.949
  1  1.121
  1  1.276
  1  0.751
  1  0.850
  1  0.899
  1  1.021
  1  0.828
  1  1.012
  1  0.881
  1  0.943
  1  0.795
  1  1.008
  1  0.961
  1  0.846
  1  1.152
  1  1.267
  1  0.779
  1  1.076
  1  0.882
  1  1.032
  1  1.014
  1  0.846
  1  0.795
  1  1.014
  1  0.821
  1  1.239
  1  0.852
  1  1.021
  1  1.027
  1  1.034
  1  0.880
  1  0.839
  1  0.962
  1  0.880
  1  0.815
  1  0.912
  1  1.167
  1  0.725
  1  0.887
  1  0.944
  1  0.868
  1  0.947
  1  0.821
  1  0.921
  1  1.023
  1  1.066
  1  0.906
  1  0.945
  1  1.255
  1  0.977
  1  0.887
  1  0.997
  1  1.263
  1  0.764
  1  0.759
  1  0.944
  1  0.862
  1  0.918
  1  0.997
  1  0.918
  1  1.012
  1  1.018
  1  1.226
  1  0.965
  1  0.819
  1  0.865
  1  0.918
  0  0.928
  1  0.879
  1  0.990
  1  0.877
  1  0.879
  1  0.861
  1  0.935
  1  1.296
  1  0.882
  1  1.006
  1  0.858
  1  0.863
  1  0.955
  1  1.116
  1  0.812
  1  1.029
  1  0.929
  1  0.748
  1  0.936
  1  0.773
  1  1.208
  1  0.942
  1  0.980
  1  0.793
  1  1.151
  1  0.716
  1  1.059
  1  1.136
  1  1.288
  1  0.875
  1  0.848
  1  1.077
  1  0.977
  1  0.848
  1  0.902
  1  0.821
  1  1.104
  1  0.935
  1  1.177
  1  0.998
  1  0.855
  1  0.880
  1  1.716
  1  0.920
  1  0.987
  1  1.080
  1  0.873
  1  0.933
  1  0.797
  1  0.776
  1  0.882
  1  0.918
  1  1.414
  1  0.851
  1  1.137
  1  1.270
  1  0.896
  1  0.866
  1  0.832
  1  0.929
  1  0.925
  1  0.842
  1  1.101
  1  0.996
  1  0.839
  1  1.244
  1  1.324
  1  0.893
  1  1.191
  1  1.032
  1  0.845
  1  1.331
  1  1.050
  1  1.045
  1  0.869
  1  1.095
  1  0.847
  1  0.904
  1  0.944
  1  0.738
  1  1.147
  1  0.808
  1  1.061
  1  0.782
  1  1.035
  1  1.111
  1  0.932
  1  0.805
  1  0.813
  1  1.184
  1  0.897
  1  1.114
  1  0.771
  1  1.098
  1  0.938
  1  0.792
  1  0.970
  1  0.858
  1  1.185
  1  1.140
  1  1.104
  1  0.892
  1  0.794
  1  0.899
  1  0.969
  1  1.096
  1  0.915
  1  0.871
  1  0.782
  1  0.810
  1  1.037
  1  1.291
  1  1.081
  1  0.856
  1  0.709
  1  1.024
  1  0.998
  1  0.877
  1  0.824
  1  1.040
  1  0.894
  1  0.927
  0  0.854
  1  0.886
  1  1.012
  1  1.022
  1  0.927
  1  0.837
  1  0.781
  1  0.798
  1  1.290
  1  1.030
  1  0.869
  1  0.831
  1  0.872
  1  0.927
  1  0.808
  1  1.225
  1  0.958
  1  0.757
  1  0.816
  1  0.845
  1  1.002
  1  1.058
  1  0.859
  1  1.071
  1  0.788
  1  0.825
  1  0.992
  1  1.073
  1  1.488
  1  0.913
  1  0.837
  1  0.837
  1  0.833
  1  0.973
  1  0.777
  1  0.899
  1  0.831
  1  1.146
  1  0.750
  1  0.814
  1  1.128
  1  0.787
  1  0.872
  1  1.009
  1  0.876
  1  0.785
  1  0.921
  1  0.858
  1  0.964
  1  0.938
  1  0.962
  1  0.874
  1  0.741
  1  0.933
  1  1.416
  1  0.986
  1  0.965
  1  0.915
  1  0.816
  1  0.862
  1  1.230
  1  0.990
  1  0.826
  1  0.840
  1  1.021
  1  0.896
  1  0.953
  1  0.769
  1  0.897
  1  0.879
  1  0.816
  1  1.016
  1  0.941
  1  1.275
  1  0.846
  1  1.184
  0  0.926
  1  1.011
  1  1.076
  1  0.845
  1  0.981
  1  1.092
  1  0.916
  1  1.318
  1  1.185
  1  0.947
  1  0.826
  1  1.105
  1  0.909
  1  0.853
  1  0.815
  1  0.762
  1  1.143
  1  0.930
  1  0.989
  1  0.829
  1  0.863
  1  0.846
  1  1.109
  1  1.321
  1  1.014
  1  1.006
  1  1.337
  1  0.814
  1  0.985
  1  0.757
  1  1.117
  1  0.749
  1  0.842
  1  1.228
  1  0.989
  1  0.892
  1  0.928
  1  0.889
  1  1.037
  1  1.102
  1  1.253
  1  0.831
  1  0.902
  1  0.923
  1  0.937
  1  1.078
  1  0.784
  1  0.947
  1  1.085
  1  0.944
  1  1.292
  1  0.732
  1  0.796
  1  0.730
  1  0.956
  1  1.061
  1  0.839
  1  0.879
  1  0.891
  1  0.815
  1  0.993
  1  0.860
  1  0.865
  1  0.825
  1  0.846
  1  0.804
  1  1.338
  1  1.092
  1  0.819
  1  1.232
  1  1.056
  1  1.123
  1  0.930
  1  1.602
  1  1.007
  1  0.772
  1  0.777
  1  0.835
  1  0.956
  1  1.024
  1  1.157
  1  1.355
  1  0.913
  1  0.932
  1  0.838
  1  0.799
  1  1.316
  1  1.370
  1  0.887
  1  1.062
  1  0.793
  1  0.836
  1  0.838
  1  0.808
  1  0.814
  1  1.245
  1  0.894
  1  1.536
  1  1.191
  1  1.081
  1  0.794
  1  0.869
  1  1.035
  1  0.861
  1  0.874
  1  0.702
  1  1.092
  1  0.861
  1  1.047
  1  1.169
  1  1.012
  1  1.199
  1  1.282
  1  0.819
