  1  0.897
  0  2.214
  1  0.948
  0  1.073
  1  1.191
  1  0.929
  1  1.018
  0  1.328
  0  1.392
  1  0.937
  1  1.008
  1  1.789
  0  0.950
  1  0.906
  1  0.975
  0  1.403
  1  0.977
  1  1.436
  1  1.002
  1  1.141
  1  0.908
  0  1.225
  1  1.032
  1  0.897
  0  1.105
  1  1.152
  1  0.953
  1  1.139
  1  1.026
  1  1.069
  1  0.887
  1  0.959
  1  0.899
  0  1.332
  1  0.891
  1  0.938
  0  0.976
  1  1.035
  1  0.950
  0  1.086
  1  1.336
  1  1.316
  1  0.979
  1  0.988
  0  1.148
  1  1.196
  1  1.049
  1  1.398
  1  1.165
  1  0.977
  1  1.009
  1  0.938
  1  1.682
  0  0.909
  1  0.980
  1  1.404
  0  0.946
  0  0.942
  1  1.114
  0  1.247
  1  0.895
  1  1.365
  1  1.105
  1  1.332
  1  1.014
  1  1.275
  1  1.028
  0  1.197
  0  1.109
  1  0.886
  0  1.130
  1  1.027
  1  1.103
  1  0.975
  0  1.040
  1  0.895
  1  1.014
  1  1.053
  1  1.039
  1  0.967
  0  1.161
  1  0.869
  1  0.969
  1  1.306
  1  1.159
  0  0.952
  0  1.262
  1  1.022
  1  0.877
  0  1.134
  1  0.923
  1  1.041
  0  1.019
  1  1.196
  1  1.046
  1  1.129
  1  0.927
  1  0.887
  1  0.893
  1  0.973
  1  1.209
  1  1.042
  0  1.338
  1  0.911
  1  1.043
  1  1.080
  0  1.003
  1  0.883
  0  1.260
  1  0.956
  0  1.557
  1  1.263
  1  1.167
  1  1.494
  1  0.871
  1  0.902
  1  0.867
  1  1.138
  1  1.076
  1  0.865
  1  0.977
  1  1.194
  1  1.427
  0  1.371
  1  0.892
  1  0.931
  1  1.059
  1  0.869
  1  1.048
  1  0.916
  1  0.971
  0  1.089
  1  1.043
  1  0.989
  1  0.889
  1  1.239
  1  1.414
  0  1.184
  1  1.131
  1  0.917
  1  1.072
  1  1.050
  1  0.889
  0  1.092
  1  1.050
  0  0.922
  1  1.370
  1  0.894
  1  1.058
  1  1.066
  1  1.075
  1  0.915
  1  0.883
  1  0.990
  1  0.916
  0  0.969
  1  0.942
  1  1.262
  0  1.537
  1  0.921
  1  0.972
  1  0.907
  1  0.975
  0  0.917
  1  0.950
  1  1.061
  1  1.117
  1  0.937
  1  0.973
  1  1.395
  1  1.007
  1  0.922
  1  1.030
  1  1.407
  0  1.283
  0  1.321
  1  0.972
  1  0.902
  1  0.947
  1  1.030
  1  0.947
  1  1.047
  1  1.055
  1  1.351
  1  0.994
  0  0.938
  1  0.904
  1  0.947
  0  1.777
  1  0.915
  1  1.021
  1  0.913
  1  0.915
  1  0.901
  1  0.963
  1  1.458
  1  0.917
  1  1.040
  1  0.898
  1  0.903
  1  0.983
  1  1.187
  0  0.993
  1  1.069
  1  0.957
  0  1.396
  1  0.964
  0  1.227
  1  1.323
  1  0.970
  1  1.010
  0  1.100
  1  1.238
  0  1.576
  1  1.107
  1  1.216
  1  1.445
  1  0.912
  1  0.891
  1  1.133
  1  1.006
  1  0.891
  1  0.933
  0  0.925
  1  1.171
  1  0.964
  1  1.277
  1  1.030
  1  0.897
  1  0.915
  1  2.123
  1  0.949
  1  1.017
  1  1.137
  1  0.910
  1  0.961
  0  1.077
  0  1.206
  1  0.917
  1  0.948
  1  1.642
  1  0.893
  1  1.218
  1  1.417
  1  0.929
  1  0.905
  1  0.874
  1  0.957
  1  0.953
  1  0.886
  1  1.165
  1  1.028
  1  0.883
  1  1.378
  1  1.502
  1  0.926
  1  1.298
  1  1.072
  1  0.888
  1  1.513
  1  1.096
  1  1.089
  1  0.907
  1  1.158
  1  0.890
  1  0.935
  1  0.972
  0  1.458
  1  1.233
  0  1.017
  1  1.110
  0  1.165
  1  1.077
  1  1.180
  1  0.961
  0  1.033
  0  0.985
  1  1.287
  1  0.929
  1  1.184
  0  1.235
  1  1.162
  1  0.966
  0  1.106
  1  0.998
  1  0.899
  1  1.288
  1  1.222
  1  1.170
  1  0.925
  0  1.095
  1  0.931
  1  0.998
  1  1.158
  1  0.945
  1  0.909
  0  1.167
  0  1.005
  1  1.079
  1  1.450
  1  1.138
  1  0.897
  0  1.598
  1  1.063
  1  1.031
  1  0.913
  1  0.860
  1  1.083
  1  0.927
  1  0.956
  0  1.671
  1  0.920
  1  1.047
  1  1.060
  1  0.956
  1  0.880
  0  1.176
  0  1.075
  1  1.448
  1  1.070
  1  0.907
  1  0.874
  1  0.910
  1  0.955
  0  1.013
  1  1.349
  1  0.986
  0  1.331
  0  0.965
  1  0.888
  1  1.036
  1  1.106
  1  0.899
  1  1.124
  0  1.131
  1  0.863
  1  1.024
  1  1.127
  1  1.759
  1  0.943
  1  0.881
  1  0.880
  1  0.876
  1  1.002
  0  1.198
  1  0.931
  1  0.874
  1  1.231
  0  1.383
  0  0.977
  1  1.205
  0  1.140
  1  0.910
  1  1.044
  1  0.912
  0  1.148
  1  0.950
  1  0.899
  1  0.992
  1  0.966
  1  0.991
  1  0.911
  0  1.438
  1  0.961
  1  1.644
  1  1.017
  1  0.994
  1  0.945
  0  0.966
  1  0.902
  1  1.357
  1  1.021
  1  0.864
  1  0.884
  1  1.058
  1  0.929
  1  0.981
  0  1.249
  1  0.930
  1  0.915
  0  0.962
  1  1.052
  1  0.969
  1  1.425
  1  0.889
  1  1.287
  0  1.773
  1  1.046
  1  1.131
  1  0.888
  1  1.011
  1  1.153
  1  0.946
  1  1.492
  1  1.289
  1  0.975
  1  0.865
  1  1.171
  1  0.939
  1  0.895
  0  0.971
  0  1.299
  1  1.226
  1  0.959
  1  1.020
  1  0.870
  1  0.902
  1  0.889
  1  1.177
  1  1.496
  1  1.050
  1  1.040
  1  1.521
  0  0.982
  1  1.015
  0  1.331
  1  1.189
  0  1.385
  1  0.885
  1  1.354
  1  1.020
  1  0.925
  1  0.957
  1  0.922
  1  1.079
  1  1.168
  1  1.392
  1  0.873
  1  0.933
  1  0.952
  1  0.965
  1  1.134
  0  1.153
  1  0.974
  1  1.144
  1  0.972
  1  1.452
  0  1.497
  0  1.084
  0  1.507
  1  0.984
  1  1.111
  1  0.883
  1  0.915
  1  0.924
  0  0.972
  1  1.025
  1  0.900
  1  0.904
  1  0.862
  1  0.889
  0  1.041
  1  1.524
  1  1.153
  0  0.943
  1  1.360
  1  1.104
  1  1.197
  1  0.959
  1  1.940
  1  1.041
  0  1.230
  0  1.201
  1  0.879
  1  0.985
  1  1.062
  1  1.247
  1  1.549
  1  0.943
  1  0.960
  1  0.881
  0  1.065
  1  1.489
  1  1.573
  1  0.921
  1  1.112
  0  1.100
  1  0.880
  1  0.882
  0  1.013
  0  0.977
  1  1.379
  1  0.927
  1  1.835
  1  1.298
  1  1.138
  0  1.099
  1  0.907
  1  1.077
  1  0.901
  1  0.911
  0  1.612
  1  1.154
  1  0.901
  1  1.092
  1  1.265
  1  1.048
  1  1.310
  1  1.436
  0  0.939
