  0  0.853
  0  0.810
  0  0.637
  0  0.770
  0  0.655
  0  0.751
  0  0.768
  0  0.856
  1  0.902
  0  1.276
  0  0.894
  0  0.621
  0  0.736
  0  0.826
  1  0.757
  0  0.816
  0  0.655
  0  0.851
  1  0.664
  1  0.654
  0  0.791
  1  0.599
  0  0.837
  1  1.274
  0  0.705
  0  1.049
  0  0.764
  0  0.751
  1  0.735
  0  1.014
  0  0.895
  0  0.755
  0  0.987
  0  0.769
  0  0.748
  0  0.726
  1  0.956
  0  0.957
  0  0.655
  0  0.774
  0  0.906
  0  0.594
  0  0.793
  0  0.769
  0  0.745
  0  0.843
  0  0.794
  0  0.676
  0  0.668
  0  0.768
  0  0.668
  0  0.917
  0  1.089
  0  1.907
  0  0.671
  0  1.292
  1  0.557
  0  0.786
  0  0.914
  1  0.847
  0  0.643
  0  0.761
  0  0.879
  1  0.774
  0  0.697
  0  0.777
  0  0.783
  1  0.784
  0  0.823
  0  0.817
  0  0.812
  0  0.711
  0  0.908
  0  1.008
  0  0.934
  0  0.886
  0  0.902
  0  0.846
  0  0.892
  0  1.028
  1  0.903
  0  0.707
  0  1.058
  0  0.722
  0  0.776
  0  0.819
  0  0.732
  0  0.870
  0  0.590
  0  0.621
  0  0.698
  0  0.893
  0  0.692
  0  0.635
  0  0.759
  0  0.710
  1  1.002
  0  0.776
  0  0.697
  1  0.817
  0  0.737
  0  0.696
  0  0.761
  0  0.766
  1  0.581
  0  0.820
  0  0.668
  0  0.754
  0  0.812
  0  0.758
  0  1.020
  0  0.991
  0  0.837
  0  0.818
  0  0.710
  0  0.825
  0  0.814
  0  1.321
  0  0.587
  0  0.717
  0  0.722
  0  0.737
  0  0.851
  0  0.791
  1  0.585
  0  0.688
  0  0.851
  1  0.736
  0  0.700
  0  0.708
  0  0.721
  0  0.794
  0  0.750
  1  0.821
  0  0.899
  0  0.998
  0  0.755
  0  0.958
  0  0.660
  0  0.800
  0  0.655
  0  0.914
  0  0.606
  0  0.795
  1  0.749
  0  0.749
  0  0.683
  0  0.839
  0  1.028
  0  0.644
  0  0.710
  0  1.327
  0  0.610
  1  0.632
  0  0.739
  1  0.640
  0  0.810
  0  0.612
  0  0.882
  0  0.748
  0  0.646
  0  0.702
  1  0.752
  0  0.852
  0  1.085
  1  0.655
  0  0.705
  0  0.755
  0  1.013
  0  0.638
  0  0.793
  0  0.784
  0  0.737
  0  0.765
  0  0.746
  1  0.631
  0  0.732
  0  1.038
  0  0.650
  0  0.692
  1  0.707
  0  0.619
  0  0.699
  0  0.768
  0  0.721
  0  0.780
  0  0.653
  1  0.899
  0  0.649
  0  0.716
  0  0.935
  0  0.710
  0  0.761
  0  0.665
  0  0.748
  0  0.708
  0  0.757
  0  0.900
  0  0.708
  0  0.774
  1  0.725
  0  0.584
  0  0.860
  0  0.860
  0  0.717
  0  0.782
  0  0.815
  0  0.806
  0  0.685
  0  0.712
  0  0.700
  0  0.693
  0  0.674
  0  0.674
  0  0.951
  0  0.743
  0  0.758
  0  0.578
  0  0.879
  0  0.856
  0  0.753
  0  0.729
  0  0.794
  0  0.771
  1  0.747
  0  0.713
  0  0.788
  0  1.254
  0  1.030
  0  0.828
  0  0.688
  0  0.755
  1  0.592
  0  0.849
  0  0.791
  1  0.877
  0  0.968
  0  0.692
  0  1.067
  0  0.713
  0  0.731
  0  1.219
  0  0.727
  0  0.829
  0  0.742
  1  1.544
  0  0.758
  0  0.728
  0  0.985
  0  0.681
  0  0.787
  0  0.880
  0  0.670
  0  0.703
  0  0.828
  0  0.946
  0  0.902
  0  0.805
  0  0.736
  0  0.735
  0  0.735
  0  0.993
  0  0.678
  0  0.707
  1  0.782
  0  0.811
  0  1.274
  0  0.680
  0  0.741
  0  1.002
  0  1.144
  0  0.814
  0  1.091
  0  0.823
  0  0.720
  0  0.779
  0  0.664
  1  0.789
  1  0.649
  0  0.760
  0  0.866
  0  0.760
  0  0.702
  0  1.291
  0  0.677
  0  1.021
  0  0.796
  0  0.755
  0  0.723
  1  0.877
  0  0.749
  0  0.754
  0  0.738
  0  1.229
  0  0.611
  0  1.046
  0  1.024
  0  0.805
  0  0.720
  1  0.622
  0  0.785
  1  0.627
  0  0.745
  0  0.805
  0  0.886
  0  0.706
  0  0.812
  0  0.717
  0  0.838
  0  0.842
  0  0.800
  1  0.724
  0  0.746
  0  1.176
  0  0.716
  1  0.706
  0  0.792
  0  0.841
  0  0.634
  0  0.848
  0  0.626
  0  0.964
  0  0.849
  0  0.793
  0  1.146
  0  0.860
  0  0.622
  0  0.909
  0  0.651
  0  0.770
  0  1.071
  0  0.692
  1  1.036
  0  0.768
  0  0.746
  0  0.689
  1  0.600
  0  0.778
  0  0.809
  0  0.781
  0  0.730
  0  1.163
  0  0.673
  0  0.696
  0  0.986
  1  0.835
  0  0.752
  0  0.710
  0  0.711
  1  0.839
  0  0.793
  0  0.726
  0  0.796
  0  0.801
  1  0.809
  0  0.644
  1  0.682
  0  0.991
  1  0.726
  0  1.378
  1  0.555
  1  0.835
  0  0.892
  0  0.711
  0  1.132
  0  1.107
  0  0.799
  0  0.686
  0  1.046
  0  0.674
  0  0.686
  0  1.073
  0  0.715
  0  0.854
  0  0.945
  0  0.777
  0  0.761
  0  1.554
  0  0.894
  1  0.678
  0  0.658
  0  0.805
  0  0.938
  0  0.668
  0  0.926
  0  0.725
  0  0.767
  0  0.781
  0  0.717
  0  0.778
  0  0.789
  0  0.960
  1  0.814
  0  0.985
  1  1.092
  0  0.668
  0  0.777
  0  0.722
  0  0.749
  0  0.782
  0  0.728
  0  0.816
  1  0.709
  1  0.831
  0  0.901
  1  1.107
  0  0.749
  0  0.708
  1  0.991
  0  0.692
  0  0.847
  1  0.912
  0  0.806
  0  0.746
  0  0.660
  0  0.777
  0  0.783
  0  0.768
  1  0.713
  0  0.745
  0  0.659
  1  0.629
  1  1.166
  0  1.010
  0  0.876
  0  0.760
  0  0.747
  0  0.661
  0  0.810
  0  0.865
  1  0.876
  0  1.043
  1  0.625
  0  0.684
  1  0.683
  0  0.804
  0  0.734
  1  0.755
  0  0.640
  0  0.911
  0  0.749
  0  0.719
  0  0.861
  0  0.765
  0  0.897
  0  0.834
  0  0.909
  0  0.693
  0  0.747
  0  0.674
  1  0.618
  0  0.809
  0  0.812
  0  0.838
  0  0.598
  1  0.555
  0  0.710
  0  0.816
  0  0.629
  0  1.036
  0  0.771
  1  0.731
  0  0.760
  0  0.834
  0  0.751
  1  0.850
  0  0.761
  0  1.192
  0  0.687
  0  0.758
  0  0.722
  0  0.592
  0  0.818
  0  0.654
  0  0.763
  0  0.772
  1  1.616
  0  0.776
  0  0.810
  0  1.404
  0  0.765
  0  0.853
  0  0.795
  0  0.940
  0  0.722
  0  0.742
  1  1.012
  0  0.882
  0  0.810
  0  1.109
  1  0.881
  0  0.822
  0  0.983
  0  0.607
  0  0.744
  0  1.481
  0  0.734
  0  0.803
  0  0.685
  0  0.815
