  1  0.749
  1  0.497
  1  0.430
  1  0.481
  1  0.861
  0  0.558
  1  0.586
  0  1.523
  1  0.494
  0  0.828
  1  0.365
  1  0.663
  0  0.865
  1  1.014
  1  0.465
  1  0.617
  0  0.616
  0  0.954
  1  0.607
  1  0.651
  0  0.582
  1  0.566
  1  1.094
  0  0.773
  1  0.393
  1  0.375
  0  1.079
  1  0.759
  1  0.353
  1  0.491
  1  0.589
  0  0.961
  1  1.155
  1  1.353
  1  0.604
  1  0.913
  1  0.767
  1  0.729
  1  0.874
  1  0.328
  1  0.414
  1  0.978
  0  0.631
  1  0.269
  1  1.433
  1  0.826
  1  0.398
  1  0.483
  1  0.698
  1  0.976
  0  0.660
  1  0.695
  1  0.643
  1  0.781
  1  0.300
  1  0.387
  0  0.442
  1  0.858
  1  0.607
  1  0.462
  0  0.970
  1  0.438
  1  1.085
  1  0.850
  1  0.463
  1  0.606
  1  0.385
  1  0.576
  1  0.712
  1  0.418
  0  0.527
  1  0.618
  1  0.782
  0  1.232
  1  0.729
  0  1.143
  1  0.753
  0  1.365
  1  0.456
  0  0.690
  1  0.627
  1  0.447
  1  1.665
  0  0.637
  0  1.369
  0  0.717
  1  0.622
  1  0.506
  1  0.488
  0  0.614
  0  0.786
  1  0.504
  1  0.751
  1  0.738
  1  1.709
  1  0.589
  1  0.715
  0  1.014
  1  0.615
  1  0.453
  0  0.610
  1  0.676
  1  0.378
  1  0.841
  1  0.455
  1  0.426
  1  0.853
  1  0.740
  0  0.622
  1  0.258
  0  0.359
  1  0.590
  1  0.805
  0  0.495
  1  0.400
  1  0.736
  1  0.997
  0  0.441
  0  0.743
  1  0.871
  1  0.453
  0  1.777
  1  0.487
  1  0.596
  1  0.585
  1  0.504
  1  0.528
  1  0.554
  1  0.515
  1  0.697
  1  0.399
  1  0.526
  1  0.649
  1  0.430
  1  1.457
  1  1.005
  1  0.635
  1  0.442
  1  0.494
  1  0.518
  0  0.802
  1  0.923
  1  0.435
  1  0.502
  0  0.310
  1  0.502
  1  0.475
  0  0.854
  1  0.606
  1  0.934
  0  0.955
  1  0.574
  0  0.364
  0  0.414
  1  0.836
  1  0.617
  1  0.274
  0  1.049
  1  1.067
  1  0.924
  0  0.318
  1  0.667
  1  0.606
  0  0.946
  1  0.348
  1  0.547
  1  0.663
  1  0.615
  1  0.586
  1  0.553
  1  0.928
  1  0.341
  1  0.500
  1  2.115
  1  0.493
  0  0.649
  1  1.161
  1  0.358
  1  0.675
  1  0.497
  1  0.434
  1  0.516
  1  0.673
  1  0.716
  1  0.580
  1  1.268
  0  0.758
  0  0.539
  0  0.639
  1  0.485
  0  0.385
  0  0.861
  1  0.420
  1  0.612
  1  0.509
  0  0.800
  1  0.751
  1  0.807
  1  0.473
  1  1.294
  1  0.410
  0  0.448
  1  0.556
  0  1.977
  0  0.678
  1  1.136
  1  0.890
  1  0.619
  1  0.378
  1  0.294
  0  1.296
  1  0.291
  1  0.653
  0  0.447
  0  1.063
  1  1.019
  1  0.537
  1  0.611
  1  0.556
  0  0.642
  1  0.529
  0  0.651
  0  0.762
  0  1.052
  1  0.667
  1  0.697
  0  0.704
  1  0.553
  1  0.926
  1  0.435
  1  0.977
  1  0.584
  0  1.102
  1  0.431
  1  0.894
  0  0.590
  0  0.717
  1  1.101
  1  0.576
  0  0.747
  1  1.590
  1  1.093
  1  0.603
  1  0.675
  1  0.578
  1  0.413
  0  1.327
  1  0.341
  1  0.444
  1  1.496
  0  0.578
  0  0.516
  1  0.373
  1  0.600
  1  0.483
  1  0.765
  0  0.967
  0  0.562
  1  0.726
  1  0.513
  1  0.340
  1  0.501
  0  0.918
  1  1.170
  0  0.729
  1  0.424
  1  0.545
  1  0.396
  1  0.460
  1  0.588
  1  0.629
  0  0.626
  1  0.284
  1  0.361
  1  0.693
  1  0.456
  0  0.588
  1  0.850
  0  0.700
  1  0.466
  1  0.688
  1  0.462
  1  1.466
  0  0.530
  1  0.473
  0  0.528
  1  0.632
  1  0.579
  1  0.544
  1  0.360
  0  0.608
  1  1.162
  1  0.977
  0  0.509
  0  0.994
  1  0.919
  0  0.486
  1  1.116
  1  0.782
  1  0.857
  1  1.482
  1  0.885
  1  0.434
  1  0.456
  0  0.456
  1  0.925
  1  1.323
  1  0.550
  0  0.464
  1  0.665
  1  0.402
  1  0.549
  1  1.396
  1  0.605
  1  0.373
  0  2.007
  1  0.590
  1  0.447
  1  0.640
  1  0.399
  1  0.670
  1  0.936
  1  0.556
  1  0.458
  1  0.487
  1  0.470
  1  0.504
  0  0.752
  0  0.810
  1  0.650
  1  0.587
  1  0.761
  0  0.810
  1  0.593
  1  0.487
  1  1.198
  0  0.717
  1  0.397
  0  0.788
  0  0.608
  1  0.514
  1  0.604
  1  0.466
  0  0.538
  1  0.402
  1  0.502
  0  0.577
  1  0.433
  1  0.494
  0  0.565
  0  0.866
  1  0.501
  1  1.026
  0  0.598
  1  0.703
  0  0.757
  1  0.885
  0  0.686
  1  1.296
  1  1.159
  0  0.500
  0  0.500
  0  0.309
  1  0.620
  0  0.976
  1  0.446
  0  0.973
  1  0.719
  0  0.443
  1  0.895
  1  0.778
  1  0.729
  1  1.301
  1  0.371
  1  1.451
  0  0.795
  1  0.916
  0  1.342
  0  0.726
  1  0.667
  1  0.470
  0  0.400
  0  0.807
  1  0.555
  1  0.597
  1  0.323
  0  0.892
  0  1.360
  1  1.045
  1  0.678
  0  1.215
  1  0.647
  1  0.759
  1  0.871
  1  0.354
  1  0.719
  1  1.058
  1  0.938
  1  1.085
  1  0.917
  0  0.744
  0  0.565
  1  0.427
  1  1.026
  1  0.751
  1  0.642
  1  1.946
  0  0.653
  1  0.930
  1  0.438
  1  0.781
  1  0.560
  1  0.660
  1  0.510
  1  0.684
  1  0.421
  1  0.500
  1  0.571
  0  0.745
  1  0.849
  1  0.371
  1  0.283
  0  0.668
  1  0.800
  0  0.541
  0  0.459
  0  0.365
  1  1.515
  1  1.219
  1  1.371
  0  0.466
  1  0.723
  1  0.557
  1  0.464
  0  0.538
  1  0.539
  1  0.603
  1  0.877
  0  0.482
  1  0.636
  1  2.343
  0  0.617
  1  0.753
  0  0.398
  0  0.672
  1  0.365
  1  0.894
  1  0.505
  1  1.089
  1  0.364
  1  0.534
  1  0.651
  0  0.654
  1  0.544
  1  0.693
  1  0.451
  0  0.582
  1  0.822
  1  1.308
  1  0.634
  1  0.501
  1  0.608
  0  0.522
  0  0.488
  0  0.677
  0  1.012
  1  0.736
  0  0.610
  1  0.363
  0  0.676
  0  0.895
  0  0.653
  0  0.938
  1  0.670
  1  0.418
  0  1.636
  0  0.562
  1  0.512
  1  0.557
  0  0.788
  0  0.385
  1  0.560
  0  0.761
  0  0.727
  1  1.001
  0  1.355
  1  0.354
  0  0.800
  1  0.590
  1  0.818
  1  0.288
  0  0.621
  1  1.484
  1  0.656
  0  0.438
  1  0.841
  1  0.530
  1  1.061
  1  0.445
  1  0.529
