  0  0.854
  0  0.894
  0  0.891
  1  0.912
  0  0.975
  0  0.747
  0  0.826
  0  0.745
  0  0.797
  1  0.812
  0  0.895
  0  0.901
  1  0.726
  0  0.894
  1  0.680
  0  0.766
  0  0.766
  0  0.729
  0  0.896
  0  0.706
  1  0.858
  0  0.868
  0  0.882
  0  0.849
  0  0.910
  0  0.805
  0  0.781
  0  0.856
  0  0.777
  0  0.966
  0  0.883
  1  0.740
  0  0.885
  0  0.746
  0  0.876
  0  0.800
  0  0.995
  1  0.738
  0  0.947
  0  0.878
  0  0.885
  1  0.673
  0  0.942
  0  0.786
  0  0.896
  1  0.727
  0  0.726
  0  0.851
  0  0.841
  0  0.860
  1  0.781
  1  0.726
  0  0.874
  0  0.968
  0  0.738
  0  0.737
  0  0.822
  0  0.993
  0  0.875
  0  0.869
  0  0.847
  0  0.884
  1  0.777
  0  0.927
  0  0.794
  1  0.720
  1  0.692
  1  0.717
  0  0.870
  0  0.769
  0  0.832
  1  0.775
  0  0.983
  1  0.708
  0  0.893
  0  0.765
  0  0.851
  0  0.803
  0  1.022
  0  0.775
  0  0.841
  1  0.775
  1  0.798
  0  0.894
  0  0.796
  1  0.848
  0  0.883
  0  0.862
  0  0.896
  1  0.835
  0  0.745
  0  0.817
  0  0.830
  0  0.826
  0  0.790
  0  0.841
  0  0.850
  0  0.937
  1  0.802
  0  0.928
  1  0.727
  0  0.779
  0  0.817
  0  0.717
  0  0.756
  0  1.097
  1  0.905
  0  0.838
  0  0.809
  0  0.795
  0  0.775
  0  0.910
  0  0.890
  0  0.894
  0  0.795
  1  0.717
  0  0.850
  0  0.795
  0  0.807
  0  0.986
  0  0.771
  0  0.866
  0  0.815
  1  0.746
  0  0.779
  1  0.703
  0  0.914
  1  0.690
  0  0.935
  0  0.910
  0  0.781
  0  0.867
  0  0.817
  0  0.850
  0  0.822
  0  0.844
  0  0.893
  0  0.828
  0  0.845
  0  0.753
  0  0.797
  0  0.943
  0  0.860
  1  0.700
  0  0.862
  0  0.924
  0  0.861
  0  0.796
  0  0.768
  0  0.878
  0  0.801
  0  0.840
  0  0.877
  0  0.844
  0  0.940
  0  0.879
  0  0.840
  0  0.835
  0  0.817
  1  0.825
  1  0.757
  0  0.882
  0  0.743
  0  0.798
  0  0.945
  1  0.769
  0  0.768
  0  0.802
  0  0.758
  1  0.833
  0  0.911
  0  0.822
  0  0.859
  0  0.759
  0  0.910
  0  0.900
  0  0.831
  0  0.747
  0  0.857
  0  0.838
  0  1.061
  1  0.709
  0  0.756
  0  0.767
  0  0.875
  0  0.839
  0  0.738
  0  0.787
  0  0.729
  1  0.851
  0  0.804
  0  0.814
  1  0.687
  1  0.806
  0  0.760
  1  0.717
  0  0.757
  0  0.807
  0  0.811
  0  0.879
  1  0.931
  0  0.844
  0  0.815
  0  0.777
  0  0.709
  0  0.851
  1  0.828
  0  0.793
  0  0.770
  1  0.794
  0  0.871
  0  0.872
  0  0.883
  0  0.750
  0  0.957
  0  0.749
  1  0.787
  0  0.810
  0  0.755
  0  0.824
  0  0.810
  1  0.743
  0  0.836
  0  0.906
  0  0.926
  0  1.026
  0  0.828
  0  0.822
  1  0.655
  0  0.839
  1  0.825
  0  1.015
  1  0.735
  0  0.804
  0  0.754
  0  0.869
  0  0.726
  0  0.860
  1  0.780
  0  0.858
  0  1.036
  0  0.930
  0  0.841
  0  0.835
  0  0.839
  0  0.736
  0  0.832
  0  0.773
  0  0.752
  0  0.841
  0  0.775
  1  0.715
  0  0.730
  0  0.822
  0  0.776
  0  0.742
  1  0.693
  0  0.922
  0  0.849
  0  0.789
  0  0.880
  0  0.783
  1  0.828
  0  0.863
  0  0.824
  0  0.861
  0  0.908
  1  0.763
  0  0.805
  0  0.849
  0  0.896
  1  0.871
  0  0.902
  0  0.982
  0  0.749
  0  0.727
  0  0.816
  0  1.157
  0  0.844
  0  0.825
  1  0.710
  0  1.013
  0  0.814
  1  0.789
  0  0.901
  1  0.801
  1  0.843
  0  0.767
  0  0.779
  0  0.899
  0  0.893
  0  0.814
  0  0.817
  0  0.814
  0  0.810
  0  0.735
  1  0.797
  0  0.854
  1  0.834
  0  0.915
  1  0.817
  1  0.779
  0  0.745
  0  0.851
  0  0.832
  0  0.957
  0  0.860
  0  0.870
  0  0.834
  1  0.898
  0  0.821
  1  0.670
  0  0.953
  0  0.912
  0  0.913
  0  0.826
  0  0.727
  0  0.790
  0  0.807
  1  0.743
  0  0.764
  0  0.873
  0  0.847
  0  0.784
  0  0.855
  1  0.765
  0  0.811
  0  0.772
  0  0.821
  0  0.745
  0  0.912
  0  0.886
  1  0.731
  1  0.809
  0  0.830
  0  0.874
  0  0.758
  0  0.818
  0  0.945
  0  0.895
  0  0.850
  0  0.742
  0  0.777
  0  0.877
  0  0.785
  0  0.824
  1  0.792
  1  0.658
  0  0.779
  0  1.022
  0  0.932
  0  0.869
  0  0.875
  0  0.853
  0  0.819
  0  0.937
  0  0.800
  1  0.706
  0  0.852
  1  0.811
  0  0.763
  0  0.796
  0  0.832
  0  0.903
  0  0.817
  0  0.821
  1  0.710
  0  0.835
  1  0.698
  0  0.791
  0  0.792
  0  0.743
  1  0.792
  0  0.871
  1  0.703
  1  0.842
  0  0.898
  0  0.907
  0  0.964
  0  0.864
  0  0.867
  0  0.855
  1  0.875
  0  0.768
  0  0.943
  0  0.920
  0  0.932
  0  0.972
  0  0.842
  0  0.896
  0  0.791
  1  0.769
  0  0.812
  0  1.002
  0  0.786
  0  0.924
  1  0.792
  0  0.906
  0  0.883
  0  0.890
  0  0.883
  0  0.804
  0  0.877
  0  0.932
  0  0.867
  0  0.732
  0  0.836
  0  0.788
  1  0.804
  1  0.727
  0  0.850
  0  0.792
  1  0.849
  0  0.803
  0  0.900
  0  0.881
  0  0.840
  0  0.972
  0  0.904
  0  0.906
  0  0.810
  0  0.754
  0  0.745
  0  0.842
  0  0.831
  0  0.805
  0  0.781
  0  0.800
  0  0.775
  0  0.802
  0  0.736
  1  0.855
  1  0.756
  0  0.902
  0  0.952
  0  0.914
  1  0.732
  0  0.779
  0  0.749
  0  0.745
  0  0.943
  0  0.737
  0  0.747
  1  0.746
  0  0.770
  0  0.755
  0  0.776
  0  1.033
  0  0.829
  1  0.842
  0  0.816
  0  0.787
  1  0.704
  0  0.853
  0  0.892
  1  0.767
  0  0.737
  0  0.775
  0  0.839
  1  0.885
  0  0.838
  1  0.749
  0  0.703
  0  0.781
  1  0.772
  1  0.735
  0  0.847
  0  0.897
  0  0.742
  0  0.812
  0  0.729
  0  0.893
  0  0.835
  0  0.785
  0  0.885
  0  0.846
  0  0.754
  0  0.850
  0  0.797
  1  0.806
  0  0.804
  1  0.745
  0  0.856
  1  0.792
  0  0.874
  0  0.866
  1  0.829
  0  0.703
  1  0.819
  0  0.850
  0  0.809
  1  0.844
  0  1.116
  0  0.820
  0  0.771
  0  0.880
  0  0.772
  0  0.874
  0  0.779
  1  0.778
