  0  0.542
  0  0.455
  0  0.352
  0  0.469
  0  0.418
  0  0.448
  0  0.390
  0  0.337
  0  0.369
  0  0.377
  0  0.417
  0  0.383
  0  0.451
  0  0.463
  0  0.476
  0  0.329
  0  0.438
  0  0.326
  0  0.530
  0  0.456
  0  0.349
  0  0.384
  0  0.455
  0  0.389
  0  0.386
  0  0.474
  0  0.326
  0  0.447
  0  0.638
  0  0.453
  0  0.428
  0  0.411
  0  0.508
  0  0.365
  0  0.482
  0  0.475
  0  0.386
  0  0.374
  0  0.364
  0  0.563
  0  0.396
  0  0.530
  0  0.366
  0  0.393
  0  0.566
  0  0.331
  0  0.396
  0  0.392
  0  0.422
  0  0.314
  0  0.522
  0  0.324
  0  0.445
  0  0.521
  0  0.387
  0  0.437
  0  0.372
  0  0.414
  0  0.321
  0  0.363
  0  0.316
  0  0.474
  0  0.357
  0  0.414
  0  0.355
  0  0.384
  0  0.315
  0  0.561
  0  0.382
  0  0.374
  0  0.453
  0  0.428
  0  0.490
  0  0.764
  0  0.359
  0  0.431
  0  0.582
  0  0.402
  0  0.363
  0  0.459
  0  0.382
  0  0.358
  0  0.416
  0  0.365
  0  0.389
  0  0.440
  0  0.518
  0  0.359
  0  0.332
  0  0.589
  0  0.387
  0  0.482
  0  0.371
  0  0.381
  0  0.423
  0  0.394
  0  0.367
  0  0.511
  0  0.323
  0  0.380
  0  0.446
  0  0.382
  0  0.647
  0  0.330
  0  0.331
  0  0.471
  0  0.398
  0  0.347
  0  0.347
  0  0.360
  0  0.489
  0  0.347
  0  0.361
  0  0.553
  0  0.502
  0  0.394
  0  0.474
  0  0.302
  0  0.489
  0  1.186
  0  0.339
  0  0.340
  0  0.374
  0  0.384
  0  0.376
  0  0.484
  0  0.369
  0  0.340
  0  0.358
  0  0.575
  0  0.439
  0  0.322
  0  0.388
  0  0.427
  0  0.600
  0  0.354
  0  0.584
  0  0.443
  0  0.577
  0  0.369
  0  0.342
  0  0.509
  0  0.529
  0  0.378
  0  0.382
  0  0.436
  0  0.385
  0  0.383
  0  0.409
  0  0.409
  0  0.351
  0  0.466
  0  0.367
  0  0.612
  0  0.348
  0  0.467
  0  0.416
  0  0.440
  0  0.322
  0  0.357
  0  0.364
  0  0.399
  0  0.363
  0  0.570
  0  0.360
  0  0.493
  0  0.619
  0  0.433
  0  0.394
  0  0.439
  0  0.413
  0  0.367
  0  0.509
  1  0.589
  0  0.423
  0  0.388
  0  0.318
  0  0.336
  0  0.379
  0  0.376
  0  0.394
  0  0.368
  0  0.354
  0  0.342
  0  0.345
  0  0.555
  0  0.351
  0  0.529
  0  0.305
  0  0.429
  0  0.527
  0  0.324
  0  0.364
  0  0.429
  0  0.365
  0  0.332
  0  0.631
  0  0.338
  0  0.351
  0  0.540
  0  0.481
  0  0.388
  0  0.425
  0  0.328
  0  0.578
  0  0.307
  0  0.387
  0  0.495
  0  0.447
  0  0.361
  0  0.373
  0  0.336
  0  0.394
  0  0.407
  0  0.427
  0  0.345
  0  0.359
  0  0.596
  0  0.454
  0  0.327
  0  0.386
  0  0.393
  0  0.412
  0  0.497
  0  0.342
  0  0.365
  0  0.391
  0  0.426
  0  0.425
  0  0.438
  0  0.351
  0  0.410
  0  0.319
  0  0.400
  0  0.337
  0  0.320
  0  0.591
  0  0.332
  0  0.380
  0  0.366
  0  0.430
  0  0.390
  0  0.456
  0  0.323
  0  0.431
  0  0.607
  0  0.384
  0  0.367
  0  0.440
  0  0.365
  0  0.400
  0  0.401
  0  0.370
  0  0.400
  0  0.422
  0  0.537
  0  0.543
  0  0.431
  0  0.408
  0  0.348
  0  0.375
  0  0.383
  0  0.305
  0  0.370
  0  0.367
  0  0.434
  0  0.364
  0  0.366
  0  0.392
  0  0.385
  0  0.435
  0  0.397
  0  0.420
  0  0.323
  0  0.388
  0  0.562
  0  0.370
  0  0.650
  0  0.415
  0  0.345
  0  0.352
  0  0.321
  0  0.441
  0  0.397
  0  0.419
  0  0.372
  0  0.524
  0  0.489
  0  0.384
  0  0.349
  0  0.400
  0  0.357
  0  0.363
  0  0.396
  0  0.356
  0  0.422
  0  0.341
  0  0.371
  0  0.513
  0  0.458
  0  0.429
  0  0.384
  0  0.629
  0  0.326
  0  0.499
  0  0.392
  0  0.652
  0  0.452
  0  0.386
  0  0.375
  0  0.481
  0  0.530
  0  0.335
  0  0.481
  0  0.382
  0  0.365
  0  0.521
  0  0.427
  0  0.391
  0  0.420
  0  0.692
  0  0.441
  0  0.394
  0  0.360
  0  0.509
  0  0.363
  0  0.440
  0  0.582
  0  0.350
  0  0.547
  0  0.452
  0  0.528
  0  0.366
  0  0.383
  0  0.420
  0  0.420
  0  0.433
  0  0.385
  0  0.422
  0  0.478
  0  0.430
  0  0.465
  0  0.367
  0  0.474
  0  0.322
  0  0.471
  0  0.321
  0  0.547
  0  0.474
  0  0.438
  0  0.426
  0  0.362
  0  0.432
  0  0.377
  0  0.721
  0  0.361
  0  0.398
  0  0.503
  0  0.370
  0  0.510
  0  0.557
  0  0.396
  0  0.360
  0  0.305
  0  0.405
  0  0.301
  0  0.407
  0  0.377
  0  0.341
  0  0.366
  0  0.484
  0  0.397
  0  0.582
  0  0.348
  0  0.354
  0  0.416
  0  0.551
  0  0.350
  0  0.408
  0  0.416
  0  0.365
  0  0.370
  0  0.439
  0  0.583
  0  0.370
  0  0.425
  0  0.416
  0  0.352
  0  0.503
  0  0.390
  0  0.423
  0  0.464
  0  0.372
  0  0.327
  0  0.449
  0  0.448
  0  0.411
  0  0.472
  0  0.635
  0  0.661
  0  0.386
  0  0.375
  0  0.353
  0  0.354
  0  0.428
  0  0.353
  0  0.459
  0  0.348
  0  0.407
  0  0.395
  0  0.610
  0  0.399
  0  0.470
  0  0.431
  0  0.387
  0  0.420
  0  0.444
  0  0.464
  0  0.506
  0  0.305
  0  0.438
  0  0.469
  0  0.313
  0  0.320
  0  0.381
  0  0.391
  0  0.385
  0  0.374
  0  0.583
  0  0.442
  0  0.383
  0  0.441
  0  0.346
  0  0.569
  0  0.369
  0  0.702
  0  0.545
  0  0.469
  0  0.367
  0  0.416
  0  0.434
  0  0.436
  0  0.430
  0  0.550
  0  0.410
  0  0.443
  0  0.389
  0  0.417
  0  0.366
  0  0.368
  0  0.483
  0  0.434
  0  0.409
  0  0.340
  0  0.386
  0  0.395
  0  0.457
  0  0.410
  0  0.342
  0  0.408
  0  0.577
  0  0.349
  0  0.440
  0  0.509
  0  0.493
  0  0.375
  0  0.425
  0  0.519
  0  0.434
  0  0.361
  0  0.480
  0  0.378
  0  0.366
  0  0.336
  0  0.465
  0  0.365
  0  0.351
  0  0.532
  0  0.480
  0  0.364
  0  0.556
  0  0.388
  0  0.528
  0  0.515
  0  0.467
  0  0.395
  0  0.361
  0  0.387
  0  0.427
  0  0.372
  0  0.396
  0  0.471
  0  0.514
  0  0.405
  0  0.332
  0  0.560
  0  0.335
  0  0.432
  0  0.407
  0  0.416
