  1  1.060
  1  0.988
  1  1.140
  1  1.041
  1  1.090
  0  1.084
  1  1.042
  1  1.031
  1  1.014
  1  1.031
  1  1.003
  1  1.005
  1  0.950
  1  1.124
  1  0.967
  1  1.249
  0  1.070
  1  1.005
  1  1.136
  1  1.087
  1  1.104
  1  0.907
  1  1.008
  1  0.932
  1  1.033
  1  0.901
  1  1.221
  1  1.040
  1  1.009
  1  0.980
  1  1.066
  1  0.981
  1  1.103
  1  1.063
  1  0.997
  1  1.033
  1  1.106
  1  1.065
  1  0.944
  1  1.019
  1  0.937
  1  0.992
  1  1.150
  1  0.963
  1  0.917
  1  0.923
  1  1.119
  1  1.035
  1  1.167
  1  0.941
  1  0.951
  1  1.074
  1  1.145
  1  1.023
  0  1.043
  0  0.978
  1  0.979
  1  0.999
  1  1.011
  1  1.008
  1  1.004
  1  0.998
  1  1.016
  1  0.993
  1  0.937
  1  1.098
  1  1.570
  1  0.943
  1  0.999
  1  0.939
  1  0.954
  1  1.138
  1  0.990
  1  0.927
  1  0.931
  1  1.007
  1  1.070
  1  1.052
  1  1.055
  1  1.202
  1  1.091
  1  0.991
  1  1.034
  1  1.268
  1  1.029
  1  1.099
  1  1.022
  1  0.963
  1  1.111
  1  0.998
  1  1.004
  1  1.370
  1  0.991
  1  1.085
  0  1.203
  1  1.052
  1  1.119
  1  0.983
  1  0.960
  1  1.043
  1  1.181
  1  1.175
  1  1.049
  1  0.943
  1  1.360
  1  1.011
  1  1.004
  1  0.909
  1  0.971
  1  1.718
  1  1.019
  1  0.951
  1  1.070
  1  1.418
  0  1.354
  1  0.986
  1  1.037
  1  1.127
  1  1.049
  1  0.959
  1  1.089
  1  1.461
  1  1.033
  1  0.962
  1  0.913
  1  1.260
  1  1.021
  1  0.954
  1  1.089
  1  1.290
  1  1.098
  1  1.119
  1  1.128
  1  1.137
  1  1.206
  1  1.310
  1  1.076
  1  1.275
  1  0.930
  1  0.986
  1  1.047
  1  1.009
  1  0.969
  1  1.214
  1  1.105
  1  0.985
  1  0.970
  1  1.008
  1  1.062
  1  1.481
  1  1.015
  1  1.006
  1  1.057
  1  0.962
  1  0.934
  1  1.015
  1  0.944
  1  1.049
  1  1.060
  1  1.106
  1  1.182
  1  0.952
  1  1.195
  1  1.146
  1  0.984
  1  1.142
  1  1.014
  1  1.238
  1  1.008
  1  1.016
  1  1.040
  1  1.191
  0  1.095
  1  1.284
  1  1.190
  1  1.058
  1  1.189
  1  1.166
  1  1.098
  1  0.978
  1  0.974
  1  0.959
  1  1.103
  1  1.022
  1  1.053
  1  1.016
  1  1.006
  1  0.943
  1  1.424
  1  1.211
  1  1.331
  1  1.080
  0  0.962
  1  0.958
  1  1.006
  1  1.435
  1  0.978
  1  0.972
  1  1.003
  1  1.024
  1  0.961
  1  1.077
  0  0.894
  1  1.082
  1  1.104
  1  1.033
  1  0.939
  1  0.980
  1  0.907
  1  1.128
  1  0.982
  1  0.973
  1  0.987
  1  0.999
  1  1.075
  1  0.978
  1  1.065
  1  1.241
  1  0.952
  1  0.905
  1  1.113
  1  1.026
  1  0.946
  1  1.137
  1  1.089
  0  0.986
  0  1.032
  1  0.983
  1  1.009
  1  1.013
  1  1.056
  1  1.141
  1  0.964
  1  0.966
  1  0.947
  1  1.106
  1  1.067
  1  0.955
  1  1.111
  1  0.956
  1  1.322
  1  1.193
  1  1.175
  1  1.115
  1  0.969
  1  1.050
  1  1.229
  1  1.007
  1  1.045
  1  1.071
  1  0.955
  0  0.890
  1  1.031
  1  0.947
  1  1.138
  1  0.994
  1  0.945
  1  1.001
  1  1.113
  1  1.032
  1  1.003
  1  0.993
  1  1.327
  1  0.996
  1  1.082
  1  0.928
  1  1.124
  1  0.958
  1  0.958
  1  1.069
  1  1.076
  1  1.031
  1  1.152
  1  0.957
  1  1.028
  1  0.978
  1  1.037
  1  1.057
  1  0.985
  1  0.933
  1  1.071
  1  0.941
  1  0.966
  1  1.034
  1  1.422
  1  0.998
  1  0.947
  1  1.081
  1  1.019
  1  0.999
  1  1.017
  1  0.979
  1  1.302
  1  0.895
  1  0.967
  1  1.044
  1  1.041
  1  1.227
  1  1.248
  1  1.165
  1  1.079
  0  0.948
  1  1.383
  1  1.146
  1  1.255
  1  1.023
  1  1.814
  1  1.062
  1  1.121
  1  1.019
  1  1.072
  1  1.096
  1  1.031
  1  0.960
  1  1.011
  1  1.244
  1  0.948
  1  1.076
  1  1.197
  1  1.133
  1  1.039
  1  1.040
  1  0.992
  1  1.295
  1  0.960
  1  1.152
  1  0.955
  1  1.632
  1  1.132
  1  0.989
  1  1.045
  1  1.016
  1  0.973
  1  0.950
  1  1.072
  1  0.996
  1  1.192
  1  1.045
  1  1.156
  1  0.962
  1  0.993
  1  1.100
  1  1.026
  1  1.390
  1  0.963
  1  0.915
  1  1.040
  1  0.994
  1  1.077
  1  1.065
  1  1.160
  1  0.938
  1  0.928
  1  1.245
  1  1.161
  1  0.920
  1  1.216
  1  1.095
  1  1.248
  1  0.949
  1  0.981
  1  1.050
  1  1.008
  1  1.022
  1  1.000
  0  1.075
  1  1.033
  1  1.122
  1  1.113
  1  1.213
  1  1.085
  1  0.898
  1  1.151
  1  0.953
  1  0.989
  1  0.952
  1  0.971
  1  1.057
  1  1.052
  1  0.989
  1  1.027
  0  1.011
  1  1.135
  1  1.179
  1  0.928
  1  0.959
  1  1.022
  1  1.192
  1  1.204
  1  0.976
  1  1.070
  1  1.200
  1  1.124
  1  0.947
  1  1.004
  1  1.064
  1  1.186
  1  1.100
  0  1.163
  1  0.901
  1  1.018
  1  1.067
  1  0.948
  1  1.023
  1  1.238
  1  1.235
  1  1.056
  1  0.980
  1  0.926
  1  0.954
  1  1.195
  1  0.975
  1  1.004
  1  0.987
  1  1.162
  1  0.922
  1  1.140
  1  1.126
  1  1.033
  1  1.024
  1  1.098
  1  1.184
  1  1.079
  1  0.969
  1  0.935
  1  1.007
  1  0.899
  1  0.970
  0  1.098
  1  0.918
  1  1.382
  1  1.102
  1  1.519
  1  1.016
  1  1.875
  0  1.015
  1  1.154
  1  1.018
  1  0.977
  1  0.926
  0  0.910
  1  0.988
  1  1.101
  1  1.037
  1  1.040
  1  1.069
  1  0.999
  1  1.054
  1  0.936
  1  1.025
  1  1.050
  1  1.056
  1  0.930
  1  1.050
  1  1.087
  1  1.273
  1  0.936
  1  1.114
  0  0.908
  0  1.329
  1  1.008
  0  1.060
  1  1.262
  0  1.051
  1  1.130
  1  1.301
  1  1.005
  1  1.031
  1  0.975
  1  0.962
  1  0.968
  1  1.050
  1  0.985
  1  0.972
  1  1.029
  1  1.059
  1  1.042
  1  1.143
  1  0.960
  1  0.998
  1  1.149
  1  1.025
  0  1.141
  1  1.016
  1  1.082
  1  1.041
  0  0.921
  1  1.179
  1  1.010
  1  1.077
  1  0.983
  1  1.206
  1  1.228
  1  1.047
  0  0.978
  1  1.032
  1  0.992
  1  1.231
  1  1.115
  1  1.086
