  0  0.775
  0  1.026
  1  1.280
  0  0.848
  1  1.055
  0  2.359
  0  0.843
  0  0.878
  0  0.932
  0  0.878
  0  0.966
  0  0.958
  0  1.267
  1  1.216
  0  1.142
  1  1.680
  0  2.307
  0  0.960
  1  1.264
  1  1.039
  1  1.129
  0  1.709
  0  0.948
  0  1.435
  0  0.872
  0  1.764
  1  1.581
  0  0.852
  0  0.945
  0  1.063
  0  0.730
  0  1.062
  1  1.125
  0  0.763
  0  0.990
  0  0.872
  1  1.137
  0  0.748
  0  1.318
  0  0.916
  0  1.390
  0  1.009
  1  1.318
  0  1.169
  0  1.603
  0  1.537
  1  1.197
  0  0.867
  1  1.384
  0  1.350
  0  1.258
  1  0.937
  1  1.299
  0  0.903
  0  2.217
  0  2.019
  0  1.073
  0  0.980
  0  0.941
  0  0.950
  0  0.961
  0  0.985
  0  0.926
  0  1.005
  0  1.383
  1  1.101
  1  2.846
  0  1.328
  0  0.981
  0  1.366
  0  1.235
  1  1.273
  0  1.018
  0  1.492
  0  1.448
  0  0.952
  1  0.880
  0  0.811
  0  0.800
  1  1.513
  1  1.059
  0  1.014
  0  0.870
  1  1.748
  0  0.885
  1  1.102
  0  0.905
  0  1.165
  1  1.163
  0  0.986
  0  0.961
  1  2.116
  0  1.011
  1  1.025
  0  2.787
  0  0.813
  1  1.197
  0  1.052
  0  1.186
  0  0.842
  1  1.436
  1  1.413
  0  0.823
  0  1.331
  1  2.080
  0  0.941
  0  0.964
  0  1.693
  0  1.114
  1  3.397
  0  0.917
  0  1.262
  1  0.883
  1  2.286
  0  3.348
  0  1.036
  0  0.862
  1  1.228
  0  0.820
  0  1.197
  1  1.052
  1  2.443
  0  0.873
  0  1.177
  0  1.649
  1  1.719
  0  0.910
  0  1.231
  1  1.051
  1  1.828
  1  1.097
  1  1.194
  1  1.233
  1  1.267
  1  1.525
  1  1.898
  1  0.959
  1  1.773
  0  1.455
  0  1.035
  0  0.829
  0  0.947
  0  1.125
  1  1.554
  1  1.131
  0  1.043
  0  1.121
  0  0.949
  0  0.767
  1  2.518
  0  0.927
  0  0.956
  0  0.790
  0  1.172
  0  1.412
  0  0.927
  0  1.321
  0  0.820
  0  0.778
  1  1.138
  1  1.438
  0  1.252
  1  1.486
  1  1.306
  0  1.047
  1  1.289
  0  0.929
  1  1.642
  0  0.950
  0  0.923
  0  0.850
  1  1.473
  0  2.397
  1  1.804
  1  1.467
  0  0.784
  1  1.465
  1  1.378
  1  1.098
  0  1.074
  0  1.100
  0  1.192
  1  1.123
  0  0.906
  0  0.807
  0  0.924
  0  0.956
  0  1.325
  1  2.310
  1  1.543
  1  1.975
  1  0.995
  0  1.980
  0  1.206
  0  0.956
  1  2.351
  0  1.077
  0  1.109
  0  0.964
  0  0.899
  0  1.182
  1  0.973
  0  1.878
  1  1.010
  1  1.129
  0  0.873
  0  1.362
  0  1.064
  0  1.711
  1  1.234
  0  1.056
  0  1.102
  0  1.032
  0  0.980
  1  0.954
  0  1.078
  0  0.745
  1  1.654
  0  1.251
  0  1.729
  1  1.168
  0  0.894
  0  1.303
  1  1.267
  1  1.052
  0  2.040
  0  2.181
  0  1.050
  0  0.947
  0  0.935
  0  0.797
  1  1.285
  0  1.164
  0  1.148
  0  1.293
  1  1.140
  1  0.749
  0  1.228
  1  1.162
  0  1.220
  1  1.942
  1  1.481
  1  1.415
  1  1.177
  0  1.129
  0  0.818
  1  1.611
  0  0.954
  0  0.835
  1  0.903
  0  1.227
  0  1.875
  0  0.878
  0  1.288
  1  1.272
  0  1.000
  0  1.313
  0  0.973
  1  1.170
  0  0.877
  0  0.965
  0  1.003
  1  1.961
  0  0.994
  1  1.007
  0  1.482
  1  1.218
  0  1.205
  0  1.205
  1  0.868
  1  0.957
  0  0.879
  1  1.326
  0  1.213
  0  0.888
  0  1.075
  0  0.859
  0  0.790
  0  1.039
  0  1.430
  1  0.904
  0  1.347
  0  1.149
  0  0.869
  1  2.301
  0  0.986
  0  1.297
  1  1.002
  0  0.915
  0  0.982
  0  0.921
  0  1.072
  1  1.871
  0  1.811
  0  1.143
  0  0.838
  0  0.849
  1  1.602
  1  1.677
  1  1.375
  1  0.986
  0  1.950
  1  2.161
  1  1.305
  1  1.702
  0  0.904
  1  3.754
  0  0.768
  1  1.203
  0  0.916
  1  0.912
  1  1.087
  0  0.879
  0  1.188
  0  0.941
  1  1.664
  0  1.281
  1  0.962
  1  1.493
  1  1.252
  0  0.854
  0  0.851
  0  1.008
  1  1.846
  0  1.186
  1  1.327
  0  1.226
  1  3.075
  1  1.247
  0  1.023
  0  0.834
  0  0.924
  0  1.107
  0  1.263
  1  0.915
  0  0.992
  1  1.475
  0  0.835
  1  1.344
  0  1.173
  0  1.005
  1  1.110
  0  0.895
  1  2.187
  0  1.170
  0  1.621
  0  0.852
  0  0.999
  1  0.970
  0  0.747
  1  1.357
  0  1.381
  0  1.479
  1  1.666
  1  1.363
  0  1.571
  1  1.562
  1  1.085
  1  1.678
  0  1.274
  0  1.061
  0  0.816
  0  0.949
  0  0.907
  0  0.978
  0  2.327
  0  0.874
  1  1.209
  1  1.170
  1  1.550
  1  1.027
  0  1.794
  1  1.323
  0  1.240
  0  1.024
  0  1.249
  0  1.114
  0  0.791
  0  0.810
  0  1.024
  0  0.891
  0  2.115
  1  1.262
  1  1.427
  0  1.486
  0  1.196
  0  0.907
  1  1.474
  1  1.518
  0  1.086
  1  0.885
  1  1.503
  1  1.217
  0  1.294
  0  0.962
  0  0.755
  1  1.452
  1  1.108
  0  2.641
  0  1.771
  0  0.917
  0  0.724
  0  1.286
  0  0.902
  1  1.640
  1  1.632
  0  0.795
  0  1.065
  0  1.508
  0  1.234
  1  1.487
  0  1.092
  0  0.964
  0  1.032
  1  1.365
  0  1.548
  1  1.280
  1  1.226
  0  0.872
  0  0.900
  1  1.100
  1  1.448
  1  0.987
  0  1.131
  0  1.409
  0  0.952
  0  1.785
  0  1.122
  0  2.407
  0  1.593
  1  2.156
  1  1.119
  1  2.658
  0  0.926
  1  3.983
  0  2.126
  1  1.334
  0  0.918
  0  1.079
  0  1.500
  0  1.892
  0  1.025
  1  1.112
  0  0.860
  0  0.850
  1  0.864
  0  0.981
  0  0.805
  0  1.398
  0  0.896
  0  0.819
  0  0.795
  0  1.462
  0  0.818
  1  1.038
  1  1.767
  0  1.396
  1  1.174
  0  1.890
  0  3.254
  0  0.950
  0  2.275
  1  1.729
  0  2.243
  1  1.242
  1  1.867
  0  0.959
  0  0.880
  0  1.093
  0  1.177
  0  1.132
  0  0.820
  0  1.038
  0  1.112
  0  0.884
  0  0.782
  0  0.846
  1  1.294
  0  1.190
  0  0.985
  1  1.315
  0  0.899
  0  2.561
  0  0.925
  1  1.008
  0  0.847
  0  1.905
  1  1.427
  0  0.944
  1  0.965
  0  1.048
  1  1.527
  1  1.605
  0  0.829
  0  2.020
  0  0.878
  0  1.009
  1  1.617
  1  1.179
  1  1.035
