  0  0.887
  0  0.736
  0  0.860
  0  1.160
  0  0.883
  0  0.816
  0  0.856
  0  0.980
  0  0.832
  0  0.822
  0  0.745
  0  0.760
  0  0.736
  0  1.057
  0  0.898
  0  0.797
  0  0.708
  0  0.760
  0  0.713
  0  0.810
  0  0.779
  0  0.683
  0  0.737
  0  1.148
  0  0.807
  0  0.818
  0  0.932
  0  0.827
  0  0.676
  0  0.776
  0  1.024
  0  0.913
  0  0.864
  0  0.711
  0  0.908
  0  0.778
  0  0.822
  0  0.987
  0  0.960
  0  0.770
  0  0.813
  0  0.743
  0  0.705
  0  0.820
  0  0.804
  0  0.682
  0  0.793
  0  0.742
  0  0.807
  0  0.841
  0  1.147
  0  0.877
  0  0.660
  0  0.815
  0  0.724
  0  0.871
  0  0.818
  0  0.720
  0  0.844
  0  1.387
  0  0.674
  0  0.720
  0  0.785
  0  0.782
  0  0.746
  0  0.773
  0  0.894
  0  0.792
  0  0.845
  0  0.966
  0  0.861
  0  0.670
  0  0.802
  0  0.978
  0  0.786
  0  0.834
  0  0.716
  0  0.777
  0  0.797
  0  0.662
  0  0.728
  0  1.049
  0  0.900
  0  0.691
  0  0.813
  0  0.882
  0  0.863
  0  0.839
  0  0.707
  0  0.805
  0  0.689
  0  0.667
  0  0.725
  0  0.678
  0  0.919
  0  0.786
  0  0.798
  0  0.856
  0  0.841
  0  0.736
  0  0.760
  0  0.682
  0  0.855
  0  0.653
  0  0.899
  0  0.696
  0  0.748
  0  0.800
  0  0.870
  0  0.848
  0  0.816
  0  0.773
  0  0.836
  0  0.858
  0  0.822
  0  0.720
  0  0.797
  0  0.797
  0  0.883
  0  0.804
  0  0.805
  0  0.959
  0  0.745
  0  0.808
  0  0.869
  0  0.871
  0  0.868
  0  1.105
  0  0.723
  0  0.667
  0  0.783
  0  0.807
  0  0.816
  0  0.804
  0  0.722
  0  0.741
  0  1.014
  0  0.809
  0  0.665
  0  0.772
  0  0.820
  0  0.717
  0  0.825
  0  0.643
  0  0.763
  0  0.694
  0  0.884
  0  0.666
  0  0.713
  0  1.139
  0  0.767
  0  0.822
  0  0.663
  0  0.801
  0  0.904
  0  0.697
  0  1.223
  0  0.845
  0  0.669
  0  0.701
  0  0.858
  0  0.760
  0  0.844
  0  0.693
  0  0.794
  0  0.670
  0  0.749
  0  0.983
  0  0.957
  0  1.069
  0  0.775
  0  1.008
  0  0.785
  0  0.894
  0  1.063
  0  0.831
  0  0.691
  0  0.758
  0  0.898
  0  0.754
  0  0.639
  0  0.886
  0  0.697
  0  0.768
  0  0.736
  0  0.892
  0  1.097
  0  0.814
  0  0.996
  0  0.920
  0  0.850
  0  0.738
  0  0.768
  0  0.997
  0  0.882
  0  0.989
  0  1.086
  0  1.128
  0  0.972
  0  0.978
  0  0.720
  0  0.840
  0  0.786
  0  0.772
  0  0.784
  0  0.704
  0  0.773
  0  0.726
  0  0.806
  0  0.836
  0  0.832
  0  0.796
  0  0.858
  0  0.894
  0  0.712
  0  0.763
  0  0.789
  0  0.997
  0  0.720
  0  0.843
  0  0.973
  0  0.789
  0  0.756
  0  0.714
  0  0.712
  0  0.776
  0  0.681
  0  0.983
  0  1.214
  0  1.049
  0  0.797
  0  0.735
  0  0.921
  0  0.775
  0  1.326
  0  0.700
  0  0.818
  0  1.088
  0  0.953
  0  0.846
  0  0.692
  0  1.236
  0  0.788
  0  0.790
  0  0.786
  0  0.758
  0  0.910
  0  0.742
  0  0.695
  0  0.782
  0  0.777
  0  0.899
  0  0.823
  0  0.808
  0  0.745
  0  0.630
  0  0.808
  0  0.754
  0  0.848
  0  0.674
  0  0.728
  0  0.666
  0  0.653
  0  0.743
  0  0.878
  0  1.036
  0  0.766
  0  0.754
  0  0.855
  0  0.722
  0  0.787
  0  0.706
  0  0.663
  0  0.611
  0  0.641
  0  0.783
  0  0.721
  0  0.903
  0  1.004
  0  0.916
  0  0.727
  0  0.804
  0  0.810
  0  0.804
  0  0.804
  0  0.858
  0  0.618
  0  0.743
  0  0.746
  0  0.734
  0  0.807
  0  0.810
  0  0.959
  0  0.762
  0  0.989
  0  0.636
  0  0.696
  0  0.883
  0  0.711
  0  0.745
  0  0.762
  0  0.762
  0  0.853
  0  0.879
  0  0.729
  0  0.621
  0  0.712
  0  0.818
  0  0.693
  0  0.913
  0  0.906
  0  0.683
  0  0.939
  0  0.852
  0  0.835
  0  0.748
  0  0.854
  0  0.716
  0  0.641
  0  0.788
  0  0.643
  0  1.336
  0  0.622
  0  0.777
  0  0.718
  0  0.808
  0  0.836
  0  0.740
  0  0.737
  0  0.785
  0  0.788
  0  0.835
  0  0.878
  0  0.704
  0  0.769
  0  0.844
  0  0.959
  0  0.781
  0  0.874
  0  0.711
  0  0.767
  0  0.801
  0  0.878
  0  1.006
  0  0.878
  0  1.065
  0  0.736
  0  1.050
  0  0.794
  0  0.786
  0  0.874
  0  0.676
  0  0.659
  0  1.071
  0  0.662
  0  0.752
  0  0.623
  0  0.791
  0  0.775
  0  0.630
  0  0.737
  0  0.851
  0  0.642
  0  0.754
  0  0.954
  0  0.710
  0  0.726
  0  0.772
  0  0.810
  0  0.620
  0  0.869
  0  0.702
  0  0.722
  0  0.798
  0  0.884
  0  1.092
  0  0.714
  0  0.624
  0  0.863
  0  0.753
  0  0.771
  0  1.108
  0  0.712
  0  0.707
  0  0.920
  0  0.791
  0  0.747
  0  0.693
  0  1.026
  0  0.770
  0  0.758
  0  0.767
  0  0.692
  0  0.808
  0  0.817
  0  0.932
  0  0.881
  0  0.986
  0  1.079
  0  0.738
  0  1.008
  0  0.904
  0  0.767
  0  0.716
  0  0.912
  0  0.881
  0  0.958
  0  0.801
  0  0.738
  0  1.304
  0  0.778
  0  0.712
  0  0.889
  0  0.946
  0  0.761
  0  0.744
  0  0.784
  0  0.816
  0  0.761
  0  0.749
  0  0.868
  0  1.193
  0  0.736
  0  0.840
  0  0.717
  0  0.820
  0  0.767
  0  0.724
  0  0.749
  0  0.926
  0  0.818
  0  0.855
  0  0.733
  0  0.841
  0  0.878
  0  1.060
  0  0.713
  0  0.854
  0  1.389
  0  1.060
  0  0.774
  0  0.853
  0  0.780
  0  0.712
  0  1.173
  0  0.768
  0  0.998
  0  0.651
  0  0.816
  0  0.766
  0  0.811
  0  0.668
  0  0.875
  0  0.748
  0  0.744
  0  0.918
  0  0.740
  0  0.783
  0  0.706
  0  0.820
  0  0.694
  0  0.839
  0  0.758
  0  0.840
  0  0.753
  0  0.695
  0  0.782
  0  0.866
  0  0.658
  0  0.912
  0  0.710
  0  0.920
  0  0.767
  0  0.667
  0  0.783
  0  0.847
  0  0.916
  0  0.940
  0  0.749
  0  0.802
  0  0.731
  0  0.649
  0  0.795
  0  0.710
  0  0.905
  0  0.800
  0  0.828
  0  0.883
  0  0.770
  0  0.811
  0  0.662
  0  0.880
  0  0.797
  0  0.656
  0  0.804
  0  0.871
  0  0.703
  0  0.879
  0  0.822
  0  0.814
