  0  0.863
  0  0.819
  0  0.807
  0  0.741
  0  0.799
  0  0.958
  0  1.255
  0  0.844
  0  1.581
  0  0.852
  0  0.876
  0  1.208
  0  0.820
  0  0.840
  0  0.885
  0  1.023
  0  0.771
  0  0.794
  0  0.745
  0  0.770
  0  0.850
  0  0.891
  0  0.769
  0  0.769
  0  0.963
  0  0.721
  0  0.865
  0  0.703
  0  0.744
  0  0.870
  0  0.865
  0  0.795
  0  0.950
  0  0.712
  0  0.763
  0  0.814
  0  0.826
  0  0.863
  0  0.917
  0  0.714
  0  0.727
  0  0.828
  0  0.743
  0  0.996
  0  0.989
  0  0.764
  0  0.744
  0  0.795
  0  0.849
  0  0.814
  0  0.930
  0  1.082
  0  0.889
  0  0.847
  0  0.840
  0  0.854
  0  0.807
  0  0.850
  0  0.790
  0  1.205
  0  0.837
  0  0.891
  0  0.822
  0  0.863
  0  0.730
  0  0.859
  0  0.794
  0  0.813
  0  0.882
  0  0.783
  0  0.890
  0  1.036
  0  0.894
  0  0.864
  0  0.852
  0  0.754
  0  0.846
  0  0.788
  0  0.837
  0  0.862
  0  0.781
  0  0.882
  0  0.858
  0  0.794
  0  0.902
  0  0.867
  0  0.961
  0  0.780
  0  0.724
  0  0.783
  0  0.940
  0  1.092
  0  0.743
  0  0.806
  0  0.831
  0  0.827
  0  0.866
  1  1.006
  0  0.893
  0  0.783
  0  1.246
  0  0.810
  0  0.799
  0  0.896
  0  0.881
  0  0.797
  0  0.873
  0  0.773
  0  0.793
  0  0.852
  0  0.803
  0  0.949
  0  1.063
  0  0.849
  0  0.801
  0  0.748
  0  0.830
  0  0.791
  0  0.950
  0  0.872
  0  0.806
  0  0.693
  0  0.776
  0  0.812
  0  0.796
  0  0.719
  0  0.805
  0  0.868
  0  0.933
  0  0.818
  0  0.772
  0  0.771
  0  0.936
  0  0.747
  0  0.830
  0  0.738
  0  0.935
  0  0.983
  0  0.911
  0  0.765
  0  0.977
  0  0.966
  0  0.867
  0  0.766
  0  0.912
  1  0.770
  0  0.748
  0  0.835
  0  0.929
  0  0.836
  0  1.158
  0  0.832
  0  0.799
  0  0.880
  0  0.986
  0  0.944
  0  0.780
  0  0.724
  0  1.010
  0  0.989
  1  0.839
  0  0.755
  1  1.098
  0  0.833
  0  0.799
  0  0.765
  0  0.982
  0  0.906
  0  0.909
  0  0.806
  0  0.820
  0  0.838
  0  0.827
  0  1.022
  0  0.822
  0  0.988
  0  0.813
  0  0.794
  0  1.236
  0  0.817
  0  0.841
  0  0.789
  0  0.744
  0  0.763
  0  0.865
  0  0.868
  0  0.844
  0  0.779
  0  0.796
  0  0.792
  0  0.821
  0  0.714
  0  0.842
  0  0.996
  0  0.866
  0  0.798
  0  0.793
  0  0.821
  0  0.767
  0  0.733
  0  0.838
  0  0.935
  0  0.792
  0  0.806
  0  0.742
  0  0.924
  0  0.813
  0  0.763
  0  1.227
  0  1.239
  0  0.744
  0  1.066
  0  0.998
  0  0.852
  0  0.806
  0  0.942
  0  0.903
  0  0.809
  0  0.831
  0  0.783
  0  0.738
  0  0.762
  0  0.819
  0  0.788
  0  0.784
  0  0.736
  0  0.744
  0  0.872
  0  0.833
  0  0.829
  0  0.753
  0  0.831
  0  0.883
  0  0.734
  0  0.753
  0  0.816
  0  0.871
  0  0.771
  0  1.074
  0  0.931
  1  0.694
  0  0.748
  0  0.814
  0  0.849
  0  1.075
  0  0.885
  0  0.833
  0  0.889
  0  0.872
  0  1.040
  0  0.838
  0  0.805
  0  0.826
  0  0.801
  0  0.862
  0  1.146
  0  0.927
  0  0.839
  0  0.716
  0  0.987
  0  0.854
  0  1.007
  0  0.776
  0  0.815
  0  0.758
  0  0.862
  0  0.762
  0  0.738
  0  1.065
  0  0.715
  0  0.859
  0  0.719
  0  0.823
  1  0.752
  0  0.712
  0  0.882
  0  1.792
  0  0.805
  0  1.079
  1  1.195
  0  0.818
  0  0.757
  0  0.830
  0  0.738
  0  0.838
  0  0.918
  0  0.761
  0  0.897
  0  1.117
  0  0.998
  0  0.789
  0  0.804
  0  0.964
  0  1.060
  0  0.862
  0  0.797
  0  0.901
  0  1.059
  0  0.862
  0  0.836
  0  0.793
  0  1.041
  0  0.853
  0  0.739
  0  0.773
  0  0.854
  0  0.873
  0  0.969
  0  0.897
  0  0.834
  0  0.868
  0  1.000
  0  0.866
  0  0.780
  0  0.815
  0  0.946
  0  0.814
  0  0.788
  0  0.746
  0  0.902
  0  0.783
  0  0.824
  0  0.786
  0  0.856
  0  0.806
  0  0.927
  0  0.750
  0  0.783
  0  0.892
  0  0.733
  0  1.149
  0  1.011
  0  0.740
  0  0.808
  0  0.891
  0  0.782
  0  0.847
  0  0.853
  0  0.786
  0  0.721
  0  0.998
  0  0.820
  0  0.800
  0  0.814
  0  0.982
  0  0.761
  0  0.759
  0  0.726
  0  0.860
  0  0.880
  0  0.848
  0  0.747
  0  0.820
  0  0.779
  1  0.863
  0  0.747
  0  0.756
  0  1.134
  0  0.916
  0  1.163
  0  0.841
  0  0.737
  0  0.823
  0  0.848
  0  0.771
  0  0.873
  0  0.777
  0  0.915
  0  0.806
  0  0.737
  0  0.743
  0  0.757
  0  0.820
  0  0.777
  0  0.756
  0  0.842
  0  1.022
  0  0.831
  0  0.906
  1  0.807
  0  0.781
  0  0.734
  0  0.904
  0  0.954
  0  0.851
  0  0.813
  0  0.778
  0  0.750
  0  0.769
  0  0.772
  0  0.833
  0  0.766
  0  0.775
  0  0.727
  0  0.792
  0  0.845
  0  0.983
  0  0.818
  0  0.807
  0  0.741
  0  0.814
  0  0.756
  0  0.799
  0  0.943
  0  0.846
  0  0.914
  0  0.718
  0  0.855
  0  0.814
  0  1.230
  0  0.751
  0  0.802
  0  0.755
  0  0.844
  0  0.788
  0  0.791
  0  0.750
  0  0.821
  0  0.883
  0  0.737
  0  0.821
  0  0.874
  0  0.727
  0  0.842
  0  0.857
  0  0.891
  0  0.780
  0  0.727
  0  0.792
  0  0.804
  0  0.777
  0  1.206
  1  1.468
  0  0.852
  0  0.795
  0  0.862
  1  1.032
  0  0.737
  0  0.836
  0  0.973
  1  0.776
  0  0.975
  0  0.876
  0  0.798
  0  0.847
  0  0.935
  0  0.862
  0  0.989
  0  0.787
  0  0.992
  0  0.849
  0  1.008
  0  0.759
  0  0.855
  0  0.890
  0  0.775
  0  0.867
  0  0.713
  0  0.854
  0  0.900
  0  0.778
  0  0.834
  0  0.809
  0  0.860
  0  0.924
  0  0.829
  0  0.762
  0  0.831
  0  0.776
  0  0.980
  0  0.929
  0  0.731
  0  0.828
  0  0.939
  0  0.742
  0  0.994
  0  0.922
  0  0.915
  0  0.784
  0  0.900
  0  0.855
  0  0.850
  0  1.035
  0  0.943
  0  0.877
  0  0.813
  0  0.833
  0  0.847
  0  0.854
  0  0.864
  0  0.817
  0  0.842
  0  0.805
  0  0.779
  0  0.723
  0  0.752
  0  0.740
  0  0.954
  0  0.875
  0  1.553
