  1  0.743
  0  0.733
  0  0.691
  0  0.706
  0  0.951
  1  0.619
  1  0.742
  1  0.823
  0  0.773
  0  0.712
  1  0.651
  1  0.698
  1  1.066
  1  0.676
  1  0.764
  1  0.692
  1  0.635
  1  0.704
  1  0.620
  0  0.726
  1  0.647
  1  0.614
  1  0.628
  0  0.810
  1  0.610
  1  0.636
  1  0.604
  1  0.665
  0  0.765
  0  0.871
  1  0.665
  0  0.646
  1  0.616
  1  0.713
  0  0.833
  0  0.657
  1  0.736
  1  0.621
  0  0.759
  1  0.689
  1  0.630
  1  0.707
  1  0.607
  1  0.799
  0  0.749
  1  0.675
  0  0.640
  1  0.573
  0  0.670
  1  0.613
  0  0.642
  1  0.711
  1  0.698
  1  0.634
  1  0.608
  0  0.628
  1  0.679
  0  0.723
  0  0.722
  1  0.813
  0  0.738
  1  0.659
  1  0.615
  0  0.660
  0  0.800
  0  0.686
  0  0.725
  1  0.703
  0  1.095
  0  0.726
  1  0.706
  1  0.616
  1  0.608
  0  0.653
  0  0.815
  0  1.009
  1  0.635
  1  0.689
  0  0.698
  1  0.624
  0  0.626
  1  0.580
  1  0.596
  0  0.674
  0  0.655
  1  0.842
  0  0.790
  0  0.725
  1  0.633
  0  0.720
  0  0.781
  0  0.655
  0  0.661
  0  0.657
  0  0.724
  1  0.760
  1  0.660
  0  0.657
  1  0.788
  1  0.622
  0  1.278
  1  0.757
  0  0.893
  0  1.090
  1  0.632
  1  0.682
  1  0.622
  1  0.595
  0  0.698
  0  0.696
  0  0.655
  1  0.888
  1  0.575
  1  0.901
  0  0.714
  1  0.611
  0  0.685
  1  0.857
  1  0.616
  0  0.688
  1  0.575
  0  0.686
  1  0.806
  0  0.884
  0  0.696
  1  0.602
  0  0.647
  0  0.808
  0  0.620
  1  0.616
  1  0.613
  0  0.645
  1  0.653
  0  0.602
  1  0.613
  0  0.675
  0  0.618
  1  0.841
  0  0.731
  1  0.805
  1  0.778
  0  0.794
  0  1.009
  1  0.941
  1  0.661
  1  0.962
  0  0.710
  0  0.685
  0  1.231
  0  0.754
  0  0.640
  1  0.703
  0  0.728
  1  0.673
  1  0.630
  1  0.807
  0  0.661
  1  0.640
  1  0.635
  1  0.766
  1  0.998
  1  0.637
  1  0.630
  0  0.815
  1  0.648
  1  0.706
  0  0.651
  0  0.756
  1  0.859
  1  0.580
  1  0.715
  1  0.687
  1  0.620
  1  0.631
  1  0.780
  1  0.636
  0  0.845
  1  0.815
  1  0.596
  0  0.633
  1  0.815
  1  0.906
  0  0.632
  1  0.613
  1  0.636
  0  0.681
  0  0.672
  0  0.621
  0  0.788
  1  0.782
  1  0.906
  1  0.774
  0  0.692
  0  0.848
  1  0.601
  1  0.657
  1  0.915
  0  0.741
  1  0.721
  1  0.757
  1  0.656
  0  0.666
  0  0.615
  1  0.691
  1  0.657
  1  0.578
  0  0.923
  1  0.642
  0  0.667
  0  0.752
  1  0.653
  0  0.651
  0  0.818
  1  0.874
  1  0.681
  1  0.641
  1  0.685
  0  0.679
  1  0.626
  1  0.583
  1  0.858
  1  0.718
  1  0.770
  0  0.876
  1  0.806
  1  0.653
  1  0.852
  1  0.592
  0  0.617
  0  0.647
  0  0.718
  1  0.607
  1  0.584
  0  0.854
  0  0.663
  1  0.724
  1  0.788
  0  0.734
  1  0.573
  1  0.657
  1  0.704
  1  0.716
  1  0.634
  1  0.648
  1  1.059
  1  0.742
  1  0.671
  1  1.135
  0  0.633
  0  0.977
  0  0.686
  1  0.703
  0  0.730
  0  0.675
  1  0.612
  1  0.690
  0  0.883
  0  0.841
  0  1.021
  0  0.811
  0  1.110
  1  0.630
  0  0.686
  1  0.881
  1  0.831
  1  0.713
  0  0.758
  0  0.649
  0  0.691
  0  0.679
  1  0.614
  1  0.773
  0  0.902
  0  0.643
  1  0.758
  1  0.638
  1  0.633
  1  0.695
  0  0.694
  1  0.595
  1  0.660
  1  0.656
  1  0.752
  0  0.665
  0  0.732
  0  0.764
  1  0.646
  0  0.696
  0  0.693
  1  0.624
  1  0.656
  1  0.624
  1  0.664
  1  0.680
  0  0.882
  0  0.916
  1  0.729
  1  0.867
  0  0.728
  0  0.696
  0  0.788
  0  0.737
  0  0.721
  0  0.712
  1  0.701
  0  0.865
  1  0.652
  0  0.646
  0  0.658
  0  0.636
  1  0.835
  1  0.810
  0  0.840
  1  0.697
  0  0.780
  1  0.627
  1  0.623
  1  0.747
  0  0.850
  0  0.737
  1  0.634
  0  0.647
  0  0.715
  1  0.637
  1  0.593
  1  0.961
  1  0.657
  1  0.599
  1  0.618
  0  0.621
  0  1.005
  1  0.592
  0  0.700
  1  0.618
  0  0.712
  1  0.758
  0  0.608
  1  0.735
  1  0.648
  1  0.726
  0  0.735
  1  0.574
  1  0.611
  1  0.614
  0  0.842
  1  0.605
  0  0.691
  0  0.844
  1  0.780
  1  1.035
  1  0.818
  1  0.885
  0  0.953
  1  0.739
  1  0.632
  0  0.917
  0  0.679
  1  0.630
  1  0.620
  1  0.705
  0  0.643
  1  0.662
  1  0.699
  1  0.712
  1  0.701
  0  0.689
  1  0.748
  1  0.843
  0  0.947
  1  0.618
  0  0.653
  1  0.597
  0  0.885
  1  0.729
  0  0.627
  0  0.626
  1  0.736
  1  0.749
  1  0.577
  0  0.689
  0  0.713
  1  0.723
  1  0.636
  0  0.669
  1  0.625
  0  0.633
  0  0.811
  1  0.638
  1  0.829
  0  0.625
  0  0.660
  1  0.612
  0  0.799
  1  0.632
  1  0.708
  0  0.785
  0  0.795
  1  0.809
  0  0.690
  1  0.909
  1  0.613
  1  0.687
  1  0.700
  1  0.836
  1  0.715
  1  0.694
  1  0.670
  0  0.681
  0  0.853
  1  0.714
  0  0.712
  0  0.714
  1  0.728
  1  0.651
  1  0.687
  1  0.629
  1  0.594
  1  0.721
  1  0.674
  1  0.622
  0  0.788
  1  0.806
  1  0.689
  0  0.657
  1  0.639
  1  0.654
  0  0.684
  1  0.609
  1  0.684
  1  0.587
  1  0.705
  1  0.617
  0  0.869
  0  0.789
  1  0.784
  0  0.678
  1  0.708
  0  0.709
  1  0.597
  0  0.650
  0  0.747
  1  0.729
  1  0.849
  0  0.738
  1  0.651
  1  0.638
  0  0.657
  0  0.624
  1  0.652
  1  0.923
  0  0.959
  0  0.621
  1  0.684
  1  0.674
  1  0.670
  1  0.657
  1  1.037
  1  0.630
  1  0.743
  0  0.673
  0  0.830
  1  0.706
  1  0.661
  0  0.804
  1  0.851
  0  0.825
  0  0.654
  0  0.702
  1  0.678
  0  0.664
  0  0.679
  0  0.713
  1  0.608
  1  0.797
  1  0.749
  0  0.757
  0  0.623
  1  0.924
  1  0.645
  1  0.819
  0  0.818
  1  0.656
  0  0.821
  0  0.734
  1  0.637
  0  0.627
  1  0.883
  1  0.679
  0  0.635
  0  0.813
  0  0.733
  1  0.817
  0  0.674
  1  0.726
  1  0.801
  1  0.734
  0  0.615
  0  0.702
  1  0.744
  1  0.611
