  1  0.982
  1  0.611
  1  0.654
  1  0.638
  0  0.873
  1  0.769
  1  0.980
  1  1.150
  1  0.574
  1  0.631
  1  0.821
  1  0.900
  1  1.856
  1  0.862
  1  1.023
  1  0.889
  1  0.795
  1  0.909
  1  0.771
  1  0.617
  1  0.815
  1  0.762
  1  0.784
  1  0.543
  1  0.756
  1  0.797
  1  0.747
  1  0.844
  1  0.581
  1  0.474
  1  0.844
  1  0.705
  1  0.764
  1  0.925
  1  0.522
  1  0.693
  1  0.969
  1  0.772
  1  0.587
  1  0.885
  1  0.788
  1  0.915
  1  0.751
  1  1.095
  1  0.596
  1  0.861
  1  0.710
  1  0.724
  1  0.678
  1  0.761
  1  0.708
  1  0.922
  1  0.900
  1  0.794
  1  0.753
  1  0.717
  1  0.868
  1  0.621
  1  0.621
  1  1.128
  1  0.606
  1  0.835
  1  0.763
  1  0.690
  1  0.551
  1  0.660
  1  0.618
  1  0.908
  0  1.420
  1  0.617
  1  0.914
  1  0.764
  1  0.752
  1  0.698
  1  0.538
  0  1.077
  1  0.796
  1  0.885
  1  0.647
  1  0.778
  1  0.718
  1  0.726
  1  0.738
  1  0.673
  1  0.695
  1  1.194
  1  0.559
  1  0.618
  1  0.792
  1  0.623
  1  0.567
  1  0.695
  1  0.688
  1  0.693
  1  0.619
  1  1.014
  1  0.836
  1  0.693
  1  1.072
  1  0.775
  0  2.215
  1  1.008
  0  0.649
  0  1.400
  1  0.790
  1  0.873
  1  0.774
  1  0.737
  1  0.647
  1  0.649
  1  0.695
  1  1.312
  1  0.725
  1  1.345
  1  0.630
  1  0.757
  1  0.661
  1  1.232
  1  0.764
  1  0.657
  1  0.725
  1  0.660
  1  1.111
  0  0.580
  1  0.649
  1  0.745
  1  0.703
  1  0.544
  1  0.720
  1  0.765
  1  0.759
  1  0.705
  1  0.824
  1  0.723
  1  0.760
  1  0.672
  1  0.721
  1  1.193
  1  0.613
  1  1.109
  1  1.052
  1  0.556
  0  1.078
  1  1.459
  1  0.838
  1  1.521
  1  0.634
  1  0.661
  0  2.004
  1  0.591
  1  0.710
  1  0.908
  1  0.616
  1  0.858
  1  0.788
  1  1.113
  1  0.688
  1  0.803
  1  0.796
  1  1.026
  1  1.632
  1  0.798
  1  0.787
  1  0.538
  1  0.816
  1  0.913
  1  0.699
  1  0.589
  1  1.236
  1  0.727
  1  0.930
  1  0.881
  1  0.771
  1  0.789
  1  1.056
  1  0.797
  1  0.511
  1  1.132
  1  0.738
  1  0.714
  1  1.133
  1  1.361
  1  0.715
  1  0.761
  1  0.796
  1  0.665
  1  0.676
  1  0.720
  1  0.561
  1  1.060
  1  1.360
  1  1.042
  1  0.653
  1  0.507
  1  0.743
  1  0.831
  1  1.384
  1  0.603
  1  0.941
  1  1.009
  1  0.829
  1  0.683
  1  0.721
  1  0.888
  1  0.831
  1  0.726
  0  0.777
  1  0.807
  1  0.682
  1  0.593
  1  0.825
  1  0.699
  1  0.536
  1  1.276
  1  0.871
  1  0.805
  1  0.878
  1  0.668
  1  0.781
  1  0.728
  1  1.234
  1  0.936
  1  1.034
  1  0.456
  1  1.111
  1  0.825
  1  1.219
  1  0.735
  1  0.721
  1  0.703
  1  0.626
  1  0.751
  1  0.728
  1  0.501
  1  0.686
  1  0.946
  1  1.072
  1  0.610
  1  0.724
  1  0.831
  1  0.911
  1  0.931
  1  0.793
  1  0.817
  1  1.832
  1  0.980
  1  0.854
  1  2.103
  1  0.714
  0  0.963
  1  0.660
  1  0.909
  1  0.613
  1  0.672
  1  0.759
  1  0.886
  0  0.569
  1  0.515
  0  1.122
  1  0.541
  0  1.482
  1  0.787
  1  0.660
  1  1.292
  1  1.168
  1  0.925
  1  0.587
  1  0.701
  1  0.655
  1  0.667
  1  0.761
  1  1.040
  0  0.697
  1  0.707
  1  1.011
  1  0.801
  1  0.792
  1  0.894
  1  0.651
  1  0.737
  1  0.836
  1  0.830
  1  0.999
  1  0.684
  1  0.611
  1  0.582
  1  0.813
  1  0.649
  1  0.652
  1  0.778
  1  0.829
  1  0.777
  1  0.843
  1  0.870
  0  0.553
  0  0.753
  1  0.956
  1  1.256
  1  0.615
  1  0.649
  1  0.561
  1  0.607
  1  0.622
  1  0.632
  1  0.905
  1  0.485
  1  0.822
  1  0.704
  1  0.692
  1  0.713
  1  1.178
  1  1.121
  1  0.515
  1  0.898
  1  0.568
  1  0.783
  1  0.776
  1  0.989
  1  0.505
  1  0.607
  1  0.793
  1  0.703
  1  0.628
  1  0.798
  1  0.735
  1  1.518
  1  0.831
  1  0.741
  1  0.769
  1  0.720
  0  1.062
  1  0.734
  1  0.645
  1  0.767
  1  0.632
  1  1.011
  1  0.723
  1  0.966
  1  0.816
  1  0.950
  1  0.609
  1  0.724
  1  0.757
  1  0.761
  1  0.514
  1  0.749
  1  0.654
  1  0.511
  1  1.055
  1  1.753
  1  1.138
  1  1.305
  0  0.877
  1  0.973
  1  0.790
  0  0.757
  1  0.668
  1  0.786
  1  0.771
  1  0.913
  1  0.706
  1  0.839
  1  0.902
  1  0.925
  1  0.905
  1  0.656
  1  0.991
  1  1.196
  0  0.857
  1  0.768
  1  0.697
  1  0.740
  0  0.592
  1  0.955
  1  0.717
  1  0.718
  1  0.968
  1  0.994
  1  0.725
  1  0.657
  1  0.631
  1  0.945
  1  0.797
  1  0.679
  1  0.779
  1  0.714
  1  0.542
  1  0.800
  1  1.163
  1  0.718
  1  0.690
  1  0.758
  1  0.551
  1  0.791
  1  0.916
  1  0.563
  1  0.555
  1  1.118
  1  0.656
  1  1.368
  1  0.761
  1  0.882
  1  0.903
  1  1.180
  1  0.930
  1  0.893
  1  0.852
  1  0.665
  1  0.501
  1  0.928
  1  0.632
  1  0.630
  1  0.953
  1  0.822
  1  0.881
  1  0.785
  1  0.736
  1  0.941
  1  0.859
  1  0.774
  1  0.561
  1  1.111
  1  0.884
  1  0.693
  1  0.802
  1  0.826
  1  0.663
  1  0.754
  1  0.876
  1  0.730
  1  0.913
  1  0.766
  1  0.479
  1  0.561
  1  1.063
  1  0.669
  1  0.917
  1  0.635
  1  0.739
  1  0.700
  1  0.597
  1  0.956
  1  1.212
  1  0.606
  1  0.821
  1  0.800
  1  0.693
  1  0.719
  1  0.823
  1  1.408
  0  0.900
  1  0.720
  1  0.876
  1  0.859
  1  0.853
  1  0.831
  1  1.760
  1  0.788
  1  0.982
  1  0.675
  1  0.525
  1  0.914
  1  0.838
  1  0.547
  1  1.217
  1  0.529
  1  0.696
  1  0.642
  1  0.867
  1  0.685
  1  0.668
  1  0.630
  1  0.753
  1  1.091
  1  0.994
  1  0.588
  1  0.719
  1  1.409
  1  0.811
  1  1.141
  1  0.536
  1  0.830
  1  0.533
  1  0.610
  1  0.798
  1  0.718
  1  1.298
  1  0.867
  1  0.713
  1  0.540
  1  0.611
  1  1.136
  1  0.673
  1  0.949
  1  1.100
  1  0.965
  1  0.722
  1  0.642
  1  0.984
  1  0.757
