  0  0.723
  0  0.760
  0  0.559
  0  0.687
  0  0.507
  0  0.535
  0  0.581
  0  1.006
  0  0.676
  0  0.835
  0  0.690
  0  0.674
  0  0.664
  0  0.547
  0  0.645
  0  0.520
  0  0.686
  0  0.653
  0  0.656
  0  0.757
  0  0.605
  0  0.625
  0  0.564
  0  0.662
  0  0.508
  0  0.499
  0  0.641
  0  0.575
  0  0.418
  0  0.625
  0  0.481
  0  0.663
  0  0.514
  0  0.575
  0  0.851
  0  0.474
  0  0.630
  0  0.649
  0  0.717
  0  0.666
  0  0.550
  0  0.569
  0  0.477
  0  0.669
  0  0.612
  0  0.676
  0  0.627
  0  0.504
  0  0.422
  0  0.610
  0  0.958
  0  0.675
  0  0.893
  0  0.703
  0  0.680
  0  0.644
  0  0.618
  0  0.690
  0  0.546
  0  0.459
  0  0.611
  0  0.480
  0  0.739
  0  0.480
  0  0.614
  0  0.695
  0  0.484
  0  0.545
  0  0.689
  0  0.627
  0  0.623
  0  0.763
  0  0.615
  0  0.602
  0  0.831
  0  0.515
  0  0.600
  0  0.569
  0  0.681
  0  0.468
  0  0.568
  0  0.682
  0  0.672
  0  0.436
  0  0.515
  0  0.898
  0  0.655
  0  0.712
  0  0.727
  0  0.724
  0  0.621
  0  0.560
  0  0.441
  0  0.685
  0  0.604
  0  0.616
  0  0.652
  0  0.640
  0  0.638
  0  0.638
  0  0.591
  0  0.552
  0  0.527
  0  0.534
  0  0.575
  0  1.085
  0  0.872
  0  0.669
  0  0.663
  0  0.658
  0  0.512
  0  0.563
  0  0.522
  0  0.705
  0  0.466
  0  0.712
  0  0.456
  0  0.668
  0  0.494
  0  0.583
  0  0.500
  0  0.706
  0  0.497
  0  0.678
  0  0.737
  0  0.556
  0  0.918
  0  0.557
  0  0.548
  0  0.614
  0  0.719
  0  0.551
  0  0.716
  0  0.712
  0  0.689
  0  0.472
  0  0.519
  0  0.650
  0  0.536
  0  0.631
  0  0.697
  0  0.921
  0  0.605
  0  0.498
  0  0.596
  0  0.546
  0  0.716
  0  0.608
  0  0.625
  0  0.462
  0  0.773
  0  0.563
  1  0.814
  0  0.522
  0  0.470
  0  0.635
  0  0.891
  0  0.604
  0  0.745
  0  0.673
  0  0.544
  0  0.603
  0  0.761
  0  0.591
  0  0.975
  0  0.608
  0  0.864
  0  0.721
  0  0.624
  0  0.587
  0  0.506
  0  0.712
  0  0.492
  0  0.734
  0  0.571
  0  0.676
  0  0.462
  0  0.479
  0  0.552
  0  0.713
  0  0.551
  0  0.653
  0  0.651
  0  0.538
  0  0.658
  0  0.557
  0  0.423
  0  0.637
  0  0.579
  0  0.551
  0  0.570
  0  0.807
  0  0.656
  0  0.590
  0  0.442
  0  0.720
  0  0.580
  0  0.495
  0  0.591
  0  0.617
  0  0.715
  0  0.532
  0  0.681
  0  0.674
  0  0.739
  0  0.614
  0  0.626
  0  0.733
  0  0.665
  0  0.519
  0  0.480
  0  0.664
  0  0.746
  0  0.451
  0  0.563
  0  0.601
  0  0.564
  0  0.613
  0  0.500
  0  0.713
  0  0.646
  0  0.438
  0  0.557
  0  0.654
  0  0.488
  0  0.784
  0  0.573
  0  0.511
  0  0.645
  0  0.479
  0  0.539
  0  0.733
  0  0.780
  0  0.588
  0  1.715
  0  0.671
  0  0.655
  0  0.711
  0  0.646
  0  0.631
  0  0.440
  0  0.591
  0  0.606
  0  0.536
  0  0.571
  0  0.648
  0  0.783
  0  0.632
  0  0.491
  0  0.545
  0  0.809
  0  0.636
  0  0.706
  0  0.491
  0  0.539
  0  0.475
  0  0.528
  0  0.681
  0  0.621
  0  0.659
  0  0.533
  0  0.550
  0  0.797
  0  0.769
  0  0.612
  0  0.969
  0  0.702
  0  0.553
  0  0.661
  0  0.664
  0  0.634
  0  0.646
  0  0.649
  0  0.764
  0  0.614
  0  0.560
  0  0.571
  0  0.631
  0  0.673
  0  0.463
  0  0.616
  0  0.904
  0  0.521
  0  0.631
  0  0.823
  0  0.791
  0  0.659
  0  0.679
  0  0.464
  0  0.609
  0  0.444
  0  0.567
  0  0.836
  0  0.625
  0  0.539
  0  0.647
  0  0.711
  0  0.573
  0  0.723
  0  0.661
  0  0.530
  0  0.452
  0  0.423
  0  0.679
  0  0.527
  0  0.473
  0  0.650
  0  0.560
  0  0.518
  0  0.632
  0  0.611
  0  0.617
  0  1.004
  0  0.596
  0  0.659
  0  0.544
  0  0.973
  0  0.643
  0  0.691
  0  0.670
  0  0.503
  0  0.478
  0  0.894
  0  0.888
  0  0.524
  0  0.576
  0  0.604
  0  0.548
  0  0.442
  0  0.448
  0  0.704
  0  0.638
  0  0.542
  0  0.599
  0  0.572
  0  0.906
  0  0.773
  0  0.641
  0  0.738
  0  0.611
  0  0.487
  0  0.786
  0  0.637
  0  0.831
  0  0.684
  0  0.622
  0  0.880
  0  0.643
  0  0.477
  0  0.446
  0  0.548
  0  0.621
  0  0.737
  0  0.650
  0  0.762
  0  0.580
  0  0.581
  0  0.731
  0  0.605
  0  0.584
  0  0.676
  0  0.674
  0  0.654
  0  0.628
  0  0.579
  0  0.559
  0  0.548
  0  0.602
  0  0.501
  0  0.565
  0  0.676
  0  0.669
  0  0.445
  0  0.656
  0  0.797
  0  0.741
  0  0.495
  0  0.751
  0  0.614
  0  0.631
  0  0.564
  0  0.576
  0  0.514
  0  0.442
  0  0.570
  0  0.501
  0  0.732
  0  0.749
  0  0.742
  0  0.714
  0  0.773
  0  0.584
  0  0.598
  0  0.571
  0  0.860
  0  0.627
  0  0.581
  0  0.620
  0  0.653
  0  0.510
  0  0.679
  0  0.590
  0  0.544
  0  0.671
  0  0.606
  0  0.775
  0  0.520
  0  0.719
  0  0.709
  0  0.701
  0  0.665
  0  0.679
  0  0.467
  0  0.543
  0  0.729
  0  0.687
  0  0.675
  0  0.474
  0  0.482
  0  0.900
  0  0.490
  0  0.494
  0  0.453
  0  0.648
  0  0.621
  0  0.507
  0  0.618
  0  0.497
  0  0.487
  0  0.593
  0  0.490
  0  0.596
  0  0.639
  0  0.491
  0  0.790
  0  0.653
  0  0.531
  0  0.636
  0  0.690
  0  0.515
  0  0.548
  0  0.761
  0  0.607
  0  0.649
  0  0.547
  0  0.628
  0  0.744
  0  0.641
  0  0.625
  0  0.526
  0  0.441
  0  0.426
  0  0.496
  0  0.402
  0  0.527
  0  0.481
  0  0.555
  0  0.533
  0  0.583
  0  0.573
  0  0.808
  0  0.444
  0  0.744
  0  0.523
  0  0.775
  0  0.534
  0  0.656
  0  0.624
  0  0.526
  0  0.629
  0  0.512
  0  0.589
  0  0.704
  0  0.570
  0  0.528
  0  0.620
  0  0.523
  0  0.559
  0  0.742
  0  0.677
  0  0.529
  0  0.754
  0  0.597
  0  0.620
  0  0.699
  0  0.593
  0  0.656
  0  0.450
  0  0.589
  0  0.512
  0  0.692
  0  0.493
  0  0.650
  0  0.505
  0  0.594
  0  0.591
  0  0.700
  0  0.774
  0  0.503
  0  0.591
