  1  0.314
  0  0.509
  1  0.260
  1  0.295
  1  0.364
  1  0.412
  0  0.277
  1  0.295
  1  0.288
  0  0.285
  1  0.370
  1  0.258
  1  0.386
  0  0.247
  1  0.452
  1  0.325
  1  0.289
  1  0.328
  0  0.361
  0  0.336
  1  0.320
  0  0.293
  1  0.302
  1  0.270
  0  0.261
  1  0.530
  1  0.330
  1  0.376
  0  0.300
  1  0.272
  1  0.438
  1  0.378
  0  0.376
  1  0.311
  1  0.374
  1  0.371
  1  0.372
  1  0.314
  0  0.331
  1  0.280
  1  0.310
  0  0.291
  0  0.243
  1  0.361
  1  0.313
  1  0.327
  1  0.306
  0  0.281
  1  0.299
  0  0.293
  0  0.203
  0  0.359
  1  0.410
  1  0.340
  1  0.574
  1  0.314
  1  0.306
  1  0.269
  0  0.234
  1  0.292
  0  0.263
  1  0.281
  1  0.601
  1  0.301
  1  0.326
  1  0.342
  1  0.331
  1  0.410
  1  0.347
  0  0.515
  1  0.253
  1  0.331
  1  0.237
  1  0.302
  1  0.340
  0  0.415
  1  0.318
  1  0.371
  1  0.408
  0  0.398
  1  0.372
  1  0.358
  1  0.313
  1  0.408
  1  0.428
  1  0.306
  1  0.335
  1  0.499
  0  0.224
  1  0.517
  1  0.296
  0  0.223
  1  0.275
  1  0.266
  1  0.273
  0  0.314
  1  0.431
  1  0.281
  0  0.308
  1  0.439
  1  0.323
  1  0.364
  1  0.556
  0  0.305
  0  0.375
  0  0.265
  1  0.255
  1  0.307
  1  0.424
  1  0.282
  1  0.367
  0  0.258
  1  0.439
  1  0.303
  1  0.310
  0  0.287
  1  0.330
  1  0.524
  1  0.333
  0  0.510
  0  0.242
  1  0.385
  0  0.316
  1  0.444
  1  0.309
  1  0.295
  1  0.286
  1  0.319
  1  0.316
  1  0.336
  0  0.267
  1  0.301
  1  0.271
  1  0.329
  0  0.568
  1  0.526
  0  0.262
  0  0.250
  1  0.268
  0  0.321
  0  0.300
  1  0.317
  1  0.354
  0  0.205
  1  0.308
  0  0.405
  0  0.271
  1  0.294
  1  0.305
  1  0.302
  1  0.312
  1  0.307
  1  0.265
  1  0.359
  1  0.315
  0  0.393
  1  0.297
  1  0.353
  1  0.358
  1  0.308
  0  0.250
  1  0.626
  0  0.233
  1  0.433
  1  0.486
  0  0.438
  0  0.237
  0  0.443
  1  0.318
  1  0.338
  1  0.280
  1  0.262
  1  0.503
  0  0.481
  0  0.255
  1  0.258
  0  0.529
  0  0.251
  0  0.400
  0  0.242
  1  0.340
  1  0.502
  0  0.407
  1  0.245
  1  0.324
  0  0.308
  1  0.264
  0  0.305
  1  0.298
  1  0.265
  0  0.325
  1  0.363
  1  0.308
  1  0.388
  0  0.281
  1  0.347
  1  0.497
  0  0.231
  0  0.287
  1  0.314
  1  0.387
  1  0.350
  0  0.541
  1  0.414
  0  0.246
  1  0.348
  1  0.288
  1  0.284
  0  0.379
  1  0.282
  0  0.275
  1  0.338
  1  0.387
  0  0.270
  1  0.332
  1  0.387
  1  0.353
  0  0.275
  1  0.438
  0  0.309
  0  0.232
  1  0.281
  1  0.422
  0  0.325
  0  0.255
  1  0.365
  1  0.303
  0  0.314
  1  0.392
  1  0.332
  1  0.322
  1  0.285
  1  0.307
  1  0.264
  0  0.369
  1  0.323
  1  0.319
  0  0.241
  0  0.274
  0  0.287
  1  0.292
  1  0.335
  0  0.281
  1  0.287
  1  0.305
  1  0.287
  1  0.248
  1  0.289
  1  0.349
  1  0.290
  0  0.273
  1  0.315
  0  0.215
  1  0.419
  1  0.357
  0  0.341
  1  0.312
  1  0.400
  1  0.288
  1  0.274
  0  0.491
  0  0.226
  1  0.325
  0  0.260
  1  0.351
  1  0.254
  1  0.449
  1  0.295
  1  0.561
  1  0.319
  0  0.292
  0  0.299
  0  0.375
  0  0.454
  0  0.420
  0  0.273
  1  0.296
  0  0.410
  1  0.327
  1  0.326
  0  0.218
  1  0.374
  1  0.499
  1  0.294
  1  0.338
  1  0.282
  1  0.294
  1  0.346
  1  0.447
  1  0.478
  0  0.403
  1  0.348
  0  0.244
  0  0.464
  1  0.289
  1  0.552
  1  0.302
  0  0.388
  0  0.391
  1  0.254
  0  0.244
  1  0.301
  1  0.420
  0  0.303
  0  0.312
  1  0.274
  1  0.265
  1  0.379
  0  0.553
  0  0.249
  1  0.305
  1  0.422
  1  0.357
  0  0.360
  1  0.299
  1  0.418
  1  0.285
  0  0.304
  1  0.315
  1  0.568
  0  0.269
  0  0.260
  1  0.314
  0  0.324
  1  0.268
  1  0.375
  1  0.356
  1  0.310
  1  0.372
  1  0.427
  1  0.306
  1  0.274
  1  0.354
  0  0.272
  0  0.291
  1  0.273
  0  0.314
  0  0.246
  1  0.361
  1  0.403
  0  0.444
  1  0.346
  1  0.421
  0  0.283
  1  0.267
  1  0.353
  0  0.354
  0  0.259
  1  0.427
  0  0.269
  1  0.326
  0  0.483
  0  0.262
  0  0.265
  1  0.408
  1  0.316
  1  0.448
  1  0.311
  1  0.294
  0  0.394
  1  0.308
  1  0.446
  1  0.273
  1  0.281
  1  0.312
  1  0.326
  1  0.279
  1  0.302
  1  0.492
  1  0.294
  1  0.318
  1  0.314
  0  0.383
  1  0.430
  1  0.260
  1  0.287
  0  0.400
  0  0.340
  0  0.285
  1  0.367
  0  0.232
  1  0.590
  1  0.445
  1  0.390
  1  0.305
  1  0.328
  1  0.332
  1  0.355
  1  0.290
  1  0.378
  1  0.383
  1  0.329
  1  0.329
  1  0.329
  0  0.326
  1  0.423
  1  0.451
  1  0.406
  0  0.346
  0  0.396
  1  0.373
  1  0.382
  0  0.341
  1  0.416
  1  0.272
  0  0.278
  1  0.354
  1  0.350
  1  0.327
  1  0.283
  1  0.321
  1  0.382
  1  0.277
  1  0.305
  1  0.494
  1  0.370
  0  0.262
  0  0.272
  0  0.242
  1  0.290
  1  0.357
  1  0.361
  0  0.282
  1  0.372
  1  0.288
  0  0.236
  1  0.383
  1  0.407
  0  0.299
  1  0.308
  1  0.409
  1  0.386
  0  0.385
  1  0.345
  1  0.503
  1  0.285
  1  0.478
  1  0.357
  1  0.320
  1  0.311
  1  0.400
  1  0.300
  1  0.433
  1  0.284
  0  0.314
  1  0.320
  1  0.262
  1  0.259
  1  0.698
  1  0.372
  1  0.595
  0  0.383
  0  0.365
  1  0.329
  1  0.656
  0  0.393
  1  0.538
  1  0.425
  1  0.337
  1  0.355
  1  0.340
  1  0.347
  0  0.307
  1  0.430
  0  0.248
  1  0.409
  0  0.256
  1  0.328
  1  0.496
  1  0.353
  1  0.340
  1  0.296
  1  0.282
  1  0.301
  1  0.456
  1  0.428
  0  0.226
  1  0.421
  1  0.264
  1  0.389
  1  0.414
  1  0.405
  0  0.254
  1  0.336
  1  0.367
  0  0.306
  1  0.447
  0  0.226
  1  0.279
  1  0.261
  1  0.286
  1  0.353
  0  0.267
  0  0.307
  1  0.318
  1  0.397
  1  0.294
  1  0.314
  1  0.336
  1  0.382
