  1  0.636
  1  0.634
  1  0.632
  0  0.640
  1  0.683
  1  0.652
  1  0.681
  1  0.671
  1  0.646
  1  0.604
  1  0.692
  1  0.654
  1  0.590
  1  0.670
  1  0.573
  1  0.611
  1  0.685
  1  0.678
  1  0.637
  0  0.674
  1  0.625
  0  0.758
  0  0.713
  1  0.596
  1  0.602
  1  0.659
  1  0.586
  1  0.649
  1  0.576
  1  0.627
  0  0.725
  1  0.621
  1  0.616
  0  0.724
  1  0.656
  1  0.615
  1  0.666
  1  0.687
  1  0.626
  0  0.742
  0  0.686
  1  0.652
  1  0.615
  0  0.716
  0  0.858
  1  0.630
  1  0.638
  1  0.608
  1  0.764
  0  0.711
  1  0.633
  0  0.730
  1  0.615
  1  0.626
  1  0.686
  1  0.614
  1  0.646
  1  0.613
  1  0.776
  1  0.621
  0  0.617
  1  0.712
  1  0.626
  1  0.627
  0  0.730
  1  0.600
  1  0.633
  1  0.686
  0  0.693
  1  0.632
  1  0.622
  1  0.628
  1  0.648
  0  0.696
  1  0.637
  1  0.684
  0  0.686
  1  0.693
  1  0.620
  1  0.613
  1  0.808
  1  0.708
  0  0.741
  1  0.683
  0  0.734
  1  0.675
  1  0.603
  1  0.635
  0  0.751
  1  0.640
  0  0.681
  0  0.826
  1  0.638
  1  0.646
  1  0.666
  0  0.633
  1  0.627
  1  0.651
  1  0.656
  1  0.611
  1  0.713
  1  0.793
  1  0.581
  1  0.586
  1  0.643
  0  0.650
  0  0.682
  1  0.635
  1  0.654
  1  0.597
  1  0.636
  1  0.619
  1  0.665
  1  0.628
  1  0.705
  1  0.597
  1  0.575
  1  0.623
  1  0.662
  1  0.898
  1  0.692
  0  0.858
  1  0.724
  1  0.640
  1  0.623
  1  0.639
  1  0.646
  1  0.798
  1  0.725
  0  0.727
  0  0.656
  0  0.678
  1  0.621
  0  0.730
  1  0.705
  0  0.620
  1  0.662
  1  0.602
  1  0.611
  1  0.677
  1  0.659
  1  0.604
  0  0.718
  1  0.673
  1  0.589
  0  0.672
  1  0.599
  1  0.632
  0  0.670
  0  0.701
  1  0.659
  0  0.732
  1  0.803
  1  0.627
  0  0.679
  0  0.710
  1  0.712
  1  0.697
  1  0.678
  1  0.650
  0  0.714
  0  0.684
  0  0.641
  1  0.580
  1  0.657
  1  0.617
  0  0.699
  1  0.749
  1  0.637
  0  0.688
  1  0.661
  1  0.611
  0  0.642
  1  0.622
  1  0.702
  1  0.756
  0  0.668
  1  0.598
  1  0.580
  0  0.680
  1  0.695
  0  0.744
  0  0.689
  0  0.773
  1  0.600
  1  0.601
  1  0.684
  0  0.803
  1  0.679
  1  0.652
  1  0.732
  0  0.756
  1  0.630
  1  0.637
  1  0.638
  1  0.743
  0  0.645
  1  0.622
  1  0.690
  1  0.653
  1  0.621
  1  0.649
  1  0.668
  1  0.664
  0  0.822
  1  0.689
  1  0.614
  1  0.613
  1  0.619
  1  0.709
  1  0.701
  0  0.649
  0  0.650
  1  0.584
  1  0.722
  1  0.645
  1  0.582
  0  0.739
  1  0.672
  0  0.763
  1  0.586
  1  0.615
  1  0.622
  1  0.640
  0  0.696
  0  0.700
  0  0.716
  1  0.641
  1  0.633
  1  0.639
  1  0.647
  0  0.642
  1  0.588
  0  0.817
  0  0.672
  1  0.686
  1  0.683
  0  0.697
  1  0.580
  0  0.672
  1  0.618
  1  0.621
  1  0.576
  1  0.678
  1  0.752
  1  0.567
  1  0.628
  1  0.588
  0  0.682
  1  0.595
  1  0.661
  1  0.623
  1  0.680
  1  0.598
  1  0.671
  1  0.694
  1  0.588
  0  0.669
  1  0.641
  0  0.754
  1  0.677
  0  0.699
  1  0.570
  1  0.729
  0  0.672
  1  0.641
  1  0.606
  1  0.661
  1  0.623
  1  0.581
  1  0.602
  0  0.750
  1  0.621
  1  0.638
  0  0.703
  1  0.628
  0  0.669
  1  0.665
  1  0.648
  1  0.653
  1  0.722
  1  0.603
  1  0.658
  1  0.634
  1  0.635
  0  0.717
  1  1.179
  0  0.704
  1  0.585
  1  0.721
  1  0.582
  0  0.941
  0  0.635
  0  0.789
  0  0.708
  1  0.661
  1  0.695
  1  0.644
  0  1.000
  1  0.647
  1  0.585
  1  0.652
  0  0.696
  1  0.611
  0  0.678
  0  0.649
  1  0.666
  1  0.672
  1  0.627
  0  0.635
  0  0.690
  1  0.631
  1  0.651
  0  0.706
  1  0.681
  1  0.639
  0  0.737
  1  0.753
  0  0.704
  1  0.614
  1  0.656
  1  0.611
  1  0.653
  1  0.683
  1  0.722
  1  0.629
  0  0.680
  1  0.643
  1  0.621
  1  0.628
  1  0.631
  1  0.653
  1  0.618
  1  0.604
  1  0.618
  1  0.647
  1  0.609
  0  0.766
  0  0.654
  0  0.723
  0  0.810
  1  0.660
  0  0.705
  0  0.669
  0  0.656
  0  0.687
  0  0.688
  1  0.729
  1  0.661
  1  0.780
  1  0.620
  1  0.596
  0  0.980
  1  0.731
  0  0.691
  1  0.702
  1  0.692
  1  0.656
  0  0.712
  0  0.661
  1  0.626
  1  0.576
  1  0.605
  0  0.713
  0  0.702
  1  0.714
  1  0.593
  1  0.629
  1  0.590
  1  0.667
  1  0.769
  1  0.646
  0  0.801
  1  0.617
  1  0.581
  1  0.634
  0  0.756
  1  0.639
  1  0.654
  1  0.569
  1  0.606
  1  0.640
  1  0.681
  1  0.598
  1  0.658
  1  1.150
  1  0.648
  1  0.651
  1  0.608
  0  0.807
  0  0.753
  1  0.626
  1  0.716
  1  0.637
  1  0.667
  0  0.701
  1  0.661
  0  0.768
  1  0.681
  1  0.594
  1  0.611
  0  0.737
  1  0.698
  1  0.615
  1  0.636
  0  0.676
  0  1.076
  1  0.600
  0  0.663
  0  0.716
  1  0.615
  1  0.588
  1  0.601
  1  0.824
  1  0.602
  0  0.731
  1  0.635
  1  0.671
  1  0.704
  1  0.632
  1  0.826
  0  0.729
  1  0.575
  1  0.732
  0  0.705
  0  0.676
  1  0.661
  0  0.622
  1  0.624
  1  0.648
  1  0.642
  1  0.684
  0  0.653
  1  0.609
  1  0.671
  1  0.575
  1  0.689
  1  0.646
  1  0.585
  0  0.623
  1  0.602
  0  0.740
  0  0.733
  1  0.627
  1  0.701
  1  0.659
  0  0.663
  0  0.682
  1  0.628
  1  0.586
  1  0.609
  0  0.797
  1  0.686
  0  0.691
  1  0.575
  1  0.683
  1  0.605
  1  0.625
  0  0.792
  1  0.603
  1  0.603
  0  0.687
  1  0.612
  1  0.737
  1  0.609
  1  0.634
  1  0.648
  1  0.575
  0  0.695
  1  0.596
  0  0.841
  1  0.662
  0  0.756
  1  0.852
  0  0.815
  0  0.720
  1  0.635
  1  0.633
  1  0.630
  0  0.728
  0  0.743
  1  0.647
  1  0.584
  1  0.803
  1  0.718
  1  0.720
  1  0.626
  1  0.629
  1  0.587
  1  0.599
  1  0.753
  1  0.582
  1  0.683
  1  0.688
  1  0.647
  0  0.770
  1  0.584
  0  0.656
  1  0.680
  1  0.652
