  1  0.582
  1  0.695
  1  0.607
  0  0.360
  1  0.575
  1  0.510
  1  0.537
  1  0.571
  1  0.665
  1  0.551
  1  0.533
  1  0.433
  1  0.545
  1  0.628
  1  0.712
  1  0.673
  0  0.760
  1  0.489
  1  0.520
  1  0.616
  1  0.691
  1  0.656
  1  0.639
  1  0.586
  1  0.492
  1  0.476
  1  0.605
  0  0.572
  1  0.534
  1  0.460
  1  0.633
  1  0.507
  1  0.528
  1  0.766
  1  0.607
  0  0.470
  1  0.588
  1  0.696
  0  0.304
  1  0.593
  1  0.908
  0  0.469
  1  0.586
  1  0.563
  1  0.550
  1  0.671
  1  0.618
  1  0.806
  1  0.441
  1  1.269
  1  0.621
  1  0.454
  1  0.575
  1  0.534
  1  0.507
  1  0.586
  0  0.472
  1  0.634
  0  0.494
  1  0.512
  1  0.721
  1  0.471
  1  0.704
  0  0.470
  0  0.658
  1  0.670
  1  0.598
  1  0.643
  0  0.802
  1  0.565
  1  0.496
  1  0.626
  1  0.592
  1  0.585
  1  0.583
  0  0.802
  1  0.638
  1  0.535
  1  0.765
  1  0.779
  1  0.692
  1  0.595
  0  0.626
  1  0.498
  1  0.644
  1  0.739
  1  0.547
  1  0.579
  1  0.801
  1  0.673
  1  0.574
  1  0.604
  1  0.658
  1  0.471
  1  0.640
  1  0.631
  1  0.461
  1  0.496
  1  0.638
  0  0.517
  1  0.610
  1  0.554
  1  0.587
  1  0.570
  1  0.685
  1  0.563
  1  0.428
  1  0.502
  1  0.564
  0  0.504
  0  0.495
  1  0.624
  1  0.452
  1  0.588
  1  0.685
  1  0.527
  0  0.476
  1  0.663
  0  0.345
  1  0.571
  1  0.504
  1  0.578
  1  0.609
  1  0.587
  1  0.547
  1  0.601
  1  0.744
  1  0.576
  0  0.387
  1  0.649
  1  0.514
  1  0.646
  1  0.557
  0  0.503
  1  0.513
  0  0.489
  1  0.592
  1  0.543
  1  0.519
  1  0.570
  1  0.487
  0  0.365
  0  0.435
  1  0.541
  1  0.592
  1  0.534
  1  0.559
  1  0.508
  0  0.487
  1  0.510
  1  0.554
  1  0.535
  1  0.498
  0  0.415
  1  0.628
  0  0.383
  1  0.498
  1  0.731
  1  0.567
  1  0.684
  1  0.652
  1  0.490
  1  0.642
  1  0.657
  1  0.517
  1  0.763
  0  0.385
  1  0.578
  1  0.541
  1  0.663
  1  0.503
  1  0.592
  1  0.558
  1  0.577
  1  0.696
  1  0.488
  0  0.420
  1  0.798
  1  0.449
  1  0.598
  0  0.513
  1  0.663
  1  0.495
  1  0.482
  1  0.743
  1  0.471
  0  0.672
  1  0.578
  1  0.531
  0  0.397
  1  0.619
  0  0.346
  1  0.657
  0  0.415
  1  0.655
  1  0.490
  1  0.620
  1  1.007
  0  0.535
  1  0.756
  1  0.593
  0  0.442
  1  0.560
  1  0.560
  1  0.708
  0  0.381
  1  0.651
  1  0.562
  1  0.670
  1  0.547
  0  0.590
  1  0.616
  1  0.571
  1  0.637
  1  0.546
  1  0.749
  1  0.622
  1  0.500
  1  0.624
  1  0.540
  1  0.510
  1  0.468
  1  0.542
  0  0.596
  1  0.606
  1  0.717
  1  0.770
  1  0.525
  1  0.701
  1  0.804
  1  0.593
  1  0.565
  1  0.516
  1  0.546
  1  0.668
  1  0.454
  1  0.630
  1  0.582
  1  0.813
  1  0.796
  1  0.625
  1  0.545
  1  0.561
  1  0.551
  1  0.541
  1  0.575
  1  0.625
  1  0.649
  0  0.327
  1  0.497
  0  0.368
  1  0.517
  1  0.476
  0  0.429
  1  0.533
  1  0.547
  1  0.612
  1  0.732
  1  0.642
  1  0.523
  1  0.632
  1  0.792
  1  0.695
  1  0.549
  1  0.575
  0  0.373
  1  0.572
  1  0.478
  1  0.522
  1  0.672
  1  0.771
  1  0.582
  1  0.599
  1  0.645
  1  0.510
  1  0.443
  1  0.484
  1  0.478
  1  0.551
  1  0.629
  1  0.567
  0  0.474
  1  0.658
  1  0.659
  1  0.529
  1  0.545
  1  0.661
  1  0.427
  1  0.712
  0  0.488
  1  0.738
  1  0.455
  1  0.520
  1  0.567
  1  0.483
  1  0.521
  0  0.394
  1  0.603
  1  0.536
  1  0.489
  1  0.572
  1  0.727
  1  0.642
  0  0.464
  1  0.523
  0  0.369
  0  0.379
  1  0.474
  1  0.647
  1  0.513
  0  0.454
  0  0.332
  1  0.496
  1  0.581
  0  0.551
  1  0.593
  0  0.400
  1  0.518
  0  0.501
  1  0.546
  1  0.552
  1  0.538
  1  0.683
  0  0.451
  0  0.494
  1  0.507
  1  0.594
  0  0.547
  1  0.555
  1  0.506
  1  0.573
  1  0.591
  0  0.466
  1  0.643
  1  0.737
  1  0.682
  1  0.858
  0  0.431
  0  0.454
  1  0.663
  1  0.614
  1  0.457
  1  0.972
  1  0.622
  1  0.468
  1  0.576
  1  0.505
  1  0.694
  1  0.616
  1  0.531
  0  0.514
  1  0.599
  1  0.629
  1  0.481
  1  0.523
  1  0.802
  1  0.471
  1  0.601
  0  0.527
  0  0.393
  1  0.696
  0  0.436
  1  0.447
  1  0.715
  1  0.546
  1  0.489
  0  0.449
  1  0.722
  0  0.462
  0  0.423
  1  0.495
  1  0.681
  1  0.740
  0  0.412
  1  0.672
  1  0.616
  1  0.493
  1  0.455
  1  0.701
  1  0.488
  1  0.491
  1  0.583
  1  0.526
  1  0.543
  0  0.469
  1  0.607
  1  0.581
  1  0.498
  0  0.449
  1  0.614
  1  0.755
  1  0.646
  1  0.617
  0  0.440
  1  0.530
  1  0.609
  1  0.708
  1  0.716
  1  0.518
  1  0.529
  1  0.575
  0  0.403
  1  0.435
  1  0.773
  0  0.494
  1  0.570
  1  0.469
  0  0.390
  1  0.574
  1  0.621
  1  0.620
  1  0.453
  1  0.650
  1  0.547
  1  0.753
  1  0.564
  1  0.636
  1  0.561
  1  0.559
  0  0.388
  1  0.479
  1  0.710
  1  0.564
  1  0.515
  1  0.614
  1  0.490
  1  0.494
  1  0.633
  1  0.550
  1  0.503
  1  0.633
  1  0.625
  0  0.433
  1  0.561
  1  0.697
  1  0.570
  0  0.337
  1  0.631
  0  0.369
  1  0.524
  1  0.487
  1  0.612
  1  0.546
  1  0.528
  1  0.637
  1  0.525
  1  0.533
  1  0.438
  1  0.623
  0  0.472
  0  0.488
  1  0.728
  1  0.566
  1  0.640
  1  0.799
  1  0.559
  1  0.840
  0  0.379
  1  0.660
  1  0.735
  1  0.509
  1  0.478
  0  0.438
  1  0.691
  0  0.442
  1  0.541
  1  0.804
  1  0.617
  1  0.684
  1  0.587
  0  0.448
  1  0.671
  1  0.605
  1  0.681
  1  0.549
  1  0.462
  1  0.607
  1  0.630
  1  0.579
  1  0.424
  1  0.510
  1  0.492
  1  0.608
  1  0.621
  1  0.698
  1  0.466
  0  0.671
  1  0.610
  0  0.503
  1  0.639
  1  0.609
  1  0.792
  1  0.695
  1  0.458
  1  0.568
  0  0.469
  0  0.407
  1  0.638
  1  0.547
  0  0.395
