  0  0.768
  1  0.764
  0  0.775
  0  0.740
  0  0.891
  0  0.861
  1  0.672
  0  0.680
  0  0.767
  0  0.686
  0  0.775
  0  0.941
  1  0.729
  0  0.784
  0  0.805
  0  0.721
  0  0.836
  0  0.874
  0  0.719
  0  0.884
  0  0.739
  1  0.858
  0  0.725
  0  0.806
  0  0.828
  0  0.777
  0  0.903
  0  0.809
  0  0.818
  0  0.850
  0  0.841
  0  0.783
  0  0.903
  0  0.701
  0  0.826
  1  0.794
  0  0.771
  0  0.693
  0  0.830
  0  0.737
  0  0.887
  0  0.878
  0  1.018
  0  0.906
  0  0.763
  0  0.880
  1  0.648
  0  0.803
  0  0.891
  0  0.748
  0  0.725
  0  0.816
  0  0.915
  0  0.882
  0  0.750
  0  0.897
  0  0.879
  0  0.882
  0  0.893
  0  0.706
  0  0.677
  0  0.707
  0  0.813
  0  0.791
  0  0.761
  0  0.848
  0  0.789
  0  0.763
  0  0.833
  0  0.830
  0  0.753
  0  0.696
  0  0.805
  0  0.822
  0  0.734
  0  0.832
  0  0.854
  0  0.737
  0  0.828
  0  0.819
  0  0.986
  0  0.792
  0  0.834
  0  0.875
  1  0.694
  0  0.698
  0  0.964
  0  0.694
  0  0.849
  0  0.681
  0  1.041
  1  0.863
  0  0.941
  0  0.743
  0  0.851
  0  0.674
  0  0.888
  0  0.889
  0  0.781
  0  0.803
  1  0.835
  0  0.775
  0  0.995
  0  0.908
  0  0.787
  0  0.887
  0  0.675
  0  0.839
  0  0.807
  0  0.815
  0  0.723
  0  0.733
  1  0.947
  0  0.831
  0  0.937
  0  0.742
  1  0.700
  0  0.904
  0  0.887
  0  0.848
  1  0.842
  0  0.783
  0  0.803
  0  0.691
  0  0.722
  1  0.802
  0  0.710
  0  0.699
  1  0.787
  0  0.861
  0  0.893
  0  0.766
  0  0.889
  0  0.933
  0  0.759
  0  0.835
  0  0.786
  0  0.737
  0  0.765
  0  0.931
  0  0.882
  0  0.822
  1  0.622
  0  0.855
  0  0.782
  0  0.790
  0  0.929
  0  0.836
  1  0.810
  0  0.894
  1  0.766
  1  0.669
  0  0.883
  0  0.773
  0  0.735
  1  0.720
  0  0.774
  0  0.760
  0  0.787
  1  0.694
  0  0.787
  0  0.726
  0  0.698
  0  0.740
  0  0.780
  0  0.817
  0  0.716
  0  0.886
  0  0.759
  0  0.882
  0  0.914
  0  0.834
  0  0.857
  1  0.671
  0  0.861
  1  0.666
  0  0.824
  0  0.797
  0  0.849
  0  0.760
  0  0.832
  0  0.757
  0  0.868
  0  0.897
  0  1.005
  0  0.711
  0  0.814
  0  0.811
  0  0.699
  0  0.791
  0  0.832
  0  0.759
  0  0.844
  0  0.829
  1  0.633
  0  0.914
  0  0.716
  0  0.807
  0  0.843
  1  0.762
  0  0.728
  0  0.724
  0  0.766
  0  0.846
  0  0.800
  0  0.761
  0  0.728
  0  0.806
  0  0.797
  1  0.786
  0  0.827
  0  0.732
  0  0.831
  0  0.862
  0  0.852
  0  0.772
  0  0.736
  0  0.987
  0  0.862
  1  0.752
  0  0.871
  0  0.870
  0  0.846
  0  1.061
  0  0.908
  0  0.828
  0  0.804
  0  0.776
  0  0.813
  0  0.800
  0  1.036
  0  0.697
  0  0.744
  0  0.777
  0  0.897
  0  0.841
  0  0.863
  1  0.707
  0  0.797
  0  0.851
  0  0.771
  0  0.747
  0  0.784
  0  0.900
  0  0.893
  0  0.869
  0  0.892
  0  0.702
  0  0.869
  0  0.805
  0  0.815
  0  0.769
  0  0.783
  0  0.899
  0  0.687
  0  0.657
  0  0.779
  0  0.786
  0  0.808
  0  0.815
  0  0.851
  0  0.840
  0  0.724
  0  0.937
  0  0.824
  0  0.750
  1  0.782
  0  0.879
  0  0.829
  0  0.940
  0  0.692
  0  0.819
  0  0.748
  0  0.829
  0  0.777
  1  0.745
  0  0.695
  0  0.811
  0  0.816
  0  0.774
  0  0.858
  1  0.730
  0  0.759
  0  0.835
  0  1.033
  1  0.695
  0  0.842
  0  0.760
  0  0.755
  0  0.834
  0  1.031
  0  0.845
  0  0.930
  0  0.945
  0  0.790
  0  0.752
  0  0.752
  0  0.769
  0  0.941
  0  0.719
  0  0.803
  0  0.721
  0  0.713
  0  0.849
  0  0.812
  0  0.799
  0  0.760
  0  0.854
  0  0.733
  0  0.788
  0  0.885
  0  0.892
  0  0.745
  0  0.895
  0  0.913
  1  0.688
  0  0.746
  0  0.845
  0  0.859
  0  0.786
  0  0.800
  0  0.689
  0  0.900
  0  0.748
  0  0.928
  0  0.785
  0  0.720
  0  0.775
  0  0.776
  0  0.823
  0  0.831
  0  0.815
  0  0.814
  0  0.805
  0  0.841
  0  0.869
  0  0.804
  0  0.929
  0  0.814
  1  0.744
  0  0.736
  0  0.763
  0  0.814
  0  0.747
  1  0.762
  0  0.811
  0  0.767
  0  0.795
  0  0.899
  0  0.892
  0  0.813
  0  0.839
  1  0.935
  0  0.874
  0  0.815
  0  0.833
  0  0.837
  0  0.807
  0  1.139
  0  0.801
  0  0.848
  0  0.747
  0  0.708
  0  0.799
  1  0.783
  0  0.788
  0  0.812
  0  0.747
  0  0.730
  0  0.893
  0  0.803
  0  0.938
  0  0.675
  0  0.821
  0  0.733
  0  0.762
  0  0.937
  0  0.718
  0  0.782
  0  0.910
  0  0.860
  0  0.835
  0  0.791
  0  0.795
  0  0.838
  0  0.921
  0  1.082
  0  0.935
  0  0.777
  0  0.748
  0  0.705
  0  0.812
  0  0.809
  0  0.673
  1  0.685
  0  0.833
  0  0.912
  0  0.859
  0  0.891
  0  0.799
  0  0.805
  0  0.819
  0  0.769
  0  0.772
  0  0.937
  0  0.754
  0  0.866
  0  0.735
  0  0.731
  0  0.821
  1  0.798
  0  0.690
  0  0.698
  0  0.837
  0  0.789
  0  0.816
  0  0.918
  0  0.855
  0  0.727
  0  0.792
  0  0.715
  0  0.925
  0  0.722
  1  0.712
  0  0.805
  0  0.697
  1  0.789
  0  0.839
  0  0.875
  0  0.772
  0  0.899
  0  0.697
  0  0.857
  0  0.816
  1  0.918
  0  0.726
  0  0.892
  0  0.836
  0  0.727
  0  0.829
  0  0.847
  0  0.841
  0  0.855
  0  0.802
  0  0.850
  0  0.878
  1  0.837
  0  0.893
  0  0.830
  0  0.780
  0  0.856
  0  0.775
  0  0.907
  0  0.805
  0  0.876
  0  0.680
  0  0.894
  0  0.709
  0  0.950
  0  0.913
  0  0.846
  0  0.819
  0  0.959
  0  0.808
  0  0.842
  0  0.835
  0  0.876
  0  0.783
  0  0.863
  0  0.893
  0  0.710
  0  0.882
  0  0.826
  0  0.841
  0  0.837
  0  0.874
  0  0.780
  0  0.967
  1  0.705
  0  0.787
  0  0.949
  0  0.840
  0  0.812
  0  0.837
  0  0.836
  0  0.675
  0  0.992
  0  0.736
  0  0.868
  0  0.846
  1  0.665
  0  0.926
  0  0.668
  0  0.737
  0  0.821
  0  0.812
  0  0.732
  0  0.876
  0  0.809
  1  0.735
