  0  0.682
  0  0.976
  1  0.493
  0  0.783
  0  0.813
  0  0.794
  0  0.605
  1  0.660
  0  0.993
  0  0.693
  0  0.903
  0  0.977
  0  0.921
  1  0.769
  0  0.757
  1  0.684
  1  0.757
  0  0.814
  1  0.622
  1  0.727
  0  1.017
  0  0.658
  0  0.631
  1  0.906
  1  0.610
  0  0.601
  0  0.711
  0  0.706
  0  0.692
  0  0.629
  0  0.833
  0  0.692
  0  0.608
  1  0.671
  0  1.177
  0  0.618
  1  0.685
  1  0.613
  0  1.147
  0  0.678
  0  0.861
  1  0.988
  0  0.851
  0  0.604
  1  0.582
  1  0.681
  0  0.762
  1  0.673
  1  0.615
  0  0.779
  1  0.588
  0  0.682
  1  0.550
  0  0.786
  0  0.823
  0  0.708
  0  0.773
  1  0.663
  1  1.065
  1  0.596
  1  0.688
  1  0.594
  1  0.785
  0  0.961
  0  0.756
  1  0.861
  1  0.613
  0  0.762
  0  0.891
  1  0.825
  0  0.769
  1  0.719
  1  0.564
  1  0.653
  1  0.740
  1  0.736
  0  0.630
  1  1.007
  1  0.789
  1  0.740
  1  0.640
  0  0.795
  0  0.934
  0  0.992
  1  0.697
  0  0.897
  0  0.901
  0  0.793
  1  0.614
  0  0.749
  0  0.661
  1  0.930
  0  0.693
  1  0.560
  0  0.570
  1  0.782
  1  0.773
  1  0.713
  0  0.760
  1  0.801
  0  0.886
  1  0.622
  0  0.959
  0  0.781
  1  0.546
  0  0.783
  0  0.713
  1  0.580
  1  0.599
  0  0.877
  0  0.718
  0  0.568
  1  0.635
  0  1.092
  1  0.627
  0  0.858
  1  0.785
  1  0.761
  1  0.633
  1  0.626
  1  0.745
  0  0.798
  0  0.606
  0  0.961
  0  0.716
  1  0.588
  0  0.910
  0  0.726
  0  0.817
  1  0.937
  0  0.693
  1  0.523
  1  0.634
  1  0.556
  1  0.716
  0  0.717
  1  0.712
  0  0.750
  0  0.625
  1  0.867
  1  0.618
  1  0.734
  1  0.689
  0  0.623
  0  1.123
  1  0.591
  0  0.821
  0  0.759
  1  0.624
  1  0.691
  1  0.811
  0  1.109
  1  0.498
  0  0.868
  0  1.048
  0  0.746
  1  0.776
  0  1.088
  0  0.793
  1  0.742
  1  0.689
  0  1.307
  0  0.866
  0  0.823
  1  0.527
  1  1.024
  1  0.899
  1  0.683
  0  0.723
  0  0.671
  1  0.917
  1  0.938
  1  1.332
  0  0.903
  0  1.112
  0  0.848
  0  0.794
  1  0.659
  0  0.919
  0  0.723
  0  0.805
  1  0.521
  1  0.702
  1  0.605
  1  0.619
  1  0.719
  0  0.655
  0  0.848
  1  0.636
  0  0.880
  0  0.730
  0  0.696
  0  0.661
  0  1.342
  0  0.666
  0  0.890
  1  0.534
  0  1.055
  0  1.256
  0  0.818
  1  0.742
  0  0.619
  0  0.873
  1  0.928
  0  0.687
  0  0.632
  0  0.683
  0  0.778
  1  0.667
  0  0.724
  1  0.531
  0  0.586
  0  0.965
  0  0.889
  1  0.873
  1  1.218
  0  0.995
  1  0.587
  1  0.859
  1  0.668
  1  0.826
  1  0.646
  0  0.731
  1  0.611
  1  0.667
  1  0.713
  0  0.735
  0  0.929
  1  0.578
  0  0.878
  0  0.852
  0  0.776
  0  0.955
  1  0.566
  1  0.602
  0  1.020
  0  0.793
  0  0.679
  0  0.642
  1  0.724
  1  0.729
  1  1.379
  0  1.000
  1  0.475
  1  0.717
  0  0.776
  1  0.489
  0  0.658
  0  0.681
  1  0.894
  1  0.694
  1  0.682
  1  0.627
  1  0.663
  0  0.743
  1  0.569
  1  0.645
  0  0.740
  0  0.939
  0  0.760
  1  0.737
  1  0.629
  0  0.801
  0  0.733
  1  0.573
  1  0.640
  0  0.590
  0  0.679
  0  0.796
  1  0.714
  1  0.786
  1  0.604
  0  0.822
  0  0.672
  0  0.689
  0  0.926
  1  0.683
  1  0.682
  1  0.653
  1  0.593
  0  0.916
  0  0.840
  1  0.998
  0  0.615
  1  0.784
  0  1.028
  1  0.708
  1  0.655
  1  0.686
  0  0.715
  0  0.931
  0  0.949
  0  0.973
  0  1.380
  0  0.673
  1  0.582
  0  0.958
  0  1.010
  1  0.598
  1  0.548
  1  0.790
  1  0.545
  1  0.542
  0  0.787
  1  0.650
  1  0.741
  1  1.094
  0  0.795
  0  0.754
  1  1.184
  1  0.708
  0  0.671
  1  0.684
  0  0.664
  0  0.666
  1  0.780
  0  0.874
  0  1.054
  1  0.733
  1  0.662
  0  0.904
  1  0.560
  0  0.739
  1  0.837
  1  0.793
  1  0.971
  0  0.760
  0  0.832
  0  0.653
  0  1.017
  1  0.497
  1  0.911
  1  0.553
  1  0.769
  0  0.706
  1  0.644
  1  0.745
  0  0.799
  0  0.929
  0  0.947
  1  0.591
  1  0.662
  0  1.358
  0  0.919
  0  1.116
  1  0.690
  0  0.677
  1  1.209
  0  1.084
  1  0.578
  0  0.940
  0  0.768
  0  0.676
  1  0.716
  0  0.722
  1  0.559
  0  0.949
  1  0.651
  1  0.608
  1  0.890
  0  0.825
  0  0.603
  0  0.717
  0  0.880
  0  0.825
  1  1.103
  1  0.654
  1  0.702
  1  0.765
  0  0.782
  0  1.049
  0  0.881
  1  0.620
  0  0.788
  1  0.653
  1  0.687
  0  0.632
  0  0.900
  1  0.676
  0  0.971
  0  0.810
  1  0.665
  0  0.838
  1  0.747
  0  1.038
  0  1.100
  1  0.767
  0  0.940
  0  0.869
  0  0.925
  1  0.708
  0  0.871
  1  1.104
  0  0.791
  0  0.700
  1  0.693
  0  1.151
  0  0.778
  0  0.687
  1  0.819
  0  0.594
  0  0.708
  1  0.617
  0  0.775
  1  0.627
  1  0.605
  0  0.658
  0  0.720
  1  0.913
  1  0.613
  1  0.738
  0  0.901
  1  0.902
  0  1.015
  0  0.847
  0  0.787
  0  0.838
  1  0.630
  0  0.764
  0  1.042
  0  1.101
  1  0.741
  0  0.738
  0  1.108
  1  0.694
  1  0.614
  1  0.657
  0  1.082
  0  0.922
  0  0.765
  1  0.800
  0  0.754
  0  0.731
  1  0.839
  0  0.715
  0  0.614
  1  0.713
  1  0.674
  1  0.724
  1  0.944
  1  1.383
  1  0.643
  0  1.040
  0  0.770
  0  0.830
  1  0.752
  1  0.924
  0  1.032
  0  0.792
  0  0.634
  0  0.727
  1  0.912
  1  0.570
  1  0.839
  1  0.942
  0  1.002
  1  0.565
  0  0.875
  0  0.798
  1  1.187
  1  0.771
  0  0.732
  0  0.917
  1  0.644
  0  0.770
  1  0.635
  1  0.743
  0  1.022
  1  0.618
  1  0.800
  1  0.769
  0  0.655
  1  0.745
  1  0.922
  0  1.292
  1  1.293
  1  0.570
  0  0.591
  0  0.702
  1  0.697
  0  0.907
  1  0.941
  0  0.597
  1  0.688
  0  0.661
  1  0.609
  1  0.639
  0  0.789
  1  0.945
  1  1.061
  1  1.063
  0  1.344
  1  0.566
  0  0.720
  0  0.797
  0  0.929
  1  0.669
  1  0.529
  1  0.619
  1  0.698
