  1  0.874
  1  0.825
  1  0.740
  1  0.661
  1  0.593
  1  0.693
  1  0.645
  1  0.606
  1  0.714
  1  0.659
  1  0.633
  1  0.745
  1  0.684
  1  0.654
  1  0.696
  1  0.851
  1  0.671
  1  0.686
  1  0.784
  1  0.763
  1  0.617
  1  0.804
  1  0.830
  1  0.751
  1  0.711
  1  0.771
  1  0.687
  1  0.571
  1  0.535
  1  0.857
  1  0.691
  1  0.699
  1  0.741
  1  0.771
  1  0.608
  1  0.604
  1  0.715
  1  0.696
  1  0.788
  1  0.648
  1  0.576
  1  0.656
  1  0.644
  1  0.627
  1  0.663
  1  0.697
  1  0.692
  1  0.640
  0  1.111
  1  0.609
  1  0.791
  1  0.568
  1  0.718
  1  0.666
  1  0.744
  1  0.649
  1  0.739
  1  0.633
  1  0.757
  1  0.987
  1  0.662
  1  0.732
  1  0.758
  1  0.719
  1  0.700
  1  0.651
  1  0.820
  1  0.703
  1  0.625
  1  0.658
  1  0.601
  1  0.728
  1  0.811
  1  0.668
  1  0.718
  1  0.610
  1  0.688
  1  0.689
  1  0.652
  1  0.575
  1  0.724
  1  0.686
  1  0.572
  1  0.934
  1  0.591
  1  0.691
  1  0.600
  1  0.804
  1  0.774
  1  0.693
  1  0.728
  1  0.564
  1  0.628
  1  0.765
  1  0.736
  1  0.708
  1  0.644
  1  0.643
  1  0.813
  1  0.638
  1  0.842
  1  0.679
  1  0.780
  1  0.856
  0  0.669
  1  0.711
  1  0.738
  1  0.611
  1  0.617
  1  0.592
  1  0.787
  1  0.622
  1  0.698
  1  0.650
  1  0.654
  1  0.680
  1  0.638
  1  0.795
  1  0.749
  1  0.698
  1  0.742
  1  0.712
  1  0.616
  1  0.624
  1  0.803
  1  0.881
  1  0.797
  1  0.716
  1  0.633
  1  0.657
  1  0.814
  1  0.574
  1  0.542
  1  0.947
  1  0.831
  1  0.678
  1  0.662
  1  0.703
  1  0.658
  1  0.737
  1  0.773
  1  0.668
  1  0.642
  1  0.686
  1  0.586
  1  0.612
  1  0.554
  1  0.742
  1  0.710
  1  0.734
  1  0.862
  1  0.779
  1  0.695
  1  0.824
  1  0.702
  1  0.739
  1  0.992
  1  0.659
  1  0.592
  1  0.672
  1  0.621
  1  0.641
  1  0.699
  1  0.568
  1  0.598
  1  0.635
  1  0.626
  1  0.661
  1  0.684
  1  0.789
  0  0.917
  1  0.667
  1  0.667
  1  0.630
  1  0.682
  1  0.668
  1  0.775
  1  0.708
  1  0.724
  1  0.598
  1  0.728
  1  0.655
  1  0.741
  1  0.671
  1  0.684
  1  0.680
  1  0.595
  1  0.696
  1  0.889
  1  0.617
  1  0.642
  1  0.679
  1  0.865
  1  0.689
  1  0.709
  1  0.853
  1  0.733
  1  0.733
  1  0.572
  1  0.711
  1  0.659
  1  0.863
  1  0.611
  1  0.696
  1  0.653
  1  0.676
  1  0.660
  1  0.550
  1  0.606
  1  0.812
  1  0.636
  1  0.705
  1  0.637
  1  0.738
  1  0.885
  1  0.898
  1  0.763
  1  0.645
  1  0.637
  1  0.631
  1  0.647
  1  0.630
  1  0.925
  1  0.745
  1  0.734
  1  0.633
  1  0.766
  1  0.736
  1  0.678
  1  0.771
  1  0.701
  1  0.723
  1  0.654
  1  0.908
  1  0.676
  1  0.893
  1  0.696
  1  0.760
  1  0.738
  1  0.729
  1  0.682
  1  0.676
  1  0.778
  1  0.792
  1  0.693
  1  0.707
  1  0.778
  1  0.559
  1  0.923
  1  0.651
  1  0.555
  1  0.803
  1  0.689
  1  1.007
  1  0.613
  1  0.718
  1  0.666
  1  0.676
  1  0.628
  1  0.739
  1  0.738
  0  0.685
  1  0.688
  1  0.932
  1  0.674
  1  0.587
  1  0.702
  1  0.618
  1  0.613
  1  0.692
  1  0.721
  1  0.664
  1  0.777
  1  0.630
  1  0.657
  1  0.739
  1  0.739
  1  0.655
  1  0.801
  1  0.693
  1  0.568
  1  0.750
  1  0.805
  1  0.653
  1  0.748
  1  0.623
  1  0.674
  1  0.743
  1  0.618
  1  1.073
  1  0.582
  1  0.640
  1  0.764
  1  0.852
  1  0.572
  1  0.632
  1  0.680
  1  0.691
  1  0.639
  1  0.623
  1  0.708
  1  0.639
  1  0.649
  1  0.728
  1  0.627
  1  0.629
  1  0.709
  1  0.709
  1  0.616
  1  0.915
  1  0.633
  1  0.575
  1  0.598
  1  0.546
  1  0.591
  1  0.979
  1  0.627
  1  0.658
  1  0.667
  1  0.563
  1  0.969
  1  0.787
  1  0.667
  1  0.716
  1  0.784
  1  0.614
  1  0.792
  1  0.611
  1  0.762
  1  0.836
  1  0.799
  1  0.697
  1  0.648
  1  0.614
  1  0.962
  1  0.632
  1  0.678
  1  0.607
  1  0.864
  1  0.628
  1  0.637
  1  0.748
  1  0.659
  1  0.701
  1  0.743
  1  0.681
  1  0.690
  1  0.663
  1  0.683
  1  0.731
  1  0.598
  1  0.743
  1  0.630
  1  0.594
  1  0.741
  1  0.765
  1  0.725
  1  0.700
  1  0.614
  1  0.766
  1  0.638
  1  0.701
  1  0.637
  1  0.705
  1  1.166
  1  0.579
  1  0.724
  1  0.629
  1  0.717
  1  0.660
  1  0.768
  1  0.761
  0  0.638
  1  0.710
  1  0.715
  1  0.601
  1  0.721
  1  0.657
  1  0.925
  1  0.570
  1  0.554
  0  1.010
  1  0.546
  1  0.693
  1  0.566
  1  0.638
  1  0.695
  1  0.607
  1  0.620
  1  0.683
  1  0.638
  1  0.742
  1  0.613
  1  0.695
  1  0.580
  1  0.661
  1  0.601
  1  0.754
  1  0.606
  1  0.878
  1  0.634
  1  0.602
  1  0.624
  1  0.631
  1  1.332
  1  1.126
  1  0.645
  1  0.657
  1  0.574
  1  0.592
  1  1.022
  1  0.795
  1  0.620
  1  0.616
  1  0.623
  1  0.669
  1  0.592
  1  0.659
  1  0.714
  1  0.569
  1  0.728
  1  0.653
  1  0.732
  1  0.597
  1  0.752
  1  0.726
  1  0.737
  1  0.996
  1  0.652
  1  0.710
  1  0.629
  1  0.734
  1  0.733
  1  0.646
  1  0.659
  1  0.587
  1  0.658
  1  0.636
  1  0.724
  1  0.652
  1  0.947
  1  0.739
  1  0.678
  1  0.616
  1  0.666
  1  0.647
  1  0.575
  1  0.832
  1  0.669
  1  0.812
  1  0.800
  1  0.863
  1  0.751
  1  0.708
  1  0.743
  1  0.676
  1  0.652
  1  1.133
  1  0.725
  1  0.624
  1  0.612
  1  0.727
  1  0.600
  1  0.795
  1  0.534
  1  0.721
  1  0.735
  1  0.678
  1  0.613
  1  0.706
  1  0.667
  1  0.744
  1  0.668
  1  0.706
  1  0.779
  1  0.752
  1  0.601
  1  0.824
  1  0.589
  1  0.675
  1  0.671
  1  0.719
  1  0.672
  1  0.680
  1  0.618
  1  0.776
  1  0.915
  1  0.767
  1  0.709
  1  0.643
  1  0.648
  1  0.716
  1  0.664
  1  0.762
  1  0.696
  1  0.838
  1  0.754
  1  0.724
  1  0.828
  1  0.716
