  1  0.968
  1  0.800
  1  0.837
  1  0.917
  1  0.919
  1  0.844
  1  0.787
  1  0.934
  1  0.938
  1  0.822
  1  0.928
  1  0.909
  1  0.922
  1  0.810
  1  0.934
  1  0.877
  1  0.854
  1  0.790
  1  0.839
  1  0.855
  1  0.900
  1  0.791
  1  0.830
  1  0.843
  1  1.072
  1  0.829
  1  0.781
  1  0.920
  1  0.865
  1  0.920
  1  0.897
  1  0.848
  1  0.936
  1  0.800
  1  0.797
  1  1.012
  1  0.819
  1  0.887
  1  0.881
  1  0.874
  1  0.749
  1  0.972
  1  0.911
  1  1.019
  1  0.977
  1  0.918
  1  1.008
  1  0.794
  1  0.954
  1  0.794
  1  0.770
  1  0.890
  1  0.914
  1  0.979
  1  0.962
  1  0.870
  1  0.938
  1  0.777
  1  0.807
  1  0.924
  1  0.839
  1  0.991
  1  0.863
  1  0.817
  1  0.898
  1  0.974
  1  0.820
  1  1.004
  1  0.787
  1  0.966
  1  0.944
  1  0.811
  1  0.948
  1  0.942
  1  0.900
  1  0.761
  1  0.918
  1  0.898
  1  0.863
  1  0.791
  1  0.983
  1  0.905
  1  0.850
  1  0.797
  1  0.904
  1  0.932
  1  0.760
  1  0.866
  1  0.818
  1  0.902
  1  0.807
  1  0.917
  1  0.900
  1  0.874
  1  0.862
  1  0.841
  1  0.881
  1  0.897
  1  0.819
  1  0.907
  1  0.833
  1  0.863
  1  1.083
  1  0.964
  1  0.930
  1  0.926
  1  0.855
  1  0.959
  1  0.774
  1  0.916
  1  0.886
  1  0.816
  1  0.885
  1  0.914
  1  0.847
  1  0.877
  1  0.862
  1  0.993
  1  0.783
  1  0.830
  1  0.900
  1  0.886
  1  0.796
  1  0.852
  1  0.818
  1  0.842
  1  0.824
  1  0.804
  1  0.993
  1  0.831
  1  0.924
  1  0.841
  1  0.848
  1  0.918
  1  0.795
  1  0.872
  1  0.911
  1  0.820
  1  0.929
  1  0.882
  1  0.869
  1  0.762
  1  0.856
  1  0.899
  1  0.834
  1  0.878
  1  0.961
  1  0.797
  1  0.860
  1  0.897
  1  0.770
  1  0.750
  1  0.931
  1  0.882
  1  0.835
  1  0.774
  1  0.887
  1  0.780
  1  0.994
  1  1.057
  1  0.897
  1  0.963
  1  0.790
  1  0.936
  1  0.928
  1  0.836
  1  0.875
  1  0.846
  1  0.801
  1  0.927
  1  0.902
  1  0.910
  1  0.789
  1  0.942
  1  1.076
  1  0.856
  1  1.065
  1  0.978
  1  1.036
  1  0.808
  1  0.918
  1  0.839
  1  0.923
  1  0.834
  1  0.881
  1  0.901
  1  0.883
  1  0.839
  1  0.798
  1  0.812
  1  0.801
  1  0.883
  1  0.926
  1  0.876
  1  0.939
  1  0.860
  1  0.765
  1  0.924
  1  0.891
  1  0.840
  1  0.951
  1  0.984
  1  0.852
  1  0.836
  1  0.802
  1  0.866
  1  0.960
  1  0.849
  1  0.798
  1  0.752
  1  0.933
  1  0.874
  1  0.920
  1  0.834
  1  0.840
  1  0.858
  1  0.905
  1  0.938
  1  0.967
  1  0.787
  1  0.974
  1  0.934
  1  0.795
  1  0.889
  1  0.900
  1  1.018
  1  0.903
  1  0.902
  1  0.922
  1  0.971
  1  0.873
  1  0.883
  1  0.889
  1  0.916
  1  0.794
  1  0.909
  1  0.947
  1  0.821
  1  0.769
  1  0.821
  1  0.925
  1  0.928
  1  0.838
  1  0.924
  1  0.854
  1  0.997
  1  0.827
  1  0.842
  1  0.925
  1  0.933
  1  0.780
  1  0.901
  1  0.815
  1  0.937
  1  0.912
  1  0.861
  1  1.034
  1  0.940
  1  0.816
  1  0.800
  1  0.924
  1  0.861
  1  0.788
  1  0.849
  1  0.905
  1  1.123
  1  0.765
  1  0.927
  1  0.856
  1  0.891
  1  0.924
  1  0.814
  1  0.820
  1  0.804
  1  0.916
  1  0.866
  1  0.943
  1  0.865
  1  0.916
  1  1.048
  1  0.867
  1  0.905
  1  0.943
  1  0.774
  1  0.858
  1  0.838
  1  0.825
  1  0.946
  1  0.797
  1  0.818
  1  0.989
  1  0.807
  1  0.900
  1  0.901
  1  1.079
  1  0.929
  1  0.809
  1  1.129
  1  0.938
  1  0.901
  1  1.099
  1  0.865
  1  0.915
  1  0.754
  1  0.782
  1  0.844
  1  0.841
  1  0.786
  1  0.969
  1  0.849
  1  0.807
  1  0.890
  1  0.839
  1  0.880
  1  0.900
  1  0.815
  1  0.949
  1  0.857
  1  0.841
  1  0.762
  1  0.870
  1  0.936
  1  0.903
  1  0.777
  1  0.812
  1  0.762
  1  0.841
  1  0.909
  1  0.920
  1  0.756
  1  0.943
  1  0.862
  1  0.822
  1  0.855
  1  0.879
  1  0.882
  1  0.870
  1  1.094
  1  0.886
  1  0.861
  1  0.981
  1  0.844
  1  0.909
  1  0.870
  1  0.832
  1  0.950
  1  0.961
  1  1.104
  1  0.904
  1  0.756
  1  0.867
  1  0.938
  1  0.820
  1  0.937
  1  0.914
  1  0.967
  1  0.858
  1  0.916
  1  1.004
  1  0.900
  1  0.856
  1  0.888
  1  0.903
  1  0.856
  1  0.874
  1  0.810
  1  0.822
  1  0.883
  1  0.851
  1  0.964
  1  0.965
  1  0.777
  1  0.923
  1  0.939
  1  0.953
  1  0.839
  1  0.751
  1  0.865
  1  0.915
  1  0.845
  1  0.815
  1  0.793
  1  0.926
  1  0.808
  1  0.897
  1  0.899
  1  0.866
  1  0.862
  1  0.884
  1  0.963
  1  0.813
  1  0.881
  1  0.919
  1  0.938
  1  0.950
  1  0.815
  1  0.934
  1  0.932
  1  0.856
  1  0.942
  1  0.873
  1  0.915
  1  0.881
  1  0.785
  1  0.922
  1  0.945
  1  0.763
  1  0.941
  1  0.890
  1  0.957
  1  0.923
  1  0.891
  1  0.789
  1  0.860
  1  0.924
  1  0.809
  1  0.845
  1  1.016
  1  0.946
  1  0.905
  1  0.927
  1  0.936
  1  0.894
  1  0.894
  1  0.925
  1  0.991
  1  0.915
  1  0.933
  1  0.928
  1  0.909
  1  0.906
  1  0.832
  1  0.794
  1  0.846
  1  0.806
  1  0.882
  1  0.945
  1  1.034
  1  0.926
  1  0.871
  1  0.762
  1  0.803
  1  0.862
  1  0.911
  1  0.899
  1  0.769
  1  0.779
  1  0.924
  1  0.904
  1  0.909
  1  0.821
  1  0.821
  1  1.028
  1  0.916
  1  0.878
  1  0.961
  1  0.993
  1  0.904
  1  0.872
  1  0.895
  1  1.001
  1  0.832
  1  1.005
  1  0.952
  1  1.066
  1  0.819
  1  0.915
  1  0.967
  1  0.891
  1  0.826
  1  0.830
  1  0.887
  1  0.771
  1  1.011
  1  0.927
  1  0.858
  1  0.772
  1  0.907
  1  0.901
  1  0.948
  1  0.812
  1  0.979
  1  0.951
  1  0.827
  1  0.963
  1  0.929
  1  0.902
  1  1.037
  1  0.902
  1  0.843
  1  0.914
  1  0.914
  1  0.795
  1  1.027
  1  0.843
  1  0.888
  1  0.794
  1  0.910
  1  0.890
  1  0.933
