  1  0.653
  1  0.454
  1  0.482
  1  0.563
  1  0.566
  1  0.487
  0  0.530
  1  0.592
  1  0.599
  1  0.471
  1  0.582
  1  0.550
  1  0.570
  1  0.463
  1  0.591
  1  0.514
  1  0.495
  0  0.513
  1  0.483
  1  0.495
  1  0.539
  1  0.440
  1  0.477
  1  0.487
  1  0.825
  1  0.476
  0  0.560
  1  0.568
  1  0.504
  1  0.568
  1  0.535
  1  0.490
  1  0.597
  1  0.454
  1  0.450
  1  0.728
  1  0.469
  1  0.524
  1  0.518
  1  0.512
  0  0.799
  1  0.661
  1  0.553
  1  0.739
  1  0.670
  1  0.564
  1  0.722
  1  0.448
  1  0.629
  1  0.447
  0  0.615
  1  0.527
  1  0.559
  1  0.673
  1  0.643
  1  0.508
  1  0.600
  0  0.576
  1  0.460
  1  0.574
  1  0.483
  1  0.693
  1  0.502
  1  0.467
  1  0.536
  1  0.663
  1  0.470
  1  0.715
  0  0.529
  1  0.650
  1  0.610
  1  0.463
  1  0.617
  1  0.607
  1  0.539
  0  0.683
  1  0.564
  1  0.536
  1  0.502
  1  0.438
  1  0.679
  1  0.545
  1  0.492
  1  0.451
  1  0.544
  1  0.589
  0  0.693
  1  0.504
  1  0.469
  1  0.541
  1  0.460
  1  0.563
  1  0.538
  1  0.511
  1  0.501
  1  0.485
  1  0.518
  1  0.536
  1  0.469
  1  0.547
  1  0.479
  1  0.502
  1  0.843
  1  0.646
  1  0.585
  1  0.578
  1  0.495
  1  0.638
  0  0.590
  1  0.562
  1  0.523
  1  0.467
  1  0.522
  1  0.559
  1  0.489
  1  0.514
  1  0.501
  1  0.696
  0  0.547
  1  0.477
  1  0.539
  1  0.523
  1  0.450
  1  0.493
  1  0.468
  1  0.485
  1  0.473
  1  0.458
  1  0.697
  1  0.478
  1  0.575
  1  0.485
  1  0.490
  1  0.564
  1  0.448
  1  0.510
  1  0.554
  1  0.470
  1  0.583
  1  0.519
  1  0.507
  0  0.674
  1  0.496
  1  0.538
  1  0.480
  1  0.515
  1  0.641
  1  0.451
  1  0.500
  1  0.536
  0  0.618
  0  0.796
  1  0.587
  1  0.519
  1  0.480
  0  0.594
  1  0.524
  0  0.564
  1  0.697
  1  0.802
  1  0.535
  1  0.645
  0  0.510
  1  0.595
  1  0.582
  1  0.481
  1  0.513
  1  0.488
  1  0.456
  1  0.580
  1  0.542
  1  0.552
  0  0.518
  1  0.607
  1  0.832
  1  0.496
  1  0.814
  1  0.671
  1  0.768
  1  0.461
  1  0.565
  1  0.483
  1  0.572
  1  0.480
  1  0.518
  1  0.540
  1  0.520
  1  0.483
  1  0.452
  1  0.464
  1  0.456
  1  0.520
  1  0.578
  1  0.513
  1  0.601
  1  0.499
  0  0.652
  1  0.575
  1  0.528
  1  0.484
  1  0.623
  1  0.681
  1  0.493
  1  0.481
  1  0.456
  1  0.504
  1  0.639
  1  0.490
  1  0.452
  0  0.771
  1  0.591
  1  0.511
  1  0.568
  1  0.480
  1  0.484
  1  0.497
  1  0.545
  1  0.599
  1  0.652
  0  0.531
  1  0.663
  1  0.592
  1  0.448
  1  0.526
  1  0.538
  1  0.738
  1  0.542
  1  0.541
  1  0.572
  1  0.658
  1  0.510
  1  0.520
  1  0.526
  1  0.562
  1  0.447
  1  0.551
  1  0.616
  1  0.471
  0  0.622
  1  0.471
  1  0.577
  1  0.581
  1  0.483
  1  0.575
  1  0.494
  1  0.704
  1  0.475
  1  0.486
  1  0.575
  1  0.591
  0  0.562
  1  0.540
  1  0.467
  1  0.598
  1  0.555
  1  0.500
  1  0.765
  1  0.604
  1  0.467
  1  0.454
  1  0.574
  1  0.500
  0  0.525
  1  0.490
  1  0.545
  1  0.905
  0  0.651
  1  0.580
  1  0.496
  1  0.528
  1  0.575
  1  0.465
  1  0.470
  1  0.458
  1  0.562
  1  0.504
  1  0.608
  1  0.503
  1  0.561
  1  0.787
  1  0.505
  1  0.546
  1  0.609
  0  0.592
  1  0.498
  1  0.483
  1  0.474
  1  0.614
  1  0.451
  1  0.468
  1  0.689
  1  0.460
  1  0.539
  1  0.540
  1  0.836
  1  0.583
  1  0.462
  1  0.915
  1  0.599
  1  0.539
  1  0.868
  1  0.504
  1  0.560
  0  0.751
  0  0.552
  1  0.487
  1  0.485
  0  0.534
  1  0.655
  1  0.491
  1  0.460
  1  0.527
  1  0.483
  1  0.517
  1  0.538
  1  0.467
  1  0.619
  1  0.497
  1  0.485
  0  0.679
  1  0.508
  1  0.596
  1  0.542
  0  0.579
  1  0.464
  0  0.677
  1  0.484
  1  0.551
  1  0.567
  0  0.733
  1  0.608
  1  0.501
  1  0.471
  1  0.495
  1  0.516
  1  0.519
  1  0.508
  1  0.860
  1  0.523
  1  0.500
  1  0.676
  1  0.487
  1  0.551
  1  0.507
  1  0.478
  1  0.621
  1  0.640
  1  0.875
  1  0.544
  0  0.729
  1  0.506
  1  0.599
  1  0.470
  1  0.598
  1  0.558
  1  0.651
  1  0.497
  1  0.560
  1  0.715
  1  0.538
  1  0.496
  1  0.525
  1  0.542
  1  0.496
  1  0.512
  1  0.463
  1  0.472
  1  0.520
  1  0.492
  1  0.646
  1  0.647
  0  0.578
  1  0.573
  1  0.602
  1  0.627
  1  0.483
  0  0.786
  1  0.503
  1  0.559
  1  0.488
  1  0.467
  1  0.445
  1  0.577
  1  0.461
  1  0.535
  1  0.538
  1  0.504
  1  0.501
  1  0.521
  1  0.645
  1  0.465
  1  0.518
  1  0.566
  1  0.600
  1  0.621
  1  0.466
  1  0.592
  1  0.589
  1  0.496
  1  0.606
  1  0.511
  1  0.560
  1  0.518
  0  0.538
  1  0.572
  1  0.611
  0  0.668
  1  0.605
  1  0.527
  1  0.634
  1  0.573
  1  0.528
  0  0.521
  1  0.499
  1  0.575
  1  0.462
  1  0.487
  1  0.735
  1  0.614
  1  0.545
  1  0.579
  1  0.597
  1  0.532
  1  0.532
  1  0.576
  1  0.694
  1  0.559
  1  0.590
  1  0.581
  1  0.550
  1  0.547
  1  0.478
  1  0.446
  1  0.489
  1  0.460
  1  0.519
  1  0.612
  1  0.764
  1  0.578
  1  0.509
  0  0.674
  1  0.457
  1  0.501
  1  0.553
  1  0.538
  0  0.625
  0  0.565
  1  0.574
  1  0.544
  1  0.550
  1  0.471
  1  0.471
  1  0.754
  1  0.561
  1  0.515
  1  0.642
  1  0.696
  1  0.544
  1  0.510
  1  0.532
  1  0.710
  1  0.479
  1  0.717
  1  0.626
  1  0.815
  1  0.469
  1  0.560
  1  0.652
  1  0.528
  1  0.474
  1  0.477
  1  0.524
  0  0.608
  1  0.727
  1  0.580
  1  0.498
  0  0.603
  1  0.547
  1  0.540
  1  0.618
  1  0.464
  1  0.672
  1  0.623
  1  0.475
  1  0.645
  1  0.583
  1  0.541
  1  0.769
  1  0.542
  1  0.486
  1  0.557
  1  0.558
  1  0.448
  1  0.753
  1  0.486
  1  0.525
  1  0.447
  1  0.552
  1  0.527
  1  0.590
