  1  1.385
  1  1.546
  1  1.187
  1  1.024
  1  1.091
  1  1.173
  1  1.236
  1  1.003
  1  1.719
  1  1.450
  1  1.093
  1  1.160
  1  1.467
  1  1.210
  1  1.727
  1  1.041
  0  0.873
  1  1.014
  1  1.180
  1  1.591
  1  1.281
  1  1.425
  1  2.126
  1  1.163
  1  1.552
  1  1.115
  1  1.348
  1  0.987
  1  1.475
  1  1.014
  1  1.331
  1  1.335
  1  1.835
  1  1.508
  1  1.576
  1  0.951
  1  1.590
  1  1.319
  1  1.305
  1  1.328
  1  1.329
  1  1.047
  1  0.997
  1  1.045
  1  1.754
  1  1.050
  1  1.254
  1  2.015
  1  1.114
  1  1.028
  1  1.085
  1  1.079
  1  1.277
  1  2.044
  1  1.068
  1  1.037
  1  1.586
  1  1.178
  1  1.542
  1  1.747
  1  1.269
  1  1.526
  1  1.299
  1  2.051
  1  1.598
  1  1.398
  1  1.239
  1  1.027
  1  0.937
  1  1.253
  1  1.308
  1  1.113
  1  1.410
  1  1.740
  1  1.315
  1  1.195
  1  1.046
  1  1.632
  1  1.297
  1  1.046
  0  1.212
  1  1.830
  1  1.452
  1  1.245
  1  1.012
  1  1.133
  1  1.225
  1  1.144
  1  1.817
  1  1.247
  1  1.889
  1  1.563
  1  1.115
  0  1.065
  1  1.106
  1  1.436
  1  1.775
  0  0.792
  1  1.260
  1  1.521
  1  1.795
  1  1.346
  1  0.976
  1  0.924
  1  1.199
  1  0.930
  1  1.337
  1  1.695
  1  1.223
  1  1.219
  1  0.940
  1  1.052
  1  1.039
  1  1.537
  1  1.075
  1  1.052
  1  1.234
  1  1.273
  1  1.260
  1  1.829
  1  1.314
  1  1.126
  1  1.058
  1  1.048
  0  0.808
  0  0.861
  1  1.596
  1  1.328
  1  1.431
  1  1.261
  1  1.910
  1  1.579
  1  1.114
  1  1.024
  1  1.146
  1  1.065
  1  1.240
  1  1.185
  1  1.310
  1  1.050
  1  1.907
  1  1.189
  1  1.213
  1  1.782
  1  1.209
  1  1.185
  1  1.046
  1  1.142
  1  1.124
  1  1.363
  1  1.174
  1  1.387
  1  1.270
  1  1.529
  1  1.431
  1  1.046
  1  1.125
  1  1.066
  1  1.503
  1  1.257
  1  2.444
  1  1.300
  1  1.175
  1  1.986
  1  1.824
  1  2.004
  1  1.033
  1  1.079
  1  1.055
  1  1.111
  1  1.081
  1  1.055
  1  1.330
  1  1.183
  1  1.472
  1  2.059
  1  1.601
  1  1.125
  1  1.196
  1  0.909
  1  1.031
  1  1.046
  1  1.141
  1  1.329
  1  1.039
  1  1.286
  1  1.141
  1  1.194
  1  1.020
  1  1.051
  1  1.528
  1  1.905
  1  1.330
  0  0.873
  1  1.574
  1  0.903
  1  2.163
  0  0.840
  1  1.236
  1  1.214
  1  1.001
  1  1.189
  1  1.124
  1  1.165
  1  1.652
  1  1.069
  1  1.478
  1  1.589
  1  1.379
  1  1.579
  1  1.468
  1  0.996
  1  1.199
  1  1.169
  0  1.824
  1  1.048
  1  0.952
  1  1.194
  1  2.541
  1  1.077
  1  1.612
  1  1.501
  1  1.465
  1  2.319
  1  1.282
  1  1.293
  1  1.615
  1  1.489
  1  1.329
  1  1.645
  1  1.440
  1  1.554
  1  1.333
  1  1.357
  1  1.057
  1  1.254
  1  1.236
  1  1.491
  1  1.484
  1  1.218
  0  1.313
  1  1.057
  1  0.885
  1  2.072
  1  1.200
  1  1.686
  0  1.011
  1  1.416
  1  1.306
  1  0.998
  1  1.313
  1  1.131
  1  1.326
  1  1.434
  1  1.739
  1  1.911
  1  1.532
  1  0.971
  1  0.987
  1  0.942
  1  1.132
  1  1.384
  1  1.984
  1  1.012
  1  1.214
  1  1.252
  1  1.074
  1  2.165
  1  1.499
  1  1.510
  1  1.104
  1  0.878
  1  1.062
  1  1.716
  1  2.365
  1  1.576
  1  1.051
  1  1.160
  1  1.105
  1  1.232
  1  1.032
  1  1.510
  1  1.022
  1  2.070
  1  0.884
  1  1.584
  1  1.801
  1  1.372
  1  1.317
  1  1.217
  0  0.922
  1  1.089
  1  1.297
  1  0.998
  1  1.399
  1  1.032
  1  2.114
  1  1.605
  1  1.855
  1  2.041
  1  1.396
  1  1.249
  1  1.095
  1  1.160
  1  0.912
  1  1.079
  1  1.624
  1  1.077
  1  1.078
  1  1.310
  1  1.174
  1  1.175
  1  1.379
  1  1.166
  1  1.205
  1  1.079
  1  1.006
  1  1.121
  1  1.746
  1  1.260
  1  1.399
  1  1.026
  1  1.134
  1  1.187
  1  1.259
  1  1.357
  1  1.533
  1  2.198
  0  1.119
  1  1.126
  1  1.328
  1  1.479
  1  2.738
  1  1.316
  1  1.233
  1  1.187
  1  0.896
  1  1.065
  1  1.617
  1  1.024
  1  1.157
  1  1.361
  0  0.884
  1  1.842
  1  2.101
  1  1.080
  1  1.143
  1  0.983
  1  1.677
  1  1.745
  1  1.240
  1  1.091
  1  1.722
  1  1.244
  1  1.121
  1  1.141
  1  1.269
  1  1.174
  1  0.996
  1  1.847
  1  1.120
  1  2.004
  1  1.150
  1  1.503
  1  1.478
  1  1.314
  1  2.116
  1  1.136
  1  1.120
  1  1.489
  0  0.967
  1  1.086
  1  1.417
  1  2.008
  1  1.336
  1  1.555
  1  1.123
  1  1.164
  1  1.118
  1  1.415
  0  1.185
  1  1.122
  1  1.165
  0  1.642
  1  0.998
  1  1.072
  1  1.974
  1  1.002
  1  1.026
  1  1.301
  1  1.018
  1  1.558
  1  2.312
  1  1.064
  1  1.051
  1  0.935
  1  1.053
  1  1.170
  1  0.920
  1  1.509
  1  1.441
  1  2.516
  1  1.813
  1  1.506
  1  1.945
  1  1.341
  1  1.414
  0  2.432
  1  1.216
  1  1.554
  1  1.272
  1  1.120
  1  1.621
  1  1.836
  1  1.187
  1  1.767
  1  1.366
  1  1.257
  1  1.268
  1  1.528
  1  1.272
  1  1.021
  1  2.234
  1  1.235
  1  1.317
  0  1.159
  1  1.403
  1  1.393
  1  1.553
  1  1.017
  1  1.069
  1  1.179
  1  1.087
  1  1.154
  1  1.380
  0  1.231
  1  1.252
  1  1.645
  1  1.172
  1  1.093
  1  1.384
  1  1.090
  1  1.049
  1  1.533
  1  1.641
  0  1.326
  1  1.176
  1  1.410
  1  1.684
  1  1.032
  1  1.366
  1  0.857
  1  1.091
  1  1.268
  1  1.102
  1  1.411
  1  1.691
  1  0.995
  1  1.491
  1  1.203
  1  1.323
  1  1.252
  1  1.501
  1  1.033
  1  1.085
  1  1.363
  1  1.609
  1  1.205
  1  0.991
  1  1.314
  1  1.340
  1  0.931
  1  1.505
  1  1.378
  1  2.196
  1  1.114
  1  1.178
  1  1.143
  1  1.431
  0  1.102
  1  1.432
  0  1.126
  1  2.736
  1  1.617
  1  1.182
  1  1.254
  1  1.251
  1  1.947
  0  1.009
  0  1.021
  1  1.387
  1  0.914
  1  1.859
  1  1.281
  1  1.486
  1  1.307
  1  1.368
  1  1.439
  1  1.290
  1  1.274
