  1  0.831
  1  0.930
  1  0.718
  1  0.603
  1  0.663
  1  0.711
  1  0.746
  0  0.571
  1  1.046
  1  0.870
  1  0.664
  1  0.703
  1  0.880
  1  0.731
  1  1.052
  1  0.624
  0  0.852
  1  0.584
  1  0.714
  1  0.959
  1  0.771
  1  0.854
  1  1.356
  1  0.705
  1  0.934
  1  0.677
  1  0.809
  0  0.628
  1  0.885
  1  0.584
  1  0.799
  1  0.802
  1  1.129
  1  0.906
  1  0.949
  0  0.707
  1  0.958
  1  0.792
  1  0.784
  1  0.798
  1  0.798
  1  0.629
  0  0.598
  1  0.627
  1  1.070
  1  0.632
  1  0.756
  1  1.267
  1  0.677
  1  0.608
  1  0.659
  1  0.655
  1  0.769
  1  1.291
  1  0.647
  1  0.620
  1  0.956
  1  0.714
  1  0.927
  1  1.066
  1  0.764
  1  0.917
  1  0.781
  1  1.296
  1  0.963
  1  0.838
  1  0.747
  1  0.608
  0  0.735
  1  0.755
  1  0.786
  1  0.676
  1  0.845
  1  1.061
  1  0.790
  1  0.723
  1  0.629
  1  0.986
  1  0.780
  1  0.629
  0  1.187
  1  1.126
  1  0.871
  1  0.751
  1  0.577
  1  0.688
  1  0.740
  1  0.695
  1  1.116
  1  0.752
  1  1.170
  1  0.941
  1  0.677
  0  1.026
  1  0.672
  1  0.861
  1  1.086
  0  0.832
  1  0.759
  1  0.914
  1  1.100
  1  0.808
  0  0.653
  0  0.759
  1  0.725
  0  0.748
  1  0.802
  1  1.029
  1  0.738
  1  0.736
  0  0.730
  1  0.634
  1  0.622
  1  0.924
  1  0.652
  1  0.634
  1  0.745
  1  0.766
  1  0.759
  1  1.125
  1  0.790
  1  0.684
  1  0.639
  1  0.631
  0  0.833
  0  0.847
  1  0.962
  1  0.797
  1  0.858
  1  0.759
  1  1.186
  1  0.951
  1  0.677
  1  0.604
  1  0.696
  1  0.645
  1  0.748
  1  0.717
  1  0.787
  1  0.632
  1  1.184
  1  0.720
  1  0.733
  1  1.091
  1  0.731
  1  0.718
  1  0.629
  1  0.693
  1  0.683
  1  0.818
  1  0.711
  1  0.832
  1  0.765
  1  0.919
  1  0.858
  1  0.628
  1  0.683
  1  0.645
  1  0.902
  1  0.757
  1  1.629
  1  0.782
  1  0.712
  1  1.244
  1  1.122
  1  1.259
  1  0.615
  1  0.654
  1  0.636
  1  0.675
  1  0.656
  1  0.636
  1  0.799
  1  0.717
  1  0.883
  1  1.302
  1  0.966
  1  0.683
  1  0.724
  0  0.782
  1  0.613
  1  0.629
  1  0.693
  1  0.798
  1  0.622
  1  0.774
  1  0.693
  1  0.723
  1  0.596
  1  0.633
  1  0.918
  1  1.182
  1  0.798
  0  0.852
  1  0.948
  0  0.790
  1  1.387
  0  0.840
  1  0.746
  1  0.734
  0  0.582
  1  0.720
  1  0.683
  1  0.706
  1  1.000
  1  0.647
  1  0.887
  1  0.958
  1  0.827
  1  0.951
  1  0.880
  0  0.602
  1  0.725
  1  0.709
  0  1.846
  1  0.630
  0  0.705
  1  0.723
  1  1.716
  1  0.653
  1  0.973
  1  0.901
  1  0.878
  1  1.519
  1  0.771
  1  0.777
  1  0.975
  1  0.894
  1  0.798
  1  0.995
  1  0.863
  1  0.935
  1  0.800
  1  0.814
  1  0.638
  1  0.756
  1  0.746
  1  0.895
  1  0.890
  1  0.736
  0  1.298
  1  0.638
  0  0.810
  1  1.312
  1  0.726
  1  1.023
  0  0.968
  1  0.849
  1  0.785
  0  0.593
  1  0.789
  1  0.687
  1  0.796
  1  0.860
  1  1.060
  1  1.186
  1  0.920
  0  0.664
  0  0.626
  0  0.726
  1  0.688
  1  0.830
  1  1.243
  1  0.577
  1  0.734
  1  0.755
  1  0.651
  1  1.388
  1  0.900
  1  0.907
  1  0.671
  0  0.815
  1  0.642
  1  1.044
  1  1.559
  1  0.949
  1  0.633
  1  0.703
  1  0.672
  1  0.743
  1  0.613
  1  0.907
  1  0.599
  1  1.311
  0  0.810
  1  0.954
  1  1.104
  1  0.823
  1  0.791
  1  0.735
  0  0.883
  1  0.662
  1  0.779
  0  0.594
  1  0.839
  1  0.614
  1  1.347
  1  0.968
  1  1.144
  1  1.288
  1  0.837
  1  0.753
  1  0.665
  1  0.703
  0  0.778
  1  0.654
  1  0.981
  1  0.653
  1  0.654
  1  0.787
  1  0.711
  1  0.712
  1  0.827
  1  0.707
  1  0.728
  1  0.655
  0  0.553
  1  0.681
  1  1.065
  1  0.759
  1  0.839
  1  0.606
  1  0.689
  1  0.719
  1  0.758
  1  0.814
  1  0.921
  1  1.416
  0  1.085
  1  0.684
  1  0.797
  1  0.887
  1  1.897
  1  0.790
  1  0.744
  1  0.719
  0  0.798
  1  0.644
  1  0.976
  1  0.604
  1  0.702
  1  0.816
  0  0.857
  1  1.134
  1  1.336
  1  0.655
  1  0.694
  0  0.636
  1  1.017
  1  1.065
  1  0.748
  1  0.663
  1  1.048
  1  0.750
  1  0.681
  1  0.693
  1  0.764
  1  0.711
  0  0.603
  1  1.138
  1  0.681
  1  1.258
  1  0.698
  1  0.902
  1  0.887
  1  0.789
  1  1.348
  1  0.690
  1  0.680
  1  0.894
  0  0.923
  1  0.659
  1  0.850
  1  1.262
  1  0.802
  1  0.936
  1  0.682
  1  0.706
  1  0.680
  1  0.848
  0  1.158
  1  0.682
  1  0.707
  0  1.652
  0  0.595
  1  0.650
  1  1.235
  0  0.578
  1  0.605
  1  0.782
  1  0.592
  1  0.937
  1  1.513
  1  0.643
  1  0.633
  0  0.739
  1  0.634
  1  0.709
  0  0.766
  1  0.906
  1  0.864
  1  1.693
  1  1.113
  1  0.904
  1  1.213
  1  0.805
  1  0.848
  0  2.502
  1  0.735
  1  0.935
  1  0.766
  1  0.681
  1  0.979
  1  1.130
  1  0.719
  1  1.080
  1  0.819
  1  0.757
  1  0.764
  1  0.918
  1  0.766
  1  0.598
  1  1.446
  1  0.745
  1  0.791
  0  1.129
  1  0.841
  1  0.835
  1  0.934
  1  0.591
  1  0.648
  1  0.714
  1  0.660
  1  0.700
  1  0.828
  0  1.208
  1  0.755
  1  0.995
  1  0.710
  1  0.664
  1  0.830
  1  0.662
  1  0.631
  1  0.921
  1  0.993
  0  1.312
  1  0.712
  1  0.845
  1  1.022
  1  0.614
  1  0.819
  0  0.826
  1  0.662
  1  0.764
  1  0.670
  1  0.846
  1  1.026
  0  0.606
  1  0.895
  1  0.728
  1  0.794
  1  0.755
  1  0.901
  1  0.615
  1  0.659
  1  0.818
  1  0.971
  1  0.729
  0  0.615
  1  0.789
  1  0.804
  0  0.748
  1  0.903
  1  0.827
  1  1.414
  1  0.677
  1  0.714
  1  0.694
  1  0.858
  0  1.066
  1  0.859
  0  1.093
  1  1.895
  1  0.977
  1  0.716
  1  0.755
  1  0.754
  1  1.214
  0  0.966
  0  0.979
  1  0.832
  0  0.775
  1  1.147
  1  0.771
  1  0.892
  1  0.785
  1  0.821
  1  0.863
  1  0.776
  1  0.767
