  0  1.037
  0  0.946
  0  0.957
  0  0.739
  0  0.788
  0  0.888
  0  0.926
  0  0.863
  0  0.950
  0  0.769
  0  0.821
  0  0.833
  0  0.869
  0  0.924
  0  0.898
  0  0.850
  0  0.764
  0  0.964
  0  0.746
  0  0.948
  0  0.957
  0  0.969
  0  0.840
  0  1.021
  0  0.876
  0  0.776
  0  0.825
  0  0.953
  0  0.998
  0  0.951
  0  0.709
  0  0.837
  0  0.796
  0  0.839
  0  0.758
  0  0.879
  0  0.988
  0  0.828
  0  0.791
  0  0.915
  0  0.787
  0  0.798
  0  0.897
  0  0.973
  0  0.868
  1  0.785
  0  0.710
  0  0.870
  0  0.908
  0  0.819
  0  0.832
  0  0.729
  0  0.754
  0  0.888
  0  0.936
  0  0.827
  0  0.866
  0  0.894
  0  0.932
  0  0.826
  0  1.094
  0  0.769
  0  0.949
  0  0.719
  0  0.846
  0  0.732
  0  0.770
  0  0.895
  0  0.899
  0  0.870
  0  1.024
  0  1.062
  0  0.953
  0  0.988
  0  0.699
  0  0.964
  0  0.812
  0  0.978
  0  0.989
  0  0.759
  0  0.707
  0  0.744
  0  0.830
  0  0.711
  0  0.791
  0  0.852
  0  0.912
  0  0.897
  0  0.908
  0  0.792
  0  1.101
  0  1.021
  0  0.962
  0  0.730
  0  0.888
  0  1.070
  0  0.991
  0  1.012
  0  0.832
  0  0.748
  0  0.954
  0  0.998
  0  0.978
  0  0.827
  0  1.015
  0  0.780
  0  0.884
  0  0.685
  0  1.010
  0  0.839
  0  0.934
  0  0.929
  0  0.726
  0  0.832
  0  0.846
  0  0.810
  0  0.955
  0  0.822
  0  0.825
  0  0.731
  0  0.840
  0  0.972
  0  0.949
  0  0.925
  0  0.900
  0  0.823
  0  1.031
  0  1.102
  0  0.812
  0  0.798
  0  0.910
  0  0.897
  0  0.934
  0  0.783
  0  0.939
  0  0.969
  0  0.838
  0  0.921
  0  0.856
  0  0.748
  0  0.848
  0  0.926
  0  0.821
  0  0.728
  0  0.907
  0  0.958
  0  0.880
  0  0.976
  0  0.980
  0  0.821
  0  0.942
  0  0.874
  0  0.712
  0  0.829
  0  0.814
  0  0.908
  0  0.735
  0  0.946
  0  0.707
  0  0.937
  0  0.952
  0  0.866
  0  0.750
  0  0.857
  0  0.776
  0  0.777
  0  1.053
  0  0.898
  0  0.864
  0  0.731
  0  0.771
  0  0.719
  0  0.747
  0  0.871
  0  0.934
  0  0.726
  0  0.929
  0  0.900
  0  0.944
  0  0.822
  0  0.718
  0  0.914
  0  0.764
  0  0.719
  0  0.900
  0  0.830
  0  0.813
  0  0.846
  0  0.942
  0  0.795
  1  1.652
  0  0.944
  0  0.934
  0  0.918
  0  0.805
  0  0.827
  0  0.828
  0  0.800
  1  0.806
  0  0.921
  0  0.909
  0  0.871
  0  0.964
  0  0.955
  0  0.929
  0  0.726
  0  0.918
  0  0.954
  0  0.804
  0  0.710
  0  0.744
  0  0.984
  0  0.864
  0  0.875
  0  1.022
  0  0.772
  0  0.902
  0  0.809
  0  0.723
  0  0.711
  0  0.854
  0  0.772
  0  0.742
  0  0.735
  0  0.897
  0  0.918
  0  0.929
  0  1.051
  0  1.068
  0  0.875
  0  0.831
  0  0.915
  0  0.856
  0  0.772
  0  0.875
  0  1.074
  0  0.848
  0  0.722
  0  0.809
  0  0.737
  0  0.848
  0  0.870
  0  0.993
  0  1.190
  0  0.921
  1  0.799
  0  0.848
  0  0.883
  0  0.768
  0  0.832
  0  0.854
  0  0.788
  0  0.724
  0  1.010
  0  0.780
  0  0.738
  0  0.934
  0  0.918
  0  0.820
  0  0.992
  0  0.836
  0  0.764
  0  0.765
  0  0.739
  0  0.711
  0  0.726
  0  0.762
  0  0.779
  0  0.853
  0  0.774
  0  0.913
  0  0.851
  0  0.958
  0  0.755
  0  0.998
  0  0.749
  0  0.950
  0  0.808
  0  0.805
  0  0.771
  0  0.950
  0  0.750
  0  0.920
  0  0.912
  0  0.941
  0  0.807
  0  1.050
  0  0.957
  0  0.827
  0  0.896
  0  0.947
  0  0.743
  0  0.957
  0  0.930
  0  0.880
  0  0.904
  0  0.982
  0  0.915
  0  0.884
  0  0.769
  0  0.953
  0  0.922
  0  0.920
  0  1.012
  0  0.879
  0  1.017
  0  0.782
  0  0.990
  0  0.794
  0  0.930
  0  0.911
  0  0.789
  0  0.967
  0  0.759
  0  0.933
  0  0.704
  0  0.770
  0  0.834
  0  0.895
  0  0.885
  0  0.726
  0  0.979
  0  0.819
  0  0.877
  0  0.784
  0  1.064
  0  1.004
  0  0.808
  0  0.797
  0  0.750
  0  0.825
  0  0.847
  0  0.876
  0  1.190
  0  0.823
  0  1.089
  0  1.083
  0  0.948
  0  0.780
  0  0.882
  0  0.830
  0  0.830
  0  0.938
  0  0.760
  0  0.811
  0  0.813
  1  1.060
  0  0.850
  0  0.897
  0  1.006
  0  0.782
  0  0.916
  0  0.894
  0  0.852
  0  0.837
  0  0.945
  0  0.705
  0  0.928
  0  0.746
  0  1.008
  0  0.941
  0  0.801
  0  0.775
  0  0.949
  0  0.789
  0  0.797
  0  0.820
  0  0.928
  0  0.842
  0  0.837
  0  0.731
  0  0.907
  0  0.745
  0  1.068
  0  0.860
  1  1.023
  0  0.960
  0  0.872
  0  0.921
  0  0.848
  0  0.748
  0  0.930
  0  0.872
  0  0.979
  0  0.832
  0  0.783
  0  0.807
  0  0.949
  0  0.757
  0  0.729
  0  0.860
  0  0.955
  0  0.936
  0  0.819
  0  0.936
  0  0.850
  0  1.001
  0  0.744
  0  0.938
  0  0.792
  0  0.943
  0  0.774
  0  0.915
  0  0.946
  0  1.050
  0  0.812
  0  0.819
  0  0.842
  0  1.023
  0  0.915
  0  1.022
  0  0.773
  0  0.788
  0  0.921
  0  0.927
  0  0.878
  0  0.963
  0  0.855
  0  0.780
  0  0.840
  0  0.855
  0  0.976
  0  0.856
  0  0.760
  0  0.974
  0  0.918
  0  0.775
  0  0.833
  0  0.895
  1  0.923
  0  0.747
  0  0.914
  0  0.896
  0  0.879
  0  0.746
  0  0.796
  0  0.858
  0  0.951
  0  0.786
  0  0.933
  0  0.856
  0  0.922
  0  0.786
  0  0.691
  0  0.875
  0  0.781
  0  0.724
  0  0.748
  0  0.930
  0  0.912
  0  0.923
  1  1.000
  0  0.826
  0  0.959
  0  0.809
  0  0.798
  0  0.907
  0  0.806
  0  0.724
  0  0.873
  0  0.758
  0  0.775
  0  0.794
  0  0.924
  0  0.914
  0  0.781
  0  0.992
  0  0.955
  0  0.932
  0  0.746
  0  0.891
  0  0.800
  0  0.864
  0  0.752
  0  0.872
  0  0.779
  0  0.881
  0  0.870
  0  0.720
  0  0.831
  0  0.807
  0  1.146
  0  0.708
  0  0.691
  0  0.841
  0  0.962
  0  0.951
  0  0.881
  0  0.748
  0  0.826
  0  0.867
  0  0.950
  0  0.744
  0  0.900
  0  0.769
  0  0.869
  0  0.766
  0  0.927
  0  0.790
  0  0.918
