  1  0.983
  1  0.801
  1  0.797
  1  0.813
  1  1.057
  1  1.064
  1  0.789
  1  0.838
  1  0.754
  1  0.929
  1  0.991
  1  0.670
  1  0.594
  0  0.661
  1  0.731
  1  1.034
  1  0.690
  1  0.740
  1  0.985
  1  0.810
  1  0.783
  1  1.117
  1  0.595
  1  0.965
  1  0.833
  1  0.961
  1  0.949
  0  0.731
  1  0.779
  1  1.025
  1  0.836
  1  1.256
  1  0.814
  1  1.085
  1  0.790
  1  0.865
  1  0.811
  1  0.737
  1  0.856
  1  1.057
  1  1.139
  1  0.691
  0  0.718
  1  0.747
  1  0.782
  1  0.878
  1  1.218
  1  0.627
  1  0.694
  1  1.120
  0  0.988
  1  0.694
  1  0.821
  1  1.385
  1  0.902
  1  0.645
  1  1.090
  1  0.828
  1  0.902
  1  0.858
  1  0.762
  1  0.793
  1  0.887
  1  0.851
  1  1.357
  1  1.324
  1  0.748
  1  0.797
  1  0.830
  1  0.733
  1  1.085
  1  0.900
  1  0.737
  1  1.555
  1  0.712
  0  0.572
  1  1.120
  1  0.812
  1  1.214
  1  0.700
  1  0.702
  1  0.891
  1  0.696
  1  0.844
  1  0.822
  1  0.678
  1  0.968
  1  0.910
  1  0.730
  1  1.009
  1  0.631
  1  0.790
  1  1.004
  1  0.719
  1  0.664
  0  0.574
  1  0.735
  1  0.970
  1  0.753
  1  0.849
  1  0.734
  1  0.757
  1  0.694
  1  0.714
  1  1.189
  1  0.722
  1  0.922
  1  0.676
  0  0.874
  1  0.836
  1  1.352
  1  0.970
  1  0.913
  1  0.694
  1  0.643
  1  0.844
  1  0.979
  1  0.669
  1  0.982
  1  1.044
  1  0.715
  1  1.128
  1  0.760
  1  0.759
  1  0.961
  1  1.072
  1  0.847
  1  0.717
  1  1.073
  1  0.912
  1  0.687
  0  0.609
  1  0.772
  1  0.789
  1  0.613
  1  0.593
  1  0.925
  1  0.680
  1  0.635
  1  0.670
  1  0.847
  1  0.664
  1  0.752
  1  1.303
  1  0.731
  1  0.710
  1  0.721
  1  0.715
  1  0.687
  1  0.991
  1  0.753
  1  1.536
  1  0.849
  1  0.873
  1  0.701
  1  0.681
  1  1.066
  1  0.725
  1  0.726
  1  0.936
  1  0.921
  1  0.881
  1  0.836
  1  0.795
  1  0.739
  1  0.698
  1  0.691
  1  0.872
  1  0.648
  1  0.797
  1  0.826
  1  1.030
  1  0.891
  1  1.152
  1  0.735
  1  0.702
  1  0.747
  0  0.556
  1  1.164
  1  0.808
  1  0.918
  1  0.736
  1  0.711
  1  0.972
  1  0.730
  1  0.845
  1  1.069
  1  0.879
  1  0.807
  1  1.049
  1  1.134
  1  0.998
  1  0.780
  1  0.761
  1  0.892
  1  0.777
  1  0.883
  1  0.801
  1  1.175
  1  0.748
  1  0.820
  0  0.687
  1  0.915
  1  1.023
  1  0.828
  1  0.838
  1  0.738
  1  0.629
  1  0.718
  1  0.846
  1  0.978
  1  0.787
  1  0.754
  1  0.957
  1  0.770
  1  0.978
  1  0.767
  1  0.817
  1  0.984
  1  0.800
  1  1.030
  1  1.079
  1  0.909
  1  0.807
  1  0.871
  1  0.877
  1  0.995
  1  0.632
  1  0.959
  1  0.736
  1  0.811
  1  0.666
  1  0.792
  1  0.802
  1  1.026
  1  1.012
  1  0.911
  1  1.056
  1  0.711
  1  0.763
  1  0.725
  1  0.674
  1  0.731
  1  0.694
  1  1.131
  0  0.557
  1  0.656
  1  0.665
  1  0.764
  1  0.943
  1  0.937
  1  0.820
  1  0.734
  1  0.756
  1  0.728
  1  0.797
  1  0.630
  1  0.934
  1  0.734
  1  0.898
  1  0.921
  1  0.816
  1  0.808
  1  0.767
  1  0.917
  1  0.782
  1  0.827
  1  0.871
  1  0.879
  1  0.673
  1  0.913
  1  0.732
  1  1.002
  1  1.290
  1  0.993
  1  0.800
  1  1.034
  1  0.962
  1  0.918
  1  0.939
  1  0.627
  1  0.773
  1  1.033
  1  0.798
  1  0.695
  1  0.763
  1  1.112
  1  0.704
  0  0.995
  1  0.976
  1  0.711
  1  1.346
  1  0.730
  1  0.993
  1  0.860
  1  0.663
  1  0.723
  1  0.675
  1  1.057
  1  0.919
  1  0.781
  1  0.975
  1  0.994
  1  0.745
  1  0.636
  0  0.612
  1  0.821
  1  1.063
  1  0.877
  1  1.006
  1  1.420
  1  0.792
  1  1.490
  1  0.707
  1  0.761
  1  0.730
  1  0.991
  1  0.776
  1  0.683
  1  0.664
  1  0.800
  1  0.716
  1  0.841
  1  0.669
  1  0.632
  1  0.933
  1  0.884
  1  0.666
  1  0.852
  1  0.724
  1  0.655
  1  0.650
  1  0.722
  1  1.001
  1  0.790
  1  0.697
  1  0.695
  1  0.754
  1  1.009
  1  0.714
  1  0.775
  1  0.710
  1  0.668
  1  0.751
  0  0.771
  1  0.863
  1  0.654
  1  1.043
  1  0.867
  1  0.885
  1  1.013
  1  0.865
  1  1.206
  1  0.788
  1  1.233
  1  0.818
  1  0.826
  1  0.943
  1  0.952
  1  0.651
  1  1.115
  1  0.753
  1  0.879
  1  0.912
  1  0.780
  1  1.255
  1  0.684
  1  1.119
  1  0.905
  1  0.800
  1  1.178
  1  0.741
  1  0.723
  1  0.924
  1  1.110
  1  0.809
  1  0.822
  1  0.641
  1  0.752
  1  1.007
  1  0.936
  1  0.703
  1  0.673
  1  0.675
  1  0.840
  1  0.873
  1  0.934
  1  0.595
  1  0.773
  1  0.846
  1  0.832
  1  0.695
  1  0.886
  1  0.728
  1  0.710
  1  0.892
  1  0.808
  1  0.938
  1  0.766
  1  1.280
  1  0.979
  1  0.777
  1  0.987
  1  1.239
  1  0.901
  1  0.731
  1  0.685
  1  0.725
  1  0.961
  1  0.816
  1  0.643
  1  0.956
  1  0.962
  1  1.572
  1  0.697
  1  0.904
  1  1.254
  1  0.962
  1  0.891
  1  0.847
  1  0.878
  1  0.790
  1  0.726
  1  0.778
  1  0.980
  1  0.922
  1  1.157
  1  0.813
  1  1.115
  1  0.734
  1  0.610
  1  1.005
  1  0.982
  1  0.751
  1  0.794
  1  1.075
  1  0.706
  1  0.708
  1  1.070
  1  0.871
  1  0.625
  1  1.132
  0  0.669
  1  0.809
  0  0.555
  1  0.685
  1  0.908
  1  0.767
  1  0.728
  1  0.789
  1  0.767
  1  0.884
  1  1.622
  1  0.756
  1  0.850
  1  0.711
  1  0.712
  1  0.977
  1  0.931
  1  0.782
  1  0.893
  1  0.852
  1  1.271
  1  0.747
  1  0.943
  1  0.977
  1  0.808
  1  1.049
  1  0.831
  1  0.775
  1  0.929
  1  0.963
  1  1.008
  1  0.799
  0  0.966
  1  0.642
  1  0.710
  1  1.094
  1  0.712
  1  1.259
  1  1.738
  0  0.794
  1  0.855
  1  0.685
  1  0.725
  1  1.243
  1  0.780
  1  0.615
  1  0.729
  1  0.739
  1  0.765
  1  0.706
  1  0.730
  1  0.972
  1  0.767
  1  1.181
  1  0.763
  1  0.996
  1  0.738
  1  0.758
