  0  0.401
  0  0.412
  0  0.534
  0  0.442
  0  0.642
  1  0.734
  0  0.439
  0  0.460
  0  0.511
  0  0.396
  0  0.475
  1  0.838
  0  0.378
  0  0.561
  0  0.749
  0  0.492
  0  0.399
  0  0.474
  0  0.409
  0  0.482
  0  0.493
  0  0.420
  0  0.422
  0  0.405
  0  0.425
  0  0.556
  0  0.379
  0  0.392
  0  0.404
  0  0.419
  0  0.436
  0  0.445
  0  0.445
  0  0.431
  0  0.421
  0  0.413
  1  0.671
  0  0.413
  0  0.500
  0  0.617
  0  0.430
  1  0.636
  0  0.382
  0  0.545
  0  0.424
  0  0.417
  0  0.417
  0  0.389
  0  0.415
  0  0.408
  0  0.610
  0  0.459
  0  0.406
  0  0.397
  0  0.538
  0  0.598
  0  0.499
  0  0.439
  0  0.431
  0  0.433
  0  0.448
  1  0.767
  0  0.410
  0  0.456
  0  0.439
  0  0.488
  0  0.488
  0  0.400
  1  0.620
  0  0.409
  0  0.432
  0  0.383
  0  0.426
  0  0.398
  0  0.505
  0  0.414
  0  0.392
  0  0.416
  0  0.466
  1  0.597
  0  0.417
  0  0.410
  0  0.455
  0  0.443
  0  0.411
  0  0.451
  0  0.411
  0  0.404
  0  0.397
  0  0.383
  0  0.410
  0  0.417
  0  0.478
  0  0.406
  0  0.430
  0  0.436
  0  0.387
  0  0.457
  0  0.441
  0  0.406
  0  0.407
  0  0.387
  1  0.534
  0  0.450
  0  0.593
  0  0.391
  0  0.386
  0  0.440
  0  0.514
  0  0.511
  0  0.427
  0  0.430
  1  0.725
  0  0.391
  0  0.601
  0  0.392
  0  0.772
  0  0.553
  0  0.427
  0  0.404
  0  0.523
  0  0.411
  0  0.436
  0  0.400
  0  0.599
  0  0.568
  0  0.463
  0  0.568
  0  0.395
  1  0.554
  0  0.476
  0  0.413
  0  1.220
  0  0.441
  0  0.416
  0  0.415
  0  0.418
  0  0.714
  0  0.457
  0  0.480
  0  0.405
  1  0.713
  0  1.011
  0  0.605
  0  0.728
  0  0.426
  0  0.544
  0  0.393
  0  0.418
  0  0.639
  0  0.635
  0  0.565
  0  0.423
  0  0.969
  0  0.513
  0  0.407
  0  0.418
  0  0.533
  0  0.391
  0  0.759
  0  0.401
  0  0.546
  0  0.416
  0  0.413
  0  0.483
  0  0.549
  0  0.399
  0  0.460
  0  0.459
  0  0.516
  0  0.395
  0  0.402
  0  0.408
  0  0.479
  0  0.430
  0  0.526
  1  0.620
  0  0.479
  0  0.403
  0  0.489
  0  0.454
  0  0.491
  1  0.580
  0  0.520
  0  0.413
  0  0.640
  0  0.415
  0  0.375
  0  0.515
  0  0.406
  0  0.648
  0  0.385
  0  0.402
  0  0.431
  0  0.434
  0  0.411
  1  0.621
  0  0.421
  0  0.621
  0  0.449
  0  0.449
  1  0.622
  0  0.441
  0  0.420
  0  0.413
  0  0.394
  0  0.533
  0  0.446
  0  0.416
  0  0.404
  0  0.416
  0  0.651
  0  0.510
  0  0.468
  0  0.569
  0  0.634
  0  0.458
  0  0.375
  0  0.407
  0  0.390
  0  0.380
  0  0.758
  0  0.412
  0  0.422
  0  0.427
  0  0.420
  0  0.411
  0  0.581
  0  0.420
  0  0.518
  0  0.384
  0  0.449
  0  0.743
  0  0.499
  0  0.390
  0  0.443
  0  0.393
  0  0.520
  0  0.416
  0  0.572
  0  0.479
  0  0.368
  0  0.440
  0  0.437
  0  0.444
  0  0.401
  0  0.433
  0  0.386
  0  0.395
  0  0.509
  0  0.542
  0  0.380
  0  0.454
  0  0.523
  0  0.440
  0  0.543
  0  0.533
  0  0.405
  0  0.423
  0  0.410
  0  0.557
  0  0.421
  0  0.384
  0  0.393
  0  0.382
  0  0.488
  0  0.419
  0  0.373
  0  0.427
  0  0.382
  1  0.600
  0  0.428
  0  0.863
  0  0.526
  0  0.457
  0  0.400
  0  0.391
  0  0.452
  0  0.425
  0  0.460
  0  0.429
  0  0.375
  0  0.412
  0  0.461
  0  0.426
  0  0.424
  0  0.505
  0  0.543
  0  0.409
  0  0.382
  0  0.807
  0  0.460
  0  0.440
  0  0.665
  0  0.388
  0  0.401
  0  0.674
  0  0.388
  0  0.391
  0  0.399
  0  0.409
  0  0.853
  0  0.642
  0  0.453
  0  0.451
  0  0.504
  0  0.468
  1  0.602
  0  0.733
  0  0.367
  0  0.552
  0  0.484
  0  0.435
  0  0.453
  0  0.416
  0  0.426
  0  0.388
  0  0.391
  0  0.364
  0  0.493
  0  0.401
  0  0.485
  1  0.814
  0  0.406
  0  0.410
  0  0.398
  0  0.429
  0  0.415
  0  0.506
  0  0.393
  1  0.697
  0  0.393
  0  0.428
  0  0.419
  0  0.388
  0  0.417
  0  0.627
  0  0.597
  0  0.394
  0  0.424
  0  0.677
  0  0.531
  0  0.453
  0  0.416
  0  0.532
  0  0.749
  1  0.733
  0  0.399
  0  0.383
  0  0.396
  0  0.399
  0  0.375
  0  0.467
  0  0.578
  0  0.518
  0  0.391
  0  0.412
  0  0.540
  0  0.403
  0  0.399
  0  0.469
  0  0.439
  0  0.545
  0  0.438
  0  0.438
  0  0.486
  0  0.455
  0  0.395
  0  0.542
  0  0.399
  0  0.420
  0  0.438
  0  0.524
  0  0.578
  1  0.527
  0  0.689
  0  0.416
  0  0.400
  0  0.484
  0  0.459
  0  0.464
  0  0.475
  0  0.377
  0  0.474
  0  0.412
  0  0.490
  0  0.420
  0  0.420
  0  0.543
  0  0.422
  0  0.894
  0  0.518
  0  0.642
  0  0.376
  0  0.412
  0  0.404
  0  0.404
  0  0.481
  0  0.450
  0  0.745
  0  0.402
  0  0.617
  0  0.439
  0  0.382
  0  0.424
  0  0.396
  1  0.827
  0  0.540
  0  0.510
  0  0.419
  0  0.421
  1  0.593
  0  0.453
  0  0.392
  0  0.476
  0  0.473
  0  0.494
  0  0.403
  0  0.657
  0  0.381
  0  0.606
  0  0.393
  0  0.546
  0  0.459
  0  0.397
  0  0.388
  0  0.420
  0  0.607
  0  0.436
  0  0.444
  0  0.430
  0  0.436
  0  0.436
  0  0.382
  0  0.394
  0  0.498
  0  0.420
  0  0.383
  0  0.462
  0  0.503
  0  0.567
  0  0.395
  0  0.427
  0  0.434
  0  0.401
  0  0.407
  0  0.519
  0  0.409
  0  0.396
  0  0.408
  0  0.515
  0  0.479
  0  0.441
  0  0.406
  0  0.670
  0  0.393
  0  0.417
  0  0.430
  0  0.446
  0  0.462
  0  0.392
  0  0.431
  0  0.411
  0  0.411
  0  0.542
  0  0.395
  0  0.421
  0  0.598
  0  0.390
  0  0.421
  0  0.481
  0  0.603
  0  0.611
  0  0.393
  0  0.483
  0  0.565
  0  0.404
  0  0.399
  0  0.414
  0  0.453
  0  0.464
  0  0.443
  0  0.425
  0  0.411
  0  0.433
  0  0.388
  1  0.554
  0  0.417
  0  0.866
  0  0.385
  0  0.419
  0  0.387
  0  0.481
  0  0.407
  0  0.423
  0  0.447
  0  0.434
  0  0.446
  0  0.405
  0  0.405
