  0  0.761
  0  0.861
  0  0.884
  0  0.806
  1  0.886
  0  0.808
  1  1.382
  1  1.142
  0  0.868
  0  1.346
  0  1.199
  1  0.841
  1  0.795
  0  0.884
  0  1.257
  1  0.978
  0  1.034
  0  0.737
  0  0.985
  0  1.017
  1  1.104
  0  0.996
  1  0.775
  0  0.847
  1  0.886
  0  1.013
  0  0.881
  0  0.908
  0  1.259
  0  1.739
  0  1.177
  0  0.793
  1  1.021
  0  0.882
  1  0.814
  0  1.016
  0  0.805
  0  0.992
  1  0.797
  1  1.045
  0  1.201
  0  0.814
  1  1.073
  0  0.810
  0  1.088
  0  0.764
  0  0.762
  0  1.230
  0  1.112
  0  1.311
  0  1.266
  0  0.926
  1  1.011
  0  0.927
  0  1.153
  0  0.749
  0  0.894
  1  1.539
  1  0.801
  0  0.859
  0  1.269
  0  0.955
  0  0.759
  0  0.834
  0  0.786
  0  1.088
  0  0.879
  0  0.889
  0  1.259
  0  1.319
  1  0.842
  0  0.843
  1  1.053
  0  0.911
  1  1.131
  0  1.225
  0  2.076
  0  0.839
  0  0.774
  1  0.864
  1  1.026
  0  0.924
  1  1.162
  1  1.580
  0  1.294
  0  1.309
  0  1.227
  1  2.079
  0  0.885
  1  1.015
  1  1.247
  1  0.844
  1  0.928
  0  1.226
  1  0.952
  0  0.978
  1  1.127
  0  1.228
  1  1.086
  0  1.023
  0  0.831
  1  1.165
  0  0.872
  0  1.233
  0  0.812
  0  0.906
  0  1.186
  0  1.272
  0  1.695
  1  0.997
  0  0.897
  1  1.059
  0  1.248
  1  0.941
  1  1.181
  0  1.012
  1  1.106
  0  0.879
  0  0.881
  0  0.864
  1  0.950
  1  1.306
  0  0.987
  0  0.848
  0  1.387
  1  0.955
  0  1.002
  0  1.808
  1  0.835
  0  0.817
  0  1.424
  0  0.841
  0  0.822
  0  1.762
  1  1.205
  0  1.055
  1  1.089
  0  0.878
  0  1.107
  0  1.335
  0  0.779
  1  1.108
  1  0.928
  0  1.098
  0  1.461
  0  0.724
  1  0.928
  0  1.370
  0  0.816
  1  0.995
  0  0.959
  1  0.941
  1  0.988
  0  1.624
  0  1.328
  0  1.800
  0  1.164
  0  1.053
  1  1.058
  0  0.935
  0  1.053
  0  0.859
  0  0.946
  0  0.878
  0  1.098
  1  1.128
  0  1.558
  0  0.818
  1  1.218
  0  1.156
  0  0.707
  0  1.001
  0  0.999
  0  0.984
  1  0.960
  1  1.416
  0  1.131
  1  0.805
  0  0.768
  0  1.141
  0  0.857
  0  1.287
  1  0.883
  0  1.336
  1  1.411
  0  1.245
  0  0.774
  1  0.980
  0  0.937
  0  0.857
  0  0.802
  0  0.981
  1  0.837
  0  1.371
  0  1.028
  0  0.728
  0  0.882
  0  1.016
  1  0.836
  0  1.694
  0  1.191
  0  1.401
  1  0.989
  0  0.951
  0  0.995
  0  0.782
  1  0.856
  1  0.982
  1  1.442
  1  1.374
  1  0.931
  1  1.646
  0  0.912
  0  0.872
  0  1.142
  0  0.998
  0  0.985
  0  0.890
  0  1.184
  0  1.113
  0  1.048
  0  1.738
  0  1.059
  0  0.779
  0  1.699
  0  0.850
  0  1.343
  0  1.010
  0  0.788
  1  0.825
  0  0.818
  1  0.837
  0  0.864
  0  0.899
  0  0.969
  1  1.231
  0  0.738
  0  0.935
  0  0.731
  0  1.204
  1  0.997
  1  1.312
  1  0.869
  0  0.914
  0  1.140
  0  1.120
  1  1.139
  0  2.168
  0  1.070
  0  0.810
  0  0.899
  0  1.214
  0  0.883
  0  0.792
  0  0.831
  0  1.158
  0  0.750
  0  1.053
  0  0.891
  0  0.881
  0  0.868
  0  0.780
  1  0.716
  0  0.842
  1  1.198
  1  1.223
  1  2.176
  0  1.268
  0  1.056
  0  0.796
  0  0.840
  0  0.981
  0  1.241
  0  0.800
  0  1.215
  0  0.842
  0  0.876
  0  0.879
  0  0.890
  0  1.650
  0  1.013
  1  1.045
  1  0.933
  0  1.209
  0  0.811
  0  0.772
  1  0.891
  0  0.820
  1  1.483
  1  0.944
  0  1.329
  1  1.338
  0  1.694
  1  0.693
  1  0.940
  0  0.787
  0  0.943
  0  0.794
  0  1.221
  0  0.790
  1  1.414
  1  1.257
  0  0.851
  1  1.119
  1  1.102
  0  0.925
  0  1.068
  1  0.989
  1  0.890
  0  1.142
  0  0.831
  0  0.857
  1  1.085
  0  0.730
  0  0.874
  1  1.009
  0  0.853
  0  0.846
  1  0.988
  0  1.004
  1  0.806
  0  1.162
  0  1.037
  0  0.766
  0  1.250
  0  1.039
  1  1.085
  0  0.858
  0  1.455
  0  1.075
  0  0.832
  0  1.111
  0  1.104
  0  1.545
  0  0.838
  0  0.725
  0  0.914
  0  1.418
  0  0.820
  1  1.359
  1  1.016
  1  0.861
  1  0.848
  1  2.041
  1  0.820
  0  1.799
  0  1.092
  1  0.836
  0  0.877
  0  0.755
  0  1.879
  0  1.379
  0  1.690
  1  0.930
  1  1.838
  0  1.054
  1  1.041
  0  1.344
  1  1.136
  0  0.830
  1  0.856
  0  0.827
  1  1.003
  0  2.130
  1  1.077
  0  1.698
  1  1.260
  0  0.958
  1  1.032
  0  0.790
  0  0.790
  0  0.917
  0  0.761
  0  0.810
  1  0.734
  1  1.324
  1  0.892
  0  0.959
  0  1.658
  1  0.778
  0  1.090
  1  0.872
  1  0.869
  0  0.858
  1  1.166
  1  0.911
  0  1.488
  0  0.888
  0  0.788
  0  0.993
  1  0.806
  1  1.176
  0  0.766
  0  1.092
  1  0.757
  0  0.813
  1  0.920
  0  0.962
  0  1.163
  0  0.914
  0  0.807
  0  0.866
  1  0.717
  1  0.777
  0  0.908
  0  0.836
  0  0.890
  1  0.846
  0  1.213
  1  1.451
  1  0.773
  1  0.865
  0  0.908
  0  0.980
  0  1.250
  0  2.527
  0  1.490
  1  1.170
  0  1.052
  0  1.034
  0  0.802
  1  0.947
  1  1.057
  0  0.780
  0  0.811
  0  1.219
  0  1.110
  0  0.835
  0  0.860
  1  0.683
  0  0.872
  1  0.731
  1  0.811
  1  1.015
  1  1.842
  0  1.676
  0  0.868
  0  1.094
  0  0.828
  1  1.107
  1  1.308
  0  0.762
  0  1.115
  0  0.746
  1  0.879
  0  0.820
  0  0.892
  0  0.762
  0  2.344
  0  0.827
  0  0.818
  0  0.902
  0  0.852
  1  0.880
  0  0.744
  1  1.110
  0  0.915
  0  0.888
  0  0.901
  0  1.001
  0  0.835
  0  1.209
  0  0.822
  0  1.256
  0  1.075
  0  0.892
  1  1.092
  0  0.888
  0  0.829
  0  1.466
  0  0.839
  0  1.267
  1  1.476
  0  1.512
  0  1.883
  0  0.704
  0  0.820
  0  1.030
  0  0.996
  0  0.752
  1  0.932
  0  1.005
  0  1.385
  1  0.999
  1  0.903
  1  0.745
  0  1.474
  0  0.740
  0  1.073
  0  0.746
  0  0.915
  1  0.785
  1  0.941
  0  1.565
  0  0.819
  0  0.927
  0  0.920
  1  0.860
  0  0.976
  0  0.847
