  0  0.830
  0  0.777
  0  0.784
  0  1.441
  0  0.805
  0  1.217
  0  0.750
  0  0.861
  0  0.817
  0  0.864
  1  0.626
  0  0.954
  0  0.884
  0  0.817
  1  0.634
  0  0.913
  0  0.804
  0  0.801
  0  0.836
  0  1.099
  0  0.912
  0  0.900
  0  1.031
  0  0.770
  0  0.799
  0  1.023
  0  0.808
  0  1.120
  0  0.802
  0  1.207
  0  0.902
  0  0.763
  0  1.545
  1  0.634
  0  0.957
  0  0.838
  0  1.160
  0  1.162
  1  0.695
  0  1.031
  0  1.157
  0  0.772
  0  0.809
  0  0.908
  1  0.760
  0  1.564
  0  0.753
  0  0.911
  1  0.970
  0  1.138
  0  0.777
  1  0.848
  0  0.868
  0  0.977
  0  0.916
  0  0.908
  0  0.835
  0  0.905
  0  1.018
  0  0.730
  0  0.835
  0  1.038
  0  0.775
  0  0.789
  0  0.820
  0  1.023
  0  1.787
  0  0.947
  0  1.043
  1  0.686
  0  1.044
  0  0.827
  0  0.834
  0  0.848
  1  1.314
  0  0.915
  0  1.331
  0  0.750
  0  0.853
  0  0.788
  0  0.755
  0  0.794
  1  0.689
  0  1.024
  0  0.928
  0  0.738
  0  1.073
  0  0.782
  0  0.798
  1  1.634
  0  0.978
  0  0.806
  0  0.732
  0  0.814
  0  1.056
  0  0.849
  0  0.879
  0  0.796
  0  0.990
  0  1.035
  0  0.819
  0  1.091
  0  0.869
  1  0.641
  0  0.826
  0  0.974
  0  0.991
  0  0.905
  0  0.776
  0  1.730
  0  0.952
  0  0.777
  0  0.785
  0  0.902
  0  0.908
  0  0.728
  0  0.823
  0  0.790
  0  0.846
  0  0.756
  0  1.068
  0  1.155
  0  1.075
  0  0.850
  0  0.853
  0  0.720
  1  0.640
  0  1.160
  0  1.100
  0  0.815
  1  0.687
  0  0.923
  0  0.789
  0  0.848
  0  0.750
  1  0.653
  0  0.723
  0  1.066
  0  0.839
  1  0.637
  0  0.812
  0  0.781
  0  1.016
  0  0.931
  0  0.849
  1  0.976
  0  0.789
  0  0.918
  0  0.732
  1  0.707
  0  0.906
  0  0.793
  0  0.963
  0  0.790
  0  0.903
  0  0.760
  0  0.969
  0  0.830
  0  0.738
  0  0.758
  0  1.140
  0  1.400
  0  0.848
  0  0.873
  0  0.822
  0  0.906
  0  0.803
  0  0.996
  0  0.811
  1  0.756
  0  0.809
  0  1.113
  0  0.783
  0  0.950
  0  0.882
  0  1.245
  0  0.814
  0  0.976
  1  1.553
  0  0.746
  0  1.052
  0  0.937
  0  0.891
  0  0.737
  0  0.896
  0  0.782
  0  0.748
  0  0.710
  0  0.917
  0  0.887
  0  1.237
  0  0.718
  0  0.798
  0  1.091
  0  0.749
  0  0.806
  0  1.292
  0  0.912
  0  0.863
  0  0.882
  0  0.938
  0  0.775
  0  1.801
  0  0.864
  0  0.857
  0  0.866
  1  0.718
  0  0.949
  0  0.813
  0  0.819
  1  0.597
  0  0.843
  0  0.799
  0  1.155
  0  0.987
  0  0.751
  0  1.099
  1  0.663
  0  0.813
  0  0.793
  0  0.763
  0  0.706
  1  0.629
  0  1.072
  0  0.796
  0  0.912
  0  0.806
  0  0.876
  0  1.004
  0  1.076
  0  0.912
  1  0.653
  0  0.983
  0  0.984
  0  1.542
  0  1.006
  0  0.779
  0  0.794
  0  0.734
  1  0.678
  1  0.708
  0  0.819
  0  0.743
  0  0.956
  1  0.767
  0  0.763
  1  0.780
  0  0.725
  0  1.151
  1  0.603
  0  0.777
  0  0.836
  0  0.791
  0  0.816
  0  0.864
  0  0.894
  0  0.846
  0  0.754
  0  0.879
  1  0.656
  0  0.853
  0  0.864
  0  0.734
  0  1.080
  0  0.837
  0  0.871
  0  0.863
  0  0.732
  0  0.954
  0  0.800
  1  0.654
  0  0.869
  0  0.767
  0  1.104
  0  0.860
  0  0.791
  0  0.882
  0  0.744
  0  0.802
  0  0.983
  0  0.958
  0  1.543
  0  0.964
  0  0.968
  0  0.824
  0  0.816
  1  0.784
  0  0.831
  0  0.746
  0  0.754
  1  1.292
  0  0.957
  0  0.988
  0  0.974
  0  0.746
  0  0.864
  0  0.908
  0  0.776
  0  0.810
  0  0.819
  0  0.840
  0  1.069
  0  0.750
  0  0.901
  0  0.909
  0  0.761
  0  0.827
  0  0.901
  0  0.839
  0  0.820
  0  0.884
  0  1.023
  0  0.754
  0  1.134
  1  1.128
  0  0.979
  0  0.749
  0  0.791
  0  0.849
  0  0.828
  0  0.779
  0  1.132
  0  0.842
  0  0.793
  0  0.753
  0  0.755
  0  0.815
  0  0.816
  0  0.835
  0  0.932
  0  0.793
  0  0.775
  0  0.775
  0  0.715
  0  0.822
  0  0.786
  0  0.836
  0  1.101
  0  0.783
  0  0.879
  0  0.875
  0  1.558
  0  0.834
  0  0.854
  0  0.985
  0  1.548
  0  0.809
  0  0.772
  0  0.778
  0  0.921
  0  0.783
  0  0.780
  0  0.887
  0  0.982
  1  0.610
  0  0.903
  0  0.945
  0  0.869
  0  0.952
  0  0.791
  0  0.833
  0  0.762
  0  0.975
  0  0.783
  0  0.728
  0  0.948
  0  0.894
  0  0.890
  0  0.765
  0  1.274
  0  0.888
  0  0.782
  0  0.833
  0  1.045
  0  0.813
  1  0.817
  0  0.854
  0  0.759
  0  0.800
  0  0.797
  0  1.225
  0  1.024
  0  0.916
  0  0.782
  0  1.481
  0  1.132
  1  0.899
  0  0.728
  0  0.912
  0  0.820
  0  1.091
  0  0.777
  0  0.821
  0  0.832
  0  0.788
  0  0.798
  0  0.797
  0  0.809
  0  0.753
  0  0.925
  0  1.003
  0  0.849
  0  0.908
  0  0.900
  0  0.940
  0  0.855
  0  0.812
  0  0.841
  0  0.782
  0  0.801
  0  1.028
  0  0.795
  0  0.971
  0  0.854
  1  0.632
  0  0.830
  0  0.776
  0  0.904
  0  0.983
  0  0.841
  0  0.851
  0  0.837
  0  0.854
  0  1.623
  0  0.880
  0  0.742
  0  1.405
  0  2.113
  0  0.763
  0  0.915
  0  0.924
  0  0.723
  0  0.834
  0  0.908
  0  1.002
  0  0.964
  0  0.758
  0  1.278
  0  0.750
  0  0.818
  0  0.848
  0  0.847
  0  1.058
  0  0.787
  0  0.922
  0  0.763
  0  0.878
  1  0.744
  0  0.802
  0  0.701
  0  0.731
  0  0.894
  0  0.833
  0  0.776
  0  0.810
  0  0.867
  0  0.746
  0  0.891
  1  0.851
  0  0.991
  0  0.794
  1  0.571
  0  0.847
  0  0.969
  0  0.974
  0  0.932
  0  0.957
  0  0.755
  0  0.858
  0  0.852
  0  0.781
  0  0.825
  0  1.252
  0  1.020
  0  0.751
  0  0.886
  0  0.751
  0  0.911
  0  1.348
  0  0.777
  0  0.801
  0  0.729
  1  0.640
  0  0.936
  0  0.820
  0  0.894
  0  1.078
  0  1.768
  0  1.136
  0  0.937
  0  0.805
  1  0.710
  0  0.928
  0  0.862
  0  0.880
  0  0.829
  1  0.600
  0  0.744
  0  0.872
  0  1.143
