  0  1.301
  1  0.573
  1  0.804
  0  0.805
  1  1.130
  1  0.692
  1  0.495
  0  1.581
  0  0.584
  1  0.572
  0  0.761
  0  0.794
  0  0.673
  0  0.739
  1  0.633
  0  0.867
  1  0.575
  1  0.974
  1  0.641
  1  0.605
  0  0.775
  0  1.080
  1  0.733
  1  0.631
  1  0.579
  0  0.867
  0  1.146
  0  0.950
  0  0.775
  0  0.423
  1  0.729
  1  0.816
  0  0.719
  0  0.748
  0  0.579
  1  0.669
  0  0.582
  0  0.941
  1  0.970
  1  0.626
  1  0.883
  0  0.771
  0  0.662
  0  0.927
  0  0.943
  1  0.787
  1  0.569
  1  0.519
  0  0.599
  1  0.415
  0  0.688
  1  0.628
  1  0.577
  1  0.532
  0  0.805
  0  0.635
  0  0.685
  1  0.647
  1  0.653
  1  0.585
  0  0.874
  1  0.526
  0  0.686
  0  0.715
  0  0.830
  0  0.556
  1  1.033
  1  0.518
  1  0.529
  0  0.515
  1  0.740
  1  1.272
  1  0.555
  1  1.087
  0  0.898
  1  1.488
  0  0.839
  0  0.906
  0  0.661
  0  0.913
  1  0.657
  1  0.755
  1  0.655
  1  0.904
  1  0.633
  1  0.518
  1  0.583
  0  1.069
  1  0.827
  0  0.576
  1  0.578
  1  0.536
  1  0.511
  1  0.796
  0  0.675
  0  1.077
  0  0.606
  1  0.541
  0  0.734
  0  0.678
  1  1.463
  0  1.016
  0  0.969
  0  0.760
  0  0.664
  0  0.507
  1  0.578
  0  0.724
  1  0.691
  1  0.646
  1  0.712
  0  0.594
  0  0.559
  0  0.947
  1  0.668
  0  0.608
  1  0.692
  1  0.658
  0  0.792
  0  0.530
  0  0.643
  0  0.749
  1  0.494
  1  0.647
  1  0.750
  0  1.005
  1  0.915
  0  0.820
  0  0.823
  1  0.590
  0  0.973
  1  0.697
  1  0.750
  0  0.826
  0  0.652
  0  0.918
  1  0.744
  0  0.800
  1  0.650
  0  0.658
  0  0.648
  1  0.489
  1  0.784
  0  0.592
  0  0.952
  0  0.685
  0  0.837
  0  0.677
  0  0.846
  1  0.584
  0  0.656
  0  0.701
  1  0.951
  0  0.790
  0  0.609
  1  0.440
  1  0.598
  0  1.013
  0  0.604
  1  0.839
  1  0.685
  1  0.679
  1  0.932
  0  0.852
  1  0.869
  0  0.776
  1  0.696
  1  0.607
  1  0.715
  0  1.339
  1  0.427
  0  0.789
  0  1.009
  0  0.504
  0  0.854
  0  0.754
  0  0.891
  0  0.583
  1  0.853
  0  0.711
  1  0.699
  1  0.449
  0  0.662
  0  0.567
  0  0.701
  1  0.583
  0  0.635
  1  0.697
  0  0.590
  0  0.781
  1  0.655
  1  1.050
  0  0.531
  1  0.669
  0  0.693
  0  0.844
  1  0.612
  0  0.938
  0  0.583
  1  1.139
  1  0.516
  0  0.748
  1  0.559
  1  0.564
  1  0.763
  0  0.759
  0  1.058
  0  0.768
  1  0.463
  0  0.705
  1  0.660
  0  0.603
  1  0.922
  0  0.654
  0  0.613
  1  0.580
  0  0.861
  0  0.617
  0  1.286
  1  0.609
  1  0.568
  0  0.689
  0  0.794
  0  0.947
  1  0.791
  1  0.664
  0  1.231
  1  0.610
  1  1.109
  0  0.861
  0  0.924
  1  0.498
  1  0.690
  1  0.692
  0  0.717
  0  0.774
  0  0.849
  1  0.529
  0  0.573
  1  0.549
  1  0.553
  0  0.506
  1  0.610
  1  0.448
  1  0.647
  1  1.222
  0  0.597
  1  0.815
  1  0.604
  1  0.563
  1  0.479
  0  0.934
  1  0.710
  1  1.018
  0  1.227
  0  0.700
  1  0.984
  0  1.032
  1  0.750
  1  0.691
  1  0.692
  0  0.587
  1  0.476
  1  0.621
  0  0.509
  0  0.695
  0  0.824
  0  0.499
  0  0.660
  1  0.581
  0  0.668
  0  0.708
  1  0.776
  1  0.665
  1  0.591
  0  0.766
  0  0.869
  1  0.731
  1  0.995
  0  1.164
  1  0.578
  1  0.575
  1  0.537
  1  0.619
  1  0.525
  0  0.772
  0  0.887
  0  0.487
  1  0.765
  1  0.468
  1  0.720
  1  0.517
  0  0.595
  0  1.213
  0  0.491
  1  0.472
  0  0.557
  0  0.748
  0  1.503
  0  0.558
  1  0.657
  1  0.888
  1  0.757
  0  0.653
  1  0.469
  1  0.626
  0  0.793
  0  0.823
  1  0.622
  0  0.776
  1  0.640
  0  0.600
  1  0.464
  1  0.647
  0  1.186
  0  0.667
  1  0.672
  1  0.455
  0  0.571
  0  0.689
  0  0.698
  1  0.573
  0  0.488
  0  0.768
  0  0.692
  1  0.866
  1  0.465
  0  0.748
  1  0.895
  1  0.758
  1  0.472
  1  0.595
  0  0.743
  0  1.051
  0  0.967
  1  0.576
  0  0.690
  1  0.437
  0  0.708
  1  0.567
  0  0.674
  0  0.738
  0  0.990
  1  0.454
  0  0.604
  1  0.769
  0  1.074
  1  0.705
  0  1.029
  0  0.738
  0  0.813
  1  0.836
  1  0.717
  1  0.816
  1  0.550
  1  0.757
  0  0.999
  0  0.823
  0  0.917
  1  0.849
  1  0.569
  0  0.711
  0  0.684
  0  1.191
  0  0.833
  1  0.770
  0  0.622
  1  0.745
  0  0.953
  0  0.850
  0  0.679
  0  0.625
  1  0.676
  0  0.611
  0  1.229
  1  1.366
  0  1.249
  0  0.872
  1  0.888
  1  0.510
  0  0.730
  1  0.756
  0  0.655
  1  0.805
  0  0.801
  0  1.056
  1  0.524
  1  0.571
  0  0.749
  0  0.688
  1  0.549
  1  0.649
  1  0.689
  0  0.902
  1  0.674
  1  0.659
  0  0.916
  0  0.663
  1  0.733
  1  0.735
  1  0.553
  0  0.801
  0  0.792
  0  0.563
  0  0.852
  0  0.894
  1  0.669
  1  0.739
  1  0.576
  1  0.791
  0  1.004
  1  0.710
  1  0.428
  1  0.564
  0  0.808
  1  0.472
  0  0.705
  1  0.693
  0  0.577
  1  0.914
  1  0.948
  0  0.916
  0  1.308
  0  0.741
  1  0.786
  0  0.670
  1  0.578
  1  0.701
  0  0.668
  0  0.606
  1  0.634
  0  0.824
  0  0.718
  0  0.493
  0  0.687
  0  0.441
  1  0.732
  0  0.749
  1  0.525
  0  0.874
  0  0.697
  1  0.601
  1  0.534
  0  0.545
  0  0.539
  0  0.576
  1  0.953
  0  0.998
  0  0.565
  1  0.670
  1  1.266
  1  0.677
  0  0.498
  0  0.686
  1  1.296
  1  0.682
  0  0.563
  0  0.731
  1  0.727
  0  1.187
  0  1.002
  0  0.560
  1  0.456
  0  0.765
  1  0.640
  0  0.831
  1  1.026
  1  0.558
  1  0.581
  0  0.850
  0  0.731
  1  0.675
  0  0.679
  1  0.559
  0  0.570
  1  0.473
  0  0.515
  0  0.861
  0  1.126
  0  0.729
  0  0.501
  1  0.745
  0  0.585
  0  0.994
  0  0.630
  0  0.744
  1  0.489
  1  0.686
  0  0.652
  0  0.930
  1  0.599
  0  0.492
  0  1.147
  1  0.576
  1  0.681
  0  0.971
  0  0.854
  1  0.517
  0  0.832
  1  0.650
