  0  0.467
  1  0.469
  0  0.472
  0  0.490
  0  0.667
  0  0.586
  0  0.504
  0  0.547
  0  0.473
  0  0.467
  0  0.530
  1  0.472
  1  0.459
  1  0.437
  0  0.477
  1  0.494
  0  0.559
  0  0.506
  0  0.498
  0  0.503
  1  0.453
  0  0.491
  0  0.481
  0  0.745
  1  0.440
  0  0.484
  0  0.530
  0  0.483
  0  0.462
  1  0.499
  0  0.500
  1  0.549
  1  0.469
  1  0.463
  1  0.455
  1  0.498
  0  0.507
  0  0.566
  1  0.554
  0  0.507
  1  0.442
  1  0.655
  0  0.599
  1  0.454
  0  0.526
  1  0.487
  0  0.501
  0  0.476
  0  0.489
  1  0.459
  0  0.491
  0  0.474
  0  0.550
  1  0.516
  0  0.478
  0  0.611
  0  0.553
  1  0.584
  1  0.444
  0  0.552
  1  0.444
  0  0.483
  0  0.640
  1  0.514
  1  0.434
  1  0.594
  1  0.450
  0  0.604
  0  0.516
  0  0.528
  0  0.601
  0  0.488
  1  0.438
  0  0.466
  1  0.531
  0  0.484
  0  0.475
  0  0.481
  0  0.563
  0  0.508
  0  0.471
  0  0.631
  1  0.453
  0  0.513
  1  0.451
  0  0.533
  0  0.476
  1  0.461
  0  0.844
  0  0.517
  0  0.514
  1  0.559
  0  0.480
  0  0.561
  0  0.628
  1  0.469
  0  0.497
  0  0.761
  0  0.463
  0  0.446
  1  0.545
  0  0.702
  0  0.558
  0  0.488
  0  0.495
  0  0.513
  1  0.483
  1  0.681
  0  0.477
  0  0.596
  0  0.529
  0  0.558
  1  0.525
  1  0.458
  0  0.479
  1  0.563
  1  0.523
  1  0.456
  1  0.439
  0  0.508
  1  0.478
  0  0.490
  1  0.485
  1  0.488
  0  0.476
  1  0.576
  1  0.478
  0  0.461
  0  0.591
  1  0.486
  0  0.491
  1  0.477
  1  0.453
  0  0.485
  0  0.573
  1  0.468
  0  0.547
  1  0.479
  1  0.475
  0  0.508
  1  0.485
  1  0.452
  0  0.491
  1  0.463
  0  0.559
  1  0.530
  1  0.450
  1  0.431
  0  0.466
  1  0.468
  0  0.473
  0  0.577
  1  0.459
  0  0.496
  1  0.443
  0  0.549
  1  0.472
  0  0.489
  0  0.635
  0  0.589
  1  0.569
  1  0.476
  0  0.569
  0  0.486
  0  0.521
  0  0.468
  1  0.537
  0  0.499
  1  0.451
  0  0.489
  0  0.530
  0  0.485
  0  0.467
  1  0.455
  0  0.662
  1  0.497
  0  0.481
  1  0.440
  0  0.469
  0  0.571
  1  0.498
  0  0.626
  1  0.507
  0  0.607
  0  0.494
  0  0.541
  1  0.468
  1  0.458
  0  0.505
  1  0.490
  0  0.483
  0  0.617
  1  0.557
  1  0.462
  0  0.469
  1  0.521
  1  0.470
  0  0.474
  0  0.476
  1  0.444
  1  0.509
  0  0.471
  0  0.489
  1  0.527
  0  0.477
  0  0.591
  0  0.669
  1  0.468
  0  0.507
  0  0.487
  0  0.576
  1  0.447
  0  0.513
  0  0.522
  1  0.462
  1  0.484
  0  0.486
  1  0.439
  0  0.469
  0  0.563
  0  0.522
  0  0.486
  1  0.447
  0  0.533
  1  0.474
  0  0.527
  0  0.532
  1  0.476
  1  0.435
  0  0.569
  0  0.552
  0  0.498
  0  0.514
  1  0.449
  0  0.493
  0  0.578
  1  0.535
  0  0.484
  1  0.468
  1  0.585
  0  0.541
  0  0.507
  0  0.603
  0  0.483
  1  0.482
  0  0.572
  1  0.456
  0  0.490
  0  0.570
  0  0.544
  1  0.447
  1  0.558
  1  0.554
  1  0.512
  0  0.494
  1  0.506
  0  0.532
  0  0.500
  0  0.522
  0  0.494
  0  0.527
  0  0.492
  1  0.530
  1  0.460
  1  0.607
  0  0.457
  0  0.501
  0  0.520
  1  0.502
  0  0.469
  0  0.529
  1  0.449
  1  0.493
  1  0.488
  0  0.502
  1  0.451
  0  0.501
  0  0.547
  1  0.469
  1  0.460
  1  0.446
  1  0.437
  0  0.593
  1  0.455
  1  0.447
  1  0.492
  1  0.484
  1  0.459
  1  0.492
  0  0.519
  0  0.499
  0  0.477
  1  0.468
  0  0.495
  0  0.627
  1  0.523
  1  0.435
  1  0.666
  0  0.460
  0  0.521
  1  0.478
  0  0.585
  1  0.542
  0  0.541
  0  0.499
  1  0.540
  1  0.467
  1  0.648
  0  0.656
  1  0.472
  1  0.470
  1  0.598
  0  0.466
  0  0.805
  0  0.488
  1  0.434
  0  0.536
  0  0.509
  0  0.520
  0  0.649
  1  0.677
  0  0.507
  0  0.477
  0  0.498
  1  0.495
  0  0.531
  0  0.521
  1  0.483
  0  0.575
  0  0.600
  1  0.450
  0  0.463
  1  0.497
  1  0.672
  0  0.599
  1  0.454
  1  0.519
  1  0.521
  0  0.510
  1  0.501
  0  0.493
  1  0.621
  1  0.463
  0  0.507
  0  0.581
  0  0.563
  1  0.485
  0  0.569
  1  0.514
  1  0.496
  1  0.459
  0  0.521
  0  0.551
  1  0.455
  0  0.479
  1  0.466
  0  0.511
  0  0.599
  0  0.448
  0  0.495
  1  0.435
  0  0.544
  0  0.452
  0  0.498
  0  0.493
  1  0.438
  0  0.458
  1  0.491
  1  0.562
  0  0.542
  0  0.499
  0  0.508
  1  0.461
  1  0.433
  0  0.677
  0  0.519
  1  0.563
  0  0.474
  0  0.457
  0  0.545
  1  0.451
  0  0.454
  0  0.491
  0  0.529
  0  0.622
  0  0.483
  0  0.517
  0  0.493
  0  0.523
  1  0.457
  1  0.527
  0  0.449
  0  0.774
  0  0.493
  0  0.517
  0  0.470
  1  0.488
  1  0.467
  0  0.474
  0  0.600
  0  0.571
  1  0.447
  1  0.443
  1  0.502
  0  0.496
  1  0.470
  1  0.478
  0  0.452
  0  0.495
  1  0.451
  0  0.500
  1  0.444
  0  0.525
  1  0.565
  0  0.538
  1  0.474
  0  0.509
  0  0.500
  1  0.460
  1  0.512
  0  0.470
  0  0.511
  1  0.459
  0  0.553
  0  0.606
  0  0.550
  1  0.450
  1  0.443
  0  0.492
  1  0.501
  1  0.487
  0  0.502
  0  0.544
  0  0.490
  1  0.553
  1  0.468
  1  0.469
  1  0.500
  1  0.489
  0  0.519
  0  0.580
  0  0.510
  1  0.466
  0  0.520
  0  0.532
  0  0.701
  0  0.512
  0  0.494
  0  0.635
  0  0.486
  1  0.467
  0  0.463
  1  0.430
  0  0.525
  1  0.468
  0  0.516
  0  0.592
  1  0.436
  0  0.762
  0  0.676
  0  0.477
  0  0.506
  0  0.532
  1  0.651
  0  0.514
  1  0.465
  0  0.489
  0  0.572
  0  0.514
  0  0.624
  1  0.599
  0  0.477
  1  0.514
  1  0.470
  0  0.501
  0  0.483
  0  0.574
  1  0.504
  1  0.471
  1  0.520
  1  0.492
  0  0.499
  0  0.522
  0  0.463
  0  0.483
  1  0.452
  1  0.478
  0  0.479
  0  0.567
  0  0.574
  1  0.449
  0  0.659
  0  0.549
  1  0.464
  1  0.453
  1  0.467
  0  0.469
  0  0.584
  0  0.508
  1  0.564
