  0  0.578
  0  0.535
  0  0.524
  0  0.588
  0  0.562
  0  0.638
  0  0.529
  0  0.563
  0  0.604
  0  0.619
  0  0.570
  0  0.603
  0  0.506
  0  0.548
  0  0.522
  0  0.509
  0  0.522
  0  0.515
  0  0.510
  0  0.560
  0  0.509
  0  0.557
  0  0.507
  0  0.533
  0  0.515
  0  0.551
  0  0.560
  0  0.533
  0  0.530
  0  0.568
  0  0.533
  0  0.546
  0  0.539
  0  0.648
  0  0.512
  0  0.506
  0  0.595
  0  0.535
  0  0.518
  0  0.533
  0  0.524
  0  0.575
  0  0.540
  0  0.521
  0  0.508
  0  0.588
  0  0.546
  0  0.526
  0  0.532
  0  0.504
  0  0.522
  0  0.518
  0  0.569
  0  0.543
  0  0.643
  1  0.546
  0  0.609
  0  0.533
  0  0.517
  0  0.592
  0  0.543
  0  0.522
  0  0.526
  0  0.521
  0  0.500
  0  0.535
  0  0.514
  0  0.526
  0  0.500
  0  0.520
  0  0.537
  0  0.529
  0  0.541
  0  0.550
  1  0.537
  0  0.542
  0  0.534
  0  0.527
  0  0.573
  0  0.574
  0  0.556
  0  0.498
  0  0.502
  0  0.515
  0  0.534
  0  0.548
  0  0.538
  0  0.502
  0  0.528
  0  0.541
  0  0.506
  0  0.509
  1  0.497
  0  0.519
  0  0.520
  0  0.540
  0  0.498
  0  0.506
  0  0.509
  0  0.522
  0  0.501
  0  0.539
  0  0.595
  0  0.507
  0  0.662
  0  0.531
  0  0.539
  0  0.527
  0  0.546
  0  0.557
  0  0.518
  0  0.509
  0  0.625
  0  0.603
  0  0.545
  0  0.505
  0  0.523
  0  0.609
  0  0.544
  0  0.519
  0  0.553
  0  0.591
  0  0.543
  0  0.605
  0  0.544
  0  0.523
  0  0.540
  0  0.622
  0  0.510
  0  0.554
  0  0.677
  0  0.527
  1  0.506
  0  0.683
  0  0.525
  0  0.564
  0  0.551
  0  0.537
  0  0.535
  0  0.531
  0  0.506
  0  0.496
  0  0.534
  0  0.555
  0  0.655
  0  0.537
  0  0.515
  0  0.520
  0  0.522
  0  0.520
  0  0.599
  0  0.566
  0  0.564
  0  0.502
  0  0.515
  0  0.542
  0  0.543
  0  0.506
  0  0.559
  0  0.549
  0  0.552
  0  0.569
  0  0.523
  0  0.570
  0  0.540
  0  0.553
  0  0.568
  0  0.515
  0  0.518
  0  0.544
  0  0.522
  0  0.530
  0  0.666
  0  0.522
  0  0.551
  0  0.526
  0  0.530
  0  0.521
  0  0.538
  0  0.530
  0  0.553
  0  0.679
  0  0.516
  0  0.579
  0  0.531
  0  0.550
  0  0.563
  0  0.512
  0  0.527
  0  0.639
  0  0.532
  0  0.547
  0  0.528
  0  0.536
  0  0.523
  0  0.555
  0  0.527
  0  0.540
  0  0.509
  0  0.692
  0  0.519
  0  0.525
  0  0.532
  0  0.526
  0  0.517
  0  0.556
  0  0.555
  0  0.520
  0  0.542
  0  0.508
  0  0.522
  1  0.489
  0  0.521
  0  0.506
  0  0.606
  0  0.515
  0  0.521
  0  0.500
  0  0.528
  0  0.516
  0  0.650
  0  0.498
  0  0.567
  0  0.628
  0  0.511
  0  0.596
  0  0.523
  0  0.533
  0  0.583
  0  0.549
  0  0.506
  0  0.514
  1  0.485
  0  0.540
  0  0.509
  0  0.531
  0  0.547
  0  0.500
  0  0.517
  0  0.554
  0  0.525
  0  0.532
  0  0.534
  0  0.534
  0  0.550
  0  0.534
  0  0.511
  0  0.539
  0  0.517
  0  0.516
  0  0.526
  0  0.520
  0  0.515
  0  0.525
  0  0.562
  0  0.523
  0  0.522
  0  0.530
  0  0.520
  0  0.536
  0  0.505
  0  0.503
  0  0.507
  0  0.548
  0  0.592
  0  0.567
  0  0.563
  0  0.525
  0  0.564
  0  0.524
  0  0.640
  0  0.534
  0  0.566
  0  0.555
  0  0.500
  0  0.542
  0  0.532
  1  0.536
  0  0.526
  0  0.561
  0  0.570
  1  0.568
  0  0.505
  0  0.537
  0  0.509
  0  0.551
  0  0.522
  0  0.530
  0  0.515
  0  0.540
  0  0.545
  0  0.543
  0  0.601
  0  0.505
  0  0.566
  0  0.520
  0  0.562
  0  0.563
  0  0.554
  0  0.644
  0  0.530
  0  0.535
  0  0.594
  0  0.517
  0  0.538
  0  0.584
  0  0.564
  0  0.569
  0  0.564
  0  0.569
  0  0.536
  0  0.537
  0  0.505
  0  0.515
  0  0.503
  0  0.518
  0  0.584
  0  0.595
  0  0.544
  0  0.581
  0  0.544
  0  0.533
  0  0.535
  0  0.591
  0  0.528
  0  0.503
  1  0.493
  0  0.533
  0  0.515
  0  0.568
  0  0.517
  0  0.524
  0  0.640
  0  0.561
  0  0.519
  0  0.547
  0  0.518
  0  0.510
  0  0.538
  0  0.546
  0  0.548
  0  0.529
  0  0.514
  0  0.544
  0  0.688
  0  0.524
  0  0.560
  0  0.527
  0  0.574
  0  0.513
  0  0.588
  0  0.574
  0  0.515
  0  0.650
  0  0.508
  0  0.503
  0  0.528
  0  0.523
  0  0.522
  0  0.525
  0  0.565
  0  0.516
  0  0.537
  0  0.548
  0  0.559
  0  0.589
  0  0.670
  0  0.520
  0  0.528
  0  0.509
  0  0.519
  0  0.510
  0  0.530
  0  0.519
  0  0.531
  0  0.697
  0  0.508
  0  0.530
  0  0.518
  0  0.571
  0  0.571
  0  0.541
  0  0.527
  0  0.545
  0  0.527
  0  0.536
  0  0.531
  0  0.546
  0  0.510
  0  0.547
  0  0.538
  0  0.521
  0  0.544
  0  0.507
  0  0.514
  0  0.558
  0  0.512
  0  0.528
  0  0.558
  0  0.538
  0  0.508
  0  0.525
  0  0.571
  0  0.523
  0  0.565
  0  0.532
  0  0.511
  0  0.581
  0  0.550
  0  0.843
  0  0.577
  0  0.520
  0  0.548
  0  0.556
  0  0.583
  0  0.608
  0  0.544
  0  0.545
  0  0.559
  0  0.509
  0  0.691
  0  0.528
  0  0.509
  0  0.597
  0  0.518
  0  0.553
  0  0.515
  0  0.517
  0  0.631
  0  0.512
  0  0.567
  0  0.543
  0  0.550
  0  0.507
  0  0.544
  0  0.513
  0  0.564
  0  0.532
  0  0.534
  0  0.503
  0  0.506
  0  0.511
  0  0.592
  0  0.524
  1  0.505
  0  0.563
  0  0.511
  0  0.558
  0  0.564
  0  0.539
  0  0.509
  0  0.512
  0  0.516
  0  0.661
  0  0.541
  0  0.525
  0  0.518
  0  0.644
  0  0.550
  0  0.548
  0  0.557
  0  0.552
  0  0.547
  0  0.521
  0  0.557
  0  0.656
  1  0.538
  0  0.514
  0  0.515
  0  0.578
  0  0.573
  0  0.573
  0  0.679
  0  0.557
  0  0.558
  0  0.527
  0  0.535
  0  0.532
  0  0.527
  0  0.540
  0  0.509
  0  0.532
  0  0.512
  0  0.510
  0  0.509
  0  0.610
  1  0.482
  0  0.566
  0  0.525
  0  0.532
  0  0.537
  0  0.533
  0  0.517
  0  0.536
  0  0.509
  0  0.550
  0  0.558
  0  0.532
  0  0.542
  0  0.557
