  0  0.600
  0  0.455
  0  0.413
  0  0.638
  0  0.545
  0  0.827
  0  0.434
  0  0.547
  0  0.695
  0  0.751
  0  0.573
  0  0.691
  0  0.330
  0  0.498
  0  0.409
  0  0.352
  0  0.406
  0  0.378
  0  0.356
  0  0.537
  0  0.352
  0  0.528
  0  0.341
  0  0.449
  0  0.378
  0  0.508
  0  0.538
  0  0.448
  0  0.436
  0  0.566
  0  0.447
  0  0.493
  0  0.468
  0  0.866
  0  0.363
  0  0.331
  0  0.663
  0  0.454
  0  0.390
  0  0.448
  0  0.413
  0  0.590
  0  0.473
  0  0.404
  0  0.345
  0  0.635
  0  0.490
  0  0.421
  0  0.445
  0  0.308
  0  0.409
  0  0.391
  0  0.570
  0  0.479
  0  0.844
  1  0.814
  0  0.714
  0  0.448
  0  0.387
  0  0.652
  0  0.480
  0  0.409
  0  0.423
  0  0.401
  1  0.495
  0  0.456
  0  0.374
  0  0.423
  1  0.507
  0  0.397
  0  0.461
  0  0.432
  0  0.475
  0  0.504
  1  0.777
  0  0.478
  0  0.450
  0  0.427
  0  0.583
  0  0.587
  0  0.524
  1  0.543
  1  0.436
  0  0.379
  0  0.450
  0  0.498
  0  0.463
  1  0.434
  0  0.428
  0  0.475
  0  0.330
  0  0.351
  1  0.629
  0  0.394
  0  0.397
  0  0.471
  1  0.542
  0  0.332
  0  0.349
  0  0.408
  1  0.467
  0  0.467
  0  0.660
  0  0.339
  0  0.920
  0  0.442
  0  0.469
  0  0.425
  0  0.490
  0  0.528
  0  0.390
  0  0.351
  0  0.773
  0  0.692
  0  0.489
  0  0.319
  0  0.411
  0  0.712
  0  0.484
  0  0.396
  0  0.514
  0  0.648
  0  0.481
  0  0.697
  0  0.484
  0  0.411
  0  0.472
  0  0.763
  0  0.354
  0  0.519
  0  0.983
  0  0.427
  1  0.658
  0  1.006
  0  0.417
  0  0.552
  0  0.509
  0  0.461
  0  0.452
  0  0.442
  0  0.334
  1  0.568
  0  0.451
  0  0.520
  0  0.892
  0  0.460
  0  0.377
  0  0.400
  0  0.406
  0  0.398
  0  0.677
  0  0.560
  0  0.550
  1  0.451
  0  0.377
  0  0.477
  0  0.480
  0  0.334
  0  0.534
  0  0.501
  0  0.513
  0  0.569
  0  0.411
  0  0.572
  0  0.470
  0  0.516
  0  0.567
  0  0.377
  0  0.389
  0  0.485
  0  0.406
  0  0.438
  0  0.938
  0  0.406
  0  0.509
  0  0.423
  0  0.436
  0  0.404
  0  0.465
  0  0.436
  0  0.514
  0  0.990
  0  0.382
  0  0.603
  0  0.442
  0  0.504
  0  0.547
  0  0.362
  0  0.426
  0  0.831
  0  0.444
  0  0.494
  0  0.429
  0  0.457
  0  0.411
  0  0.521
  0  0.427
  0  0.472
  0  0.352
  0  1.043
  0  0.396
  0  0.418
  0  0.443
  0  0.421
  0  0.384
  0  0.526
  0  0.522
  0  0.399
  0  0.476
  0  0.343
  0  0.405
  1  0.607
  0  0.404
  0  0.330
  0  0.702
  0  0.378
  0  0.401
  1  0.498
  0  0.429
  0  0.381
  0  0.872
  1  0.540
  0  0.561
  0  0.787
  0  0.361
  0  0.665
  0  0.413
  0  0.446
  0  0.618
  0  0.501
  0  0.334
  0  0.371
  1  0.599
  0  0.472
  0  0.350
  0  0.441
  0  0.493
  1  0.493
  0  0.385
  0  0.517
  0  0.418
  0  0.445
  0  0.452
  0  0.451
  0  0.503
  0  0.449
  0  0.359
  0  0.469
  0  0.386
  0  0.381
  0  0.424
  0  0.397
  0  0.379
  0  0.418
  0  0.545
  0  0.411
  0  0.408
  0  0.438
  0  0.397
  0  0.457
  0  0.323
  1  0.402
  0  0.338
  0  0.497
  0  0.650
  0  0.563
  0  0.549
  0  0.418
  0  0.553
  0  0.415
  0  0.832
  0  0.451
  0  0.557
  0  0.521
  1  0.499
  0  0.477
  0  0.443
  1  0.773
  0  0.421
  0  0.541
  0  0.572
  1  0.910
  0  0.325
  0  0.460
  0  0.352
  0  0.508
  0  0.407
  0  0.437
  0  0.376
  0  0.471
  0  0.489
  0  0.480
  0  0.684
  0  0.323
  0  0.559
  0  0.399
  0  0.545
  0  0.549
  0  0.518
  0  0.850
  0  0.437
  0  0.454
  0  0.657
  0  0.386
  0  0.465
  0  0.620
  0  0.553
  0  0.569
  0  0.552
  0  0.568
  0  0.458
  0  0.462
  0  0.328
  0  0.378
  1  0.401
  0  0.388
  0  0.620
  0  0.663
  0  0.486
  0  0.611
  0  0.484
  0  0.446
  0  0.453
  0  0.649
  0  0.430
  1  0.428
  1  0.618
  0  0.448
  0  0.379
  0  0.566
  0  0.385
  0  0.416
  0  0.834
  0  0.543
  0  0.393
  0  0.494
  0  0.390
  0  0.355
  0  0.466
  0  0.491
  0  0.497
  0  0.434
  0  0.373
  0  0.485
  0  1.027
  0  0.413
  0  0.537
  0  0.427
  0  0.588
  0  0.371
  0  0.635
  0  0.588
  0  0.378
  0  0.872
  0  0.346
  1  0.390
  0  0.430
  0  0.411
  0  0.407
  0  0.417
  0  0.557
  0  0.383
  0  0.461
  0  0.498
  0  0.535
  0  0.641
  0  0.954
  0  0.399
  0  0.430
  0  0.349
  0  0.395
  0  0.353
  0  0.438
  0  0.394
  0  0.441
  0  1.064
  0  0.345
  0  0.436
  0  0.389
  0  0.575
  0  0.578
  0  0.475
  0  0.424
  0  0.487
  0  0.427
  0  0.459
  0  0.441
  0  0.490
  0  0.355
  0  0.496
  0  0.464
  0  0.403
  0  0.486
  0  0.340
  0  0.374
  0  0.532
  0  0.363
  0  0.430
  0  0.532
  0  0.465
  0  0.343
  0  0.419
  0  0.576
  0  0.410
  0  0.555
  0  0.444
  0  0.359
  0  0.612
  0  0.504
  0  1.677
  0  0.596
  0  0.399
  0  0.499
  0  0.526
  0  0.619
  0  0.708
  0  0.483
  0  0.487
  0  0.534
  0  0.348
  0  1.039
  0  0.430
  0  0.348
  0  0.669
  0  0.390
  0  0.516
  0  0.378
  0  0.386
  0  0.799
  0  0.364
  0  0.563
  0  0.482
  0  0.504
  0  0.338
  0  0.484
  0  0.370
  0  0.550
  0  0.444
  0  0.450
  1  0.426
  0  0.329
  0  0.360
  0  0.653
  0  0.416
  1  0.652
  0  0.547
  0  0.358
  0  0.530
  0  0.550
  0  0.466
  0  0.349
  0  0.365
  0  0.383
  0  0.919
  0  0.474
  0  0.418
  0  0.392
  0  0.848
  0  0.503
  0  0.499
  0  0.527
  0  0.513
  0  0.496
  0  0.401
  0  0.527
  0  0.897
  1  0.782
  0  0.372
  0  0.377
  0  0.601
  0  0.584
  0  0.581
  0  0.991
  0  0.529
  0  0.531
  0  0.426
  0  0.455
  0  0.444
  0  0.425
  0  0.472
  0  0.348
  0  0.442
  0  0.365
  0  0.355
  0  0.351
  0  0.717
  1  0.594
  0  0.558
  0  0.419
  0  0.445
  0  0.461
  0  0.447
  0  0.384
  0  0.459
  0  0.350
  0  0.506
  0  0.533
  0  0.445
  0  0.476
  0  0.527
