  0  1.085
  0  0.865
  0  0.865
  0  0.970
  0  0.850
  0  0.990
  0  1.022
  0  0.846
  0  0.913
  0  0.936
  0  0.852
  0  0.908
  0  1.044
  0  0.873
  0  0.944
  0  0.852
  0  0.861
  0  0.876
  1  0.997
  1  0.880
  0  0.923
  0  0.871
  0  0.980
  0  0.902
  0  0.952
  0  0.976
  0  0.926
  0  1.133
  0  0.895
  0  0.954
  0  0.898
  0  0.897
  0  0.907
  0  1.116
  0  0.930
  0  0.909
  0  0.907
  0  0.870
  0  0.920
  0  0.913
  0  0.886
  0  0.931
  0  0.947
  0  0.936
  0  0.913
  0  0.967
  0  0.933
  0  0.961
  0  0.952
  0  0.883
  0  0.925
  0  0.935
  0  0.881
  0  1.048
  0  0.987
  0  0.963
  0  0.947
  0  0.890
  0  0.890
  0  0.956
  0  0.926
  0  0.997
  0  1.041
  0  0.875
  0  0.906
  1  0.795
  0  0.847
  0  0.878
  0  0.872
  0  0.874
  0  0.912
  0  0.892
  0  0.941
  0  0.918
  0  1.010
  0  0.958
  0  0.906
  0  1.071
  0  0.895
  0  0.947
  0  0.908
  0  1.090
  0  0.975
  0  0.924
  0  0.843
  0  1.003
  0  0.936
  1  1.589
  0  0.904
  0  0.899
  0  1.014
  0  0.930
  0  0.930
  0  0.920
  0  0.910
  0  0.892
  1  0.892
  0  0.960
  0  0.839
  0  0.887
  0  1.013
  0  0.949
  0  0.976
  0  0.909
  0  0.993
  0  0.895
  1  1.006
  1  0.893
  0  0.855
  0  0.891
  0  1.135
  0  0.883
  0  0.878
  0  0.929
  0  0.947
  0  0.874
  0  0.940
  0  0.952
  0  0.863
  0  1.169
  0  1.036
  1  0.915
  0  0.851
  0  0.972
  0  0.939
  0  0.876
  0  0.963
  0  0.899
  0  0.900
  0  0.872
  1  1.408
  0  0.963
  0  1.027
  0  0.916
  0  0.985
  0  0.952
  0  0.956
  0  0.960
  0  0.862
  0  0.991
  0  0.872
  0  0.920
  0  0.927
  0  0.860
  0  1.044
  0  0.938
  0  0.978
  0  0.880
  0  0.907
  0  1.049
  1  0.885
  0  0.973
  0  0.938
  0  0.975
  0  0.901
  0  0.999
  0  1.130
  0  0.903
  0  0.926
  0  0.866
  0  0.946
  0  0.928
  1  0.780
  0  0.861
  0  0.952
  0  0.978
  0  0.860
  0  0.890
  0  1.006
  0  0.926
  0  0.878
  0  0.870
  0  0.897
  0  0.850
  0  0.974
  0  0.990
  0  0.910
  0  0.944
  0  0.904
  0  0.900
  0  0.909
  0  0.836
  1  0.866
  0  0.950
  0  1.004
  0  0.943
  0  0.901
  0  0.876
  0  0.860
  0  0.935
  0  1.049
  0  1.125
  0  1.063
  0  0.832
  0  1.097
  0  1.054
  0  1.041
  0  1.078
  0  0.940
  0  0.929
  0  0.919
  0  0.861
  0  0.922
  0  0.894
  0  0.984
  0  0.925
  0  0.899
  0  1.029
  0  0.997
  0  0.859
  0  0.866
  0  1.194
  0  0.993
  0  0.942
  0  1.047
  0  0.933
  0  0.928
  0  0.950
  0  0.908
  0  0.980
  0  0.934
  0  0.945
  1  1.073
  0  0.889
  0  0.943
  0  0.852
  0  0.990
  0  0.875
  0  1.026
  1  0.798
  0  0.882
  0  0.974
  0  0.955
  0  1.038
  0  0.868
  0  0.893
  0  0.851
  0  0.955
  0  0.932
  0  0.986
  0  1.239
  0  1.230
  0  0.879
  0  0.910
  0  0.924
  0  1.024
  0  0.932
  0  0.869
  0  0.957
  0  0.961
  0  0.873
  0  0.990
  0  1.015
  0  0.942
  0  0.994
  0  0.960
  0  0.862
  0  0.961
  1  0.853
  0  1.016
  0  0.944
  0  1.063
  1  0.852
  0  0.869
  0  0.949
  0  0.889
  0  0.899
  0  0.914
  1  0.941
  0  0.933
  0  1.040
  0  0.901
  0  0.912
  0  0.896
  0  0.911
  0  0.942
  0  1.009
  0  0.930
  0  0.923
  0  0.915
  0  0.943
  0  0.951
  0  0.875
  0  0.861
  1  0.812
  1  0.840
  0  0.891
  0  0.918
  0  0.991
  0  0.925
  0  1.006
  0  0.969
  0  0.963
  0  0.958
  0  0.913
  0  0.854
  0  0.894
  0  0.836
  0  0.861
  0  0.877
  0  0.874
  0  0.998
  0  1.033
  1  0.899
  0  0.860
  0  0.936
  0  0.958
  0  0.877
  0  0.995
  0  0.979
  0  0.931
  0  1.019
  0  0.922
  0  0.961
  0  0.935
  0  0.866
  0  0.919
  0  0.916
  0  1.152
  0  0.922
  0  0.913
  0  0.898
  0  0.996
  0  0.987
  0  1.026
  0  0.935
  0  0.919
  0  0.884
  0  0.933
  0  0.901
  0  0.871
  0  0.876
  0  0.941
  0  0.900
  0  0.927
  0  0.964
  0  1.094
  0  0.954
  0  0.924
  0  0.840
  0  0.880
  0  0.879
  0  0.935
  0  0.892
  0  0.837
  0  1.022
  0  0.888
  0  0.947
  0  0.958
  0  0.993
  0  0.951
  0  0.963
  0  0.868
  0  0.985
  0  0.939
  1  1.055
  0  0.948
  0  0.884
  0  0.940
  0  1.007
  0  0.933
  0  1.000
  0  1.001
  0  0.949
  0  0.979
  0  0.946
  1  0.964
  0  0.929
  0  0.886
  0  0.908
  0  0.922
  0  0.840
  1  0.890
  0  1.070
  0  0.881
  0  0.868
  0  0.880
  0  0.945
  0  0.845
  0  0.902
  0  0.955
  0  0.874
  0  0.874
  0  0.857
  0  1.035
  0  0.901
  0  0.912
  0  0.929
  0  0.962
  0  1.038
  1  0.999
  1  0.858
  0  0.902
  0  1.031
  1  1.029
  0  1.367
  0  0.969
  0  0.975
  0  0.962
  0  0.907
  0  1.099
  0  0.973
  0  0.926
  0  0.936
  0  0.914
  0  0.871
  0  0.934
  0  0.925
  0  1.103
  0  0.978
  0  0.951
  0  0.936
  0  0.888
  0  0.970
  0  0.880
  0  1.020
  0  0.877
  0  0.831
  0  1.110
  0  0.955
  0  0.912
  0  1.058
  0  0.925
  0  0.943
  0  0.927
  0  0.927
  0  0.891
  0  0.893
  0  0.970
  0  0.843
  0  0.882
  0  1.028
  0  0.981
  0  0.886
  0  0.900
  0  0.960
  0  0.948
  0  0.927
  0  0.905
  1  0.860
  0  0.964
  0  1.097
  0  0.851
  0  1.121
  0  0.947
  0  0.921
  0  0.920
  0  0.990
  0  0.946
  0  0.901
  0  0.915
  0  0.875
  0  0.864
  0  0.922
  0  0.894
  0  0.818
  0  0.947
  1  0.905
  0  1.002
  0  0.957
  0  0.985
  0  0.925
  1  0.989
  0  0.957
  0  0.877
  0  0.985
  0  0.953
  0  0.977
  0  0.861
  0  0.921
  0  0.825
  0  0.838
  0  0.982
  0  0.946
  0  0.901
  0  0.939
  0  0.916
  0  0.960
  0  0.969
  0  1.038
  0  0.971
  0  0.932
  1  1.021
  0  0.838
  0  1.231
  0  0.893
  0  0.910
  0  0.900
  0  1.031
  1  0.907
  0  1.069
  0  0.886
  0  0.889
  0  0.906
  1  0.841
  0  0.939
  0  0.890
  0  0.872
  0  0.864
  0  1.012
