  1  1.121
  1  0.921
  1  1.055
  1  1.301
  1  1.180
  1  0.877
  1  1.141
  1  0.994
  1  1.046
  1  1.080
  1  1.033
  1  0.977
  1  1.213
  1  1.172
  1  1.000
  1  1.076
  1  1.029
  1  0.930
  1  1.529
  1  1.108
  1  0.935
  1  0.951
  1  0.984
  1  1.114
  1  0.998
  1  1.185
  1  1.192
  1  0.991
  1  0.996
  1  1.148
  1  1.086
  1  1.102
  1  1.017
  1  0.980
  1  0.949
  1  0.860
  1  1.017
  1  1.026
  1  0.940
  1  0.925
  1  1.034
  1  1.137
  1  0.979
  1  0.990
  1  1.135
  1  1.070
  1  1.205
  1  1.434
  1  1.017
  1  0.995
  1  1.070
  1  0.904
  1  0.971
  1  0.944
  1  0.958
  1  1.024
  1  1.142
  1  1.076
  1  1.101
  1  1.100
  1  1.033
  1  0.933
  1  1.148
  1  1.091
  1  1.020
  1  0.979
  1  1.025
  1  1.012
  1  0.949
  1  1.210
  1  0.979
  1  1.160
  1  1.126
  1  1.209
  1  1.131
  1  0.964
  1  1.136
  1  0.949
  1  1.094
  1  1.077
  1  0.876
  1  0.861
  1  1.123
  1  0.949
  1  1.109
  1  1.017
  1  0.927
  1  0.949
  1  0.909
  1  1.124
  1  0.896
  1  0.935
  1  1.022
  1  0.928
  1  1.266
  1  0.958
  1  1.040
  1  1.003
  1  0.957
  1  1.240
  1  1.080
  1  1.179
  1  1.068
  1  0.923
  1  1.037
  1  1.045
  1  0.917
  1  1.106
  1  1.046
  1  0.851
  1  1.181
  1  1.107
  1  0.996
  1  1.101
  1  1.074
  1  1.072
  1  0.941
  1  1.014
  1  0.923
  1  0.978
  1  1.335
  1  1.030
  1  0.977
  1  0.987
  1  0.920
  1  0.878
  1  1.081
  1  0.930
  1  1.224
  1  1.030
  0  1.220
  1  1.475
  1  1.032
  1  0.965
  1  1.098
  1  0.998
  1  0.953
  1  1.012
  1  1.082
  1  1.223
  1  0.950
  1  0.961
  1  0.970
  1  0.984
  1  1.259
  1  1.053
  1  0.942
  1  1.141
  1  1.186
  1  1.017
  1  1.017
  1  1.043
  1  0.986
  1  1.072
  1  0.934
  1  1.124
  1  1.171
  1  1.121
  1  0.996
  1  1.171
  1  1.144
  1  0.982
  1  1.100
  1  1.136
  1  1.122
  1  1.148
  1  1.110
  1  0.916
  1  1.027
  1  0.903
  1  0.961
  1  1.072
  1  1.120
  1  0.973
  1  1.237
  1  1.317
  1  0.922
  1  1.019
  1  0.982
  1  1.171
  1  1.002
  1  1.028
  1  1.166
  1  0.960
  1  1.029
  1  1.078
  1  1.008
  1  1.266
  1  0.923
  1  1.100
  1  0.936
  1  1.042
  1  1.065
  1  0.903
  1  1.138
  1  0.900
  1  0.983
  1  1.146
  1  1.162
  1  1.172
  1  0.991
  1  1.005
  1  1.200
  1  0.995
  1  0.991
  1  1.135
  1  1.178
  1  1.044
  1  1.174
  1  1.173
  1  1.262
  1  0.968
  1  1.061
  1  1.056
  1  1.214
  1  1.132
  1  0.947
  1  0.884
  1  1.027
  1  1.178
  1  0.973
  1  0.890
  1  0.855
  1  0.974
  1  0.858
  1  1.036
  1  0.950
  1  1.089
  1  1.037
  1  0.962
  1  1.061
  1  0.908
  1  1.145
  1  1.144
  1  0.877
  1  1.136
  1  0.929
  1  1.160
  1  1.115
  1  1.000
  1  1.041
  1  0.916
  1  0.921
  1  1.010
  1  1.022
  1  0.944
  1  1.127
  1  0.944
  1  0.934
  1  0.899
  1  0.840
  1  1.110
  1  0.898
  1  1.040
  1  1.092
  1  1.025
  1  1.071
  1  1.009
  1  0.893
  1  1.103
  1  0.955
  1  0.884
  1  1.108
  1  1.020
  1  0.994
  1  0.930
  1  1.011
  1  1.146
  1  1.003
  1  0.968
  1  1.030
  1  1.034
  1  0.986
  1  1.107
  1  1.066
  1  0.896
  1  1.017
  1  1.073
  1  1.075
  1  1.042
  1  1.093
  1  0.917
  1  1.492
  1  1.099
  1  1.077
  1  1.327
  1  0.962
  1  1.103
  1  0.952
  1  1.061
  1  0.885
  1  1.007
  1  1.215
  1  1.127
  1  1.193
  1  1.234
  1  1.152
  1  0.943
  1  1.179
  1  1.185
  1  1.262
  1  1.001
  1  1.143
  1  1.047
  1  1.139
  1  1.194
  1  1.223
  1  1.380
  1  0.951
  1  1.063
  1  1.043
  1  1.057
  1  1.151
  1  1.049
  1  1.097
  1  1.099
  1  0.948
  1  1.099
  1  1.258
  1  1.063
  1  1.266
  1  1.053
  1  0.996
  1  1.073
  1  1.128
  1  1.031
  1  1.133
  1  1.073
  1  1.004
  1  1.055
  1  1.103
  1  1.220
  1  1.095
  1  1.013
  1  1.064
  1  0.932
  1  1.060
  1  0.965
  1  1.096
  1  1.015
  1  1.034
  1  0.954
  1  0.991
  1  1.005
  1  0.941
  1  1.155
  1  1.054
  1  0.968
  1  0.855
  1  1.081
  1  0.876
  1  1.119
  1  0.900
  1  0.991
  1  1.172
  1  0.952
  1  1.130
  1  0.956
  1  1.108
  1  1.033
  1  0.975
  1  1.156
  1  1.002
  1  1.177
  1  1.145
  1  0.995
  1  0.914
  1  1.031
  1  1.069
  1  0.972
  1  1.011
  1  1.192
  1  1.047
  1  0.883
  1  1.006
  1  1.107
  1  1.041
  1  1.060
  1  1.239
  1  1.107
  1  1.112
  1  0.983
  1  1.032
  1  1.026
  1  1.004
  1  0.998
  1  1.216
  1  1.097
  1  0.980
  1  0.907
  1  1.079
  1  0.990
  1  1.137
  1  0.996
  1  1.053
  1  1.121
  1  1.113
  1  1.122
  1  0.943
  1  0.955
  1  1.106
  1  1.136
  1  1.049
  1  1.096
  1  1.042
  1  1.084
  1  1.084
  1  1.029
  1  1.013
  1  1.014
  1  1.262
  1  1.071
  1  1.029
  1  0.903
  1  1.111
  1  1.086
  1  0.993
  1  1.090
  1  1.307
  1  1.262
  1  0.936
  1  1.003
  1  0.958
  1  1.099
  1  1.274
  1  1.246
  1  0.894
  1  1.032
  1  1.015
  1  0.937
  1  1.065
  1  1.120
  1  1.069
  1  1.061
  1  1.020
  1  1.085
  1  1.044
  1  0.992
  1  1.171
  1  1.438
  1  1.149
  1  0.933
  1  1.113
  1  1.145
  1  1.248
  1  1.042
  1  0.902
  1  1.085
  1  1.209
  1  1.040
  1  1.140
  1  0.886
  1  1.180
  1  1.098
  1  0.969
  1  1.125
  1  1.120
  1  1.034
  1  1.107
  1  0.856
  1  0.963
  1  0.981
  1  1.015
  1  1.192
  1  0.966
  1  0.890
  1  0.931
  1  0.910
  1  0.949
  1  0.907
  1  1.126
  1  0.997
  1  1.122
  1  1.144
  1  1.048
  1  1.173
  1  0.949
  1  1.197
  1  0.978
  1  0.886
  1  0.999
  1  0.944
  1  0.939
  1  1.316
  1  1.292
  1  1.260
  1  0.922
  1  1.186
  1  0.988
  1  0.964
  1  1.173
  1  0.963
  1  1.371
  1  1.186
  1  1.056
  1  1.237
  1  1.294
  1  0.969
  1  1.287
  1  0.892
