  1  0.474
  0  0.613
  0  0.345
  1  0.837
  1  0.599
  0  0.870
  1  0.519
  0  0.428
  0  0.356
  0  0.309
  0  0.372
  0  0.458
  1  0.666
  1  0.582
  0  0.419
  0  0.316
  0  0.377
  0  0.582
  1  1.279
  1  0.443
  0  0.563
  0  0.518
  0  0.445
  1  0.458
  0  0.422
  1  0.609
  1  0.624
  0  0.433
  0  0.425
  1  0.533
  0  0.299
  1  0.422
  0  0.394
  0  0.453
  0  0.523
  0  1.037
  0  0.393
  0  0.381
  0  0.548
  0  0.599
  0  0.370
  1  0.510
  0  0.454
  0  0.434
  1  0.506
  0  0.326
  1  0.650
  1  1.095
  0  0.393
  0  0.426
  0  0.325
  0  0.691
  0  0.471
  0  0.536
  0  0.499
  0  0.384
  1  0.522
  0  0.317
  1  0.415
  1  0.409
  0  0.372
  0  0.571
  1  0.535
  0  0.286
  0  0.389
  0  0.454
  0  0.383
  0  0.400
  0  0.521
  1  0.659
  0  0.454
  1  0.559
  1  0.486
  1  0.656
  1  0.497
  0  0.485
  1  0.509
  0  0.523
  0  0.273
  0  0.314
  0  0.874
  0  1.026
  1  0.479
  0  0.522
  1  0.445
  0  0.394
  0  0.592
  0  0.524
  0  0.662
  1  0.483
  0  0.735
  0  0.563
  0  0.386
  0  0.586
  1  0.769
  0  0.500
  0  0.363
  0  0.413
  0  0.503
  1  0.717
  0  0.310
  1  0.597
  0  0.328
  0  0.606
  0  0.367
  0  0.357
  0  0.628
  1  0.437
  0  0.356
  0  1.155
  1  0.600
  1  0.439
  0  0.425
  1  0.415
  0  0.320
  0  0.322
  0  0.544
  0  0.398
  0  0.604
  0  0.456
  1  0.903
  0  0.376
  0  0.458
  0  0.440
  0  0.615
  0  0.859
  0  0.308
  0  0.581
  1  0.687
  0  0.375
  0  1.595
  1  1.174
  0  0.373
  0  0.484
  1  0.397
  0  0.421
  0  0.512
  0  0.400
  0  0.306
  1  0.685
  0  0.521
  0  0.492
  0  0.473
  0  0.446
  1  0.755
  0  0.347
  0  0.543
  1  0.518
  1  0.612
  0  0.393
  0  0.394
  0  0.360
  0  0.442
  0  0.323
  0  0.567
  1  0.483
  1  0.580
  1  0.474
  0  0.425
  1  0.581
  1  0.525
  0  0.449
  1  0.411
  1  0.509
  1  0.477
  1  0.535
  1  0.447
  0  0.634
  0  0.379
  0  0.697
  0  0.492
  0  0.323
  1  0.472
  0  0.466
  1  0.712
  1  0.869
  0  0.609
  0  0.391
  0  0.448
  1  0.581
  0  0.416
  0  0.378
  1  0.571
  0  0.494
  0  0.377
  0  0.314
  0  0.406
  1  0.769
  0  0.607
  1  0.410
  0  0.560
  0  0.361
  0  0.333
  0  0.693
  1  0.512
  0  0.708
  0  0.446
  1  0.529
  1  0.563
  1  0.583
  0  0.432
  0  0.411
  1  0.639
  0  0.427
  0  0.434
  1  0.507
  1  0.596
  0  0.358
  1  0.586
  1  0.585
  1  0.760
  0  0.476
  0  0.337
  0  0.344
  1  0.668
  1  0.499
  0  0.527
  0  0.812
  0  0.380
  1  0.595
  0  0.465
  0  0.768
  0  1.105
  0  0.465
  0  1.058
  0  0.369
  0  0.518
  0  0.290
  0  0.367
  0  0.490
  0  0.338
  0  0.667
  1  0.527
  1  0.526
  0  0.868
  1  0.508
  0  0.585
  1  0.560
  1  0.462
  0  0.418
  0  0.362
  0  0.635
  0  0.612
  0  0.404
  0  0.386
  0  0.536
  1  0.488
  0  0.537
  0  0.567
  0  0.716
  0  1.281
  1  0.448
  0  0.724
  0  0.363
  0  0.280
  0  0.383
  0  0.324
  0  0.405
  0  0.752
  1  0.425
  0  0.507
  0  0.816
  1  0.443
  0  0.389
  0  0.428
  0  0.579
  0  0.401
  1  0.529
  0  0.414
  0  0.477
  0  0.375
  0  0.371
  0  0.441
  1  0.440
  0  0.330
  0  0.732
  0  0.394
  0  0.321
  0  0.317
  0  0.361
  0  0.277
  0  0.630
  1  1.207
  1  0.406
  0  0.315
  1  0.887
  0  0.489
  1  0.425
  0  0.514
  0  0.337
  0  0.806
  0  0.407
  1  0.669
  1  0.489
  1  0.625
  1  0.706
  1  0.542
  0  0.539
  1  0.597
  1  0.608
  1  0.761
  0  0.417
  1  0.524
  0  0.355
  1  0.515
  1  0.627
  1  0.685
  1  0.990
  0  0.518
  0  0.334
  0  0.360
  0  0.343
  1  0.540
  0  0.352
  1  0.381
  1  0.408
  0  0.526
  1  0.402
  1  0.754
  0  0.334
  1  0.768
  0  0.347
  0  0.424
  0  0.320
  1  0.491
  0  0.375
  1  0.501
  0  0.321
  0  0.411
  0  0.345
  1  0.423
  1  0.678
  0  0.260
  0  0.398
  0  0.333
  0  0.572
  0  0.338
  0  0.483
  1  0.365
  0  0.395
  0  0.370
  0  0.508
  0  0.432
  0  0.410
  0  0.545
  1  0.548
  0  0.346
  0  0.477
  0  1.099
  0  0.308
  0  0.873
  1  0.470
  0  0.708
  0  0.433
  1  0.583
  0  0.515
  1  0.495
  0  0.504
  1  0.440
  0  0.372
  0  0.463
  1  0.551
  0  0.415
  1  0.592
  1  0.527
  0  0.427
  0  0.643
  0  0.374
  0  0.326
  0  0.469
  0  0.402
  1  0.623
  0  0.355
  0  0.820
  0  0.410
  1  0.438
  0  0.362
  0  0.339
  1  0.715
  1  0.439
  1  0.452
  0  0.447
  0  0.373
  0  0.381
  0  0.411
  0  0.421
  1  0.671
  1  0.391
  0  0.453
  0  0.674
  0  0.312
  0  0.435
  1  0.511
  0  0.424
  0  0.347
  1  0.475
  1  0.455
  1  0.477
  0  0.539
  0  0.508
  1  0.436
  1  0.508
  0  0.352
  1  0.371
  0  0.361
  0  0.301
  0  0.303
  0  0.377
  0  0.398
  0  0.398
  1  0.761
  0  0.324
  0  0.377
  0  0.696
  1  0.450
  0  0.298
  0  0.429
  0  0.289
  1  0.849
  1  0.761
  0  0.560
  0  0.414
  0  0.500
  1  0.402
  1  0.785
  1  0.729
  0  0.746
  0  0.374
  0  0.397
  0  0.556
  0  0.332
  1  0.474
  0  0.326
  0  0.338
  0  0.389
  0  0.299
  0  0.358
  0  0.431
  1  0.582
  1  1.102
  1  0.536
  0  0.571
  1  0.454
  1  0.527
  1  0.734
  0  0.361
  0  0.699
  0  0.299
  1  0.657
  0  0.364
  1  0.518
  0  0.797
  1  0.599
  1  0.396
  0  0.476
  1  0.485
  1  0.473
  0  0.371
  1  0.440
  0  1.089
  0  0.487
  0  0.450
  0  0.396
  1  0.623
  0  0.481
  0  0.772
  0  0.576
  0  0.662
  0  0.521
  0  0.672
  1  0.487
  0  0.423
  1  0.479
  1  0.525
  0  0.354
  1  0.586
  0  0.522
  1  0.633
  0  0.456
  0  0.796
  0  0.419
  0  0.536
  0  0.550
  1  0.866
  1  0.820
  1  0.758
  0  0.609
  1  0.612
  0  0.437
  0  0.486
  1  0.585
  0  0.487
  1  0.973
  1  0.611
  0  0.344
  1  0.713
  1  0.824
  0  0.475
  1  0.809
  0  0.758
