  1  1.211
  1  1.221
  0  1.386
  1  0.982
  1  0.944
  1  1.196
  1  1.119
  1  0.916
  1  1.057
  1  0.958
  1  1.148
  0  0.792
  1  1.311
  1  1.264
  1  0.975
  0  0.992
  1  1.106
  1  1.043
  1  0.889
  1  0.934
  1  1.200
  1  0.989
  1  0.848
  1  1.134
  1  1.347
  1  1.066
  1  1.277
  1  1.022
  1  1.000
  1  0.982
  1  1.371
  1  1.041
  1  1.049
  1  0.935
  1  1.060
  1  1.012
  1  1.093
  1  0.995
  1  0.875
  1  1.131
  1  1.257
  0  1.013
  1  1.061
  0  0.833
  1  1.037
  1  1.131
  1  1.054
  1  1.368
  1  1.119
  1  1.033
  1  0.915
  1  0.880
  1  1.217
  1  1.098
  1  1.372
  1  1.092
  1  0.911
  0  0.864
  1  0.925
  1  1.288
  1  0.958
  1  0.994
  1  1.438
  1  1.689
  1  1.046
  1  0.958
  1  1.117
  1  0.853
  1  1.081
  1  1.071
  1  0.901
  1  1.199
  1  1.034
  1  0.905
  1  0.971
  1  1.048
  1  1.122
  1  0.837
  1  1.270
  1  1.067
  1  1.165
  1  0.983
  1  1.117
  1  1.049
  0  1.449
  1  0.926
  1  0.943
  0  0.817
  1  0.910
  1  0.882
  1  0.952
  1  1.140
  1  0.945
  1  1.091
  1  1.054
  1  0.963
  1  1.140
  1  0.907
  1  1.017
  1  1.450
  1  0.914
  0  0.904
  1  0.916
  1  0.890
  1  1.019
  1  0.985
  1  1.085
  1  1.125
  1  1.156
  1  1.027
  1  0.977
  1  0.967
  1  1.030
  1  1.021
  1  1.064
  1  1.053
  1  0.902
  1  1.119
  1  1.005
  0  0.918
  1  1.089
  1  0.905
  1  0.965
  1  1.224
  1  1.013
  1  1.238
  1  0.861
  1  1.038
  1  0.934
  1  1.186
  1  0.972
  1  1.034
  1  0.929
  1  0.959
  1  0.925
  1  0.885
  1  1.001
  0  0.892
  1  1.441
  1  1.215
  1  1.149
  1  0.851
  1  1.070
  1  0.875
  1  0.918
  1  0.947
  1  1.581
  1  1.026
  1  0.921
  1  0.996
  1  1.104
  1  1.115
  1  0.976
  1  0.910
  1  0.981
  1  1.124
  1  1.021
  1  1.164
  1  0.890
  1  1.136
  1  0.881
  1  1.315
  1  0.991
  1  1.098
  0  0.822
  1  0.891
  1  0.908
  1  1.051
  0  1.128
  1  1.000
  1  0.873
  1  1.062
  1  1.006
  1  1.139
  1  1.340
  1  0.938
  1  1.018
  1  1.012
  1  1.039
  1  1.028
  1  1.055
  1  1.166
  1  0.986
  1  0.883
  1  1.022
  1  0.994
  1  0.925
  1  1.249
  1  1.056
  1  1.130
  1  0.913
  1  0.984
  1  0.789
  1  1.085
  1  1.033
  1  1.898
  1  1.000
  1  1.299
  1  1.145
  1  0.995
  1  0.877
  1  0.984
  1  1.081
  1  0.953
  1  1.102
  1  1.075
  1  1.110
  1  0.990
  1  1.087
  1  0.975
  1  0.941
  0  1.018
  1  1.271
  1  0.935
  1  1.119
  1  1.002
  1  1.045
  1  0.932
  1  0.983
  1  0.931
  1  1.044
  1  1.042
  1  1.266
  1  0.861
  1  0.956
  1  1.061
  1  1.434
  1  0.944
  1  0.963
  1  1.060
  1  0.972
  1  1.053
  1  1.104
  1  1.191
  1  1.268
  1  0.896
  1  1.246
  1  1.593
  1  1.072
  1  0.900
  1  0.841
  0  0.923
  1  0.949
  1  1.139
  1  1.040
  1  0.907
  1  0.879
  1  0.934
  1  0.861
  1  0.937
  1  1.154
  1  1.080
  1  0.990
  1  0.962
  1  1.055
  1  0.944
  1  1.537
  1  1.194
  1  0.998
  1  1.175
  1  0.885
  1  1.050
  1  1.049
  1  1.075
  0  0.933
  1  1.329
  1  1.106
  1  1.147
  0  0.821
  1  0.969
  1  1.096
  1  1.068
  1  0.904
  1  1.052
  1  0.902
  1  1.432
  1  1.260
  1  0.922
  1  1.010
  1  1.088
  1  1.093
  1  0.876
  1  0.965
  1  1.067
  1  1.365
  1  0.895
  1  0.872
  1  0.909
  1  1.401
  1  0.951
  1  1.343
  1  1.229
  1  1.566
  1  1.100
  1  0.909
  1  1.006
  1  1.110
  1  1.149
  1  0.930
  1  0.942
  1  1.053
  1  0.980
  1  1.209
  1  0.986
  1  1.080
  1  1.374
  1  1.080
  1  0.896
  1  0.948
  1  1.046
  1  1.071
  1  1.174
  1  1.070
  1  0.851
  1  1.028
  1  1.178
  1  1.042
  1  0.984
  1  0.977
  1  1.158
  0  0.938
  1  1.177
  1  1.016
  1  1.040
  1  1.180
  1  1.066
  1  0.938
  1  0.999
  1  0.890
  1  1.099
  1  0.848
  1  1.004
  1  0.858
  1  1.034
  1  1.284
  1  1.237
  1  0.863
  1  0.848
  1  1.103
  1  1.108
  1  1.010
  1  1.044
  1  1.134
  1  1.052
  1  1.062
  1  0.943
  1  1.070
  1  1.407
  1  1.013
  1  1.128
  1  0.833
  1  1.055
  1  1.066
  1  1.050
  1  1.710
  1  0.992
  1  1.034
  0  1.340
  1  0.993
  1  0.973
  0  1.756
  1  1.066
  1  1.059
  1  0.941
  1  1.043
  1  0.998
  1  0.893
  1  1.180
  1  1.072
  1  1.394
  1  1.006
  1  1.469
  1  1.229
  1  1.048
  1  0.930
  1  0.957
  1  1.159
  1  0.996
  1  0.881
  1  1.003
  1  0.937
  1  1.026
  1  0.986
  1  1.037
  1  0.905
  1  0.928
  1  1.036
  1  0.941
  1  0.933
  1  0.974
  1  0.915
  1  1.063
  1  0.907
  0  0.912
  1  1.079
  1  0.867
  1  0.947
  1  1.085
  1  1.050
  1  1.058
  1  1.090
  1  0.940
  1  0.908
  1  1.267
  1  0.981
  1  0.883
  1  0.884
  1  0.897
  0  1.018
  1  0.826
  1  1.047
  1  0.893
  1  1.030
  0  0.891
  1  1.018
  1  0.998
  1  0.975
  0  1.065
  1  0.934
  1  0.915
  1  1.029
  1  1.058
  1  1.067
  1  0.951
  1  1.073
  1  1.005
  1  1.013
  1  1.149
  1  1.126
  1  1.078
  1  1.031
  0  1.290
  1  0.976
  1  0.954
  1  0.917
  1  0.920
  1  1.213
  1  0.984
  1  0.943
  1  0.993
  0  1.022
  1  0.959
  1  1.011
  1  1.135
  1  0.980
  1  0.852
  1  1.136
  1  1.317
  0  1.201
  1  0.929
  1  0.881
  1  0.919
  1  0.908
  1  1.110
  1  0.964
  1  1.054
  1  1.006
  1  1.553
  1  0.996
  1  0.959
  1  1.004
  1  1.098
  1  0.898
  1  0.885
  1  1.072
  1  0.984
  1  1.007
  1  1.195
  1  0.871
  1  1.258
  1  0.982
  1  0.984
  0  1.297
  1  1.001
  1  1.301
  1  0.960
  1  1.285
  1  1.189
  0  0.885
  1  0.971
  1  1.064
  1  1.033
  1  0.941
  1  1.238
  1  1.122
  1  1.213
  1  1.020
  1  1.083
  1  1.122
  1  0.911
  1  0.981
  1  1.008
  1  1.102
  1  1.073
  1  1.195
  1  0.975
  1  0.921
  1  1.118
  1  1.305
  1  0.923
