  1  1.060
  1  0.598
  1  0.710
  1  0.666
  1  0.587
  1  0.993
  1  0.517
  1  0.480
  1  0.495
  1  0.404
  1  0.440
  1  0.726
  1  0.542
  1  0.525
  1  0.855
  1  0.711
  1  0.849
  1  0.630
  1  0.766
  1  0.672
  1  0.576
  1  0.489
  1  0.448
  1  0.696
  1  0.473
  1  0.653
  1  1.956
  0  1.038
  0  0.670
  1  0.700
  0  1.330
  1  0.492
  0  0.478
  1  0.583
  1  0.587
  1  0.545
  0  0.882
  1  0.541
  1  0.609
  1  0.734
  1  0.876
  1  0.511
  1  0.522
  1  0.438
  1  0.644
  0  0.402
  1  0.483
  1  0.572
  1  0.545
  1  0.600
  1  0.646
  1  0.894
  1  0.501
  1  0.651
  1  0.396
  1  0.594
  0  0.670
  1  0.596
  1  0.778
  1  0.553
  1  0.468
  1  0.645
  1  0.559
  1  0.650
  1  0.783
  1  0.653
  1  1.154
  0  1.572
  1  0.606
  1  0.610
  1  0.697
  1  0.473
  1  0.914
  1  0.634
  1  1.350
  1  0.795
  0  0.746
  1  0.521
  1  0.611
  1  0.574
  1  0.461
  1  0.488
  1  0.882
  1  0.899
  0  1.122
  1  0.726
  0  0.911
  1  0.827
  1  0.392
  1  0.770
  1  0.535
  1  0.543
  1  0.681
  1  0.593
  1  1.223
  1  0.488
  1  0.554
  1  0.498
  1  0.832
  1  0.819
  1  0.411
  1  1.350
  1  0.532
  1  0.767
  1  0.478
  1  0.591
  0  0.720
  1  0.323
  0  0.713
  1  0.495
  1  0.368
  1  0.512
  1  0.620
  0  0.732
  1  0.541
  1  0.501
  1  1.637
  1  0.554
  1  0.831
  1  0.695
  1  0.667
  1  0.623
  1  0.645
  1  0.420
  0  0.526
  0  0.739
  1  0.547
  1  0.535
  1  0.835
  1  0.880
  1  0.501
  1  0.402
  0  0.548
  1  0.344
  1  0.716
  0  0.688
  1  0.777
  0  0.963
  1  1.439
  1  0.615
  0  1.231
  1  0.626
  1  0.640
  1  1.268
  1  1.490
  1  0.404
  1  0.418
  1  1.389
  1  0.769
  1  0.621
  1  0.513
  1  0.923
  1  0.546
  1  0.864
  1  1.368
  1  0.563
  1  0.526
  1  0.408
  1  0.788
  1  0.618
  1  0.563
  1  1.737
  1  0.783
  0  0.587
  1  0.804
  1  0.506
  1  0.614
  1  0.715
  1  1.455
  0  0.756
  0  0.544
  1  0.783
  1  0.388
  1  0.819
  0  0.701
  1  0.448
  1  0.678
  1  0.563
  1  0.972
  1  0.493
  0  0.611
  1  0.526
  1  0.717
  0  1.268
  1  1.924
  1  1.476
  0  0.499
  1  0.584
  1  0.469
  1  0.447
  1  0.872
  1  0.451
  1  0.790
  1  0.684
  1  0.578
  1  0.678
  1  0.813
  1  0.532
  0  0.949
  1  0.683
  1  1.171
  0  0.852
  1  0.669
  0  0.868
  1  0.698
  1  0.628
  0  0.823
  1  0.480
  0  0.590
  1  0.631
  1  0.683
  1  0.481
  1  1.638
  1  0.672
  1  0.411
  1  0.693
  1  0.635
  1  0.742
  1  0.625
  1  0.516
  1  0.773
  1  0.890
  1  1.262
  1  0.395
  0  0.687
  0  0.938
  1  0.509
  0  0.627
  1  0.479
  0  1.269
  1  0.630
  0  0.872
  0  0.727
  1  0.490
  1  0.483
  1  0.444
  1  0.410
  1  0.614
  1  1.116
  1  0.756
  1  0.368
  1  0.567
  1  0.705
  1  0.440
  1  0.611
  1  0.619
  1  0.764
  0  0.628
  1  0.872
  1  0.730
  1  1.125
  1  0.929
  0  0.510
  1  0.598
  0  0.751
  1  0.633
  1  0.547
  1  0.741
  1  0.437
  1  1.001
  1  0.336
  1  0.826
  1  0.438
  1  0.693
  1  0.707
  1  0.866
  1  0.514
  1  0.500
  0  0.830
  1  0.708
  1  0.380
  1  0.430
  1  1.079
  1  0.916
  0  0.746
  1  0.864
  1  0.948
  0  0.974
  1  0.531
  1  0.455
  1  0.367
  1  0.725
  1  0.539
  1  0.627
  1  0.829
  0  0.540
  1  0.569
  1  0.707
  1  1.393
  1  0.534
  1  0.563
  1  0.531
  1  0.743
  1  1.067
  1  0.693
  1  0.593
  0  1.244
  1  0.886
  1  0.954
  1  0.613
  1  0.393
  1  0.662
  1  0.659
  1  0.408
  1  0.597
  1  0.530
  1  0.436
  1  0.571
  1  0.984
  1  0.479
  1  0.690
  1  0.775
  1  0.884
  1  0.550
  1  0.596
  1  1.006
  1  0.358
  0  0.507
  1  0.662
  1  0.502
  1  0.641
  1  0.731
  1  0.894
  1  1.256
  1  0.480
  1  0.747
  1  0.495
  1  0.882
  0  0.480
  0  0.748
  1  0.868
  1  0.446
  1  0.749
  1  0.556
  1  0.473
  1  0.449
  1  0.739
  1  0.544
  0  0.641
  1  0.590
  1  0.711
  1  0.550
  1  0.377
  1  0.711
  1  0.992
  1  0.506
  1  0.706
  0  0.869
  1  0.631
  1  0.669
  0  0.664
  1  0.680
  1  0.625
  1  1.010
  1  1.508
  1  0.593
  1  1.654
  1  0.697
  1  0.468
  1  0.636
  1  0.556
  0  0.747
  1  0.363
  0  1.352
  1  1.850
  0  1.002
  0  0.593
  1  0.610
  1  0.628
  1  0.974
  1  0.602
  0  0.580
  1  0.400
  1  0.414
  1  0.681
  1  0.501
  0  0.757
  1  0.839
  1  0.627
  1  0.525
  0  1.065
  1  1.116
  1  0.585
  1  0.519
  1  0.711
  1  1.157
  1  0.591
  1  0.527
  1  0.817
  1  0.516
  0  0.633
  1  0.481
  0  0.828
  1  0.490
  1  0.742
  1  0.657
  0  1.078
  1  0.495
  1  1.048
  1  0.411
  1  0.585
  0  0.664
  1  0.477
  1  1.029
  1  1.291
  1  0.554
  1  0.546
  1  0.590
  1  0.500
  1  0.595
  1  0.692
  1  0.406
  1  0.549
  1  0.629
  1  1.898
  1  0.554
  0  0.828
  0  0.844
  1  0.504
  1  0.912
  1  0.873
  1  0.892
  0  0.949
  1  0.628
  0  0.814
  1  0.605
  1  0.564
  0  0.649
  1  0.917
  1  0.352
  1  1.079
  1  1.536
  0  1.273
  1  0.624
  1  0.560
  1  0.472
  1  0.740
  1  0.613
  1  0.498
  1  1.602
  1  0.605
  0  0.973
  1  1.515
  0  0.985
  1  0.570
  1  1.326
  1  0.444
  0  1.130
  1  0.697
  1  0.408
  1  0.547
  0  0.540
  1  0.448
  1  1.110
  1  0.673
  1  0.638
  0  0.720
  1  0.560
  1  0.472
  0  0.764
  1  0.611
  1  0.582
  1  0.422
  1  1.565
  1  0.681
  1  0.664
  0  0.813
  1  0.544
  1  0.784
  1  0.608
  1  0.767
  1  0.493
  1  0.535
  1  0.685
  1  0.434
  0  1.806
  0  0.449
  1  0.518
  1  0.494
  1  0.398
  1  0.410
  1  1.020
  0  0.652
  1  0.742
  1  0.953
  1  0.670
  1  1.318
  1  0.571
  1  0.629
  1  1.366
  1  0.475
  1  0.477
  0  0.909
  0  1.724
  1  0.922
  1  0.775
  1  0.669
  1  0.705
  1  0.552
  1  0.952
