  1  0.749
  0  0.394
  0  0.435
  0  0.335
  0  0.400
  1  0.396
  0  0.319
  0  0.464
  1  0.372
  0  0.470
  0  0.441
  0  0.529
  0  0.359
  0  0.475
  1  0.489
  0  0.432
  1  0.467
  1  0.449
  1  0.486
  0  0.365
  0  0.340
  0  0.417
  0  0.338
  0  0.446
  0  0.416
  0  0.451
  0  0.452
  0  0.348
  1  0.424
  1  0.472
  0  0.478
  1  0.506
  0  0.345
  0  0.533
  0  0.448
  1  0.500
  0  0.501
  0  0.567
  0  0.419
  0  0.456
  0  0.396
  1  0.496
  0  0.373
  1  0.442
  1  0.428
  0  0.457
  0  0.471
  0  0.455
  0  0.382
  0  0.411
  0  0.422
  1  0.527
  0  0.351
  0  0.476
  1  0.472
  0  0.394
  0  0.334
  0  0.451
  0  0.361
  0  0.401
  0  0.449
  0  0.457
  0  0.452
  0  0.475
  0  0.413
  1  0.508
  1  0.487
  0  0.536
  0  0.385
  0  0.375
  1  0.514
  1  0.433
  1  0.395
  1  0.446
  1  0.434
  0  0.408
  0  0.478
  1  0.403
  0  0.441
  1  0.426
  1  0.434
  0  0.542
  1  0.445
  0  0.437
  0  0.485
  1  0.398
  1  0.455
  1  0.499
  0  0.351
  0  0.385
  1  0.467
  1  0.367
  0  0.377
  0  0.409
  0  0.405
  1  0.411
  1  0.452
  0  0.397
  0  0.485
  0  0.405
  0  0.419
  0  0.364
  0  0.409
  0  0.414
  1  0.418
  0  0.501
  1  0.530
  1  0.441
  0  0.393
  0  0.364
  0  0.439
  0  0.353
  0  0.395
  0  0.394
  0  0.471
  0  0.463
  1  0.447
  0  0.468
  0  0.365
  1  0.533
  0  0.446
  0  0.411
  0  0.487
  1  0.393
  0  0.458
  0  0.402
  0  0.363
  1  0.510
  1  0.437
  1  0.536
  0  0.425
  0  0.476
  1  0.487
  0  0.423
  1  0.448
  0  0.452
  0  0.499
  0  0.480
  1  0.478
  0  0.386
  0  0.588
  0  0.441
  0  0.645
  0  0.395
  0  0.499
  0  0.539
  0  0.445
  1  0.481
  1  0.390
  0  0.418
  0  0.490
  0  0.341
  0  0.329
  1  0.471
  0  0.576
  1  0.402
  0  0.440
  0  0.412
  0  0.436
  0  0.379
  0  0.569
  1  0.529
  0  0.474
  0  0.428
  0  0.409
  0  0.410
  0  0.485
  1  0.450
  1  0.512
  1  0.397
  0  0.508
  0  0.459
  1  0.523
  0  0.328
  1  0.411
  0  0.481
  0  0.445
  1  0.526
  1  0.510
  0  0.417
  0  0.383
  0  0.471
  1  0.482
  0  0.347
  0  0.361
  0  0.457
  1  0.501
  0  0.406
  0  0.468
  0  0.443
  0  0.366
  1  0.461
  1  0.514
  0  0.563
  1  0.483
  0  0.495
  1  0.410
  0  0.430
  1  0.505
  0  0.401
  0  0.482
  1  0.463
  1  0.435
  0  0.460
  0  0.465
  0  0.383
  1  0.474
  0  0.408
  1  0.406
  0  0.417
  0  0.438
  0  0.507
  0  0.404
  0  0.437
  1  0.566
  0  0.461
  0  0.547
  0  0.458
  0  0.442
  0  0.435
  1  0.456
  0  0.426
  0  0.457
  1  0.397
  0  0.519
  0  0.392
  1  0.522
  1  0.663
  0  0.511
  1  0.465
  0  0.462
  0  0.455
  1  0.472
  1  0.388
  0  0.485
  0  0.427
  0  0.470
  1  0.424
  1  0.456
  0  0.447
  1  0.416
  1  0.419
  0  0.454
  0  0.385
  0  0.468
  0  0.326
  0  0.342
  1  0.474
  0  0.607
  0  0.440
  1  0.382
  0  0.331
  1  0.446
  0  0.466
  0  0.362
  0  0.470
  0  0.469
  0  0.425
  1  0.470
  0  0.468
  1  0.525
  1  0.435
  0  0.491
  0  0.391
  0  0.457
  0  0.462
  0  0.495
  0  0.409
  0  0.473
  0  0.382
  1  0.524
  1  0.470
  1  0.476
  0  0.383
  0  0.504
  1  0.450
  0  0.443
  0  0.456
  0  0.426
  0  0.392
  0  0.395
  0  0.443
  0  0.452
  0  0.384
  1  0.562
  0  0.437
  1  0.626
  0  0.333
  1  0.579
  0  0.411
  0  0.355
  1  0.506
  1  0.463
  0  0.502
  0  0.449
  0  0.483
  0  0.388
  0  0.404
  0  0.446
  0  0.449
  1  0.377
  1  0.471
  0  0.366
  0  0.354
  1  0.397
  0  0.354
  0  0.505
  0  0.374
  0  0.405
  0  0.522
  1  0.449
  0  0.341
  1  0.430
  0  0.372
  0  0.422
  0  0.445
  0  0.636
  1  0.488
  1  0.407
  0  0.415
  0  0.416
  0  0.373
  0  0.420
  0  0.549
  0  0.482
  1  0.499
  0  0.497
  0  0.429
  0  0.412
  0  0.408
  0  0.448
  0  0.385
  1  0.496
  1  0.512
  0  0.419
  0  0.349
  0  0.486
  0  0.419
  0  0.403
  1  0.415
  1  0.386
  0  0.333
  0  0.386
  1  0.485
  0  0.465
  0  0.447
  1  0.452
  0  0.426
  1  0.475
  1  0.480
  0  0.597
  0  0.415
  0  0.433
  0  0.436
  0  0.368
  0  0.401
  1  0.374
  0  0.490
  0  0.361
  0  0.353
  0  0.451
  0  0.427
  0  0.320
  0  0.408
  0  0.333
  1  0.483
  0  0.415
  0  0.479
  0  0.595
  0  0.448
  1  0.383
  0  0.395
  1  0.414
  0  0.390
  0  0.448
  0  0.389
  1  0.446
  0  0.466
  0  0.353
  1  0.547
  0  0.419
  0  0.460
  0  0.379
  1  0.441
  0  0.407
  1  0.409
  1  0.417
  1  0.477
  0  0.454
  0  0.540
  0  0.364
  1  0.480
  1  0.675
  0  0.526
  1  0.381
  0  0.438
  0  0.441
  0  0.399
  0  0.428
  0  0.428
  0  0.377
  0  0.447
  0  0.404
  0  0.413
  0  0.438
  0  0.457
  0  0.489
  0  0.456
  0  0.466
  0  0.468
  1  0.433
  0  0.455
  0  0.455
  0  0.360
  0  0.412
  0  0.427
  0  0.460
  0  0.433
  0  0.438
  1  0.414
  0  0.359
  0  0.445
  0  0.433
  1  0.517
  1  0.533
  1  0.499
  1  0.512
  0  0.495
  0  0.399
  0  0.464
  0  0.346
  1  0.428
  1  0.400
  0  0.470
  0  0.621
  0  0.509
  0  0.339
  0  0.355
  0  0.600
  0  0.477
  0  0.348
  0  0.334
  0  0.441
  1  0.418
  1  0.524
  0  0.355
  1  0.408
  0  0.422
  1  0.569
  0  0.336
  1  0.481
  0  0.513
  0  0.455
  0  0.504
  1  0.414
  0  0.392
  0  0.463
  0  0.366
  0  0.403
  1  0.519
  0  0.425
  0  0.428
  0  0.373
  0  0.372
  0  0.430
  0  0.495
  1  0.524
  0  0.454
  0  0.396
  0  0.410
  1  0.423
  1  0.400
  1  0.407
  1  0.498
  0  0.329
  0  0.395
  0  0.478
  1  0.499
  0  0.581
  0  0.346
  1  0.426
  0  0.454
  0  0.495
  0  0.379
  0  0.462
  0  0.422
  1  0.436
  0  0.380
  0  0.454
  1  0.483
  0  0.450
  0  0.487
  1  0.526
  0  0.356
  0  0.446
  0  0.405
  0  0.424
  0  0.476
  1  0.394
  1  0.413
