  0  1.116
  0  1.112
  0  1.070
  0  1.400
  0  1.057
  0  1.125
  0  1.074
  0  1.097
  0  1.314
  0  1.293
  0  1.333
  0  1.298
  0  1.408
  1  0.948
  1  0.996
  0  1.026
  0  1.109
  0  1.143
  0  1.098
  1  1.128
  0  1.176
  0  1.207
  0  1.182
  0  1.094
  0  1.207
  0  1.092
  0  1.237
  1  1.041
  0  1.175
  0  1.050
  0  1.335
  0  1.268
  0  1.115
  0  1.146
  0  1.266
  0  1.087
  0  1.180
  0  1.081
  0  1.327
  0  1.104
  0  1.403
  0  1.142
  1  1.008
  0  1.248
  0  1.054
  0  1.270
  1  0.973
  0  1.123
  0  1.175
  0  1.135
  0  1.253
  0  1.299
  0  1.152
  0  1.091
  0  1.117
  0  1.097
  0  1.051
  0  1.192
  0  1.097
  0  1.101
  1  1.093
  0  1.070
  0  1.151
  0  1.792
  0  1.097
  0  1.024
  0  1.106
  0  1.134
  0  1.047
  0  1.217
  0  1.070
  0  1.178
  0  1.422
  0  1.451
  1  1.193
  0  1.159
  0  1.126
  0  1.070
  0  1.148
  0  1.162
  0  1.187
  0  1.169
  0  1.071
  0  1.098
  0  1.060
  1  0.998
  0  1.061
  0  1.144
  1  0.960
  0  1.786
  0  1.094
  0  1.161
  0  1.152
  0  1.028
  0  1.136
  0  1.126
  0  1.120
  0  1.149
  0  1.462
  0  1.101
  0  1.113
  0  1.068
  0  1.116
  0  1.084
  0  1.073
  0  1.119
  0  1.108
  0  1.053
  0  1.299
  0  1.151
  0  1.038
  0  1.068
  0  1.102
  0  1.160
  0  1.107
  0  1.075
  0  1.673
  0  1.205
  0  1.093
  0  1.213
  0  1.143
  0  1.570
  0  1.303
  0  1.119
  0  1.098
  0  1.125
  0  1.156
  1  1.014
  0  1.061
  0  1.125
  0  1.025
  0  1.097
  0  1.185
  0  1.328
  0  1.265
  0  1.084
  0  1.107
  0  1.267
  1  1.017
  0  1.308
  0  1.419
  0  1.202
  0  1.484
  0  1.096
  0  1.182
  0  1.150
  0  1.225
  0  1.122
  0  1.104
  0  1.390
  0  1.089
  0  1.176
  0  1.106
  0  1.103
  0  1.128
  0  1.210
  0  1.151
  0  1.423
  0  1.100
  1  1.095
  0  1.063
  0  1.136
  0  1.125
  0  1.097
  0  1.108
  0  1.116
  0  1.106
  0  1.078
  0  1.279
  0  1.183
  0  1.041
  0  1.106
  1  1.025
  0  1.133
  0  1.067
  0  1.120
  1  1.185
  0  1.113
  0  1.129
  0  1.177
  0  1.219
  0  1.093
  0  1.113
  0  1.018
  0  1.066
  0  1.145
  0  1.065
  0  1.209
  0  1.050
  0  1.301
  0  1.077
  0  1.149
  0  1.149
  1  0.979
  0  1.144
  0  1.239
  1  1.098
  0  1.290
  1  1.613
  0  1.109
  0  1.073
  0  1.137
  0  1.122
  0  1.121
  0  1.086
  0  1.408
  0  1.110
  0  1.064
  0  1.173
  1  0.981
  0  1.067
  0  1.136
  0  1.275
  0  1.077
  0  1.046
  0  1.214
  0  1.109
  0  1.078
  0  1.168
  0  1.152
  0  1.107
  0  1.064
  0  1.375
  0  1.210
  0  1.026
  0  1.105
  0  1.816
  0  1.155
  0  1.042
  1  1.151
  0  1.169
  0  1.121
  0  1.106
  0  1.065
  0  1.190
  0  1.150
  0  1.017
  0  1.174
  0  1.162
  0  1.024
  0  1.160
  0  1.264
  1  1.086
  0  1.177
  0  1.061
  0  1.073
  0  1.576
  0  1.281
  0  1.166
  0  1.104
  0  1.020
  0  1.306
  1  0.990
  0  1.080
  0  1.067
  0  1.116
  1  0.996
  0  1.106
  0  1.094
  0  1.183
  1  1.249
  0  1.124
  0  1.460
  0  1.014
  0  1.190
  0  1.311
  0  1.121
  0  1.194
  0  1.063
  0  1.183
  0  1.086
  0  1.151
  0  1.021
  0  1.116
  0  1.186
  1  1.101
  0  1.259
  0  1.081
  1  0.946
  0  1.100
  0  1.143
  0  1.192
  0  1.177
  0  1.074
  0  1.158
  0  1.375
  0  1.123
  0  1.099
  0  1.247
  0  1.180
  0  1.486
  0  1.054
  0  1.099
  0  1.174
  0  1.139
  0  1.030
  0  1.157
  1  1.002
  0  1.242
  0  1.095
  0  1.118
  0  1.079
  0  1.168
  0  1.118
  0  1.092
  0  1.057
  0  1.157
  1  0.996
  0  1.084
  0  1.134
  0  1.117
  0  1.268
  0  1.092
  0  1.026
  1  1.181
  0  1.131
  0  1.087
  0  1.138
  0  1.139
  0  1.136
  1  1.127
  0  1.168
  0  1.085
  1  1.039
  0  1.287
  1  1.091
  0  1.219
  0  1.068
  0  1.161
  0  1.031
  0  1.073
  0  1.059
  0  1.050
  0  1.246
  0  1.152
  0  1.143
  0  1.135
  0  1.457
  0  1.268
  0  1.195
  0  1.087
  0  1.031
  1  1.025
  0  1.173
  1  1.128
  0  1.226
  0  1.211
  0  1.548
  0  1.264
  0  1.088
  0  1.266
  0  1.131
  0  1.325
  0  1.250
  0  1.090
  0  1.139
  0  1.227
  1  1.020
  0  1.033
  0  1.154
  0  1.028
  1  1.021
  0  1.080
  0  1.231
  0  1.122
  0  1.140
  0  1.165
  0  1.172
  0  1.128
  0  1.062
  0  1.312
  0  1.091
  0  1.230
  0  1.143
  1  1.092
  1  1.058
  0  1.102
  0  1.128
  0  1.108
  0  1.115
  0  1.055
  0  1.203
  0  1.115
  0  1.100
  0  1.080
  0  1.086
  0  1.123
  0  1.230
  0  1.314
  0  1.290
  0  1.040
  0  1.092
  0  1.179
  0  1.193
  0  1.137
  0  1.205
  0  1.108
  0  1.240
  0  1.052
  0  1.212
  0  1.058
  0  1.072
  0  1.073
  0  1.099
  0  1.087
  0  1.055
  0  1.067
  0  1.117
  0  1.039
  0  1.130
  0  1.060
  0  1.095
  1  1.049
  0  1.139
  0  1.125
  0  1.074
  0  1.135
  0  1.168
  0  1.139
  0  1.131
  0  1.100
  0  1.091
  1  1.388
  0  1.184
  0  1.092
  0  1.039
  0  1.142
  0  1.084
  0  1.285
  0  1.182
  0  1.081
  0  1.144
  0  1.215
  0  1.186
  0  1.054
  0  1.146
  0  1.179
  0  1.048
  1  1.039
  0  1.290
  0  1.195
  0  1.213
  1  0.990
  0  1.084
  0  1.125
  1  1.065
  0  1.127
  0  1.192
  0  1.158
  0  1.127
  0  1.187
  0  1.100
  0  1.093
  0  1.093
  0  1.045
  0  1.092
  1  1.028
  0  1.075
  0  1.095
  0  1.287
  0  1.028
  0  1.078
  0  1.048
  0  1.220
  0  1.292
  0  1.157
  0  1.106
  0  1.132
  0  1.109
  1  1.302
  0  1.070
  0  1.169
  0  1.101
  0  1.118
  0  1.131
  0  1.266
  0  1.060
  1  1.109
  0  1.103
  0  1.125
  0  1.166
  1  1.210
  0  1.032
  0  1.063
  0  1.249
  0  1.491
  0  1.275
  0  1.057
  0  1.097
  0  1.080
  0  1.119
  0  1.153
  0  1.211
  0  1.084
  0  1.305
  0  1.122
  0  1.094
  0  1.091
  0  1.096
  0  1.140
