  0  1.930
  0  1.876
  1  1.322
  1  1.080
  1  2.477
  1  1.074
  1  1.912
  1  1.011
  1  0.917
  1  1.644
  1  1.006
  0  0.971
  1  1.651
  1  0.926
  1  1.554
  1  1.651
  0  1.916
  1  1.402
  0  0.974
  1  0.799
  1  0.983
  0  1.187
  0  2.031
  0  0.608
  1  2.110
  0  0.987
  0  2.480
  1  1.844
  1  2.047
  0  1.110
  1  2.353
  1  4.643
  0  1.077
  0  1.333
  0  1.282
  1  3.996
  1  0.728
  0  1.769
  0  0.852
  1  0.851
  1  0.933
  1  0.943
  0  2.427
  0  1.161
  1  1.190
  1  2.120
  0  1.841
  0  1.114
  1  1.055
  1  1.741
  0  3.034
  1  0.870
  1  1.358
  1  0.762
  0  2.384
  1  0.937
  0  0.994
  1  1.152
  1  0.923
  1  1.569
  0  1.101
  1  0.763
  1  1.228
  0  1.225
  0  0.908
  0  1.140
  1  1.845
  1  0.890
  1  2.015
  0  1.155
  1  1.424
  1  0.959
  1  0.727
  1  3.445
  1  0.820
  1  0.904
  1  1.950
  1  1.079
  0  0.563
  1  2.607
  1  0.853
  0  1.200
  1  2.042
  1  1.699
  1  1.022
  0  1.789
  1  0.866
  1  1.912
  1  1.649
  0  0.892
  1  0.690
  1  1.473
  1  1.224
  1  1.084
  1  1.113
  1  1.280
  1  0.934
  1  2.695
  1  1.359
  1  0.957
  1  1.296
  1  3.547
  1  1.361
  0  0.720
  0  0.868
  1  1.934
  0  1.053
  0  0.813
  1  1.529
  1  1.682
  1  1.059
  1  1.583
  1  0.732
  1  1.156
  1  2.151
  1  1.281
  0  2.461
  1  1.392
  1  0.933
  0  0.801
  0  1.159
  1  1.395
  1  1.361
  1  0.805
  1  0.866
  1  1.064
  1  0.884
  1  1.046
  1  0.833
  1  1.022
  0  0.943
  1  0.629
  0  0.964
  1  0.927
  0  1.182
  1  1.190
  0  0.918
  1  1.217
  1  3.018
  0  0.980
  1  1.216
  1  1.559
  1  1.283
  1  1.483
  1  1.976
  1  1.054
  1  1.351
  1  0.930
  1  1.994
  1  1.342
  1  1.316
  1  1.709
  1  1.093
  1  1.651
  1  1.630
  1  1.010
  1  0.785
  1  1.237
  0  1.167
  1  0.823
  0  1.859
  1  0.693
  1  1.156
  1  1.381
  1  1.859
  1  2.463
  1  1.379
  1  3.745
  1  1.145
  1  0.931
  0  1.426
  0  1.703
  1  0.904
  1  0.688
  0  2.040
  1  1.246
  1  0.853
  1  2.350
  1  0.599
  1  1.057
  1  1.556
  0  1.223
  1  0.784
  1  2.129
  1  1.005
  1  1.141
  1  0.835
  0  1.451
  0  1.215
  0  1.063
  1  2.499
  1  0.920
  1  1.311
  1  1.642
  0  1.762
  1  1.418
  0  2.426
  1  2.536
  1  0.876
  1  2.103
  0  2.053
  0  0.499
  1  0.748
  1  1.901
  0  1.611
  0  4.079
  1  0.822
  1  1.842
  1  1.776
  1  1.205
  0  0.852
  0  1.110
  1  0.971
  1  1.305
  1  0.988
  1  1.448
  0  1.257
  1  1.501
  1  1.241
  0  2.441
  1  0.636
  1  0.855
  1  2.045
  0  1.746
  1  1.527
  0  2.704
  0  1.209
  1  1.329
  1  2.104
  0  1.288
  1  2.783
  1  0.855
  1  0.845
  1  2.115
  1  1.482
  1  1.264
  1  1.386
  1  2.246
  1  0.959
  1  1.091
  1  1.252
  1  0.725
  0  1.297
  1  1.433
  1  1.024
  1  0.991
  0  0.633
  0  0.894
  1  1.313
  1  1.008
  1  1.952
  1  1.156
  0  0.966
  0  1.269
  1  2.313
  1  1.960
  1  1.405
  1  1.759
  1  1.164
  0  1.118
  0  1.699
  1  1.210
  1  0.955
  0  1.650
  1  0.723
  1  1.623
  1  1.765
  1  1.270
  1  0.825
  0  1.466
  1  0.782
  1  1.070
  1  1.274
  1  0.898
  0  1.197
  1  2.130
  1  1.413
  1  0.866
  0  1.226
  1  0.821
  1  0.942
  1  1.241
  1  2.968
  1  1.117
  1  1.084
  1  1.919
  1  1.249
  1  1.904
  1  0.586
  0  0.990
  1  1.343
  1  1.945
  0  1.325
  1  2.130
  1  2.960
  1  0.662
  0  1.395
  1  2.515
  1  0.625
  1  1.102
  1  1.332
  1  0.623
  1  1.343
  1  1.368
  0  1.338
  1  1.787
  1  1.260
  1  1.234
  1  1.073
  1  0.819
  1  1.693
  1  0.889
  1  2.416
  0  1.159
  1  1.278
  1  0.764
  1  0.649
  1  0.766
  1  2.396
  1  1.656
  1  1.555
  1  2.470
  0  1.207
  1  1.576
  1  0.958
  1  0.840
  1  2.320
  0  1.229
  1  0.845
  1  1.953
  0  2.369
  1  0.736
  1  2.143
  1  1.190
  0  1.708
  1  1.451
  0  0.950
  0  1.045
  1  1.106
  1  2.407
  1  1.045
  1  1.143
  0  1.533
  0  1.428
  0  1.309
  1  1.023
  1  1.839
  0  1.129
  0  4.109
  1  1.848
  1  0.771
  1  1.053
  1  2.506
  1  0.824
  0  0.912
  1  0.662
  1  1.892
  0  1.082
  1  0.617
  1  1.500
  1  1.281
  1  0.963
  1  0.781
  0  0.977
  1  1.952
  1  0.784
  1  0.892
  1  1.285
  1  1.954
  1  0.673
  1  0.982
  0  1.080
  1  1.504
  0  0.782
  1  1.127
  1  1.357
  1  0.964
  1  1.594
  0  1.375
  0  1.761
  1  1.446
  1  0.937
  1  1.051
  1  1.233
  0  1.550
  1  1.048
  1  2.006
  1  0.754
  1  2.498
  1  1.675
  1  2.569
  1  0.966
  0  1.543
  0  1.106
  1  0.976
  1  1.029
  1  1.290
  0  1.115
  0  0.774
  1  1.244
  1  1.661
  1  1.359
  1  1.704
  1  1.984
  1  1.975
  1  0.758
  1  1.070
  1  3.940
  1  1.024
  1  1.636
  0  2.373
  1  1.227
  1  2.389
  1  3.699
  0  1.529
  1  1.064
  0  0.749
  1  1.904
  1  1.347
  1  1.040
  1  1.312
  0  1.580
  1  1.382
  1  1.156
  1  0.967
  1  0.661
  1  0.826
  1  2.776
  1  1.044
  1  1.480
  1  1.329
  1  2.897
  1  0.686
  0  1.306
  1  0.995
  1  0.644
  1  0.858
  1  2.432
  1  0.850
  0  1.017
  1  0.929
  1  1.080
  0  1.727
  1  0.641
  0  1.837
  1  2.195
  1  2.345
  1  0.772
  0  1.386
  1  0.940
  1  1.724
  0  1.285
  1  1.004
  1  1.616
  1  0.768
  0  1.077
  1  1.019
  1  2.103
  0  1.735
  1  1.361
  0  2.464
  0  2.743
  1  1.072
  1  2.712
  1  1.393
  1  2.120
  1  0.890
  0  0.898
  1  1.549
  0  1.575
  0  1.161
  1  1.054
  1  1.718
  1  0.947
  1  1.257
  1  1.147
  1  0.963
  1  1.231
  1  0.812
  0  1.184
  1  0.783
  1  0.909
  1  0.785
  1  3.261
  1  0.892
  1  1.026
  1  0.954
  0  1.624
  1  0.901
  0  2.361
  0  0.819
  1  0.852
  1  0.821
  1  0.749
  1  1.393
  0  1.089
  1  0.796
  0  2.346
  0  1.639
  0  0.835
