  1  0.520
  1  0.445
  1  0.567
  1  0.420
  1  0.461
  1  0.710
  1  0.437
  1  0.426
  1  0.620
  1  0.476
  1  0.403
  1  0.471
  1  0.491
  1  0.404
  1  0.408
  1  0.469
  1  0.504
  1  0.494
  1  0.387
  1  0.671
  1  0.421
  1  0.488
  1  0.481
  1  0.468
  1  0.410
  1  0.558
  1  0.440
  1  0.462
  1  0.569
  1  0.690
  1  0.484
  1  0.479
  1  0.440
  1  0.398
  1  0.445
  1  0.458
  1  0.456
  1  0.415
  1  0.630
  1  0.414
  1  0.400
  1  0.458
  1  0.386
  1  0.433
  1  0.439
  1  0.521
  1  0.523
  1  0.426
  1  0.397
  1  0.569
  1  0.386
  1  0.454
  1  0.595
  1  0.955
  1  0.545
  1  0.460
  1  0.583
  1  0.657
  1  0.454
  1  0.677
  1  0.453
  1  0.689
  1  0.408
  1  0.449
  1  0.553
  1  0.418
  1  0.397
  1  0.451
  1  0.393
  1  0.464
  1  0.465
  1  0.416
  1  0.447
  1  0.723
  1  0.426
  1  0.477
  1  0.387
  1  0.416
  1  0.475
  1  0.410
  1  0.442
  1  0.500
  1  0.471
  1  0.457
  1  0.425
  1  0.388
  1  0.490
  1  0.421
  1  0.431
  1  0.460
  1  0.509
  1  0.440
  1  0.650
  1  0.458
  1  0.456
  1  0.484
  1  0.523
  1  0.436
  1  0.475
  1  0.394
  1  0.436
  1  0.410
  1  0.451
  1  0.428
  1  0.406
  1  0.418
  1  0.456
  1  0.430
  1  0.474
  1  0.431
  1  0.411
  1  0.442
  1  0.498
  1  0.427
  1  0.474
  1  0.413
  1  0.550
  1  0.428
  1  0.461
  1  0.500
  1  0.465
  1  0.388
  1  0.572
  1  0.460
  1  0.473
  1  0.437
  1  0.681
  1  0.409
  1  0.496
  1  0.413
  1  0.472
  1  0.588
  1  0.666
  1  0.439
  1  0.456
  1  0.419
  1  0.493
  1  0.534
  1  0.400
  1  0.430
  1  0.591
  1  0.444
  1  0.457
  1  0.632
  1  0.464
  1  0.466
  1  0.507
  1  0.417
  1  0.513
  1  0.395
  1  0.423
  1  0.445
  1  0.589
  1  0.562
  1  0.413
  1  0.499
  1  0.505
  1  0.477
  1  0.545
  1  0.580
  1  0.477
  1  0.402
  1  0.400
  1  0.489
  1  0.440
  1  0.430
  1  0.575
  1  0.463
  1  0.612
  1  0.924
  1  0.393
  1  0.548
  1  0.385
  1  0.389
  1  0.537
  1  0.470
  1  0.374
  1  0.467
  1  0.494
  1  0.409
  1  0.440
  1  0.469
  1  0.662
  1  0.467
  1  0.423
  1  0.490
  1  0.415
  1  0.437
  1  0.448
  1  0.413
  1  0.410
  1  0.404
  1  0.429
  1  0.392
  1  0.565
  1  0.579
  1  0.455
  1  0.500
  1  0.464
  1  0.401
  1  0.687
  1  0.428
  1  0.440
  1  0.463
  1  0.427
  1  0.639
  1  0.431
  1  0.606
  1  0.469
  1  0.542
  1  0.425
  1  0.492
  1  0.440
  1  0.406
  1  0.428
  1  0.447
  1  0.578
  1  0.631
  1  0.467
  1  0.417
  1  0.415
  1  0.432
  1  0.560
  1  0.491
  1  0.446
  1  0.410
  1  0.491
  1  0.572
  1  0.507
  1  0.384
  1  0.415
  1  0.466
  1  0.428
  1  0.652
  1  0.395
  1  0.386
  1  0.421
  1  0.514
  1  0.520
  1  0.447
  1  0.502
  1  0.567
  1  0.393
  1  0.441
  1  0.553
  1  0.444
  1  0.475
  1  0.491
  1  0.407
  1  0.501
  1  0.525
  1  0.443
  1  0.589
  1  0.419
  1  0.389
  1  0.497
  1  0.473
  1  0.429
  1  0.761
  1  0.409
  1  0.499
  1  0.449
  1  0.464
  1  0.456
  1  0.678
  1  0.449
  1  0.430
  1  0.461
  1  0.465
  1  0.483
  1  0.475
  1  0.442
  1  0.558
  1  0.465
  1  0.595
  1  0.452
  1  0.560
  1  0.415
  1  0.534
  1  0.466
  1  0.452
  1  0.413
  1  0.457
  1  0.433
  1  0.443
  1  0.458
  1  0.418
  1  0.429
  1  0.410
  1  0.396
  1  0.467
  1  0.506
  1  0.503
  1  0.438
  1  0.450
  1  0.790
  1  0.433
  1  0.428
  1  0.460
  1  0.464
  1  0.478
  1  0.419
  1  0.443
  1  0.540
  1  0.617
  1  0.514
  1  0.513
  1  0.663
  1  0.499
  1  0.415
  1  0.431
  1  0.388
  1  0.441
  1  0.452
  1  0.503
  1  0.445
  1  0.571
  1  0.479
  1  0.580
  1  0.416
  1  0.419
  1  0.421
  1  0.420
  1  0.403
  1  0.610
  1  0.541
  1  0.402
  1  0.417
  1  0.401
  1  0.410
  1  0.524
  1  0.426
  1  0.430
  1  0.544
  1  0.463
  1  0.414
  1  0.410
  1  0.732
  1  0.432
  1  0.396
  1  0.447
  1  0.411
  1  0.503
  1  0.424
  1  0.491
  1  0.537
  1  0.403
  1  0.513
  1  0.442
  1  0.584
  1  0.471
  1  0.516
  1  0.470
  1  0.777
  1  0.443
  1  0.403
  1  0.456
  1  0.422
  1  0.390
  1  0.482
  1  0.408
  1  0.440
  1  0.624
  1  0.477
  1  0.494
  1  0.424
  1  0.435
  1  0.444
  1  0.605
  1  0.413
  1  0.577
  1  0.483
  1  0.454
  1  0.453
  1  0.432
  1  0.433
  1  0.616
  1  0.445
  1  0.532
  1  0.414
  1  0.428
  1  0.647
  1  0.440
  1  0.610
  1  0.393
  1  0.499
  1  0.463
  1  0.642
  1  0.532
  1  0.598
  1  0.557
  1  0.691
  1  0.566
  1  0.440
  1  0.487
  1  0.440
  1  0.457
  1  0.418
  1  0.422
  1  0.494
  1  0.478
  1  0.648
  1  0.582
  1  0.464
  1  0.412
  1  0.619
  1  0.446
  1  0.441
  1  0.718
  1  0.479
  1  0.464
  1  0.452
  1  0.520
  1  0.462
  1  0.393
  1  0.454
  1  0.396
  1  0.478
  1  0.429
  1  0.456
  1  0.450
  1  0.474
  1  0.419
  1  0.523
  1  0.431
  1  0.610
  1  0.465
  1  0.442
  1  0.501
  1  0.475
  1  0.395
  1  0.464
  0  0.435
  1  0.465
  1  0.486
  1  0.525
  1  0.583
  1  0.435
  1  0.476
  1  0.405
  1  0.541
  1  0.480
  1  0.450
  1  0.480
  1  0.550
  1  0.448
  1  0.392
  1  0.455
  1  0.526
  1  0.447
  1  0.406
  1  0.622
  1  0.466
  1  0.395
  1  0.591
  1  0.519
  1  0.503
  1  0.423
  1  0.455
  1  0.462
  1  0.518
  1  0.473
  1  0.471
  1  0.580
  1  0.451
  1  0.499
  1  0.413
  1  0.395
  1  0.429
  1  0.463
  1  0.461
  1  0.409
  1  0.433
  1  0.533
  1  0.550
  1  0.417
  1  0.430
  1  0.410
  1  0.448
  1  0.469
  1  0.490
  1  0.456
  1  0.516
  1  0.438
  1  0.465
  1  0.439
  1  0.418
  1  0.428
  1  0.442
  1  0.425
  1  0.572
  1  0.425
  1  0.525
  1  0.446
  1  0.428
  1  0.468
  1  0.440
  1  0.700
  1  0.398
  1  0.410
