  1  0.740
  1  0.541
  1  0.501
  1  0.748
  1  0.644
  1  0.569
  1  0.559
  1  0.414
  1  0.567
  1  0.409
  1  0.830
  1  0.473
  1  0.691
  1  0.573
  1  0.432
  1  0.417
  1  0.602
  1  0.582
  1  0.635
  1  0.467
  1  0.397
  1  0.600
  1  0.393
  1  0.969
  1  0.553
  1  0.439
  1  0.470
  1  0.395
  1  0.606
  1  0.497
  1  1.046
  1  0.428
  1  0.416
  1  0.558
  1  0.548
  1  0.611
  1  0.630
  1  0.566
  1  0.457
  1  0.604
  1  0.435
  1  0.461
  1  0.810
  1  1.255
  1  0.490
  1  0.464
  1  0.653
  1  0.605
  1  0.418
  1  0.678
  1  0.508
  1  0.483
  1  0.875
  1  0.551
  1  0.453
  1  0.427
  1  0.587
  1  0.701
  1  0.444
  1  0.728
  1  0.485
  1  0.495
  1  0.626
  1  0.655
  1  0.981
  1  0.764
  1  0.574
  1  0.492
  1  0.589
  1  0.512
  1  0.492
  1  1.035
  1  0.406
  1  0.580
  1  0.469
  1  1.128
  1  0.560
  1  0.482
  1  0.638
  1  0.798
  1  0.552
  1  0.573
  1  0.466
  1  0.461
  1  0.539
  1  0.709
  1  0.508
  1  0.473
  1  0.606
  1  0.761
  1  0.518
  1  0.521
  1  0.538
  1  0.558
  1  0.499
  1  0.578
  1  0.617
  1  0.770
  1  0.424
  1  0.384
  1  0.577
  1  0.509
  1  0.638
  1  0.638
  1  0.491
  1  0.458
  1  0.482
  1  0.513
  1  0.562
  1  0.540
  1  0.653
  1  0.643
  1  0.452
  1  0.602
  1  0.400
  1  0.373
  1  0.608
  1  0.500
  1  0.806
  1  0.473
  1  0.479
  1  0.545
  1  0.984
  1  0.413
  1  0.623
  1  0.647
  1  0.728
  1  0.615
  1  0.549
  1  0.443
  1  0.395
  1  0.590
  1  0.616
  1  0.567
  1  0.599
  1  0.471
  1  0.619
  1  0.486
  1  0.581
  1  0.550
  1  1.605
  1  0.450
  1  0.690
  1  0.450
  1  0.648
  1  0.483
  1  0.906
  1  0.554
  1  0.494
  1  0.527
  1  0.558
  0  1.174
  1  0.573
  1  0.518
  1  0.947
  1  0.600
  1  0.365
  1  0.498
  1  0.606
  1  0.615
  1  0.366
  1  0.700
  1  0.455
  1  0.584
  1  0.458
  1  0.472
  1  0.493
  1  1.020
  1  0.536
  1  0.972
  1  0.568
  1  0.389
  1  0.589
  1  0.470
  0  0.765
  1  0.637
  1  0.938
  1  0.520
  1  0.526
  1  0.519
  1  0.392
  1  0.666
  1  0.578
  1  0.473
  1  0.603
  1  0.586
  1  0.480
  0  2.154
  1  0.372
  1  0.803
  1  0.601
  1  0.514
  1  0.515
  1  0.384
  1  0.615
  1  0.397
  1  0.610
  1  0.949
  1  0.498
  1  0.658
  1  0.598
  1  0.703
  1  0.436
  1  0.494
  1  0.415
  1  0.498
  1  0.523
  1  0.480
  1  0.430
  1  0.600
  1  0.417
  1  0.572
  1  0.510
  1  0.446
  1  0.451
  1  0.600
  1  0.566
  1  0.484
  1  0.637
  1  0.490
  1  0.489
  1  0.587
  1  0.500
  1  0.571
  1  0.784
  1  0.566
  1  0.416
  1  0.583
  1  0.695
  1  0.484
  1  0.477
  1  0.628
  1  0.516
  1  0.601
  1  0.452
  1  0.525
  1  0.537
  1  0.429
  1  0.680
  1  0.535
  1  0.537
  1  0.425
  1  0.442
  1  0.492
  1  0.594
  1  0.508
  1  0.568
  1  0.579
  1  0.655
  1  0.462
  1  1.388
  1  0.502
  1  0.538
  1  0.722
  1  0.489
  1  0.612
  1  0.783
  1  0.510
  1  0.592
  1  0.798
  1  0.904
  1  0.424
  1  0.594
  1  0.539
  1  0.512
  1  0.546
  1  0.766
  1  0.696
  1  0.539
  1  0.509
  1  0.629
  1  0.604
  1  0.504
  1  0.549
  1  0.519
  1  0.577
  1  0.499
  1  0.368
  1  0.580
  1  0.549
  1  0.604
  1  0.581
  1  0.525
  1  0.574
  1  0.577
  1  0.559
  1  0.588
  1  0.655
  1  0.538
  1  0.366
  1  0.743
  1  0.507
  1  1.696
  1  0.476
  1  0.593
  1  0.537
  1  0.654
  1  0.548
  1  0.592
  1  0.574
  1  0.615
  1  0.633
  1  0.511
  1  0.520
  1  0.590
  1  0.446
  1  0.746
  1  0.504
  1  0.497
  1  0.488
  1  0.483
  1  0.603
  1  0.473
  1  0.615
  1  0.584
  1  0.656
  1  0.504
  1  0.438
  1  0.484
  1  0.758
  1  0.607
  1  0.824
  1  0.611
  1  0.503
  1  0.595
  1  0.708
  1  0.507
  0  1.132
  1  0.560
  1  0.450
  1  0.606
  1  0.529
  1  0.419
  1  0.536
  1  0.511
  1  0.571
  1  0.564
  1  0.636
  1  0.544
  1  0.481
  1  0.844
  1  0.648
  1  0.534
  1  0.436
  1  0.543
  1  0.606
  1  0.542
  1  0.472
  1  0.587
  1  0.659
  1  1.115
  1  0.448
  1  0.603
  1  0.479
  1  0.544
  1  0.624
  1  0.578
  1  0.508
  1  0.564
  1  0.654
  1  0.629
  1  1.562
  1  0.595
  1  0.639
  1  0.430
  1  0.718
  1  0.485
  1  0.565
  1  0.506
  1  0.468
  1  0.437
  1  0.526
  1  0.412
  1  0.545
  1  0.387
  1  0.530
  1  0.506
  1  0.764
  1  0.569
  1  0.734
  1  0.495
  1  0.479
  1  0.531
  1  0.531
  1  0.436
  1  0.662
  1  0.658
  1  0.525
  1  0.534
  1  0.449
  1  0.754
  1  0.530
  1  0.557
  1  0.625
  1  0.420
  1  0.532
  1  0.386
  1  0.511
  1  0.423
  1  0.610
  1  0.395
  1  0.499
  1  0.483
  1  0.594
  1  0.420
  1  0.636
  1  0.512
  1  0.507
  1  0.881
  1  0.652
  1  1.780
  1  0.524
  1  0.592
  1  0.555
  1  0.580
  1  0.536
  1  0.510
  1  0.604
  1  0.531
  1  0.928
  1  0.547
  1  0.472
  1  0.626
  1  0.593
  1  0.574
  1  0.567
  1  0.576
  1  0.396
  1  0.495
  1  1.104
  1  0.426
  1  0.475
  1  0.504
  1  0.470
  1  0.461
  1  0.520
  1  0.532
  1  0.558
  1  1.066
  1  0.699
  1  0.586
  1  0.495
  1  0.529
  1  0.649
  1  0.606
  1  0.543
  1  0.754
  1  1.743
  1  0.626
  1  0.586
  1  0.502
  1  0.621
  1  0.498
  1  0.727
  1  0.439
  1  0.762
  1  0.526
  1  0.531
  1  0.474
  1  0.425
  1  0.606
  1  0.563
  1  0.625
  1  0.491
  1  0.666
  1  0.436
  1  2.840
  1  0.426
  1  0.519
  1  0.641
  1  0.485
  1  0.739
  1  0.946
  1  0.552
  1  0.496
  1  0.585
  1  0.552
  0  1.278
  1  0.623
  1  0.868
  1  0.707
  1  0.619
  1  1.305
  1  0.539
  1  1.097
  1  0.728
  1  0.458
  1  0.580
  1  0.617
  1  0.465
  1  0.762
  1  0.733
  1  0.476
  1  0.507
  1  0.604
  1  0.486
  1  0.401
  1  0.511
  1  0.463
  1  0.638
