  1  0.652
  0  0.751
  0  0.936
  0  0.636
  0  0.623
  1  0.598
  0  0.571
  1  0.672
  0  0.680
  0  0.668
  0  0.638
  0  0.733
  0  0.650
  1  0.663
  0  0.669
  1  0.523
  1  0.565
  1  0.587
  1  0.641
  0  0.589
  1  0.806
  0  0.862
  1  0.651
  0  0.565
  0  0.614
  1  0.692
  0  0.648
  0  0.646
  1  0.522
  1  0.636
  0  0.608
  1  0.607
  0  0.618
  1  0.681
  0  0.804
  1  0.628
  1  0.668
  1  0.559
  1  0.596
  1  0.599
  1  0.507
  1  0.588
  0  0.713
  0  0.707
  1  0.551
  0  0.640
  0  0.728
  1  0.639
  1  0.606
  1  0.507
  1  0.576
  0  0.617
  1  0.604
  0  0.753
  1  0.627
  0  0.587
  0  0.647
  1  0.515
  0  0.598
  1  0.573
  1  0.705
  0  0.626
  1  0.572
  1  0.709
  1  0.625
  1  0.619
  1  0.565
  0  0.640
  1  0.577
  0  0.647
  1  0.711
  0  0.603
  0  0.708
  0  0.635
  1  0.696
  0  0.715
  0  0.734
  1  0.629
  0  0.680
  0  0.636
  0  0.769
  0  0.605
  0  0.914
  0  0.700
  1  0.577
  0  0.564
  1  0.648
  0  0.616
  1  0.579
  0  0.644
  1  0.642
  0  0.653
  0  0.570
  0  0.614
  1  0.627
  0  0.604
  1  0.604
  1  0.546
  1  0.642
  1  0.605
  0  0.640
  1  0.509
  0  0.670
  1  0.623
  1  0.674
  1  0.734
  0  0.686
  1  0.618
  0  0.595
  1  0.578
  1  0.610
  0  0.610
  0  0.593
  1  0.552
  0  0.712
  1  0.604
  0  0.659
  0  0.629
  1  0.567
  1  0.608
  0  0.614
  0  0.637
  1  0.554
  1  0.707
  0  0.635
  0  0.680
  0  0.612
  1  0.742
  0  0.704
  1  0.638
  0  0.716
  1  0.608
  1  0.640
  1  0.623
  1  0.616
  0  0.675
  0  0.830
  0  0.622
  0  0.616
  1  0.658
  1  0.617
  0  0.591
  1  0.656
  1  0.641
  0  0.792
  1  0.612
  1  0.602
  0  0.654
  0  0.682
  0  0.595
  1  0.616
  0  0.678
  0  0.579
  0  0.621
  1  0.596
  0  0.667
  1  0.653
  0  0.632
  0  0.610
  1  0.632
  1  0.678
  1  0.801
  1  0.672
  0  0.586
  1  0.783
  0  0.758
  0  0.647
  1  0.551
  1  0.565
  0  0.590
  1  0.628
  1  0.634
  1  0.707
  1  0.665
  0  0.613
  1  0.724
  0  0.769
  0  0.701
  0  0.644
  1  0.581
  0  0.672
  0  0.642
  0  0.863
  1  0.648
  1  0.625
  1  0.563
  0  0.673
  0  0.676
  0  0.673
  1  0.603
  1  0.587
  0  0.569
  0  0.617
  1  0.586
  0  0.697
  0  0.641
  1  0.502
  0  0.875
  0  0.595
  1  0.658
  0  0.591
  1  0.524
  0  0.649
  1  0.654
  1  0.785
  1  0.547
  1  0.621
  1  0.599
  0  0.700
  0  0.766
  0  0.567
  0  0.739
  1  0.586
  1  0.564
  1  0.611
  1  0.559
  1  0.687
  1  0.549
  1  0.656
  1  0.536
  0  0.626
  1  0.698
  1  0.749
  1  0.552
  1  0.606
  0  0.749
  0  0.625
  1  0.746
  1  0.749
  1  0.598
  1  0.780
  1  0.641
  1  0.712
  0  0.696
  0  0.619
  1  0.536
  0  0.681
  0  0.604
  0  0.705
  0  0.629
  1  0.540
  1  0.603
  1  0.548
  0  0.738
  1  0.610
  0  0.728
  0  0.588
  0  0.686
  1  0.544
  1  0.572
  0  0.697
  1  0.660
  1  0.503
  1  0.630
  0  0.619
  0  0.745
  1  0.612
  1  0.703
  0  0.689
  1  0.621
  1  0.563
  1  0.697
  1  0.572
  0  0.648
  0  0.663
  1  0.633
  0  0.645
  0  0.660
  1  0.595
  1  0.656
  1  0.636
  0  0.630
  1  0.728
  1  0.575
  0  0.637
  0  0.759
  1  0.609
  0  0.589
  0  0.732
  1  0.637
  1  0.798
  0  0.559
  0  0.713
  0  0.583
  0  0.666
  0  0.704
  1  0.561
  1  0.713
  1  0.607
  1  0.667
  1  0.616
  0  0.620
  0  0.629
  0  0.727
  1  0.594
  1  0.779
  0  0.651
  0  0.606
  0  0.668
  0  0.744
  1  0.707
  0  0.621
  1  0.604
  0  0.736
  0  0.613
  0  0.668
  1  0.512
  0  0.669
  0  0.665
  0  0.599
  0  0.593
  1  0.683
  0  0.588
  0  0.635
  0  0.660
  0  0.613
  1  0.707
  0  0.658
  0  0.607
  1  0.731
  0  0.611
  0  0.562
  0  0.764
  1  0.769
  1  0.594
  1  0.528
  1  0.579
  0  0.684
  1  0.559
  1  0.586
  1  0.656
  0  0.569
  1  0.616
  1  0.637
  0  0.741
  0  0.692
  1  0.647
  0  0.651
  0  0.658
  0  0.582
  0  0.632
  1  0.570
  0  0.644
  0  0.677
  0  0.649
  0  0.641
  1  0.542
  1  0.613
  0  0.700
  0  0.673
  0  0.643
  0  0.583
  1  0.670
  0  0.654
  1  0.682
  0  0.664
  0  0.572
  0  0.691
  0  0.621
  0  0.599
  1  0.681
  0  0.688
  1  0.672
  1  0.544
  1  0.717
  1  0.591
  0  0.695
  1  0.510
  0  0.639
  0  0.576
  0  0.719
  0  0.587
  1  0.492
  0  0.632
  1  0.699
  1  0.741
  0  0.675
  0  0.652
  0  0.712
  0  0.594
  1  0.671
  0  0.758
  0  0.581
  1  0.613
  0  0.646
  1  0.624
  1  0.623
  1  0.929
  0  0.585
  0  0.584
  0  0.607
  1  0.803
  1  0.571
  0  0.673
  0  0.802
  0  0.680
  0  0.673
  0  0.706
  1  0.501
  1  0.546
  0  0.675
  0  0.665
  0  0.656
  0  0.679
  0  0.621
  0  0.669
  0  0.569
  1  0.547
  1  0.617
  0  0.567
  1  0.672
  0  0.609
  0  0.698
  1  0.584
  1  0.684
  1  0.625
  1  0.518
  1  0.564
  0  0.589
  0  0.591
  1  0.630
  0  0.643
  0  0.772
  1  0.611
  0  0.644
  1  0.565
  1  0.561
  1  0.615
  0  0.630
  1  0.784
  1  0.580
  1  0.566
  0  0.745
  1  0.681
  0  0.831
  0  0.608
  0  0.604
  1  0.665
  0  0.630
  0  0.713
  0  0.651
  0  0.682
  0  0.658
  1  0.570
  0  0.627
  0  0.707
  0  0.654
  1  0.547
  1  0.592
  1  0.812
  0  0.662
  1  0.587
  0  0.588
  1  0.524
  0  0.627
  0  0.604
  1  0.522
  0  0.643
  0  0.595
  1  0.597
  1  0.814
  0  0.736
  0  0.687
  0  0.715
  0  0.615
  0  0.659
  0  0.664
  1  0.598
  1  0.592
  0  0.764
  1  0.598
  0  0.667
  1  0.650
  0  0.722
  0  0.602
  0  0.608
  1  0.604
  1  0.559
  0  0.781
  1  0.571
  0  0.717
  0  0.613
  1  0.659
  1  0.678
  1  0.511
  0  0.622
  0  0.581
  0  0.599
  0  0.616
  0  0.613
  1  0.625
  0  0.628
  1  0.664
  0  0.696
  0  0.642
  1  0.562
  0  0.679
  1  0.597
  0  0.581
  1  0.600
