  1  0.692
  1  0.712
  1  0.451
  0  0.700
  1  0.365
  1  0.391
  1  0.403
  1  0.600
  1  0.453
  1  0.400
  1  0.410
  1  0.424
  1  0.412
  1  0.505
  0  0.758
  1  0.407
  1  0.374
  1  0.349
  1  0.576
  1  0.489
  1  0.376
  1  0.438
  1  0.478
  1  0.508
  1  0.339
  1  0.396
  1  0.558
  1  0.402
  0  0.437
  1  0.370
  1  0.642
  1  0.498
  1  0.417
  1  0.575
  1  0.425
  1  0.386
  1  0.472
  1  0.445
  1  0.461
  1  0.435
  1  0.583
  1  0.354
  1  0.339
  1  0.436
  1  0.418
  1  0.456
  1  0.390
  1  0.415
  1  0.374
  0  0.435
  1  0.621
  1  0.670
  1  0.497
  1  0.621
  1  0.338
  0  0.783
  1  0.423
  1  0.387
  1  0.591
  1  0.424
  0  0.441
  1  0.511
  1  0.514
  1  0.623
  1  0.428
  1  0.626
  1  0.511
  1  0.571
  1  0.725
  0  0.439
  1  1.016
  1  0.364
  1  0.439
  1  0.560
  1  0.381
  1  0.367
  1  0.401
  1  0.371
  1  0.416
  1  0.355
  1  0.484
  1  0.326
  1  0.696
  1  0.377
  1  0.477
  1  0.452
  1  0.505
  1  0.466
  1  0.347
  1  0.525
  1  0.521
  1  0.435
  0  0.605
  1  0.498
  1  0.475
  1  0.373
  1  0.529
  1  0.397
  1  0.469
  1  0.366
  1  0.381
  1  0.602
  1  0.396
  1  0.355
  1  0.520
  0  0.452
  1  0.327
  1  0.485
  1  0.387
  1  0.525
  1  0.424
  1  0.386
  1  0.689
  1  0.736
  1  0.396
  1  0.465
  1  0.563
  1  0.571
  1  0.339
  1  0.435
  1  0.482
  1  0.405
  0  0.456
  1  0.387
  0  0.420
  1  0.533
  1  0.404
  1  0.515
  1  0.434
  1  0.429
  0  0.564
  1  0.371
  0  0.476
  1  0.556
  1  0.848
  1  0.446
  1  0.438
  1  0.409
  1  0.383
  1  0.446
  1  0.466
  1  0.390
  1  0.355
  1  0.361
  1  0.408
  1  0.419
  1  0.316
  1  0.359
  1  0.716
  1  0.404
  1  0.334
  0  0.453
  1  0.451
  1  0.409
  0  0.460
  1  0.330
  1  0.422
  1  0.371
  1  0.464
  1  0.762
  1  0.462
  1  0.419
  1  0.366
  0  0.491
  1  0.466
  0  0.520
  1  0.384
  1  0.415
  1  0.457
  1  0.485
  1  0.372
  1  0.426
  1  0.424
  1  0.381
  1  0.389
  1  0.611
  1  0.419
  1  0.499
  1  0.585
  1  0.577
  1  0.398
  1  0.392
  1  0.425
  1  0.601
  1  0.325
  1  0.402
  1  0.441
  1  0.409
  1  0.475
  1  0.519
  1  0.417
  1  0.395
  1  0.392
  1  0.442
  1  0.579
  0  0.619
  1  0.407
  1  0.775
  1  0.431
  0  0.703
  0  0.410
  1  0.419
  1  0.420
  1  0.473
  1  0.421
  1  0.399
  1  0.379
  1  0.485
  1  0.492
  1  0.498
  1  0.472
  1  0.492
  1  0.327
  1  0.569
  1  0.750
  1  0.447
  1  0.460
  1  0.406
  1  0.618
  1  0.389
  1  0.418
  1  0.616
  1  0.436
  1  0.437
  1  0.524
  0  0.541
  1  0.353
  1  0.516
  1  0.404
  1  0.505
  1  0.373
  1  0.574
  1  0.447
  1  0.420
  1  0.327
  1  0.372
  1  0.442
  1  0.448
  1  0.431
  1  0.369
  0  0.633
  1  0.484
  1  0.475
  1  0.557
  1  0.341
  1  0.473
  1  0.375
  1  0.346
  1  0.511
  1  0.431
  1  0.433
  1  0.343
  1  0.495
  0  0.456
  0  0.441
  1  0.421
  1  0.684
  1  0.449
  1  0.365
  1  0.513
  0  0.462
  1  0.389
  1  0.391
  1  0.625
  1  0.654
  1  0.383
  1  0.516
  0  0.451
  1  0.363
  1  0.367
  1  0.426
  1  0.307
  1  0.873
  0  0.941
  1  0.524
  1  0.775
  1  0.459
  1  0.465
  1  0.353
  1  0.356
  1  0.491
  0  0.436
  1  0.484
  1  0.385
  1  0.364
  1  0.495
  1  0.326
  1  0.359
  0  0.451
  1  0.443
  1  0.374
  0  0.623
  1  0.460
  1  0.400
  1  0.492
  1  0.523
  1  0.358
  1  0.427
  1  0.516
  1  0.341
  1  0.523
  1  1.052
  1  0.644
  1  0.451
  1  0.507
  1  1.054
  0  0.590
  1  0.825
  0  0.507
  1  0.363
  1  0.511
  0  0.365
  1  0.428
  1  0.446
  1  0.406
  1  0.545
  1  0.343
  0  0.581
  1  0.878
  1  0.415
  1  0.640
  1  0.402
  1  0.426
  1  0.437
  1  0.669
  1  0.444
  1  0.949
  1  0.382
  1  0.558
  1  0.365
  1  0.669
  1  0.399
  1  0.408
  1  0.324
  1  0.490
  1  0.413
  1  0.379
  1  0.385
  1  0.375
  1  0.475
  1  0.388
  1  0.345
  1  0.378
  1  0.404
  1  0.355
  1  0.374
  0  0.719
  1  0.473
  1  0.509
  1  0.510
  1  0.406
  0  0.555
  1  0.393
  1  0.373
  1  0.423
  1  0.347
  1  0.431
  1  0.452
  1  0.486
  1  0.392
  1  0.416
  1  0.396
  1  0.512
  0  0.447
  1  0.389
  1  0.423
  1  0.474
  1  0.386
  1  0.469
  0  0.637
  0  0.492
  0  0.443
  1  0.410
  1  0.406
  1  0.449
  1  0.496
  1  0.536
  1  0.670
  1  0.452
  1  0.423
  0  0.416
  1  0.450
  1  0.553
  1  0.534
  1  0.399
  1  0.362
  1  0.323
  1  0.445
  1  0.465
  1  0.376
  1  0.319
  1  0.430
  0  0.789
  1  0.346
  1  0.465
  1  0.591
  1  0.789
  1  0.412
  1  0.407
  1  0.367
  1  0.363
  1  0.544
  1  0.502
  1  0.470
  1  0.643
  1  0.505
  1  0.465
  1  0.427
  1  0.345
  1  0.340
  0  0.429
  1  0.476
  1  0.380
  1  0.518
  1  0.499
  1  0.496
  1  0.354
  1  0.452
  1  0.415
  1  0.491
  1  0.404
  1  0.340
  1  0.442
  1  0.388
  1  0.413
  1  0.400
  1  0.358
  1  0.352
  1  0.521
  0  0.433
  1  0.481
  1  0.580
  1  0.430
  1  0.367
  1  0.448
  1  0.420
  1  0.362
  1  0.771
  1  0.391
  1  0.456
  0  0.689
  1  0.453
  1  0.396
  1  0.481
  1  0.538
  1  0.453
  1  0.622
  1  0.420
  1  0.369
  1  0.569
  0  0.434
  0  0.402
  1  0.483
  0  0.881
  0  0.573
  1  0.489
  1  0.436
  1  0.515
  1  0.428
  1  0.336
  1  0.381
  0  1.019
  1  0.441
  1  0.568
  1  0.360
  1  0.476
  1  0.507
  1  0.373
  1  0.402
  1  0.605
  1  0.510
  1  0.622
  0  0.513
  1  0.495
  1  0.471
  1  0.571
  1  0.377
  1  0.433
  1  0.507
  1  0.439
  0  0.435
  1  0.565
  1  0.427
  1  0.414
  1  0.394
  1  0.397
  1  0.542
  1  0.685
  1  0.490
  1  0.410
  1  0.417
  1  0.371
  1  0.792
  1  0.397
  1  0.474
  0  0.443
  1  0.478
  1  0.778
  1  0.422
  1  0.472
