  0  0.837
  0  0.714
  0  0.849
  0  0.738
  0  0.940
  0  0.766
  0  0.941
  0  0.686
  0  0.855
  0  0.800
  0  0.837
  0  0.889
  0  0.773
  0  0.825
  0  0.829
  0  0.879
  0  0.894
  0  0.868
  0  1.058
  0  0.906
  0  1.252
  0  0.881
  0  0.712
  0  0.810
  0  0.726
  1  0.828
  1  0.837
  0  0.834
  0  0.929
  0  0.883
  0  0.912
  0  0.692
  0  0.814
  1  0.922
  0  0.889
  0  0.844
  1  0.902
  0  0.876
  0  0.843
  0  0.884
  0  0.739
  0  0.792
  0  0.788
  0  0.720
  0  0.948
  0  0.765
  0  0.684
  0  0.814
  0  0.778
  0  1.025
  1  1.218
  0  0.889
  0  0.943
  0  1.023
  0  0.795
  0  0.678
  0  0.806
  0  0.985
  0  0.941
  0  0.754
  0  0.835
  0  0.786
  0  0.760
  0  0.777
  0  0.906
  0  0.772
  0  0.879
  0  0.979
  0  0.712
  0  0.719
  0  0.745
  1  1.055
  0  1.063
  0  0.730
  0  0.891
  0  0.765
  0  0.867
  0  0.842
  0  0.949
  0  0.768
  0  0.987
  0  0.732
  0  0.878
  1  1.954
  0  0.851
  0  0.761
  0  0.992
  0  1.141
  0  0.878
  0  0.887
  0  0.864
  0  0.925
  0  0.844
  0  0.859
  1  0.971
  0  0.781
  0  0.784
  0  0.754
  0  0.756
  0  1.069
  0  0.704
  0  0.808
  0  0.915
  0  1.624
  0  0.785
  0  0.756
  0  0.826
  0  0.824
  0  0.807
  0  0.968
  0  0.707
  0  0.789
  0  0.805
  0  0.691
  0  1.068
  0  0.831
  0  0.700
  0  0.769
  0  0.993
  0  0.759
  0  0.778
  0  0.974
  0  0.771
  0  0.675
  0  0.899
  0  1.006
  0  0.848
  0  0.708
  0  0.807
  0  0.816
  0  1.182
  0  0.781
  0  0.820
  0  0.821
  0  0.776
  1  1.159
  0  0.696
  0  0.699
  0  0.734
  0  0.752
  0  0.747
  0  1.302
  0  0.842
  0  0.747
  0  0.865
  0  1.137
  0  0.822
  0  0.947
  1  0.986
  0  0.737
  0  1.193
  0  0.891
  0  0.837
  0  1.086
  0  0.869
  0  0.895
  0  0.802
  0  0.802
  0  0.800
  0  0.783
  0  0.794
  0  0.889
  0  0.805
  0  0.736
  1  1.117
  0  0.685
  0  0.862
  0  0.943
  0  0.929
  0  0.735
  0  0.743
  0  0.909
  0  0.812
  0  0.816
  0  0.821
  0  0.982
  0  1.454
  1  0.883
  1  1.065
  0  0.755
  0  0.953
  0  0.774
  0  0.777
  0  0.722
  0  0.704
  0  0.861
  0  0.851
  0  1.289
  0  0.707
  0  0.706
  0  0.967
  0  0.774
  0  0.731
  0  0.862
  0  0.820
  0  0.965
  0  0.798
  0  0.760
  0  0.733
  0  1.149
  0  0.856
  0  0.882
  0  0.848
  0  0.824
  0  0.896
  0  0.859
  0  0.799
  0  0.833
  0  0.865
  0  0.920
  0  0.843
  0  1.070
  0  0.971
  0  0.977
  0  0.797
  0  0.892
  0  0.925
  0  0.733
  0  0.849
  0  0.958
  0  0.670
  0  0.981
  0  1.185
  0  0.960
  0  0.775
  0  0.880
  0  0.887
  0  1.756
  0  0.889
  0  0.869
  0  0.862
  0  0.781
  0  0.932
  0  0.783
  0  0.926
  0  0.718
  0  0.831
  0  0.815
  0  0.850
  0  0.876
  0  0.762
  0  0.790
  0  0.837
  0  0.849
  0  0.906
  0  1.020
  0  0.816
  0  0.748
  0  0.790
  0  0.761
  0  0.748
  0  1.012
  0  0.867
  0  0.888
  0  0.927
  0  0.993
  0  0.819
  0  0.802
  0  0.844
  0  0.730
  0  0.876
  0  0.862
  0  0.721
  0  0.762
  0  0.855
  0  0.720
  0  0.804
  0  0.998
  0  0.840
  0  0.800
  0  0.831
  0  0.870
  0  0.743
  0  0.897
  0  0.940
  0  0.815
  0  0.827
  0  1.110
  0  0.946
  0  0.866
  0  0.846
  0  0.829
  0  0.731
  0  0.759
  0  0.661
  1  0.913
  0  0.800
  0  0.745
  0  1.819
  0  0.727
  0  0.771
  0  0.965
  0  0.761
  0  0.898
  1  1.325
  0  0.873
  0  0.908
  0  0.858
  0  0.749
  0  0.971
  0  0.783
  0  0.805
  0  0.727
  0  1.261
  0  0.848
  0  0.754
  0  0.680
  0  0.776
  0  0.740
  0  0.839
  0  0.802
  0  0.670
  0  0.771
  0  0.877
  0  0.788
  0  0.695
  0  0.787
  0  1.192
  0  0.964
  0  0.879
  0  1.102
  0  0.835
  0  0.691
  0  0.723
  0  0.845
  0  0.768
  0  0.722
  0  0.916
  0  0.900
  0  1.150
  1  1.221
  0  0.728
  0  0.789
  0  1.143
  0  0.829
  0  0.888
  0  0.767
  0  0.912
  0  0.863
  0  0.859
  0  0.734
  0  0.810
  0  0.897
  0  0.933
  0  0.848
  0  0.805
  0  0.900
  0  0.828
  0  1.128
  0  1.051
  0  0.827
  0  0.817
  0  0.680
  0  0.813
  0  0.854
  0  0.711
  0  0.785
  0  0.764
  0  0.701
  0  0.921
  0  1.257
  1  0.830
  0  1.028
  0  0.851
  0  1.105
  0  1.035
  0  0.808
  0  0.766
  0  0.846
  0  1.042
  0  0.820
  0  1.215
  0  1.002
  0  0.896
  0  0.726
  0  0.822
  0  0.877
  0  0.807
  0  0.837
  0  0.800
  0  0.699
  0  0.818
  0  0.865
  0  0.899
  0  0.702
  0  0.780
  0  1.461
  0  0.876
  0  0.886
  0  0.834
  0  0.693
  0  0.915
  0  0.806
  0  0.778
  1  0.976
  0  0.744
  0  0.851
  0  0.745
  0  0.978
  0  0.865
  0  1.030
  1  1.038
  0  0.764
  0  0.733
  0  0.914
  0  0.763
  0  0.755
  0  0.799
  0  0.759
  1  1.009
  0  0.975
  0  1.072
  0  0.829
  0  0.855
  0  0.882
  0  0.833
  0  0.788
  0  0.729
  0  0.875
  0  0.912
  0  0.796
  0  0.977
  0  1.004
  0  0.971
  0  1.348
  0  0.727
  0  0.874
  0  0.806
  0  0.863
  0  0.860
  0  0.958
  0  1.050
  0  0.761
  0  0.870
  0  1.536
  0  0.744
  0  0.984
  0  0.972
  0  0.794
  0  0.794
  0  0.938
  0  0.849
  0  0.718
  0  0.930
  0  0.856
  0  0.846
  0  0.775
  0  0.858
  0  1.020
  0  0.821
  0  0.765
  0  0.925
  0  0.923
  0  0.889
  0  1.153
  0  0.756
  0  1.249
  0  0.998
  0  0.766
  0  0.862
  0  0.929
  0  1.047
  0  0.824
  1  0.872
  0  0.755
  0  0.757
  0  0.990
  0  0.915
  1  0.804
  0  0.776
  0  0.935
  0  0.935
  0  1.168
  0  0.867
  1  1.272
  0  0.828
  0  0.850
  0  0.821
  0  1.139
  0  0.729
  0  0.703
  0  0.809
  0  0.787
  0  0.658
  0  0.738
  0  0.688
  0  0.740
  1  1.180
  0  0.820
  0  0.813
  0  0.836
  0  0.753
  0  0.790
  0  0.730
  1  0.983
  0  0.829
  0  1.046
  0  0.711
  0  0.739
  0  0.783
