  0  1.105
  1  1.270
  0  0.943
  0  1.072
  0  0.901
  1  1.332
  0  1.011
  0  1.096
  0  1.027
  0  1.579
  1  1.055
  0  1.088
  0  0.983
  0  0.948
  0  1.519
  1  1.594
  0  1.075
  1  1.120
  0  1.323
  0  1.192
  0  1.452
  0  1.069
  0  1.068
  1  1.156
  0  1.274
  0  1.161
  0  1.183
  0  1.032
  0  1.191
  0  1.252
  0  1.270
  0  1.502
  0  1.827
  0  1.438
  0  1.285
  0  1.037
  0  1.137
  0  1.143
  0  1.338
  0  1.221
  0  1.119
  0  1.380
  0  1.471
  0  1.600
  0  1.016
  0  1.007
  0  1.386
  0  1.656
  0  1.044
  0  1.194
  0  1.080
  1  0.970
  0  1.060
  0  1.099
  0  1.267
  0  1.068
  1  1.078
  0  1.118
  0  1.022
  0  1.119
  1  1.152
  0  1.383
  0  1.049
  0  0.959
  0  1.875
  0  0.927
  0  0.867
  0  1.078
  0  3.306
  0  1.391
  1  0.934
  0  1.011
  0  1.294
  0  1.155
  0  1.058
  0  1.494
  0  0.947
  1  2.206
  0  0.936
  0  0.948
  0  0.996
  0  1.059
  0  1.020
  0  1.009
  0  1.007
  0  1.292
  0  1.059
  1  1.179
  0  1.282
  0  1.162
  1  1.219
  0  1.163
  0  1.022
  0  1.423
  0  1.093
  0  1.219
  0  1.114
  0  1.038
  0  1.666
  0  2.708
  1  1.348
  0  1.022
  1  1.049
  0  0.988
  0  1.090
  0  0.987
  0  1.115
  0  1.303
  0  1.156
  0  1.123
  0  1.744
  0  1.107
  0  1.214
  1  1.211
  0  1.105
  0  1.182
  0  1.362
  0  1.142
  0  0.903
  0  1.094
  1  1.018
  1  1.046
  0  1.248
  0  1.054
  0  1.158
  0  1.126
  0  1.193
  0  1.386
  1  1.095
  0  1.206
  0  1.219
  0  1.538
  0  1.428
  0  1.395
  0  1.322
  0  1.418
  0  1.105
  0  1.559
  0  1.128
  0  1.247
  0  0.987
  0  1.035
  0  1.177
  0  1.079
  0  1.073
  0  1.298
  0  0.950
  0  1.482
  0  0.993
  0  1.447
  0  1.078
  0  1.017
  0  1.340
  0  1.033
  0  1.142
  0  1.026
  0  1.009
  0  1.124
  0  1.036
  0  1.308
  0  1.131
  0  1.242
  1  1.224
  0  1.460
  0  0.920
  0  1.237
  0  1.193
  0  1.132
  0  1.028
  1  2.018
  0  1.178
  0  1.205
  0  1.020
  0  1.301
  0  1.119
  0  1.093
  0  1.564
  0  1.125
  0  1.149
  1  0.961
  0  0.975
  0  1.129
  1  2.545
  0  1.150
  0  1.750
  0  0.945
  0  1.193
  1  1.594
  0  1.151
  0  1.079
  0  0.931
  0  1.386
  0  1.131
  0  1.115
  0  1.008
  0  1.282
  0  1.038
  0  1.071
  0  1.226
  0  1.821
  0  0.953
  0  1.019
  0  1.139
  1  1.100
  1  1.195
  0  1.527
  0  1.350
  0  1.335
  0  1.795
  0  1.412
  1  0.869
  0  1.250
  0  1.198
  0  1.462
  0  0.985
  0  0.913
  1  1.051
  0  1.504
  0  1.370
  0  1.133
  1  1.330
  0  1.389
  0  1.061
  0  1.121
  0  1.211
  0  1.317
  0  1.100
  0  1.463
  0  1.070
  0  1.041
  0  1.097
  0  1.042
  0  1.205
  0  1.390
  0  1.240
  0  1.409
  0  1.162
  0  1.510
  0  1.152
  0  1.279
  0  1.216
  1  2.176
  0  1.073
  0  1.205
  0  1.361
  0  1.140
  0  0.992
  0  1.132
  0  1.085
  0  1.468
  0  0.921
  0  1.262
  0  1.475
  1  1.098
  0  1.061
  0  1.255
  0  1.127
  0  1.042
  0  1.190
  0  1.293
  0  1.478
  0  1.037
  0  1.004
  1  1.021
  0  1.105
  0  1.349
  0  0.882
  0  1.684
  0  0.926
  0  1.127
  0  1.065
  0  1.098
  0  1.013
  0  1.115
  0  1.024
  0  1.009
  0  1.251
  0  1.237
  1  1.456
  0  1.302
  0  1.314
  0  1.224
  0  1.013
  0  1.071
  0  0.934
  0  1.127
  0  1.249
  0  1.140
  0  1.064
  0  1.254
  0  1.059
  0  1.262
  0  1.006
  0  1.129
  0  1.117
  0  1.715
  1  1.229
  0  1.111
  0  0.915
  0  1.018
  0  1.011
  0  1.306
  0  1.063
  0  1.129
  0  1.100
  0  0.979
  0  1.229
  0  2.016
  0  0.988
  0  1.184
  0  1.265
  0  1.300
  0  1.140
  1  1.063
  0  2.304
  0  1.269
  0  1.184
  0  1.368
  0  1.079
  0  1.114
  0  1.937
  0  1.314
  0  1.314
  0  1.148
  0  1.516
  0  1.598
  0  1.160
  1  1.493
  0  1.059
  0  1.063
  0  1.102
  0  1.291
  0  1.041
  0  1.128
  0  1.338
  0  1.107
  1  1.199
  0  1.103
  0  1.091
  0  1.259
  0  1.091
  0  1.265
  0  1.180
  1  1.222
  0  1.353
  0  1.565
  0  0.953
  0  1.068
  0  0.943
  0  1.351
  0  1.190
  0  1.107
  0  1.183
  0  0.908
  0  1.091
  0  1.751
  1  1.213
  0  1.446
  0  1.119
  0  1.145
  1  1.030
  0  1.730
  0  1.070
  0  0.937
  0  0.991
  0  1.301
  0  1.040
  0  1.081
  1  1.033
  0  1.096
  0  1.039
  0  1.135
  0  1.138
  0  1.069
  0  1.035
  0  1.070
  0  1.066
  0  1.400
  0  1.153
  0  1.185
  0  1.263
  0  0.938
  0  1.154
  0  1.324
  0  1.011
  0  0.887
  0  1.119
  0  1.008
  0  1.261
  1  1.007
  1  2.286
  0  1.575
  0  0.919
  0  1.007
  0  1.343
  0  0.961
  0  1.191
  0  1.125
  0  0.933
  0  1.194
  0  1.105
  0  1.140
  0  1.131
  0  1.077
  0  1.059
  0  0.997
  0  0.938
  0  1.704
  0  1.047
  0  1.262
  0  1.337
  0  1.314
  0  1.188
  0  1.504
  1  0.964
  0  1.185
  0  0.956
  0  2.022
  0  1.313
  0  1.091
  0  1.816
  1  1.761
  0  1.204
  0  1.007
  0  1.352
  0  1.168
  0  0.997
  0  1.221
  0  1.281
  0  2.170
  0  3.949
  0  1.166
  1  1.002
  0  1.159
  0  0.946
  0  0.981
  0  1.387
  0  1.121
  0  1.614
  1  0.901
  0  0.920
  0  0.927
  0  1.112
  1  0.986
  0  1.175
  0  0.922
  0  0.977
  1  1.397
  0  1.016
  1  1.211
  0  1.095
  0  1.285
  0  0.998
  0  1.452
  0  1.219
  0  1.273
  0  1.255
  0  1.240
  0  1.129
  0  1.019
  0  0.907
  0  1.041
  0  1.072
  0  1.175
  0  1.018
  0  1.129
  0  1.028
  0  2.100
  0  1.036
  0  0.966
  0  1.185
  0  1.582
  0  1.107
  0  1.110
  0  1.109
  0  0.955
  0  1.004
  1  1.101
  0  1.072
  0  1.040
  0  4.501
  0  1.139
  0  1.242
  0  1.424
  0  1.001
  0  1.075
  0  1.218
  0  0.895
  0  1.147
  0  1.918
  0  1.093
  0  1.373
  0  1.074
  1  0.967
  0  1.218
  0  1.146
  0  1.612
  0  1.131
  0  1.059
  0  1.000
