  0  0.952
  1  1.020
  0  0.819
  1  1.317
  0  0.935
  0  1.242
  0  1.080
  1  0.893
  0  0.928
  1  0.853
  1  0.815
  1  0.977
  0  1.053
  1  0.855
  0  0.783
  1  1.017
  0  0.976
  1  0.736
  1  1.006
  0  0.984
  0  1.011
  1  0.947
  1  0.899
  1  0.948
  0  0.965
  0  1.126
  0  0.961
  0  0.878
  1  0.847
  0  1.113
  0  0.845
  1  0.830
  0  0.893
  1  1.181
  1  0.951
  0  0.773
  0  1.008
  0  0.949
  0  1.212
  0  0.883
  1  0.956
  1  0.974
  1  1.025
  1  1.055
  1  0.802
  1  0.945
  0  0.878
  0  1.241
  0  0.824
  1  0.913
  0  1.088
  1  1.122
  0  1.179
  1  0.946
  0  1.060
  0  0.958
  0  1.026
  1  0.966
  0  0.816
  0  0.917
  1  0.861
  1  0.914
  1  0.889
  0  0.876
  1  0.797
  1  1.053
  1  1.034
  1  0.907
  0  0.965
  0  0.854
  1  0.840
  1  0.953
  0  1.044
  1  0.948
  1  0.814
  1  0.785
  1  1.066
  1  0.765
  1  0.860
  0  0.888
  0  0.812
  1  0.756
  0  0.988
  1  0.975
  1  1.029
  0  0.997
  1  0.867
  1  0.737
  0  0.945
  0  0.925
  0  0.889
  1  0.792
  0  0.867
  0  0.866
  1  0.960
  0  1.208
  0  0.900
  0  0.962
  1  1.019
  0  0.957
  0  0.894
  0  0.928
  0  0.876
  1  0.994
  1  0.770
  1  1.175
  1  1.108
  0  0.892
  1  0.822
  1  0.935
  0  0.752
  1  1.029
  0  0.923
  1  0.774
  1  0.880
  0  1.215
  1  0.906
  1  1.068
  0  0.878
  0  0.787
  1  0.884
  0  0.865
  0  0.916
  1  1.438
  0  0.974
  0  1.248
  1  1.115
  0  0.974
  1  0.860
  1  0.819
  1  1.068
  0  1.317
  0  1.013
  0  1.034
  0  0.867
  1  0.781
  1  0.804
  1  0.877
  0  0.849
  1  0.893
  1  1.015
  0  0.776
  1  0.926
  1  0.927
  1  0.784
  1  0.874
  1  0.890
  1  0.863
  0  0.957
  1  0.956
  1  0.730
  1  0.903
  0  1.062
  0  0.956
  0  0.830
  1  0.738
  0  0.945
  1  0.794
  0  0.905
  1  0.960
  1  1.325
  0  1.060
  0  0.910
  1  0.843
  1  0.863
  1  0.765
  1  0.776
  0  0.887
  1  0.915
  1  0.981
  0  0.810
  0  0.758
  0  0.917
  1  1.145
  1  1.004
  1  1.017
  0  0.935
  1  0.775
  1  1.124
  0  0.855
  1  0.912
  1  0.721
  1  0.886
  1  0.961
  1  1.017
  0  0.853
  0  1.112
  0  0.808
  1  1.021
  0  0.931
  1  0.849
  1  0.967
  1  1.173
  1  1.112
  0  0.987
  1  0.848
  1  0.967
  1  0.923
  1  0.902
  0  1.049
  0  0.745
  0  0.870
  0  0.812
  0  0.794
  1  0.962
  1  1.448
  1  1.190
  0  1.202
  1  0.833
  1  0.993
  1  0.877
  1  0.976
  0  0.954
  1  0.890
  1  0.972
  1  0.965
  1  0.715
  1  1.105
  0  0.906
  0  0.909
  1  0.904
  1  1.208
  1  0.923
  0  0.880
  0  0.890
  1  0.827
  1  0.772
  0  1.002
  1  0.854
  0  0.944
  0  0.706
  0  0.870
  1  0.810
  0  0.915
  1  0.880
  1  0.962
  0  0.920
  1  0.928
  0  0.748
  0  0.781
  0  0.971
  1  1.245
  0  0.813
  1  0.859
  0  1.012
  1  0.906
  1  0.857
  1  1.135
  1  0.966
  0  0.851
  1  0.970
  1  1.198
  1  0.946
  1  0.900
  1  0.846
  0  0.854
  0  0.875
  0  0.816
  1  1.099
  1  0.854
  1  0.941
  1  1.081
  0  1.019
  0  0.705
  1  0.988
  0  0.844
  1  0.817
  0  0.942
  0  0.914
  1  0.954
  0  1.051
  0  0.906
  1  1.337
  1  0.997
  1  0.833
  1  1.498
  0  0.880
  0  1.184
  0  0.769
  1  0.997
  0  1.013
  1  0.812
  0  0.795
  0  0.973
  1  1.135
  0  1.023
  0  1.104
  1  1.534
  1  1.015
  1  1.006
  1  0.921
  0  1.075
  0  1.049
  1  0.890
  1  0.778
  1  0.896
  0  0.826
  1  1.037
  0  0.886
  0  1.016
  0  1.118
  1  0.798
  1  0.866
  0  0.880
  0  1.398
  1  0.872
  1  0.930
  0  0.843
  0  0.979
  0  0.761
  1  0.728
  1  0.944
  1  0.960
  0  0.866
  1  1.469
  1  0.941
  1  0.761
  0  0.865
  0  1.189
  0  1.118
  0  1.085
  0  0.798
  1  0.901
  1  0.816
  0  0.759
  1  0.895
  0  0.875
  1  0.808
  0  1.025
  1  0.819
  0  0.952
  0  0.860
  1  0.810
  1  1.290
  1  0.908
  1  1.074
  1  1.012
  0  0.811
  1  1.294
  1  0.819
  1  0.966
  1  0.968
  1  1.000
  1  1.239
  0  1.158
  1  1.083
  1  0.804
  1  0.853
  1  0.987
  1  0.950
  0  1.215
  1  0.935
  1  0.868
  1  0.856
  0  0.917
  1  0.923
  0  0.908
  1  0.795
  1  1.263
  1  0.774
  0  1.217
  1  0.748
  1  0.843
  0  0.974
  0  0.933
  1  0.970
  1  0.901
  1  0.815
  0  0.766
  1  1.180
  1  0.957
  1  0.894
  1  1.077
  1  0.996
  0  0.872
  1  1.103
  0  0.911
  1  0.892
  1  0.896
  0  1.055
  0  0.906
  1  0.814
  0  0.863
  1  0.938
  1  1.166
  1  0.903
  0  0.857
  0  0.809
  0  1.050
  0  0.875
  1  1.046
  0  0.912
  1  0.725
  1  0.995
  0  0.873
  0  0.898
  1  0.823
  1  0.794
  0  0.844
  1  1.083
  1  0.969
  1  0.729
  1  0.873
  1  1.218
  1  0.866
  0  0.857
  0  0.839
  0  0.981
  1  0.901
  1  0.850
  1  0.935
  1  0.941
  1  0.858
  1  0.934
  1  1.191
  1  0.814
  0  0.869
  0  0.898
  1  0.863
  0  0.892
  0  1.071
  0  1.013
  0  1.147
  0  0.989
  0  1.368
  0  0.835
  0  0.802
  1  0.890
  0  0.821
  0  0.819
  0  1.010
  1  1.006
  1  0.918
  1  0.737
  1  0.791
  1  0.973
  0  0.784
  1  0.916
  1  1.032
  1  0.852
  0  0.794
  0  0.770
  1  0.860
  0  0.884
  1  1.118
  0  0.909
  1  0.824
  0  0.807
  1  0.784
  0  0.856
  0  0.927
  1  0.831
  0  0.954
  0  1.100
  0  0.960
  1  0.802
  1  0.816
  0  0.769
  1  1.073
  0  0.856
  1  0.843
  1  0.994
  1  0.813
  0  0.842
  0  0.886
  0  0.907
  0  0.817
  0  1.074
  0  1.051
  0  0.846
  1  0.932
  0  0.749
  0  0.865
  0  0.820
  1  0.898
  1  0.854
  1  1.249
  1  1.230
  0  0.878
  1  0.973
  1  0.805
  1  0.875
  1  0.875
  1  0.925
  1  0.755
  0  0.907
  0  0.863
  1  0.947
  0  0.961
  0  0.804
  1  0.995
  0  0.836
  1  0.896
  1  0.865
  1  0.789
  1  0.776
  0  1.162
  1  0.762
  0  1.113
  1  0.930
