  1  1.603
  0  1.196
  1  1.154
  1  0.947
  0  2.752
  0  1.499
  0  1.003
  1  1.099
  0  2.508
  1  1.570
  1  1.125
  0  2.847
  1  0.984
  0  1.711
  1  0.907
  0  2.881
  1  1.201
  0  1.235
  0  1.599
  0  1.121
  1  0.936
  0  1.285
  1  1.572
  0  2.298
  0  1.232
  1  1.034
  0  1.475
  0  1.103
  1  1.085
  0  2.632
  1  3.028
  1  1.392
  0  1.064
  0  1.075
  1  1.141
  1  2.740
  1  1.865
  1  1.383
  1  0.899
  1  0.983
  1  1.341
  0  1.469
  1  1.721
  0  1.467
  0  1.388
  0  1.858
  1  0.916
  1  1.019
  1  1.066
  0  1.089
  0  1.442
  0  1.149
  1  2.731
  0  2.227
  1  1.074
  0  1.151
  0  1.436
  0  1.267
  1  1.389
  1  0.909
  1  1.580
  0  2.451
  0  2.603
  1  2.267
  1  0.969
  1  1.448
  1  1.037
  1  1.551
  0  1.349
  1  0.928
  1  1.007
  1  1.091
  1  1.803
  0  1.438
  1  1.104
  1  0.991
  0  1.373
  0  2.965
  1  1.158
  0  1.356
  0  1.041
  0  1.122
  0  1.799
  0  1.282
  1  1.065
  0  1.426
  1  1.190
  1  1.168
  1  2.901
  1  1.248
  1  1.017
  0  1.960
  0  1.123
  0  1.521
  0  1.462
  0  1.157
  0  1.054
  1  1.093
  0  1.784
  1  1.448
  1  1.078
  0  1.151
  0  1.255
  1  1.430
  0  2.551
  0  1.828
  1  1.694
  0  1.982
  1  0.948
  0  1.161
  0  3.530
  1  3.310
  0  1.605
  1  0.907
  1  3.007
  0  1.337
  1  1.851
  0  1.498
  0  1.345
  1  1.140
  0  1.726
  0  1.668
  1  1.145
  1  1.023
  1  0.944
  0  1.117
  0  1.905
  1  0.948
  1  1.198
  1  1.891
  0  1.737
  0  1.201
  1  1.248
  0  1.136
  0  1.064
  1  1.072
  0  1.041
  1  1.013
  1  0.921
  1  0.961
  0  1.456
  0  1.103
  1  1.186
  0  1.619
  0  2.267
  0  1.190
  0  1.213
  0  1.130
  1  1.290
  1  0.985
  1  1.289
  0  2.018
  0  1.054
  0  1.178
  1  1.860
  0  1.429
  0  1.781
  0  2.640
  0  1.405
  0  2.238
  1  1.304
  0  1.231
  1  1.193
  1  1.502
  0  1.254
  0  1.199
  0  1.226
  1  1.313
  0  1.194
  0  2.139
  0  1.224
  1  1.018
  1  1.088
  1  1.081
  0  1.705
  0  1.126
  0  1.293
  0  1.328
  0  1.882
  1  1.632
  0  1.580
  0  1.254
  1  0.906
  0  1.765
  0  1.324
  1  0.909
  0  1.056
  1  1.215
  1  1.420
  0  1.814
  1  1.274
  0  1.225
  0  1.594
  1  3.150
  1  1.083
  0  1.777
  1  1.417
  1  0.953
  0  1.125
  0  1.115
  1  0.920
  1  1.488
  0  2.321
  0  1.613
  1  1.404
  1  0.950
  1  1.966
  1  1.743
  0  1.576
  1  0.902
  0  1.055
  1  1.824
  0  1.162
  0  1.438
  0  1.140
  1  2.119
  1  1.304
  1  0.942
  1  1.487
  1  1.569
  0  1.321
  1  1.064
  0  1.724
  0  1.958
  1  0.898
  1  0.998
  1  0.947
  1  1.202
  1  0.893
  0  1.366
  0  1.389
  0  1.313
  1  0.883
  1  0.918
  1  1.188
  0  1.150
  1  1.250
  1  1.539
  1  1.262
  0  1.631
  1  1.029
  0  1.288
  1  1.065
  0  2.266
  1  0.926
  0  1.522
  1  0.921
  1  1.356
  0  1.318
  1  1.741
  0  1.350
  0  1.122
  0  1.060
  0  1.724
  0  2.610
  0  1.564
  1  1.967
  0  1.277
  1  0.960
  0  1.168
  1  2.814
  0  1.818
  1  1.004
  0  1.251
  1  1.023
  0  1.035
  1  1.740
  1  1.733
  1  1.007
  1  2.423
  0  2.111
  0  1.529
  1  0.970
  0  1.726
  0  1.493
  1  1.656
  1  0.922
  0  0.979
  0  1.279
  0  1.459
  0  1.884
  1  1.202
  1  1.526
  0  1.684
  1  0.982
  0  1.387
  0  1.569
  1  1.038
  0  1.555
  0  2.561
  0  2.637
  0  1.215
  1  1.949
  0  1.052
  0  1.533
  1  1.007
  1  0.966
  0  2.914
  1  2.719
  0  1.420
  1  1.000
  0  1.239
  0  1.129
  0  1.879
  1  2.493
  1  1.040
  0  1.563
  1  1.126
  1  1.570
  0  1.946
  1  0.902
  0  1.136
  1  1.928
  0  1.916
  0  1.453
  1  1.518
  0  1.450
  0  1.156
  1  2.268
  0  1.474
  0  1.347
  1  1.180
  1  1.101
  0  1.059
  0  1.179
  0  1.763
  0  1.413
  0  1.825
  0  3.069
  0  1.480
  0  1.144
  1  1.394
  0  2.916
  0  1.765
  1  1.219
  1  0.890
  0  1.799
  1  0.945
  1  1.057
  1  1.657
  1  1.292
  1  1.117
  0  1.946
  1  1.252
  1  1.444
  0  1.383
  1  0.885
  0  1.257
  0  2.100
  1  0.942
  1  1.221
  1  1.217
  1  1.095
  1  1.067
  0  1.165
  1  0.948
  0  1.735
  1  1.751
  0  1.405
  1  0.934
  0  1.649
  1  1.872
  1  1.613
  1  1.192
  0  1.338
  0  1.176
  1  0.938
  0  1.261
  1  1.075
  1  1.444
  1  0.894
  1  0.885
  1  1.005
  0  1.596
  1  1.301
  1  1.438
  0  1.256
  1  0.942
  0  1.461
  0  1.090
  1  1.379
  0  1.398
  1  1.102
  1  1.693
  1  2.731
  1  1.152
  1  1.109
  0  1.084
  0  1.130
  0  2.432
  1  1.092
  1  1.305
  1  1.092
  0  1.024
  0  1.170
  1  1.000
  1  1.199
  1  1.235
  1  1.752
  0  1.374
  0  1.409
  1  1.029
  0  3.413
  0  2.246
  0  1.193
  1  1.351
  0  1.414
  1  2.246
  0  1.150
  0  1.660
  1  1.038
  0  1.760
  0  1.226
  1  2.228
  1  1.119
  0  1.491
  0  2.659
  0  1.632
  1  1.682
  1  1.802
  0  1.420
  1  1.018
  1  1.122
  0  1.167
  0  2.993
  0  1.336
  1  0.945
  1  1.220
  0  1.306
  0  1.017
  0  1.427
  0  1.567
  0  1.819
  0  1.196
  1  0.908
  0  1.448
  0  2.944
  1  1.208
  1  0.879
  1  1.738
  1  1.106
  1  2.209
  0  1.113
  0  1.904
  1  0.912
  0  2.908
  1  1.512
  0  1.182
  1  1.418
  1  0.938
  0  1.269
  1  0.960
  1  1.936
  1  0.994
  1  1.487
  0  1.498
  0  1.464
  1  0.893
  0  1.214
  0  1.419
  0  1.124
  1  1.486
  1  0.914
  1  1.622
  1  1.086
  1  1.262
  0  1.852
  0  1.300
  0  1.642
  1  1.041
  0  1.801
  0  1.207
  1  1.114
  0  1.259
  0  1.375
  1  1.174
  1  1.088
  1  1.494
  0  1.138
  1  1.054
  1  1.141
  1  1.043
  0  1.593
  1  1.024
  0  1.922
  1  1.198
  0  1.268
  0  1.398
  1  1.112
  1  0.934
  0  1.257
  1  1.122
  1  1.024
  0  1.140
  0  4.171
  1  1.004
  0  2.438
  1  2.039
  0  1.114
  1  1.355
