  1  2.721
  0  1.153
  0  1.214
  0  1.103
  0  1.161
  0  1.089
  0  1.099
  0  1.286
  0  1.097
  0  1.304
  0  1.227
  0  1.544
  0  1.118
  0  1.323
  0  1.019
  0  1.209
  0  1.042
  0  1.056
  0  1.023
  0  1.123
  0  1.105
  0  1.183
  0  1.104
  0  1.237
  0  1.182
  0  1.250
  0  1.251
  0  1.110
  0  1.074
  0  1.037
  0  1.334
  0  0.989
  0  1.108
  0  1.559
  0  1.243
  0  1.002
  0  1.419
  0  1.739
  0  1.187
  0  1.264
  0  1.155
  0  1.009
  0  1.130
  0  1.062
  0  1.071
  0  1.267
  0  1.310
  0  1.259
  0  1.140
  0  1.175
  0  1.192
  1  1.007
  0  1.112
  0  1.327
  0  1.037
  0  1.153
  0  1.103
  0  1.251
  0  1.120
  0  1.162
  0  1.245
  0  1.267
  0  1.254
  0  1.321
  0  1.177
  0  0.987
  0  1.021
  0  1.574
  0  1.143
  0  1.133
  0  0.970
  0  1.068
  0  1.089
  0  1.059
  0  1.067
  0  1.171
  0  1.333
  0  1.085
  0  1.226
  0  1.072
  0  1.068
  0  1.605
  0  1.060
  0  1.218
  0  1.357
  0  1.088
  0  1.052
  0  1.003
  0  1.112
  0  1.143
  0  1.042
  0  1.098
  0  1.134
  0  1.173
  0  1.167
  0  1.081
  0  1.054
  0  1.156
  0  1.360
  0  1.167
  0  1.187
  0  1.123
  0  1.172
  0  1.179
  0  1.077
  0  1.418
  1  1.021
  0  1.062
  0  1.152
  0  1.122
  0  1.222
  0  1.113
  0  1.155
  0  1.152
  0  1.308
  0  1.283
  0  1.058
  0  1.300
  0  1.123
  1  1.039
  0  1.237
  0  1.175
  0  1.365
  0  1.090
  0  1.270
  0  1.163
  0  1.121
  0  0.982
  0  1.065
  1  1.055
  0  1.196
  0  1.328
  0  1.021
  0  1.193
  0  1.057
  0  1.253
  0  1.412
  0  1.340
  0  1.031
  0  1.144
  0  1.860
  0  1.227
  0  2.242
  0  1.154
  0  1.413
  0  1.592
  0  1.235
  0  1.028
  0  1.091
  0  1.185
  0  1.377
  0  1.106
  0  1.101
  0  1.038
  0  1.789
  0  1.086
  0  1.224
  0  1.177
  0  1.216
  0  1.136
  0  1.747
  1  1.017
  0  1.320
  0  1.201
  0  1.173
  0  1.173
  0  1.359
  0  1.056
  0  0.976
  0  1.088
  0  1.450
  0  1.271
  1  0.968
  0  1.101
  0  1.081
  0  1.343
  0  1.236
  1  0.993
  0  0.981
  0  1.184
  0  1.141
  0  1.310
  0  1.027
  0  1.110
  0  1.120
  0  1.266
  0  0.999
  0  1.169
  0  1.298
  0  1.230
  0  1.124
  0  1.047
  0  0.971
  0  1.716
  0  1.026
  0  1.394
  0  1.082
  0  1.204
  0  0.993
  0  1.162
  0  1.347
  0  1.045
  0  1.066
  0  1.275
  0  1.290
  0  1.141
  0  1.036
  0  1.171
  0  1.084
  0  1.183
  0  1.220
  0  1.446
  0  1.165
  0  1.218
  1  1.199
  0  1.278
  0  1.633
  0  1.270
  0  1.229
  0  1.215
  0  1.051
  0  1.199
  0  1.266
  0  1.088
  0  1.495
  0  1.150
  1  0.956
  1  1.931
  0  1.460
  0  1.043
  0  1.282
  0  1.260
  0  1.037
  0  1.092
  0  1.360
  0  1.199
  0  1.304
  0  1.074
  0  1.051
  0  1.239
  0  1.079
  0  1.077
  0  1.257
  0  1.143
  0  1.300
  0  1.100
  0  1.106
  0  1.035
  0  1.980
  0  1.224
  0  1.094
  0  1.102
  0  1.059
  0  1.294
  0  1.121
  0  1.305
  0  1.303
  0  1.196
  0  1.039
  0  1.298
  1  0.990
  0  1.067
  0  1.379
  0  1.150
  0  1.267
  0  1.282
  0  1.396
  0  1.172
  0  1.315
  0  1.140
  1  0.976
  0  1.039
  0  1.033
  0  1.140
  0  1.431
  0  1.056
  0  1.231
  0  1.264
  0  1.198
  0  1.151
  0  1.154
  0  1.231
  0  1.253
  0  1.142
  1  1.179
  0  1.217
  1  1.614
  0  1.102
  1  1.275
  0  1.175
  0  1.115
  0  0.990
  0  1.046
  0  1.424
  0  1.245
  0  1.352
  0  1.146
  0  1.165
  0  1.237
  0  1.245
  0  1.096
  0  1.038
  0  1.124
  0  1.114
  0  1.088
  0  1.114
  0  1.436
  0  1.131
  0  1.166
  0  1.510
  0  1.057
  0  1.106
  0  1.070
  0  1.130
  0  1.192
  0  1.235
  0  2.173
  0  1.020
  0  1.083
  0  1.181
  0  1.183
  0  1.130
  0  1.188
  0  1.639
  0  1.347
  0  1.004
  0  1.405
  0  1.203
  0  1.177
  0  1.171
  0  1.243
  0  1.142
  0  1.008
  0  0.977
  0  1.186
  0  1.111
  0  1.361
  0  1.186
  0  1.163
  0  1.079
  0  1.093
  0  1.102
  0  1.144
  0  1.023
  0  1.291
  0  1.240
  0  1.054
  0  1.197
  0  1.034
  0  1.028
  0  1.915
  0  1.181
  0  1.210
  0  1.216
  0  1.125
  0  1.162
  0  1.097
  0  1.378
  0  1.120
  0  1.114
  0  1.250
  0  1.199
  0  1.099
  0  1.170
  0  1.102
  0  1.025
  0  1.181
  0  1.337
  0  1.903
  0  1.243
  0  1.094
  0  1.154
  0  1.080
  0  1.148
  0  1.243
  0  1.147
  0  1.059
  0  1.295
  0  1.114
  1  1.106
  0  1.187
  0  1.274
  0  1.137
  0  1.063
  0  1.169
  0  1.082
  0  1.078
  0  1.032
  0  1.257
  0  1.596
  0  1.122
  0  1.029
  1  2.034
  0  1.528
  0  1.095
  0  1.220
  0  1.227
  0  1.159
  0  1.202
  0  1.201
  0  1.134
  0  1.239
  0  1.166
  0  1.178
  0  1.220
  0  1.267
  0  1.371
  0  1.264
  0  1.294
  0  1.299
  0  1.068
  0  1.260
  0  1.260
  0  1.119
  0  1.176
  0  1.199
  0  1.274
  0  1.210
  0  1.220
  0  1.080
  0  1.118
  0  1.234
  0  1.210
  0  0.959
  1  1.039
  0  1.003
  0  0.975
  0  1.395
  0  1.159
  0  1.287
  0  1.109
  0  1.071
  0  1.087
  0  1.305
  0  2.070
  0  1.454
  0  1.105
  0  1.115
  0  1.932
  0  1.329
  0  1.110
  0  1.103
  0  1.227
  0  1.077
  1  0.974
  0  1.115
  0  1.083
  0  1.191
  1  1.218
  0  1.104
  0  1.028
  0  1.471
  0  1.260
  0  1.432
  0  1.080
  0  1.151
  0  1.282
  0  1.124
  0  1.164
  0  0.949
  0  1.195
  0  1.202
  0  1.131
  0  1.129
  0  1.205
  0  1.397
  1  0.979
  0  1.259
  0  1.155
  0  1.173
  0  1.074
  0  1.087
  0  1.083
  0  1.006
  0  1.101
  0  1.155
  0  1.333
  0  1.003
  0  1.815
  0  1.109
  0  1.072
  0  1.258
  0  1.395
  0  1.137
  0  1.280
  0  1.191
  0  1.066
  0  1.137
  0  1.259
  0  1.025
  0  1.246
  0  1.367
  1  0.996
  0  1.116
  0  1.237
  0  1.166
  0  1.195
  0  1.327
  0  1.089
  0  1.080
