  1  0.661
  1  0.779
  1  0.626
  0  0.724
  1  0.883
  1  2.279
  1  0.673
  1  0.643
  1  0.844
  0  1.728
  0  1.231
  1  0.514
  1  0.640
  1  1.444
  0  0.753
  1  0.916
  1  0.597
  1  0.795
  1  0.633
  1  0.539
  1  2.258
  1  0.578
  1  0.882
  1  0.790
  1  0.753
  1  0.582
  1  1.044
  1  0.564
  1  0.587
  1  2.133
  1  0.648
  1  1.579
  1  0.851
  1  0.552
  1  0.971
  1  0.986
  1  0.629
  1  0.571
  1  0.556
  1  1.347
  1  1.498
  1  0.674
  1  0.540
  0  0.929
  0  1.109
  1  0.707
  1  0.610
  1  0.717
  1  0.741
  1  0.925
  1  0.517
  1  0.689
  1  0.595
  1  0.759
  1  1.191
  1  0.928
  1  0.567
  1  0.615
  1  0.838
  1  1.004
  1  0.775
  0  1.593
  1  0.692
  1  1.440
  1  0.525
  1  0.983
  1  0.615
  1  0.739
  1  0.562
  0  3.384
  1  0.557
  1  0.717
  0  0.695
  1  0.560
  1  0.689
  1  0.722
  1  1.039
  1  0.737
  1  0.856
  1  0.541
  1  0.566
  1  0.927
  0  1.010
  1  0.612
  1  0.792
  1  0.993
  1  0.592
  1  0.664
  1  0.797
  1  0.956
  1  0.526
  1  1.596
  1  0.817
  1  1.540
  0  1.000
  1  0.886
  1  0.711
  1  0.790
  1  0.517
  1  0.611
  0  1.147
  1  0.722
  1  1.333
  0  3.479
  1  0.753
  1  0.883
  1  0.581
  1  0.540
  1  0.568
  1  0.627
  1  0.648
  1  0.582
  1  0.506
  1  0.793
  1  0.615
  1  0.689
  1  1.432
  1  0.651
  1  0.797
  1  1.357
  1  0.659
  1  0.977
  1  0.589
  1  0.815
  1  0.653
  1  0.879
  1  0.798
  1  0.856
  1  0.640
  1  1.807
  1  1.110
  1  0.660
  1  0.645
  1  1.177
  1  0.539
  0  0.942
  0  0.902
  1  0.657
  1  0.572
  1  0.971
  0  1.367
  1  0.966
  1  0.801
  1  0.815
  1  0.705
  1  0.608
  0  1.267
  1  0.554
  1  0.557
  1  1.441
  0  1.788
  1  0.563
  1  0.554
  1  0.680
  1  1.416
  0  1.638
  1  0.746
  1  0.547
  1  1.484
  1  1.197
  1  0.846
  1  0.665
  1  0.604
  1  0.645
  1  0.915
  1  1.696
  1  0.740
  1  1.732
  1  0.563
  1  0.724
  1  0.632
  1  0.860
  1  1.964
  1  0.651
  1  0.627
  1  0.642
  1  1.401
  0  1.046
  0  1.874
  1  0.725
  1  1.977
  1  0.789
  1  0.785
  1  0.859
  1  1.014
  1  0.727
  1  1.407
  1  0.817
  0  0.875
  1  0.667
  1  0.549
  0  1.190
  1  0.808
  1  0.692
  1  0.962
  1  1.216
  1  0.637
  1  0.576
  1  0.907
  1  0.682
  1  0.620
  1  2.040
  1  0.690
  1  0.736
  1  0.558
  1  0.795
  1  1.004
  1  1.134
  1  0.708
  1  0.985
  1  0.974
  1  0.680
  1  0.824
  1  0.683
  1  0.685
  1  0.739
  1  0.578
  0  0.931
  1  0.902
  1  0.607
  1  1.023
  1  0.583
  1  1.261
  1  1.240
  1  0.534
  1  0.565
  1  0.504
  1  0.612
  1  0.816
  0  1.524
  1  0.587
  0  0.996
  0  1.459
  1  0.558
  1  0.571
  0  0.603
  1  1.922
  1  0.843
  1  1.353
  1  0.875
  0  1.403
  1  0.806
  1  1.290
  1  0.744
  1  1.257
  0  1.077
  1  0.995
  1  0.795
  1  0.627
  1  0.808
  0  1.444
  1  0.769
  0  1.042
  1  0.897
  1  1.508
  1  0.790
  1  0.550
  1  0.705
  1  1.092
  1  0.743
  1  0.627
  1  0.636
  1  1.480
  1  0.642
  0  1.241
  1  0.654
  1  0.617
  1  0.619
  0  1.038
  1  0.733
  0  1.224
  1  0.547
  1  0.603
  1  0.568
  1  0.552
  0  2.312
  1  0.760
  1  0.529
  1  1.834
  1  0.793
  1  0.601
  1  0.589
  1  1.773
  0  3.418
  0  1.040
  0  0.912
  1  0.665
  1  0.721
  1  0.860
  0  1.007
  1  0.617
  1  0.667
  0  2.385
  1  0.714
  1  0.775
  1  0.551
  1  0.608
  1  1.029
  1  1.156
  1  0.666
  1  1.124
  1  0.568
  1  0.735
  1  0.929
  0  3.975
  1  0.522
  1  0.611
  1  0.985
  1  0.629
  1  0.610
  1  1.420
  1  0.620
  1  0.786
  1  1.468
  1  0.612
  1  0.498
  1  0.679
  1  0.783
  1  0.660
  1  0.638
  1  0.682
  1  0.585
  1  0.580
  0  1.133
  1  1.073
  1  1.043
  1  0.908
  1  0.820
  1  0.604
  1  0.913
  1  0.676
  0  1.248
  1  0.982
  1  0.958
  1  1.184
  1  0.675
  1  0.549
  1  0.808
  1  0.527
  1  1.669
  1  0.544
  1  1.154
  0  0.998
  1  0.750
  1  0.595
  1  0.712
  0  0.810
  1  0.702
  0  0.929
  1  0.587
  1  1.438
  1  0.686
  1  1.074
  1  0.762
  1  0.910
  1  0.912
  1  1.300
  1  0.598
  1  0.536
  0  1.148
  1  0.593
  1  0.884
  1  0.626
  1  0.667
  1  0.541
  1  0.654
  0  1.327
  1  0.779
  1  0.547
  1  0.525
  0  2.372
  1  0.505
  1  0.555
  1  0.607
  1  0.550
  1  0.784
  1  0.604
  1  0.843
  1  0.632
  1  0.715
  1  0.684
  1  0.595
  1  0.705
  1  0.611
  1  1.032
  1  0.620
  1  1.196
  1  0.576
  1  0.670
  1  0.602
  1  0.524
  1  0.687
  1  0.659
  1  0.715
  1  0.555
  1  0.738
  0  1.210
  1  0.646
  1  0.595
  1  0.635
  1  0.640
  1  0.921
  1  1.143
  1  0.708
  1  0.617
  1  1.044
  1  0.610
  1  0.542
  0  1.031
  1  0.922
  1  0.598
  1  0.613
  1  0.715
  1  0.559
  1  0.738
  1  0.819
  1  0.730
  1  0.755
  1  0.858
  1  0.995
  0  0.774
  1  1.002
  1  0.710
  1  0.803
  1  0.603
  0  0.958
  1  0.656
  1  1.996
  1  1.006
  1  0.935
  1  1.163
  1  1.382
  1  0.548
  1  1.578
  1  0.560
  1  0.677
  1  1.255
  1  0.638
  1  0.677
  1  0.630
  1  0.591
  1  0.632
  1  3.001
  1  0.573
  1  1.517
  0  1.331
  1  0.582
  0  0.826
  0  4.109
  1  0.598
  1  1.234
  1  0.736
  0  0.683
  1  0.702
  0  1.218
  1  0.559
  1  0.717
  1  1.257
  1  0.533
  1  0.740
  1  0.595
  1  0.685
  1  0.657
  1  0.976
  1  0.924
  1  0.701
  1  0.717
  1  0.916
  1  0.587
  1  0.546
  1  1.736
  1  0.664
  1  1.103
  1  0.723
  1  0.631
  1  0.633
  0  0.977
  1  0.612
  1  0.646
  1  0.805
  1  0.615
  1  0.682
  1  1.646
  1  0.658
  1  0.514
  1  0.825
  1  1.612
  1  2.087
  1  0.636
  1  0.696
  1  0.615
  1  0.529
  1  1.855
  1  1.002
  1  1.037
  1  1.084
  0  1.031
  1  0.685
  1  0.747
  1  0.603
