  0  0.232
  0  0.453
  0  0.423
  0  0.381
  0  0.484
  0  0.564
  0  0.499
  1  0.437
  0  0.396
  0  0.414
  0  0.252
  0  0.951
  0  1.221
  0  0.472
  0  0.470
  0  0.934
  0  0.518
  0  0.362
  0  0.449
  1  0.857
  0  0.341
  0  0.463
  0  0.493
  0  0.649
  0  0.465
  0  0.420
  0  0.533
  0  0.374
  0  0.428
  0  1.102
  0  0.237
  0  0.522
  1  0.429
  0  0.530
  0  0.531
  0  0.276
  0  0.386
  0  0.318
  0  0.281
  0  0.343
  0  0.630
  0  0.481
  1  0.300
  0  0.337
  0  0.520
  0  0.980
  0  0.381
  0  0.337
  0  1.062
  1  0.379
  0  0.597
  0  0.878
  0  0.654
  0  0.459
  0  1.441
  0  0.421
  0  0.445
  0  0.350
  0  0.242
  0  0.739
  0  0.510
  0  0.268
  0  0.481
  0  0.312
  0  0.560
  0  0.400
  0  0.321
  0  0.347
  1  0.543
  0  0.363
  0  0.496
  0  0.269
  0  0.581
  0  0.638
  0  0.518
  0  0.286
  0  0.379
  0  0.375
  0  0.341
  0  0.434
  0  0.401
  0  0.826
  0  0.886
  0  0.829
  0  0.299
  0  0.515
  0  0.550
  0  0.595
  0  0.634
  0  0.439
  1  0.469
  0  0.685
  1  0.877
  0  0.334
  0  0.278
  0  0.357
  0  0.301
  0  0.411
  0  0.610
  0  0.423
  0  1.120
  0  0.363
  1  2.081
  0  0.252
  1  0.615
  0  0.369
  1  1.011
  0  0.448
  1  0.289
  0  0.257
  0  1.239
  0  1.242
  0  0.241
  0  0.449
  1  2.671
  0  0.270
  0  0.608
  0  0.695
  0  0.794
  0  0.594
  0  0.248
  0  1.834
  0  0.271
  0  0.676
  0  0.327
  1  0.562
  0  0.408
  0  0.511
  0  0.671
  1  0.490
  0  0.570
  1  0.859
  0  0.884
  0  0.376
  1  1.009
  0  0.224
  0  0.531
  0  0.337
  0  0.339
  0  0.410
  0  0.475
  0  0.384
  0  0.331
  0  0.846
  0  0.473
  0  0.498
  0  0.413
  0  0.900
  0  0.352
  0  2.281
  0  0.368
  0  0.913
  0  0.416
  0  0.429
  0  1.079
  0  0.640
  0  0.405
  0  0.440
  0  0.506
  0  0.389
  0  0.332
  1  0.341
  0  0.404
  1  1.227
  0  0.589
  0  0.807
  0  0.259
  0  0.362
  0  0.510
  0  0.396
  0  0.303
  0  0.476
  0  0.339
  0  0.398
  0  0.320
  0  0.770
  0  0.689
  0  0.356
  1  0.421
  0  0.804
  0  0.697
  0  0.593
  0  0.365
  0  0.545
  0  0.293
  0  0.364
  0  0.290
  0  0.300
  0  0.389
  1  0.500
  0  0.750
  0  0.377
  0  0.677
  1  0.509
  0  0.293
  0  0.500
  0  0.458
  0  0.535
  0  0.256
  0  0.357
  0  0.591
  0  0.405
  0  0.532
  0  0.369
  0  0.571
  0  0.401
  1  1.227
  0  0.402
  0  0.428
  0  0.628
  0  0.271
  0  0.372
  0  0.492
  0  0.285
  0  0.577
  0  0.618
  0  0.483
  0  0.416
  0  0.330
  0  0.306
  0  0.388
  0  0.347
  0  0.352
  0  0.326
  0  0.230
  0  0.683
  0  1.253
  0  0.552
  0  0.457
  0  0.595
  0  0.437
  0  0.535
  0  1.659
  0  2.092
  0  0.299
  0  0.324
  0  0.280
  0  0.295
  0  2.213
  0  0.343
  0  0.422
  0  0.212
  0  0.598
  1  1.460
  0  0.649
  0  0.426
  0  0.629
  0  0.563
  0  0.377
  0  0.339
  0  0.369
  0  0.655
  0  0.286
  0  0.433
  0  0.664
  0  0.720
  0  0.365
  0  0.266
  0  0.512
  0  0.409
  1  0.506
  0  0.472
  0  0.317
  0  0.529
  0  0.384
  0  0.637
  0  0.404
  0  0.372
  0  0.323
  0  1.374
  0  0.612
  1  1.209
  0  0.303
  0  0.938
  0  0.538
  0  0.285
  0  0.332
  0  0.520
  0  0.981
  0  0.386
  0  0.452
  0  0.534
  0  0.436
  0  0.403
  0  0.502
  0  0.341
  0  0.417
  0  0.436
  0  0.954
  0  0.418
  0  0.649
  0  0.390
  0  0.443
  0  0.442
  0  0.243
  0  0.326
  0  0.418
  0  0.382
  0  0.277
  0  0.708
  0  0.317
  0  0.286
  0  0.279
  0  0.693
  0  0.497
  0  0.661
  0  0.807
  0  0.400
  0  0.338
  0  0.430
  0  0.338
  0  0.544
  0  1.423
  0  0.377
  1  0.776
  0  0.446
  0  0.505
  0  0.438
  0  1.121
  0  0.467
  0  0.275
  0  1.210
  0  0.383
  0  0.386
  0  0.345
  0  0.408
  0  0.275
  0  0.547
  0  0.873
  0  0.398
  0  0.455
  0  0.335
  1  0.774
  0  0.552
  0  0.558
  0  0.538
  0  0.530
  0  0.432
  0  0.673
  0  0.396
  0  1.186
  0  0.758
  1  1.441
  0  0.553
  0  0.391
  0  0.389
  0  0.342
  0  0.324
  0  0.347
  0  0.673
  0  0.348
  0  0.350
  0  0.268
  0  0.545
  0  0.767
  0  0.432
  0  0.778
  0  0.992
  0  0.305
  0  0.381
  0  0.573
  0  0.580
  0  0.325
  0  0.578
  0  0.555
  0  0.697
  0  0.610
  0  0.297
  0  0.369
  0  0.273
  0  0.197
  0  0.442
  0  0.464
  0  0.339
  0  1.231
  0  0.521
  0  0.424
  0  0.346
  0  0.451
  0  0.437
  0  0.496
  0  0.300
  0  0.848
  0  0.463
  0  0.479
  0  0.661
  0  0.309
  0  0.260
  1  1.156
  1  1.717
  0  0.357
  0  0.567
  0  0.397
  0  0.612
  0  0.376
  1  0.373
  0  0.775
  0  0.688
  0  0.688
  0  1.338
  0  0.808
  0  0.304
  1  1.373
  0  0.446
  0  0.337
  0  1.020
  0  0.768
  0  0.606
  0  0.220
  0  0.734
  0  0.693
  0  0.812
  0  0.435
  0  0.339
  0  0.262
  1  1.185
  0  0.418
  0  0.343
  0  0.285
  0  0.651
  0  0.806
  0  0.277
  0  0.366
  0  0.388
  0  0.269
  0  0.449
  0  0.465
  0  0.288
  0  0.673
  0  0.405
  0  0.385
  1  1.192
  0  0.588
  0  0.497
  0  0.356
  0  0.451
  0  0.383
  0  0.448
  0  0.846
  0  0.376
  0  0.284
  0  0.458
  0  0.572
  0  0.496
  0  0.585
  0  1.093
  0  1.503
  0  0.349
  0  0.823
  0  0.283
  0  0.554
  0  0.370
  0  0.439
  0  0.380
  0  0.462
  0  0.446
  0  0.291
  0  0.377
  0  0.589
  1  0.756
  1  1.224
  0  0.331
  0  0.335
  0  0.599
  0  0.374
  0  0.380
  0  1.000
  0  0.325
  0  1.086
  1  0.545
  0  0.367
  0  0.487
  0  0.338
  0  0.517
  0  0.410
  0  0.344
  0  0.374
  0  0.525
  0  0.988
  0  0.357
  0  0.732
  0  0.637
  0  0.333
  0  0.476
  0  0.512
  1  0.554
  0  0.531
  0  0.386
  0  0.426
  0  0.780
  0  0.607
  0  0.619
  0  0.285
  0  1.663
  0  0.327
  0  0.363
  0  0.562
  0  0.337
  0  0.573
  0  0.522
