  0  1.173
  1  1.042
  0  1.009
  1  1.387
  1  1.077
  1  1.282
  1  1.147
  1  1.358
  1  1.104
  1  1.333
  1  1.220
  0  1.025
  1  1.090
  1  1.061
  1  1.152
  0  1.111
  0  1.129
  1  1.073
  1  1.026
  1  1.406
  1  1.114
  1  1.156
  1  1.008
  1  1.174
  1  1.119
  1  1.183
  1  1.079
  1  1.096
  0  0.997
  1  1.272
  1  1.350
  1  1.108
  1  1.587
  1  1.029
  1  1.513
  1  1.155
  1  1.273
  1  1.339
  1  1.451
  1  1.531
  1  1.258
  1  1.449
  0  1.056
  1  1.351
  1  1.164
  1  1.067
  1  1.122
  1  1.053
  1  1.064
  1  1.295
  1  1.212
  1  1.152
  0  1.270
  1  1.218
  1  1.191
  1  1.073
  1  1.365
  1  1.181
  1  1.136
  1  1.215
  1  1.252
  1  1.099
  1  1.110
  1  1.042
  1  0.991
  1  1.325
  1  1.186
  1  1.182
  1  1.023
  1  1.108
  1  1.239
  1  1.136
  1  1.371
  0  1.099
  1  0.994
  1  1.180
  1  1.093
  1  1.176
  0  1.080
  1  1.261
  1  1.136
  1  1.453
  1  1.089
  1  1.343
  1  1.112
  1  1.152
  0  1.050
  1  1.180
  1  1.300
  1  1.250
  1  1.230
  1  1.185
  1  1.330
  1  1.104
  1  1.212
  1  1.165
  1  1.175
  1  1.446
  0  1.221
  1  1.132
  0  0.939
  1  1.204
  1  0.983
  1  1.407
  1  1.187
  1  1.252
  1  1.218
  1  1.267
  1  1.455
  1  1.123
  1  1.066
  1  1.089
  1  1.186
  1  1.335
  0  1.091
  1  1.347
  1  1.226
  1  1.181
  1  1.070
  1  1.233
  1  1.257
  1  1.297
  1  1.224
  1  1.253
  1  1.051
  1  1.468
  1  1.327
  1  1.160
  1  1.202
  1  1.040
  1  1.173
  1  1.212
  1  1.241
  1  1.245
  0  1.205
  1  1.124
  1  1.161
  1  1.132
  1  1.060
  1  1.075
  1  1.116
  1  1.356
  1  1.213
  1  1.020
  1  1.494
  1  1.240
  1  1.257
  1  1.086
  1  1.234
  1  1.094
  1  1.248
  0  1.159
  1  1.266
  1  1.132
  1  1.381
  1  1.195
  1  1.117
  1  1.226
  1  1.215
  1  1.142
  1  1.327
  1  1.168
  1  1.209
  1  1.145
  0  1.348
  1  1.438
  0  1.274
  1  1.221
  1  1.180
  1  1.138
  1  1.498
  1  1.224
  1  1.153
  1  1.068
  0  1.028
  1  1.196
  1  1.032
  1  1.438
  1  1.194
  1  1.141
  1  1.132
  1  1.189
  1  1.292
  1  1.254
  0  1.081
  1  1.116
  1  1.072
  1  1.135
  1  1.197
  1  1.116
  1  1.643
  1  1.168
  1  1.161
  0  1.085
  1  1.089
  1  1.139
  1  1.163
  1  1.312
  1  1.606
  1  1.212
  1  1.200
  1  1.134
  1  1.167
  1  1.388
  1  1.420
  1  1.144
  1  1.321
  1  1.491
  1  1.159
  1  1.236
  1  1.063
  1  0.983
  1  1.131
  1  1.262
  1  1.168
  1  1.232
  1  1.157
  1  1.191
  1  1.120
  1  1.156
  1  1.438
  1  1.048
  1  1.137
  1  1.003
  1  1.232
  1  1.079
  1  1.097
  1  1.252
  1  1.194
  1  1.332
  1  1.064
  1  1.248
  1  1.078
  1  1.125
  1  1.138
  1  1.362
  1  1.049
  1  1.226
  1  1.360
  1  1.398
  1  1.208
  1  1.070
  1  1.236
  1  1.195
  1  1.168
  1  1.091
  1  1.300
  1  1.174
  1  1.293
  1  1.243
  1  1.105
  1  1.069
  1  1.192
  1  1.144
  1  1.124
  1  1.229
  1  1.221
  1  1.216
  1  1.151
  1  1.225
  1  1.147
  1  1.136
  1  1.124
  1  1.318
  1  1.582
  0  1.054
  1  1.271
  1  1.338
  1  1.335
  1  1.146
  1  1.470
  1  0.986
  1  1.166
  1  1.131
  1  1.310
  1  1.014
  1  1.021
  1  1.050
  1  1.152
  1  1.420
  1  1.017
  1  1.098
  1  1.199
  1  1.374
  1  1.115
  1  1.122
  1  1.060
  1  1.135
  1  1.184
  1  1.409
  1  1.040
  1  1.014
  1  1.417
  1  1.096
  1  1.215
  1  1.026
  1  1.129
  1  1.085
  1  1.263
  1  1.248
  1  1.060
  1  1.125
  1  1.342
  1  1.110
  1  1.125
  1  1.142
  1  1.195
  1  1.095
  1  1.024
  0  1.130
  1  1.364
  1  1.030
  1  1.341
  1  1.134
  1  1.050
  0  1.044
  1  1.302
  1  1.086
  1  1.232
  1  1.197
  1  1.066
  1  1.399
  0  1.029
  1  1.197
  1  1.250
  1  1.115
  0  1.042
  1  1.345
  1  1.361
  1  1.259
  1  1.281
  1  1.232
  1  1.177
  1  1.141
  1  1.132
  1  1.114
  1  1.055
  1  1.256
  1  1.068
  1  1.283
  1  1.069
  1  1.458
  1  1.255
  1  1.431
  1  1.096
  1  1.346
  1  1.222
  1  1.022
  1  1.232
  1  1.337
  1  1.264
  1  1.249
  1  1.168
  1  1.168
  1  1.312
  1  1.633
  0  1.104
  1  1.289
  1  1.463
  1  1.165
  1  1.190
  1  1.481
  1  1.102
  1  1.081
  1  1.242
  1  1.037
  1  1.254
  1  1.174
  1  1.223
  1  1.153
  1  1.337
  1  1.066
  1  1.178
  1  1.450
  1  1.099
  1  1.227
  1  1.168
  1  1.465
  1  1.185
  1  1.104
  1  1.174
  1  1.192
  1  1.348
  1  1.278
  1  1.174
  1  1.296
  1  1.386
  0  1.105
  1  1.289
  1  1.116
  1  1.333
  1  1.584
  1  1.269
  1  1.258
  1  1.101
  1  1.064
  1  1.237
  1  1.051
  1  1.036
  1  1.295
  1  1.231
  1  1.255
  1  1.116
  1  1.122
  0  1.117
  1  1.309
  1  1.439
  1  1.042
  1  1.187
  1  1.349
  1  1.337
  1  1.166
  1  1.195
  1  1.118
  0  1.201
  1  1.383
  1  1.199
  1  1.300
  1  1.363
  1  1.092
  1  1.162
  1  1.486
  1  1.278
  1  1.118
  1  0.990
  1  1.227
  0  1.058
  1  1.198
  1  1.139
  0  1.212
  1  1.276
  1  1.311
  1  1.065
  1  1.117
  0  1.217
  1  1.640
  1  1.521
  1  1.039
  1  1.212
  1  1.051
  1  1.146
  1  1.532
  1  1.283
  1  1.163
  1  1.222
  1  1.137
  1  1.106
  1  1.057
  1  1.281
  1  1.172
  1  1.271
  1  1.271
  1  1.231
  1  1.000
  1  1.362
  1  1.425
  1  1.301
  1  1.172
  1  1.075
  1  0.977
  1  1.169
  1  1.406
  0  1.226
  1  1.317
  0  1.032
  1  1.241
  1  1.484
  1  1.249
  1  1.041
  1  1.055
  1  1.284
  0  0.988
  1  1.329
  1  1.388
  1  1.070
  1  1.182
  1  1.373
  1  1.255
  1  1.033
  1  1.137
  1  1.545
  1  1.266
  1  1.320
  1  1.193
  1  1.050
  1  1.342
  1  1.214
  0  1.031
  0  1.053
  1  1.529
  1  1.143
  1  1.212
  1  1.020
  0  1.027
  1  1.569
  1  1.253
  1  1.382
  1  1.084
  1  1.216
  1  1.098
