  0  1.736
  0  1.315
  0  1.460
  1  1.120
  0  1.249
  0  1.023
  0  1.141
  1  1.071
  0  1.204
  1  1.020
  0  1.066
  0  1.473
  0  1.226
  0  1.279
  0  1.134
  0  1.590
  0  1.630
  0  1.257
  0  1.345
  1  1.152
  0  1.187
  0  1.129
  0  1.377
  0  1.108
  0  1.180
  0  1.098
  0  1.246
  0  1.216
  0  1.452
  0  1.030
  1  1.057
  0  1.197
  1  1.508
  0  1.339
  1  1.356
  0  1.131
  0  1.029
  1  1.036
  1  1.233
  1  1.391
  0  1.038
  1  1.230
  0  1.505
  1  1.060
  0  1.119
  0  1.267
  0  1.176
  0  1.294
  0  1.272
  0  1.014
  0  1.072
  0  1.134
  0  1.961
  0  1.067
  0  1.091
  0  1.256
  1  1.082
  0  1.101
  0  1.155
  0  1.070
  0  1.043
  0  1.211
  0  1.193
  0  1.315
  0  1.401
  0  0.988
  0  1.096
  0  1.100
  0  1.351
  0  1.196
  0  1.051
  0  1.155
  1  1.092
  0  1.567
  0  1.397
  0  1.102
  0  1.221
  0  1.106
  0  1.536
  0  1.037
  0  1.155
  1  1.238
  0  1.228
  1  1.045
  0  1.190
  0  1.134
  0  1.498
  0  1.102
  0  1.011
  0  1.044
  0  1.058
  0  1.097
  0  0.968
  0  1.203
  0  1.072
  0  1.119
  0  1.107
  1  1.224
  0  1.848
  0  1.161
  0  1.430
  0  1.079
  0  1.408
  1  1.154
  0  1.095
  0  1.043
  0  1.067
  0  1.033
  1  1.240
  0  1.174
  0  1.268
  0  1.228
  0  1.096
  1  1.027
  0  1.553
  1  1.053
  0  1.061
  0  1.101
  0  1.263
  0  1.056
  0  1.039
  0  1.013
  0  1.062
  0  1.042
  0  1.299
  1  1.267
  0  0.983
  0  1.124
  0  1.081
  0  1.319
  0  1.109
  0  1.072
  0  1.050
  0  1.047
  0  1.812
  0  1.172
  0  1.123
  0  1.160
  0  1.281
  0  1.253
  0  1.183
  1  1.067
  0  1.071
  0  1.356
  1  1.318
  0  1.051
  0  1.039
  0  1.233
  0  1.055
  0  1.219
  0  1.045
  0  1.702
  0  1.033
  0  1.160
  1  1.110
  0  1.087
  0  1.182
  0  1.061
  0  1.070
  0  1.146
  0  0.983
  0  1.115
  0  1.075
  0  1.143
  0  2.131
  1  1.210
  0  1.969
  0  1.065
  0  1.102
  0  1.153
  1  1.325
  0  1.063
  0  1.132
  0  1.266
  0  1.475
  0  1.086
  0  1.335
  1  1.210
  0  1.088
  0  1.148
  0  1.160
  0  1.093
  0  1.017
  0  1.041
  0  1.537
  0  1.184
  0  1.258
  0  1.157
  0  1.085
  0  1.184
  1  1.629
  0  1.115
  0  1.123
  0  1.544
  0  1.228
  0  1.151
  0  1.121
  0  1.002
  1  1.550
  0  1.072
  0  1.083
  0  1.158
  0  1.117
  1  1.120
  1  1.177
  0  1.144
  0  0.993
  1  1.310
  0  1.126
  0  1.054
  0  1.275
  0  1.409
  0  1.161
  0  1.036
  0  1.115
  0  1.057
  0  1.128
  0  1.091
  0  1.178
  0  1.128
  1  1.209
  0  1.303
  0  1.154
  0  1.384
  0  1.057
  0  1.246
  0  1.214
  0  1.043
  0  1.088
  1  1.018
  0  1.273
  0  1.045
  0  1.247
  0  1.170
  0  1.152
  1  1.077
  0  1.302
  0  1.061
  1  1.075
  1  1.138
  0  1.076
  0  1.262
  0  1.054
  0  1.087
  0  1.115
  0  1.224
  0  1.011
  0  1.108
  0  1.016
  0  1.049
  0  1.201
  0  1.264
  0  1.090
  0  1.144
  0  1.173
  0  1.059
  0  1.065
  0  1.069
  0  1.135
  0  1.062
  0  1.140
  0  1.155
  0  1.172
  0  0.997
  1  1.499
  0  1.502
  0  1.030
  1  1.033
  1  1.027
  0  1.142
  1  1.270
  0  1.406
  0  1.118
  0  1.161
  0  1.004
  0  1.367
  0  1.355
  0  1.300
  0  1.134
  1  1.177
  0  1.361
  0  1.213
  0  1.083
  1  1.098
  0  1.186
  0  1.175
  0  1.281
  0  1.156
  0  1.098
  1  1.156
  0  1.319
  0  1.366
  1  1.171
  0  1.217
  0  1.070
  0  1.345
  0  1.165
  0  1.235
  0  1.035
  0  1.045
  0  1.281
  0  1.171
  1  1.042
  0  1.193
  0  1.171
  0  1.146
  0  1.087
  0  1.218
  0  1.349
  0  1.632
  1  1.080
  0  1.338
  1  1.041
  0  1.158
  0  1.301
  0  1.491
  0  1.010
  0  1.233
  0  1.056
  0  1.085
  0  1.269
  1  1.139
  0  1.477
  0  1.085
  0  1.044
  0  1.185
  0  1.489
  1  1.049
  1  1.075
  0  1.038
  0  1.023
  0  1.056
  0  1.105
  0  1.148
  0  1.161
  0  1.187
  0  1.290
  0  1.040
  0  1.266
  0  1.022
  0  1.264
  1  1.247
  0  1.040
  1  1.195
  0  1.216
  1  1.050
  0  1.064
  0  1.352
  0  1.056
  1  1.032
  0  1.034
  0  1.044
  0  1.115
  0  1.114
  0  1.002
  1  1.608
  0  1.576
  0  1.019
  1  1.257
  0  1.119
  0  1.092
  1  1.292
  0  1.206
  0  1.242
  0  1.049
  0  1.325
  0  1.041
  0  1.108
  0  1.063
  0  1.133
  1  1.031
  0  1.270
  0  1.104
  1  1.231
  0  1.212
  0  1.061
  0  1.115
  1  1.260
  0  1.096
  0  1.203
  0  1.108
  0  1.090
  1  1.054
  0  1.026
  0  1.108
  0  1.014
  1  1.118
  0  1.578
  0  1.018
  0  1.185
  1  1.020
  1  1.502
  0  1.032
  0  1.038
  0  1.207
  0  1.273
  0  1.053
  0  1.298
  0  1.327
  0  1.015
  0  1.057
  0  1.040
  0  1.184
  0  1.175
  0  1.602
  0  1.004
  1  1.211
  0  1.315
  0  1.095
  1  1.055
  1  1.033
  0  1.117
  0  1.088
  0  1.181
  0  1.802
  1  1.112
  0  1.083
  0  1.011
  1  1.079
  0  1.223
  0  1.122
  1  1.302
  0  1.025
  0  1.181
  0  1.402
  0  1.061
  0  1.507
  0  1.084
  0  1.150
  0  1.828
  0  1.027
  0  1.003
  0  1.271
  0  1.183
  0  1.840
  1  1.622
  1  1.372
  0  1.320
  0  1.072
  0  1.298
  0  1.141
  1  1.395
  0  1.023
  0  1.120
  0  1.064
  0  1.154
  0  1.199
  0  1.286
  0  1.024
  0  1.111
  0  1.030
  0  1.030
  0  1.058
  0  1.389
  1  1.078
  1  1.186
  0  1.010
  0  1.110
  0  1.252
  0  1.414
  0  1.114
  1  1.152
  0  1.861
  0  0.998
  0  1.479
  0  1.050
  1  1.297
  0  1.045
  0  1.316
  0  1.291
  0  1.022
  0  1.447
  0  0.976
  1  1.121
  0  1.261
  0  1.100
  1  1.095
  0  1.040
  0  1.333
  0  1.154
  1  1.421
  0  1.033
  0  0.994
  0  1.089
  0  1.300
  1  1.043
  0  1.071
  0  1.478
  0  1.500
  1  1.388
  0  1.146
  0  1.072
  0  1.357
  0  1.475
  1  1.470
  0  1.042
  1  1.111
  0  1.237
  0  1.069
  0  1.213
