  1  1.039
  1  0.862
  1  1.339
  1  0.956
  1  0.981
  1  0.945
  1  0.976
  1  1.266
  1  1.138
  1  0.914
  1  1.111
  1  0.956
  1  1.342
  1  0.883
  1  1.263
  1  1.044
  1  1.124
  1  1.372
  1  1.063
  1  1.186
  1  1.052
  0  1.014
  1  0.802
  1  0.964
  1  0.839
  1  0.895
  1  1.231
  1  0.942
  1  1.198
  1  0.930
  1  1.122
  1  0.865
  0  0.824
  1  0.983
  1  1.213
  1  1.007
  1  0.944
  1  1.471
  1  1.074
  1  1.279
  1  0.948
  1  0.952
  1  1.939
  1  1.039
  1  0.930
  1  1.373
  1  1.132
  1  1.002
  1  0.936
  1  0.995
  1  1.082
  1  0.941
  1  1.056
  1  1.856
  1  1.142
  1  0.969
  1  0.982
  0  0.780
  1  0.937
  1  2.079
  0  1.210
  1  0.916
  1  0.908
  1  1.028
  1  0.891
  1  1.069
  1  0.852
  0  0.920
  0  0.928
  0  0.890
  1  0.986
  1  0.893
  1  0.999
  1  0.919
  1  1.324
  1  1.303
  1  1.405
  1  0.995
  0  0.898
  1  1.085
  1  1.070
  1  0.850
  1  1.032
  1  0.889
  1  0.980
  1  0.912
  1  1.566
  1  0.922
  1  1.197
  1  0.978
  1  1.869
  1  1.249
  0  0.869
  0  1.005
  0  1.105
  1  1.496
  1  1.008
  0  0.936
  1  0.937
  1  1.051
  0  1.085
  1  1.022
  1  1.001
  0  0.918
  1  1.058
  0  0.912
  1  1.159
  1  1.016
  1  0.897
  0  1.197
  1  1.101
  0  0.934
  1  1.625
  1  1.027
  1  0.953
  1  0.993
  1  1.405
  1  1.282
  1  1.063
  1  0.850
  1  1.085
  1  1.115
  1  1.059
  1  1.128
  1  0.890
  1  0.963
  0  1.114
  1  0.931
  0  0.874
  1  0.896
  1  0.918
  1  0.869
  1  0.966
  1  1.332
  1  0.996
  1  1.087
  1  0.977
  1  1.049
  0  1.036
  1  0.879
  1  0.945
  1  1.062
  1  1.330
  1  1.145
  1  0.983
  1  1.091
  1  0.876
  1  0.972
  0  1.621
  1  1.190
  1  1.104
  1  0.902
  1  1.170
  1  0.821
  1  0.883
  1  1.106
  1  0.959
  1  1.145
  1  1.803
  1  0.915
  1  1.173
  1  1.119
  1  1.440
  1  0.992
  1  0.921
  0  1.037
  1  1.019
  1  0.836
  1  1.060
  1  0.921
  0  1.086
  1  1.135
  1  1.088
  1  0.974
  1  1.047
  1  0.892
  1  1.028
  1  1.035
  1  1.107
  1  0.986
  1  1.032
  1  1.012
  1  1.013
  1  1.018
  1  0.910
  1  1.236
  1  0.926
  1  1.211
  1  0.968
  1  1.223
  1  0.886
  0  0.977
  1  0.962
  0  1.037
  1  0.888
  1  1.421
  1  1.138
  0  0.987
  1  1.034
  1  0.853
  1  1.059
  1  1.047
  1  0.966
  1  0.945
  1  1.187
  1  1.064
  1  1.025
  1  0.884
  1  0.918
  1  0.885
  1  0.955
  1  0.884
  1  1.330
  1  1.437
  1  0.980
  1  0.999
  1  0.891
  1  0.837
  1  1.066
  1  1.300
  1  1.168
  1  1.089
  1  0.942
  1  1.292
  1  1.298
  1  1.326
  1  0.801
  1  1.650
  1  0.905
  1  0.897
  1  1.162
  1  1.191
  1  0.856
  1  1.177
  0  0.876
  0  1.204
  1  2.089
  1  1.029
  1  0.957
  1  1.177
  1  1.109
  1  0.968
  1  1.063
  1  0.880
  1  1.082
  1  1.088
  1  0.858
  1  1.199
  1  0.950
  1  0.928
  1  1.101
  1  0.815
  1  1.141
  1  1.095
  1  0.993
  1  0.984
  1  1.092
  1  1.305
  1  1.131
  1  0.985
  0  0.835
  1  0.915
  1  0.883
  1  1.092
  1  1.101
  1  0.820
  1  0.989
  1  0.930
  0  1.395
  1  1.098
  1  0.966
  1  1.194
  1  0.850
  1  0.812
  1  0.915
  1  1.112
  1  1.168
  1  1.308
  1  1.017
  1  0.910
  1  0.978
  1  0.842
  1  0.943
  1  1.054
  1  1.643
  1  1.040
  1  1.345
  1  0.970
  1  0.942
  1  1.073
  1  1.628
  1  0.976
  1  1.798
  1  1.070
  1  0.972
  1  0.912
  1  1.072
  1  1.097
  1  1.203
  1  1.090
  1  0.863
  1  1.000
  1  1.520
  1  1.113
  1  1.007
  1  0.917
  0  1.178
  1  1.577
  1  0.833
  0  1.042
  1  1.302
  1  1.203
  1  0.923
  0  0.972
  1  1.212
  1  1.022
  1  2.068
  1  1.232
  1  0.957
  1  0.927
  1  0.954
  1  1.050
  0  0.959
  1  0.961
  1  1.059
  1  1.120
  1  1.214
  1  1.116
  1  1.120
  1  1.280
  1  1.089
  1  0.980
  1  2.402
  1  1.330
  1  1.000
  1  0.836
  1  0.954
  1  0.932
  1  1.101
  1  1.072
  0  1.119
  1  0.997
  1  0.936
  1  1.150
  1  0.971
  1  1.105
  1  1.114
  1  1.111
  1  1.109
  0  0.931
  1  1.016
  1  1.036
  1  0.991
  1  1.176
  1  1.087
  1  1.109
  1  1.186
  0  0.923
  1  1.143
  1  0.903
  1  1.020
  1  0.890
  1  1.049
  1  1.471
  1  1.071
  1  1.046
  1  0.852
  0  0.814
  1  0.947
  1  0.951
  1  1.370
  1  0.854
  1  0.820
  0  1.049
  1  1.028
  1  0.979
  1  1.049
  1  1.083
  1  1.065
  1  0.824
  1  1.155
  1  1.175
  1  1.195
  1  0.875
  0  0.899
  1  0.872
  1  1.073
  1  1.018
  0  0.944
  1  1.161
  1  1.050
  1  0.811
  1  1.054
  0  0.805
  1  1.253
  1  0.882
  1  0.975
  1  0.918
  1  0.940
  1  0.903
  1  1.106
  1  1.259
  1  0.979
  0  1.482
  1  0.955
  0  1.694
  0  1.105
  1  1.735
  1  0.935
  1  1.050
  1  1.004
  1  0.939
  1  1.303
  1  0.925
  1  1.020
  0  1.231
  0  1.574
  1  1.057
  1  1.034
  1  1.557
  1  1.135
  1  0.952
  0  1.371
  1  0.857
  1  0.937
  0  0.992
  1  1.414
  1  0.885
  1  1.051
  1  1.096
  1  1.534
  1  0.937
  1  1.230
  1  0.913
  0  1.309
  1  0.870
  1  2.039
  1  0.890
  1  1.099
  1  0.989
  1  0.900
  1  0.968
  1  2.204
  1  1.077
  1  0.917
  1  0.929
  1  1.286
  1  0.898
  0  1.218
  1  0.882
  1  1.114
  1  0.873
  0  0.924
  1  1.190
  1  1.030
  1  1.077
  1  1.000
  1  1.431
  1  1.182
  1  0.933
  1  1.033
  1  1.038
  1  1.078
  0  0.989
  1  1.017
  0  0.955
  1  1.046
  1  1.076
  1  0.849
  1  0.930
  1  0.936
  1  1.218
  1  1.361
  1  1.191
  1  1.506
  1  1.060
  1  0.943
  1  0.918
  1  0.990
  1  0.961
  1  1.171
  1  1.208
  0  0.809
  1  1.545
  1  0.930
  1  1.140
  1  1.249
  1  1.094
  1  1.131
  1  1.076
  1  1.213
  1  0.842
  1  0.836
  1  0.974
  0  1.108
  1  1.014
  1  1.220
  1  1.157
  1  0.959
  1  1.101
