  0  1.111
  1  0.898
  0  0.956
  0  1.223
  0  0.982
  0  0.964
  1  0.996
  0  0.994
  0  0.959
  1  1.141
  0  1.085
  1  0.983
  0  1.110
  0  1.018
  0  0.912
  0  1.094
  0  1.044
  0  1.124
  0  1.024
  1  1.171
  1  1.020
  0  1.327
  1  1.042
  1  0.974
  1  0.998
  0  1.045
  0  1.031
  0  1.055
  0  1.053
  0  0.998
  0  1.102
  0  0.912
  0  1.055
  0  1.099
  0  0.911
  0  1.002
  0  1.139
  0  0.982
  0  1.344
  0  1.212
  1  1.151
  0  1.315
  0  0.938
  0  0.937
  0  1.059
  0  1.107
  0  0.966
  0  1.075
  1  1.016
  0  1.121
  0  1.160
  0  0.927
  0  1.036
  0  0.957
  0  1.083
  1  1.063
  1  0.910
  0  1.133
  0  1.066
  0  0.965
  0  0.935
  0  1.030
  0  1.066
  1  1.072
  0  0.974
  0  0.986
  0  1.034
  0  1.068
  0  1.010
  0  1.137
  0  0.909
  0  1.040
  0  1.155
  0  0.987
  0  1.102
  1  0.933
  0  1.756
  0  1.034
  0  1.036
  0  1.050
  1  0.932
  1  1.072
  0  1.069
  0  0.963
  0  1.095
  0  1.064
  0  0.987
  0  1.033
  0  1.056
  1  0.939
  0  1.189
  0  1.163
  1  0.931
  0  0.926
  0  1.074
  0  1.073
  0  0.984
  0  1.036
  0  1.059
  0  0.960
  0  0.943
  0  0.999
  1  0.959
  0  1.088
  0  1.113
  0  0.906
  0  1.045
  0  1.054
  1  0.866
  0  1.126
  0  1.012
  0  1.157
  0  1.067
  0  1.009
  0  1.159
  1  0.981
  0  1.017
  0  1.035
  0  1.451
  0  1.316
  0  1.045
  0  1.064
  1  1.124
  1  0.873
  0  1.045
  0  0.901
  0  0.996
  0  1.074
  0  0.956
  0  1.017
  0  1.108
  0  0.998
  0  1.001
  0  1.068
  0  0.983
  1  1.363
  0  1.088
  0  0.935
  0  1.183
  0  1.075
  0  0.919
  0  0.997
  0  1.046
  0  1.074
  1  1.038
  0  1.001
  0  0.953
  1  0.915
  0  1.033
  0  1.151
  0  0.899
  0  1.001
  0  1.054
  0  0.956
  0  1.127
  0  1.030
  0  1.052
  0  0.911
  0  1.149
  0  1.029
  0  1.389
  0  0.979
  0  0.950
  0  1.021
  0  0.983
  0  1.081
  0  1.423
  1  1.219
  0  0.981
  0  1.128
  0  1.040
  0  1.042
  0  1.025
  0  1.011
  0  1.076
  0  1.050
  0  1.090
  0  0.972
  0  1.131
  1  0.969
  0  0.951
  0  1.123
  0  1.129
  1  0.905
  0  1.029
  0  1.113
  0  1.299
  0  1.122
  1  1.110
  0  1.014
  0  0.962
  0  1.039
  0  0.995
  0  0.941
  0  1.011
  0  0.903
  0  1.221
  0  1.155
  1  1.099
  0  1.016
  0  0.982
  1  0.988
  0  1.061
  0  0.997
  1  1.110
  0  1.007
  0  1.038
  0  1.016
  1  0.947
  0  1.108
  0  0.920
  1  0.852
  0  1.083
  0  0.929
  1  0.923
  1  0.979
  0  1.151
  1  0.968
  0  1.050
  0  0.948
  0  1.133
  0  0.917
  0  0.988
  0  0.907
  0  0.979
  0  0.952
  0  1.029
  0  1.132
  1  0.976
  0  0.911
  0  1.207
  0  0.987
  0  0.903
  0  1.003
  1  1.370
  1  0.952
  0  1.128
  0  0.955
  0  1.088
  0  1.002
  0  1.151
  0  0.927
  1  0.973
  0  0.989
  0  1.050
  0  1.069
  0  1.236
  1  0.914
  0  1.078
  0  0.955
  0  1.446
  0  1.072
  0  1.138
  0  0.998
  0  1.102
  0  0.980
  0  1.075
  0  0.966
  0  0.985
  0  0.993
  0  1.089
  0  0.987
  1  0.878
  0  0.924
  0  1.127
  0  1.160
  1  1.103
  1  0.983
  0  1.058
  0  1.024
  0  0.999
  1  1.048
  0  1.193
  0  0.947
  0  0.966
  0  1.200
  0  1.005
  0  1.047
  0  1.076
  0  1.094
  0  1.009
  0  1.008
  0  1.149
  0  1.005
  0  1.177
  0  1.017
  1  0.950
  0  0.925
  0  1.141
  0  0.972
  1  1.044
  0  1.052
  0  1.139
  0  1.069
  0  0.976
  0  0.908
  1  0.997
  0  1.013
  0  0.911
  1  0.917
  0  1.065
  0  1.191
  0  0.920
  0  0.979
  0  1.006
  0  1.078
  0  1.417
  0  0.969
  1  1.175
  0  1.187
  0  0.904
  1  1.041
  0  1.057
  0  0.998
  0  1.086
  0  0.919
  0  1.074
  0  1.076
  1  1.144
  0  1.261
  0  1.004
  0  0.935
  0  1.097
  0  0.933
  0  1.159
  0  0.971
  0  0.931
  1  0.947
  0  1.089
  0  1.328
  0  1.183
  1  0.876
  1  0.963
  1  1.043
  0  1.021
  0  1.010
  0  1.062
  0  0.947
  0  1.077
  0  1.133
  1  1.014
  0  1.071
  0  0.940
  0  1.005
  0  1.128
  0  1.093
  1  0.867
  0  0.975
  0  1.005
  0  1.104
  0  1.094
  0  1.004
  0  1.097
  0  1.014
  0  1.325
  0  1.056
  0  1.054
  0  1.303
  0  1.068
  1  0.949
  0  1.049
  1  0.932
  0  1.053
  0  1.091
  0  0.955
  0  1.019
  0  1.103
  0  1.116
  0  1.044
  1  0.928
  0  1.073
  0  1.147
  0  1.060
  0  0.900
  1  0.902
  0  1.217
  0  0.984
  1  1.083
  1  0.917
  1  1.046
  0  1.443
  0  1.074
  1  0.943
  1  0.882
  0  0.977
  1  1.044
  0  1.190
  1  0.998
  1  0.918
  0  0.886
  1  1.006
  0  1.087
  0  1.094
  0  1.058
  0  1.118
  1  0.904
  0  1.047
  0  1.022
  0  0.973
  0  1.008
  0  0.947
  0  0.991
  0  1.099
  0  1.010
  0  1.241
  0  0.911
  0  1.055
  0  1.098
  0  1.042
  0  1.352
  0  1.124
  0  1.223
  0  1.196
  0  1.082
  0  0.969
  1  0.867
  0  1.080
  0  0.958
  0  1.090
  0  1.050
  0  1.062
  0  1.122
  0  0.975
  0  0.959
  0  1.016
  0  0.968
  0  1.027
  0  1.054
  0  0.900
  0  1.072
  0  0.961
  1  0.952
  0  1.013
  0  0.978
  0  1.134
  0  1.105
  0  0.984
  1  0.964
  0  1.179
  0  1.034
  1  1.015
  0  1.026
  0  1.216
  0  1.001
  1  0.911
  0  1.112
  0  1.156
  0  1.102
  1  0.940
  0  1.121
  0  0.974
  1  0.896
  0  1.012
  0  1.147
  1  0.948
  0  1.017
  0  0.983
  0  1.053
  0  1.165
  0  1.108
  0  1.019
  0  0.931
  0  1.056
  0  1.066
  1  0.970
  0  1.036
  0  1.016
  0  1.143
  0  1.044
  0  1.026
  0  0.977
  0  1.043
  0  0.983
  0  1.221
  0  1.014
  0  0.963
  1  0.925
  1  0.965
  0  1.039
  0  0.992
  0  0.927
  0  1.065
  0  1.079
  0  1.030
  1  0.898
  0  1.015
  0  1.004
  0  1.067
  0  0.957
  0  1.204
  1  1.002
  0  0.958
  0  0.988
  0  1.081
  0  1.133
  0  1.132
  0  0.936
  0  0.899
  0  0.954
  1  0.897
