  0  0.429
  0  0.470
  1  0.404
  0  0.577
  0  0.447
  0  0.552
  0  0.522
  0  0.545
  0  0.512
  0  0.510
  1  0.428
  0  0.595
  0  0.531
  0  0.589
  0  0.548
  0  0.518
  0  0.527
  0  0.505
  0  0.469
  0  0.525
  1  0.426
  0  0.618
  0  0.429
  0  0.579
  0  0.557
  0  0.533
  0  0.510
  0  0.470
  0  0.532
  0  0.457
  0  0.533
  0  0.663
  0  0.518
  0  0.536
  0  0.478
  0  0.597
  0  0.471
  0  0.555
  1  0.480
  0  0.511
  0  0.568
  0  0.542
  0  0.490
  0  0.571
  1  0.516
  0  0.457
  1  0.419
  0  0.504
  0  0.516
  0  0.535
  0  0.480
  0  0.468
  1  0.385
  0  0.646
  0  0.618
  0  0.609
  0  0.538
  0  0.715
  0  0.527
  0  0.633
  0  0.494
  0  0.505
  1  0.380
  0  0.538
  0  0.590
  0  0.529
  0  0.458
  0  0.584
  0  0.550
  0  0.497
  0  0.577
  0  0.526
  0  0.483
  0  0.464
  0  0.591
  0  0.545
  0  0.462
  0  0.494
  0  0.541
  1  0.453
  1  0.460
  0  0.487
  0  0.425
  1  0.434
  0  0.559
  0  0.570
  0  0.486
  0  0.522
  0  0.632
  0  0.561
  0  0.479
  0  0.608
  0  0.515
  1  0.487
  0  0.479
  1  0.497
  0  0.576
  1  0.489
  0  0.453
  1  0.418
  0  0.546
  0  0.504
  0  0.440
  0  0.606
  0  0.501
  0  0.556
  0  0.504
  0  0.565
  0  0.512
  0  0.564
  1  0.477
  0  0.579
  0  0.670
  0  0.561
  0  0.470
  0  0.582
  0  0.435
  0  0.473
  0  0.444
  0  0.472
  0  0.563
  0  0.586
  0  0.536
  1  0.462
  0  0.448
  0  0.557
  0  0.545
  0  0.556
  0  0.608
  0  0.419
  1  0.406
  0  0.602
  1  0.551
  0  0.440
  0  0.461
  0  0.736
  0  0.460
  0  0.532
  0  0.681
  0  0.513
  0  0.484
  0  0.562
  0  0.497
  0  0.551
  1  0.480
  0  0.576
  0  0.721
  1  0.388
  1  0.382
  0  0.554
  0  0.440
  0  0.476
  0  0.615
  0  0.585
  0  0.469
  0  0.512
  1  0.443
  1  0.610
  0  0.587
  0  0.578
  0  0.522
  1  0.421
  0  0.466
  0  0.515
  0  0.511
  0  0.465
  0  0.569
  0  0.461
  0  0.641
  0  0.576
  0  0.499
  0  0.591
  0  0.555
  0  0.501
  0  0.514
  0  0.592
  1  0.414
  0  0.487
  1  0.395
  0  0.615
  0  0.478
  0  0.571
  0  0.495
  0  0.557
  1  0.558
  1  0.701
  0  0.444
  0  0.565
  0  0.466
  0  0.531
  0  0.488
  0  0.728
  0  0.621
  0  0.468
  0  0.539
  0  0.488
  0  0.687
  0  0.468
  0  0.438
  0  0.488
  0  0.561
  1  0.524
  0  0.580
  1  0.532
  0  0.471
  0  0.560
  0  0.541
  0  0.630
  0  0.635
  1  0.471
  0  0.569
  0  0.549
  0  0.603
  0  0.433
  1  0.524
  0  0.490
  0  0.451
  1  0.585
  0  0.435
  0  0.676
  0  0.546
  0  0.510
  1  0.453
  0  0.540
  0  0.472
  0  0.469
  0  0.490
  0  0.414
  0  0.504
  0  0.449
  1  0.395
  0  0.482
  1  0.451
  0  0.554
  0  0.520
  0  0.502
  0  0.491
  0  0.489
  0  0.536
  0  0.512
  0  0.483
  0  0.456
  0  0.506
  0  0.510
  0  0.471
  0  0.480
  1  0.454
  1  0.595
  0  0.528
  0  0.458
  1  0.557
  0  0.555
  0  0.525
  1  0.448
  0  0.549
  0  0.519
  0  0.567
  1  0.506
  0  0.511
  0  0.581
  0  0.550
  0  0.496
  0  0.538
  1  0.468
  0  0.527
  0  0.530
  1  0.486
  0  0.483
  0  0.483
  0  0.563
  0  0.439
  0  0.463
  0  0.529
  0  0.688
  0  0.581
  0  0.541
  0  0.545
  0  0.478
  0  0.443
  0  0.492
  0  0.519
  1  0.408
  0  0.495
  0  0.654
  1  0.407
  0  0.538
  1  0.408
  0  0.656
  0  0.515
  0  0.550
  1  0.403
  0  0.750
  0  0.553
  0  0.489
  0  0.473
  0  0.475
  1  0.386
  0  0.562
  0  0.560
  0  0.524
  0  0.561
  0  0.573
  0  0.545
  0  0.543
  0  0.489
  0  0.559
  0  0.483
  0  0.526
  0  0.528
  1  0.447
  0  0.475
  0  0.579
  1  0.464
  0  0.557
  0  0.458
  0  0.521
  0  0.550
  1  0.481
  1  0.379
  0  0.555
  0  0.579
  1  0.392
  0  0.445
  1  0.405
  0  0.552
  1  0.542
  0  0.511
  0  0.522
  0  0.469
  0  0.584
  0  0.722
  0  0.467
  1  0.503
  0  0.760
  0  0.444
  1  0.386
  0  0.504
  0  0.591
  1  0.380
  0  0.531
  0  0.501
  0  0.474
  0  0.503
  0  0.571
  0  0.545
  0  0.568
  0  0.505
  1  0.453
  0  0.506
  0  0.514
  1  0.505
  1  0.460
  0  0.422
  1  0.473
  1  0.530
  0  0.574
  0  0.495
  0  0.492
  0  0.612
  0  0.510
  1  0.426
  0  0.643
  0  0.741
  0  0.757
  0  0.434
  1  0.548
  0  0.541
  0  0.530
  0  0.555
  0  0.466
  0  0.523
  0  0.464
  0  0.465
  0  0.468
  0  0.645
  0  0.482
  0  0.553
  0  0.630
  0  0.645
  0  0.505
  1  0.502
  0  0.510
  0  0.485
  0  0.598
  1  0.466
  0  0.567
  0  0.440
  0  0.500
  0  0.643
  0  0.501
  0  0.539
  0  0.512
  0  0.571
  0  0.619
  0  0.526
  0  0.584
  0  0.552
  1  0.491
  0  0.549
  0  0.573
  0  0.510
  1  0.456
  0  0.637
  0  0.685
  0  0.585
  0  0.536
  0  0.584
  0  0.562
  0  0.707
  0  0.512
  0  0.574
  0  0.600
  0  0.502
  0  0.523
  0  0.548
  0  0.538
  0  0.487
  0  0.672
  0  0.595
  0  0.481
  0  0.549
  0  0.451
  0  0.478
  0  0.543
  0  0.508
  0  0.458
  0  0.661
  0  0.643
  0  0.596
  1  0.391
  0  0.712
  0  0.528
  1  0.426
  0  0.553
  0  0.566
  0  0.505
  0  0.478
  0  0.502
  0  0.498
  0  0.490
  0  0.472
  0  0.474
  1  0.425
  0  0.556
  0  0.563
  0  0.547
  0  0.563
  0  0.483
  1  0.404
  0  0.536
  1  0.412
  0  0.520
  1  0.463
  0  0.550
  0  0.472
  0  0.573
  0  0.557
  0  0.535
  0  0.511
  0  0.541
  0  0.586
  0  0.562
  0  0.454
  0  0.533
  0  0.595
  1  0.457
  0  0.494
  0  0.553
  1  0.422
  1  0.437
  0  0.586
  0  0.449
  1  0.496
  0  0.563
  0  0.443
  0  0.508
  1  0.438
  0  0.507
  1  0.488
  0  0.497
  0  0.458
  0  0.454
  0  0.523
  0  0.483
  0  0.529
  0  0.519
  1  0.401
  0  0.648
  0  0.463
  1  0.535
  1  0.558
  0  0.487
  0  0.556
  0  0.584
  1  0.439
  0  0.532
  0  0.757
  1  0.438
  0  0.542
  0  0.488
