  1  0.465
  1  0.431
  1  0.480
  1  0.352
  1  0.452
  1  0.367
  1  0.387
  1  0.372
  1  0.395
  1  0.396
  1  0.493
  1  0.343
  1  0.381
  1  0.346
  1  0.369
  1  0.390
  1  0.384
  1  0.400
  1  0.431
  1  0.385
  1  0.492
  1  0.334
  1  0.465
  1  0.351
  1  0.363
  1  0.379
  1  0.397
  1  0.431
  1  0.380
  1  0.443
  1  0.380
  1  0.316
  1  0.391
  1  0.377
  1  0.424
  1  0.342
  1  0.430
  1  0.365
  1  0.546
  1  0.396
  1  0.356
  1  0.374
  1  0.413
  1  0.355
  1  0.610
  1  0.443
  1  0.488
  1  0.401
  1  0.392
  1  0.378
  1  0.421
  1  0.433
  1  0.473
  1  0.323
  1  0.334
  1  0.337
  1  0.376
  0  0.392
  1  0.384
  1  0.328
  1  0.410
  1  0.401
  1  0.472
  1  0.376
  1  0.346
  1  0.382
  1  0.442
  1  0.348
  1  0.368
  1  0.407
  1  0.352
  1  0.385
  1  0.419
  1  0.437
  1  0.345
  1  0.371
  1  0.439
  1  0.409
  1  0.374
  1  0.513
  1  0.520
  1  0.416
  1  0.466
  1  0.497
  1  0.362
  1  0.355
  1  0.417
  1  0.388
  1  0.329
  1  0.361
  1  0.423
  1  0.338
  1  0.393
  1  0.556
  1  0.423
  1  0.573
  1  0.352
  1  0.559
  1  0.447
  1  0.487
  1  0.371
  1  0.401
  1  0.458
  1  0.339
  1  0.403
  1  0.364
  1  0.401
  1  0.358
  1  0.395
  1  0.359
  1  0.540
  1  0.351
  1  0.312
  1  0.360
  1  0.431
  1  0.349
  1  0.461
  1  0.428
  1  0.455
  1  0.429
  1  0.359
  1  0.347
  1  0.378
  1  0.521
  1  0.451
  1  0.363
  1  0.371
  1  0.364
  1  0.338
  1  0.467
  1  0.481
  1  0.340
  1  0.683
  1  0.458
  1  0.439
  0  0.446
  1  0.441
  1  0.380
  0  0.300
  1  0.395
  1  0.418
  1  0.360
  1  0.407
  1  0.367
  1  0.545
  1  0.352
  0  0.408
  1  0.474
  1  0.472
  1  0.365
  1  0.458
  1  0.425
  1  0.335
  1  0.348
  1  0.432
  1  0.395
  1  0.504
  1  0.822
  1  0.347
  1  0.351
  1  0.388
  1  0.489
  1  0.434
  1  0.393
  1  0.396
  1  0.436
  1  0.356
  1  0.440
  1  0.325
  1  0.352
  1  0.405
  1  0.345
  1  0.364
  1  0.404
  1  0.394
  1  0.345
  1  0.485
  1  0.416
  1  0.476
  1  0.335
  1  0.424
  1  0.355
  1  0.409
  1  0.363
  1  0.698
  1  1.073
  1  0.454
  1  0.358
  1  0.435
  1  0.381
  1  0.415
  0  0.424
  1  0.333
  1  0.433
  1  0.376
  1  0.415
  0  0.323
  1  0.432
  1  0.459
  1  0.415
  1  0.361
  1  0.627
  1  0.350
  1  0.644
  1  0.430
  1  0.361
  1  0.374
  1  0.329
  1  0.327
  1  0.533
  1  0.356
  1  0.368
  1  0.340
  1  0.463
  1  0.627
  1  0.413
  1  0.449
  1  0.762
  1  0.461
  1  0.304
  1  0.371
  1  0.396
  1  0.513
  1  0.375
  1  0.429
  1  0.432
  1  0.413
  1  0.468
  1  0.401
  1  0.451
  1  0.477
  1  0.420
  1  0.511
  1  0.365
  1  0.389
  1  0.403
  1  0.412
  1  0.414
  1  0.378
  1  0.395
  1  0.419
  1  0.444
  1  0.400
  1  0.397
  1  0.430
  1  0.422
  1  0.513
  1  0.786
  1  0.383
  1  0.442
  1  0.696
  1  0.364
  1  0.386
  1  0.508
  1  0.369
  1  0.390
  1  0.357
  1  0.591
  1  0.396
  1  0.349
  1  0.368
  1  0.408
  1  0.376
  1  0.528
  1  0.384
  1  0.382
  1  0.554
  1  0.419
  1  0.419
  1  0.359
  1  0.459
  1  0.437
  1  0.382
  0  0.327
  1  0.350
  1  0.374
  1  0.371
  1  0.424
  1  0.455
  1  0.411
  1  0.390
  1  0.482
  1  0.409
  1  0.320
  1  0.482
  1  0.377
  1  0.482
  1  0.319
  1  0.393
  1  0.368
  1  0.480
  0  0.483
  1  0.366
  1  0.414
  1  0.428
  1  0.427
  1  0.474
  1  0.360
  1  0.361
  1  0.387
  1  0.361
  1  0.354
  1  0.372
  1  0.373
  1  0.414
  1  0.362
  1  0.419
  1  0.385
  1  0.383
  1  0.508
  1  0.426
  1  0.350
  1  0.524
  1  0.363
  1  0.442
  1  0.389
  1  0.368
  1  0.547
  1  0.471
  1  0.364
  1  0.350
  1  0.475
  1  0.454
  1  0.480
  1  0.366
  1  0.663
  1  0.396
  1  0.388
  1  0.432
  1  0.348
  0  0.410
  1  0.434
  1  0.585
  0  0.510
  1  0.454
  1  0.474
  1  0.401
  1  0.345
  1  0.472
  1  0.381
  1  0.404
  1  0.427
  1  0.402
  1  0.355
  1  0.371
  1  0.356
  1  0.401
  1  0.513
  1  0.400
  1  0.394
  1  0.590
  1  0.520
  1  0.467
  1  0.535
  1  0.638
  1  0.353
  1  0.408
  1  0.412
  1  0.336
  1  0.396
  1  0.492
  1  0.324
  0  0.457
  0  0.501
  1  0.461
  1  0.678
  1  0.374
  1  0.382
  1  0.365
  1  0.434
  1  0.387
  1  0.437
  1  0.435
  1  0.432
  1  0.324
  1  0.420
  1  0.366
  1  0.330
  1  0.324
  1  0.401
  1  0.584
  1  0.396
  1  0.417
  1  0.342
  1  0.527
  1  0.357
  1  0.458
  1  0.404
  1  0.324
  1  0.404
  1  0.375
  1  0.395
  1  0.355
  1  0.334
  1  0.385
  1  0.348
  1  0.367
  1  0.563
  1  0.369
  1  0.354
  1  0.397
  1  0.516
  1  0.327
  0  0.319
  1  0.347
  1  0.378
  1  0.348
  1  0.360
  0  0.373
  1  0.395
  1  0.353
  1  0.341
  1  0.403
  1  0.387
  1  0.370
  1  0.376
  1  0.416
  1  0.310
  1  0.343
  1  0.421
  1  0.368
  1  0.449
  1  0.424
  1  0.373
  1  0.398
  1  0.442
  1  0.317
  1  0.324
  1  0.343
  1  0.475
  0  0.386
  1  0.383
  1  0.492
  1  0.366
  1  0.358
  1  0.401
  1  0.424
  1  0.403
  1  0.406
  1  0.413
  1  0.429
  1  0.427
  1  0.491
  1  0.364
  1  0.359
  1  0.370
  1  0.360
  1  0.419
  1  0.480
  1  0.378
  1  0.484
  1  0.389
  1  0.523
  1  0.368
  1  0.429
  1  0.354
  1  0.363
  1  0.379
  1  0.396
  1  0.374
  1  0.347
  1  0.360
  1  0.446
  1  0.380
  1  0.343
  1  0.517
  1  0.409
  1  0.366
  1  0.489
  1  0.500
  1  0.347
  1  0.450
  1  0.573
  1  0.359
  1  0.455
  1  0.398
  1  0.500
  1  0.399
  1  0.557
  1  0.407
  1  0.442
  1  0.446
  1  0.387
  1  0.419
  1  0.383
  1  0.390
  1  0.479
  1  0.322
  1  0.438
  1  0.650
  1  0.698
  1  0.416
  1  0.364
  1  0.348
  1  0.501
  1  0.380
  0  0.501
  1  0.500
  1  0.374
  1  0.415
