  1  0.617
  1  0.932
  1  0.762
  1  1.139
  1  0.730
  0  1.094
  1  0.826
  1  0.759
  1  1.037
  1  0.961
  1  1.613
  1  1.099
  0  0.773
  1  1.033
  1  0.707
  1  0.694
  1  0.790
  1  1.081
  0  1.055
  1  0.780
  1  0.717
  1  1.290
  1  1.291
  0  0.699
  1  0.970
  1  0.869
  1  1.020
  1  0.793
  1  1.056
  1  0.694
  0  0.900
  1  1.446
  1  0.846
  1  1.462
  1  1.111
  1  1.063
  1  0.752
  1  0.902
  1  0.862
  1  1.093
  1  0.668
  1  0.882
  1  0.959
  1  0.851
  1  0.768
  1  0.847
  1  0.821
  1  0.876
  1  0.939
  1  2.333
  1  0.866
  1  0.734
  1  0.777
  1  0.928
  0  0.791
  1  0.809
  1  0.741
  1  0.939
  1  0.743
  1  0.909
  1  0.918
  1  0.918
  1  0.958
  1  1.192
  1  1.155
  1  0.988
  1  0.796
  1  0.950
  1  0.973
  1  1.178
  1  1.333
  1  0.714
  1  0.970
  1  0.861
  1  1.070
  1  0.739
  1  1.048
  1  0.630
  1  0.713
  1  1.159
  1  1.143
  1  0.879
  1  0.735
  1  0.863
  1  0.892
  0  0.842
  1  0.851
  1  0.688
  1  1.132
  1  0.791
  1  0.744
  1  0.752
  1  0.665
  1  0.789
  1  0.876
  1  1.028
  1  0.821
  1  1.051
  0  1.697
  1  0.826
  1  0.822
  1  0.746
  0  0.730
  1  0.715
  0  0.585
  1  0.897
  1  0.704
  1  0.864
  0  0.760
  1  1.163
  1  0.704
  1  0.978
  1  0.747
  1  0.885
  1  0.850
  1  0.912
  1  0.788
  1  0.770
  1  1.319
  1  1.051
  1  1.163
  1  1.482
  1  1.801
  1  1.165
  1  0.823
  0  1.033
  1  0.673
  1  0.914
  0  0.717
  1  0.947
  0  0.643
  1  1.039
  1  1.164
  0  1.491
  1  1.151
  1  1.280
  0  0.849
  0  0.865
  1  1.019
  1  0.855
  1  0.923
  1  0.975
  1  1.022
  1  0.814
  1  0.903
  1  0.841
  1  1.048
  1  0.844
  1  0.804
  1  0.797
  0  1.001
  1  0.985
  1  0.697
  1  1.328
  0  0.770
  1  0.844
  1  0.786
  1  0.841
  1  1.107
  1  1.218
  1  0.863
  1  1.147
  1  0.876
  1  0.803
  1  0.963
  1  0.928
  1  1.035
  1  0.936
  1  1.183
  1  1.394
  1  0.821
  0  0.679
  1  0.698
  1  1.280
  1  2.497
  1  1.224
  1  1.615
  1  2.611
  1  1.047
  1  0.771
  1  0.773
  1  0.784
  1  0.912
  1  0.921
  1  1.056
  1  0.911
  0  0.898
  1  1.064
  1  1.047
  1  0.958
  1  0.807
  1  0.794
  1  0.884
  1  1.202
  0  0.949
  1  0.893
  1  0.780
  1  1.249
  1  1.121
  1  0.705
  1  0.694
  1  0.820
  1  0.992
  1  0.983
  1  1.165
  1  0.660
  1  0.941
  1  0.805
  1  0.927
  1  0.734
  1  1.168
  1  1.127
  1  0.992
  1  1.108
  1  0.571
  1  0.978
  1  1.233
  1  0.831
  1  0.820
  1  1.085
  1  1.108
  1  0.822
  1  1.043
  1  1.226
  1  1.416
  1  0.725
  1  0.689
  0  0.748
  1  0.777
  0  1.244
  1  1.056
  1  1.002
  1  0.893
  1  1.114
  1  0.745
  1  0.687
  1  1.426
  1  0.832
  1  0.672
  1  0.689
  1  0.788
  1  0.707
  1  0.840
  1  1.183
  1  1.299
  0  0.642
  1  0.990
  1  0.880
  1  0.824
  1  0.604
  1  2.567
  1  0.623
  1  0.730
  1  1.465
  1  0.766
  1  0.801
  1  0.701
  1  0.837
  1  0.837
  1  1.016
  1  0.963
  1  0.793
  1  1.154
  1  0.787
  1  0.834
  1  0.827
  1  0.773
  1  1.154
  1  1.112
  1  0.699
  1  0.688
  1  1.026
  1  1.089
  1  0.859
  1  0.750
  1  0.773
  1  0.708
  1  0.759
  1  0.736
  1  0.818
  1  0.972
  1  0.740
  1  1.148
  1  1.085
  0  0.642
  1  1.040
  1  0.868
  1  0.970
  1  0.803
  1  1.076
  1  0.905
  0  1.153
  1  0.978
  0  0.613
  1  0.617
  1  1.063
  1  0.809
  1  0.883
  1  1.080
  1  0.833
  1  0.867
  1  0.862
  1  1.244
  1  1.682
  0  0.764
  1  0.977
  1  1.294
  1  0.686
  1  0.773
  1  0.755
  1  0.865
  1  0.814
  0  1.016
  1  0.984
  1  0.757
  1  1.881
  1  0.902
  1  0.930
  1  1.215
  1  1.300
  1  1.693
  1  0.709
  1  0.786
  1  1.070
  1  1.027
  1  0.860
  1  0.973
  0  0.846
  1  0.800
  1  0.790
  1  0.747
  1  0.929
  1  0.768
  1  0.762
  1  1.109
  1  0.774
  1  1.270
  1  0.824
  1  1.003
  1  0.887
  1  1.369
  0  1.135
  1  0.802
  1  0.810
  1  0.829
  1  1.340
  1  1.195
  1  0.820
  1  0.953
  1  0.750
  1  1.208
  1  0.716
  1  1.104
  1  0.802
  1  1.308
  1  0.573
  1  0.883
  1  0.858
  1  0.854
  1  0.743
  1  0.746
  1  1.427
  1  0.956
  1  0.842
  1  0.898
  1  0.959
  1  0.907
  1  0.855
  1  0.824
  1  0.584
  1  0.686
  1  0.698
  1  0.783
  1  0.921
  1  0.790
  1  0.707
  1  0.899
  1  0.819
  1  0.759
  1  0.766
  1  0.818
  1  1.170
  1  0.924
  1  0.927
  1  0.858
  1  1.141
  1  0.872
  1  1.198
  1  0.790
  0  0.889
  0  1.276
  1  0.786
  0  0.767
  1  0.898
  1  1.731
  1  0.866
  0  0.773
  1  0.931
  1  0.946
  1  0.736
  1  0.675
  1  0.673
  1  0.985
  1  0.971
  1  0.974
  1  0.904
  1  0.823
  1  0.781
  1  1.078
  1  1.479
  1  0.912
  1  0.904
  1  0.914
  1  1.385
  1  0.858
  1  0.799
  1  0.728
  1  1.149
  1  0.945
  0  0.857
  1  0.959
  1  0.814
  1  1.356
  1  0.793
  1  1.579
  1  0.862
  1  1.048
  0  1.643
  1  1.124
  1  0.833
  0  0.835
  1  0.825
  0  0.698
  1  0.785
  0  0.793
  1  0.755
  1  1.003
  1  0.678
  1  1.293
  1  0.639
  1  0.743
  0  0.774
  1  1.015
  0  0.801
  1  0.841
  1  0.816
  1  0.843
  0  0.761
  1  1.071
  1  0.799
  1  0.995
  1  1.075
  1  1.257
  1  0.782
  1  1.086
  1  0.709
  1  1.017
  1  1.270
  1  1.331
  1  0.902
  1  0.993
  1  1.000
  1  0.979
  0  0.664
  0  0.766
  1  0.889
  1  1.231
  1  0.820
  1  0.681
  1  1.619
  1  1.423
  1  0.889
  1  0.768
  1  1.232
  1  0.832
  1  0.791
  1  0.818
  1  1.085
  1  1.613
  1  0.766
  1  2.709
  1  1.139
  1  0.968
  1  1.368
  1  1.271
  1  1.018
  1  0.912
  0  0.598
  1  0.863
  1  0.791
  1  2.378
  1  0.936
  1  1.539
  1  0.936
  1  1.259
  1  0.805
  1  1.069
  1  0.888
  1  1.880
  1  0.845
