  0  1.019
  0  0.994
  0  0.926
  0  0.929
  0  0.944
  0  0.994
  0  0.948
  0  0.962
  0  0.961
  0  1.029
  0  0.991
  0  0.944
  0  0.958
  0  0.975
  0  0.994
  0  0.989
  0  0.972
  0  0.923
  1  0.847
  0  0.944
  0  0.967
  0  0.953
  0  0.931
  0  1.002
  0  0.975
  0  0.926
  0  0.906
  0  0.978
  0  0.943
  0  0.922
  0  0.952
  0  0.961
  0  0.940
  0  0.951
  0  0.943
  0  0.982
  0  0.941
  0  0.990
  0  0.905
  0  1.014
  0  0.977
  0  0.983
  0  1.057
  0  1.045
  0  0.919
  1  0.950
  0  0.917
  0  1.024
  0  0.920
  0  0.940
  0  0.973
  0  0.958
  0  0.928
  0  0.914
  0  1.169
  0  0.936
  0  0.985
  0  0.909
  0  0.941
  0  0.915
  0  1.011
  0  1.050
  0  0.913
  0  0.925
  0  0.900
  0  0.972
  0  0.933
  0  1.020
  0  0.977
  0  0.933
  0  0.955
  0  0.991
  0  0.961
  0  0.934
  0  1.358
  0  0.994
  0  0.955
  0  0.958
  0  1.025
  0  0.954
  0  0.981
  0  1.100
  0  1.041
  0  1.013
  0  0.957
  0  0.927
  0  1.015
  0  0.932
  0  0.976
  0  1.019
  0  0.965
  0  0.919
  0  0.981
  0  1.102
  0  1.015
  0  0.973
  0  0.908
  0  0.977
  0  0.983
  0  0.889
  0  0.931
  0  0.941
  0  1.010
  0  0.963
  0  1.022
  0  0.911
  0  1.048
  0  0.929
  0  0.948
  0  0.945
  0  0.917
  0  0.953
  0  0.973
  0  1.090
  0  0.995
  0  0.956
  0  0.942
  0  0.955
  0  0.958
  0  0.966
  0  0.943
  0  0.966
  0  1.036
  0  1.012
  0  0.916
  0  0.909
  0  1.040
  0  0.938
  0  0.952
  0  0.958
  0  1.015
  0  0.911
  0  1.165
  0  0.921
  0  0.943
  0  1.020
  0  0.942
  0  1.035
  1  0.836
  0  0.920
  0  0.953
  0  0.973
  0  0.941
  0  0.940
  0  1.021
  0  0.984
  0  0.941
  0  1.009
  0  0.969
  0  0.989
  0  0.996
  0  1.015
  0  0.933
  0  1.054
  0  0.981
  0  1.017
  0  0.958
  0  0.955
  0  0.944
  0  1.081
  0  0.970
  0  0.972
  0  0.907
  0  0.931
  0  0.953
  0  0.989
  0  1.051
  0  0.926
  0  1.004
  0  0.971
  0  0.965
  0  0.946
  0  0.902
  0  0.920
  0  1.023
  0  0.898
  0  0.972
  0  0.989
  0  1.007
  0  0.946
  0  1.092
  0  0.945
  0  1.044
  0  0.965
  0  1.126
  0  1.024
  0  1.226
  0  1.007
  0  1.010
  0  0.918
  0  1.044
  0  0.935
  0  0.951
  0  0.971
  0  1.085
  0  0.988
  0  1.063
  0  0.976
  0  1.082
  0  0.943
  0  1.045
  0  0.936
  0  0.984
  0  0.920
  0  0.893
  0  1.129
  0  0.976
  0  1.008
  0  0.918
  0  1.033
  0  1.029
  0  0.909
  0  0.964
  0  0.970
  0  0.929
  0  1.040
  0  0.902
  0  0.970
  0  0.928
  0  0.969
  0  0.954
  0  0.944
  0  0.937
  0  0.918
  0  0.979
  0  0.986
  0  0.969
  0  0.930
  0  1.028
  0  1.040
  0  1.116
  0  0.938
  0  0.969
  0  0.945
  0  0.959
  0  0.969
  0  0.903
  0  0.913
  0  0.970
  0  0.917
  0  0.973
  0  0.952
  0  0.921
  0  1.303
  0  1.064
  0  0.933
  0  0.993
  0  0.925
  0  0.916
  0  1.125
  0  0.970
  0  0.990
  0  0.906
  0  0.936
  0  0.942
  0  0.943
  0  1.086
  0  0.991
  0  1.005
  0  0.982
  0  0.985
  0  0.957
  0  1.076
  0  0.973
  0  0.892
  0  0.974
  0  0.969
  0  1.081
  1  0.941
  0  0.937
  0  0.943
  0  1.016
  0  1.066
  0  0.973
  0  1.078
  0  0.978
  0  0.965
  0  1.012
  0  0.968
  0  0.956
  0  0.927
  0  0.981
  0  1.055
  0  0.928
  0  0.971
  0  0.999
  0  0.957
  0  0.972
  0  0.933
  0  0.934
  0  1.010
  0  0.914
  0  1.007
  1  0.850
  0  0.971
  0  1.058
  0  0.925
  0  0.947
  0  0.943
  0  0.953
  0  1.006
  0  1.044
  0  1.041
  0  0.915
  0  0.950
  0  0.935
  0  0.990
  0  0.917
  0  0.961
  0  1.131
  0  1.027
  0  0.921
  0  0.952
  0  1.049
  0  0.963
  0  0.907
  0  0.921
  0  1.032
  0  0.956
  0  1.038
  0  0.925
  0  0.924
  0  1.064
  0  0.988
  0  1.001
  0  0.918
  0  1.022
  1  0.849
  0  0.907
  0  1.122
  0  0.999
  0  0.936
  0  0.978
  0  0.965
  0  0.906
  0  0.934
  0  0.931
  0  1.048
  0  0.911
  0  1.059
  0  0.898
  0  0.921
  0  0.983
  0  1.007
  0  1.006
  0  0.913
  0  0.944
  0  1.063
  0  0.927
  0  1.032
  0  0.926
  0  1.247
  0  0.930
  0  1.041
  0  0.930
  0  0.956
  0  0.940
  0  0.952
  0  0.918
  0  0.991
  0  1.191
  1  0.836
  0  0.971
  1  0.837
  0  0.994
  0  0.937
  0  0.947
  0  1.029
  0  0.979
  0  0.957
  0  0.959
  0  0.931
  0  0.923
  0  0.914
  0  1.069
  0  0.996
  0  0.988
  0  0.923
  0  1.014
  0  1.371
  0  0.980
  0  0.988
  0  1.016
  0  0.964
  0  0.958
  0  1.060
  0  0.967
  0  0.930
  0  0.961
  0  1.051
  0  1.086
  0  0.948
  0  1.079
  0  1.171
  0  0.937
  0  0.925
  0  0.955
  0  0.966
  0  0.994
  0  0.961
  0  0.967
  0  0.935
  0  0.982
  0  0.952
  0  0.957
  0  0.937
  0  0.900
  0  0.900
  0  0.949
  0  0.884
  0  0.957
  0  0.925
  0  0.960
  0  0.898
  0  0.911
  0  0.930
  0  1.074
  0  0.945
  0  0.934
  0  0.975
  0  1.086
  0  1.038
  0  1.017
  0  0.999
  0  1.088
  0  0.938
  0  0.981
  0  1.150
  0  0.958
  0  1.016
  0  0.979
  0  0.960
  0  0.973
  0  1.024
  0  0.948
  0  0.969
  0  1.037
  0  0.955
  0  0.920
  0  1.292
  0  0.916
  0  1.103
  0  0.963
  0  1.048
  0  0.927
  0  0.942
  0  0.979
  0  0.927
  0  0.999
  0  0.897
  0  1.033
  0  0.933
  0  0.958
  0  0.915
  0  0.984
  0  0.959
  0  0.915
  0  0.919
  0  0.943
  0  1.047
  0  0.921
  0  0.972
  0  1.028
  0  1.093
  0  1.045
  0  0.966
  0  1.106
  0  0.923
  0  0.973
  0  0.915
  0  0.998
  0  0.999
  0  0.946
  0  1.057
  0  0.937
  0  1.020
  0  0.984
  0  0.946
  0  0.970
  0  0.937
  0  0.979
  1  0.868
  0  1.094
  0  0.991
  0  1.113
  0  1.013
  0  0.914
  0  1.005
  0  1.088
  0  0.986
  0  0.964
  0  0.921
  0  0.911
  0  0.964
  0  0.964
  0  0.937
  0  0.914
  0  0.948
  0  1.016
  0  0.939
