  1  0.700
  1  0.711
  1  0.833
  1  1.017
  1  0.774
  1  0.856
  1  0.983
  1  0.877
  1  0.791
  1  0.862
  1  0.888
  1  0.746
  1  0.839
  1  0.877
  1  0.850
  1  1.048
  1  0.782
  1  0.980
  1  0.767
  1  0.814
  1  0.876
  1  0.766
  1  0.739
  1  0.954
  1  0.753
  1  0.768
  1  0.872
  1  0.807
  1  0.784
  1  0.791
  1  0.757
  1  0.914
  1  0.839
  1  0.973
  1  1.085
  1  0.930
  1  0.821
  1  0.795
  1  0.849
  1  0.873
  1  0.856
  1  0.766
  1  1.027
  1  0.806
  1  0.707
  1  0.916
  1  0.832
  1  0.784
  1  0.884
  1  0.865
  1  0.829
  1  0.930
  1  0.835
  0  0.817
  1  0.796
  1  0.862
  1  0.789
  1  0.766
  1  0.757
  1  0.817
  1  0.816
  1  0.966
  1  0.924
  0  0.796
  1  0.873
  1  0.898
  1  1.057
  1  0.759
  1  0.959
  1  0.829
  1  0.886
  1  0.757
  1  0.828
  1  0.801
  1  0.817
  1  0.851
  1  0.913
  1  0.904
  0  0.764
  1  0.832
  1  0.896
  1  0.748
  1  0.798
  1  0.892
  1  0.945
  0  0.865
  1  0.826
  1  0.936
  1  0.770
  1  0.718
  1  0.902
  1  0.763
  1  0.835
  1  0.779
  1  0.809
  1  0.824
  1  0.840
  1  0.758
  1  1.071
  1  0.824
  0  0.746
  1  0.919
  1  0.817
  1  0.757
  1  0.931
  1  0.692
  1  0.784
  1  0.842
  1  0.768
  1  0.797
  1  0.760
  0  0.836
  1  0.892
  1  0.868
  1  0.896
  1  0.767
  1  0.761
  1  0.782
  0  0.798
  1  0.739
  1  1.112
  1  0.863
  0  1.020
  1  0.767
  0  0.900
  1  1.216
  1  0.857
  1  1.031
  1  0.952
  1  0.853
  1  0.845
  1  0.822
  1  0.878
  1  0.741
  1  0.822
  0  0.715
  1  0.838
  1  0.917
  1  0.812
  1  0.900
  1  0.823
  1  0.836
  1  0.981
  1  0.723
  1  0.727
  1  0.854
  1  0.839
  1  0.804
  1  0.739
  1  0.880
  1  0.813
  0  0.827
  1  0.881
  1  0.800
  1  0.970
  1  0.766
  1  0.840
  1  0.798
  1  0.874
  1  0.956
  1  0.755
  1  0.770
  1  0.827
  1  0.782
  1  0.909
  1  0.920
  1  1.072
  1  0.899
  1  0.814
  1  0.799
  1  0.847
  1  0.848
  1  0.781
  1  0.979
  1  1.046
  1  0.821
  1  1.377
  1  0.980
  1  1.050
  1  0.833
  1  0.840
  1  0.737
  1  0.823
  1  0.731
  0  0.858
  1  0.838
  1  0.846
  1  0.833
  0  0.866
  1  0.824
  1  0.745
  1  0.955
  1  0.860
  1  0.830
  1  1.134
  1  0.797
  1  0.931
  1  0.853
  1  0.831
  1  0.719
  1  0.902
  1  0.853
  1  0.763
  1  0.825
  0  0.790
  1  0.749
  1  1.019
  1  0.722
  1  0.920
  1  0.764
  1  0.793
  0  0.815
  1  0.772
  1  0.924
  1  0.874
  1  0.833
  0  0.852
  1  0.877
  1  0.799
  1  0.805
  1  0.763
  0  0.755
  1  0.915
  0  0.791
  1  0.891
  1  0.988
  1  0.788
  1  0.793
  1  0.769
  1  0.799
  1  0.794
  1  0.755
  1  0.793
  1  0.846
  1  0.804
  1  0.761
  0  1.177
  1  0.734
  0  0.770
  1  0.803
  0  0.857
  1  0.899
  0  0.808
  1  0.922
  1  0.846
  1  0.975
  1  0.812
  1  0.807
  1  0.875
  1  0.774
  1  0.932
  1  0.892
  1  0.914
  1  0.790
  0  0.765
  1  0.846
  1  0.806
  1  0.789
  1  0.757
  1  0.821
  1  0.806
  1  0.945
  0  0.955
  1  0.767
  1  0.835
  1  0.741
  0  0.939
  1  1.017
  0  0.854
  1  0.788
  1  0.824
  1  0.952
  1  0.778
  1  0.927
  1  0.802
  1  0.769
  1  0.845
  1  0.875
  1  0.785
  1  0.764
  1  0.827
  1  0.815
  1  0.818
  1  0.916
  1  0.772
  1  0.765
  1  0.852
  1  0.791
  1  0.744
  1  0.848
  1  0.819
  1  0.812
  1  0.784
  1  0.769
  1  0.810
  1  0.810
  1  0.853
  1  0.857
  1  0.832
  1  0.760
  1  0.782
  1  0.910
  1  0.797
  1  0.859
  1  0.798
  1  0.933
  0  0.815
  1  0.861
  0  0.770
  1  0.720
  1  0.847
  0  0.813
  1  0.955
  1  0.765
  1  0.705
  1  0.742
  1  0.878
  1  0.789
  1  0.763
  1  0.914
  1  0.741
  1  0.764
  1  0.743
  1  0.823
  1  0.777
  1  1.030
  1  0.858
  1  0.876
  1  0.794
  1  0.844
  0  0.724
  1  0.934
  1  0.838
  1  0.826
  1  0.924
  1  0.948
  1  0.990
  1  0.851
  1  0.757
  1  0.927
  1  0.767
  0  0.807
  1  0.804
  1  0.877
  1  0.831
  1  0.838
  1  0.907
  1  0.868
  1  0.818
  1  0.912
  1  0.935
  1  0.838
  1  0.851
  1  0.821
  1  0.799
  1  0.874
  1  0.771
  0  0.917
  1  0.948
  1  0.936
  1  0.935
  1  0.799
  1  0.788
  1  1.052
  0  0.747
  1  0.921
  1  0.876
  1  0.750
  1  0.914
  1  0.803
  1  0.747
  1  0.826
  1  0.745
  1  0.843
  1  0.824
  1  0.794
  1  0.802
  0  0.830
  1  0.918
  1  0.778
  1  0.822
  1  0.855
  1  0.726
  1  0.787
  1  0.924
  1  0.837
  1  0.788
  1  0.810
  1  0.789
  1  0.786
  1  0.806
  0  0.705
  1  0.877
  1  1.047
  1  0.866
  1  0.838
  1  0.822
  0  0.904
  0  0.779
  1  0.913
  1  0.799
  1  0.763
  1  0.778
  1  0.829
  1  0.769
  1  0.779
  1  0.899
  1  0.771
  1  0.768
  0  0.911
  1  0.886
  1  0.720
  1  0.775
  1  0.800
  1  0.770
  1  0.807
  1  0.875
  1  0.810
  1  0.829
  1  0.805
  1  0.822
  1  0.828
  1  0.937
  1  0.861
  1  0.783
  1  0.752
  1  0.852
  1  0.752
  0  0.750
  1  0.878
  1  0.987
  1  0.779
  0  0.842
  1  0.813
  1  0.734
  1  0.863
  0  0.763
  0  0.835
  0  0.715
  1  0.839
  1  0.866
  1  0.934
  0  1.348
  1  0.803
  1  0.936
  1  0.792
  1  0.759
  1  0.957
  1  0.864
  1  0.827
  1  0.750
  1  0.766
  1  0.869
  1  0.977
  1  0.823
  1  0.823
  1  1.136
  1  0.778
  1  1.100
  1  0.821
  1  0.892
  1  0.839
  1  0.870
  1  0.740
  1  0.750
  1  0.829
  1  0.991
  1  0.817
  1  0.918
  1  0.889
  1  0.752
  1  0.878
  1  0.764
  1  0.829
  1  0.858
  0  0.706
  1  0.729
  1  0.761
  1  0.792
  1  0.834
  1  1.029
  1  0.760
  1  0.930
  1  0.801
  1  0.821
  1  0.847
  1  0.755
  1  0.909
  1  0.957
  1  0.786
  1  0.837
  1  0.860
  1  0.933
  1  0.799
  1  0.860
  1  0.765
  1  0.751
  1  0.740
  1  0.857
  1  0.829
