  1  0.593
  1  0.585
  1  0.666
  1  0.553
  1  0.570
  1  0.607
  1  0.608
  1  0.559
  1  0.599
  1  0.700
  0  0.483
  1  0.560
  1  0.565
  1  0.697
  1  0.680
  1  0.597
  1  0.506
  1  0.601
  1  0.762
  1  0.547
  1  0.546
  1  0.553
  1  0.647
  1  0.576
  1  0.536
  1  0.600
  1  0.562
  1  0.561
  1  0.545
  1  0.657
  0  0.529
  0  0.413
  1  0.584
  1  0.534
  1  0.523
  1  0.552
  1  0.538
  1  0.616
  1  0.572
  1  0.597
  1  0.606
  1  0.559
  1  0.662
  1  0.600
  1  0.675
  0  0.437
  1  0.569
  1  0.714
  1  0.566
  1  0.650
  1  0.537
  1  0.556
  1  0.602
  1  0.527
  1  0.544
  1  0.590
  1  0.517
  1  0.620
  1  0.527
  1  0.569
  1  0.534
  1  0.550
  1  0.533
  1  0.572
  1  0.595
  1  0.561
  1  0.718
  1  0.610
  1  0.564
  1  0.531
  0  0.461
  1  0.581
  1  0.551
  1  0.514
  1  0.555
  1  0.578
  1  0.545
  1  0.581
  1  0.761
  1  0.627
  1  0.526
  1  0.558
  1  0.645
  1  0.635
  1  0.632
  1  0.553
  0  0.476
  1  0.581
  1  0.504
  1  0.620
  1  0.763
  1  0.567
  1  0.555
  1  0.613
  1  0.540
  1  0.613
  1  0.680
  1  0.625
  1  0.537
  1  0.617
  1  0.575
  1  0.595
  1  0.579
  1  0.597
  1  0.640
  1  0.617
  1  0.549
  1  0.639
  1  0.531
  1  0.571
  1  0.629
  1  0.615
  0  0.557
  1  0.731
  1  0.722
  1  0.753
  1  0.574
  1  0.585
  1  0.676
  1  0.619
  1  0.722
  1  0.629
  1  0.543
  1  0.578
  1  0.548
  1  0.571
  1  0.542
  1  0.539
  1  0.621
  1  0.525
  1  0.582
  1  0.771
  1  0.659
  1  0.579
  1  0.523
  1  0.665
  1  0.577
  1  0.575
  1  0.526
  1  0.562
  1  0.560
  1  0.606
  1  0.540
  1  0.575
  1  0.607
  1  0.700
  1  0.518
  1  0.592
  1  0.552
  1  0.894
  1  0.733
  1  0.499
  1  0.545
  1  0.666
  1  0.655
  1  0.514
  1  0.587
  1  0.605
  1  0.539
  1  0.595
  1  0.561
  1  0.606
  1  0.503
  1  0.527
  1  0.501
  1  0.779
  1  0.611
  1  0.552
  1  0.808
  1  0.629
  1  0.563
  1  0.669
  1  0.614
  1  0.569
  1  0.691
  1  0.555
  1  0.723
  1  0.581
  1  0.624
  1  0.661
  1  0.691
  1  0.606
  1  0.484
  1  0.895
  1  0.532
  0  0.412
  1  0.571
  1  0.766
  1  0.590
  1  0.607
  1  0.664
  1  0.655
  0  0.456
  1  0.648
  1  0.612
  0  0.437
  1  0.577
  1  0.526
  1  0.683
  1  0.742
  1  0.576
  1  0.593
  1  0.800
  0  0.468
  1  0.621
  1  0.469
  1  0.514
  1  0.626
  1  0.621
  0  0.436
  1  0.697
  1  0.562
  1  0.868
  1  0.530
  1  0.515
  1  0.494
  1  0.575
  1  0.543
  1  0.535
  1  0.654
  1  0.674
  1  0.580
  1  0.627
  1  0.571
  1  0.595
  1  0.832
  1  0.585
  1  0.578
  1  0.530
  1  0.623
  1  0.534
  1  0.531
  1  0.637
  1  0.636
  1  0.570
  0  0.460
  1  0.563
  1  0.724
  1  0.645
  1  0.606
  1  0.563
  1  0.626
  0  0.505
  1  0.755
  1  0.615
  1  0.588
  1  0.622
  1  0.527
  1  0.608
  1  0.716
  1  0.604
  1  0.600
  0  0.443
  1  0.845
  1  0.548
  1  0.560
  1  0.513
  1  0.594
  1  0.580
  1  0.573
  1  0.681
  1  0.611
  1  0.524
  1  0.513
  1  0.570
  1  0.644
  1  0.597
  1  0.580
  1  0.565
  1  0.597
  1  0.623
  1  0.601
  1  0.604
  1  0.557
  1  0.558
  1  0.614
  1  0.662
  1  0.597
  1  0.696
  1  0.551
  1  0.659
  1  0.549
  1  0.913
  1  0.598
  1  0.569
  1  0.577
  1  0.570
  1  0.590
  1  0.728
  1  0.640
  1  0.583
  1  0.700
  1  0.645
  1  0.712
  1  0.542
  1  0.598
  1  0.532
  0  0.449
  1  0.553
  1  0.528
  1  0.592
  1  0.643
  1  0.565
  1  0.540
  1  0.608
  1  0.542
  1  0.583
  1  0.497
  1  0.564
  1  0.700
  1  0.744
  0  0.434
  0  0.432
  0  0.464
  1  0.603
  1  0.574
  1  0.757
  1  0.600
  1  0.716
  1  0.546
  1  0.654
  1  0.556
  1  0.867
  0  0.471
  1  0.575
  1  0.511
  1  0.944
  1  0.647
  1  0.634
  1  0.589
  1  0.538
  1  0.616
  1  0.595
  1  0.529
  1  0.584
  1  0.535
  1  0.614
  1  0.641
  1  0.577
  0  0.406
  1  0.546
  1  0.521
  1  0.759
  1  0.538
  1  0.598
  1  0.585
  1  0.521
  1  0.558
  1  0.705
  1  0.627
  1  0.705
  1  0.688
  1  0.576
  1  0.564
  1  0.657
  1  0.656
  1  0.690
  1  0.576
  1  0.601
  1  0.604
  1  0.722
  1  0.555
  1  0.597
  1  0.527
  1  0.510
  1  0.649
  1  0.606
  1  0.690
  1  0.534
  1  0.520
  1  0.736
  1  0.594
  1  0.618
  1  0.682
  1  0.605
  1  0.603
  1  0.536
  1  0.595
  1  0.534
  1  0.580
  1  0.604
  1  0.659
  1  0.635
  1  0.544
  1  0.677
  1  0.532
  1  0.701
  1  0.534
  1  0.618
  1  0.634
  1  0.632
  1  0.543
  1  0.617
  1  0.750
  1  0.668
  1  0.596
  1  0.619
  1  0.579
  1  0.930
  1  0.531
  1  0.590
  1  0.555
  0  0.432
  1  0.611
  1  0.815
  1  0.605
  1  0.581
  1  0.513
  1  0.634
  1  0.599
  1  0.621
  1  0.546
  1  0.566
  1  0.610
  1  0.698
  1  0.664
  1  0.520
  1  0.577
  0  0.477
  1  0.542
  0  0.448
  1  0.523
  1  0.602
  1  0.637
  1  0.697
  1  0.579
  1  0.696
  1  0.561
  1  0.581
  1  0.670
  1  0.654
  1  0.626
  1  0.603
  1  0.678
  1  0.625
  1  0.673
  1  0.740
  1  0.516
  1  0.828
  1  0.835
  1  0.708
  1  0.579
  1  0.692
  1  0.608
  1  0.535
  1  0.774
  1  0.662
  1  0.561
  1  0.714
  1  0.649
  1  0.634
  1  0.723
  1  0.578
  1  0.662
  1  0.599
  1  0.599
  1  0.576
  1  0.633
  1  0.570
  1  0.595
  1  0.499
  1  0.610
  1  0.699
  1  0.638
  1  0.565
  1  0.646
  1  0.671
  1  0.658
  1  0.661
  1  0.640
  0  0.401
  1  0.643
  1  0.638
  1  0.641
  1  0.548
  1  0.607
  1  0.559
  1  0.550
  1  0.619
  1  0.663
  1  0.513
  1  0.521
  1  0.579
  1  0.690
  1  0.539
  1  0.503
  1  0.800
  0  0.453
  1  0.694
  1  0.498
  1  0.626
  1  0.644
  1  0.588
  1  0.788
  1  0.642
  1  0.618
  1  0.567
  1  0.548
  1  0.502
  1  0.583
