  1  0.652
  1  0.623
  1  0.917
  0  0.484
  1  0.559
  1  0.703
  1  0.706
  1  0.458
  1  0.674
  1  1.049
  0  1.661
  1  0.471
  1  0.525
  1  1.037
  1  0.968
  1  0.669
  0  0.989
  1  0.680
  1  1.320
  0  0.531
  0  0.533
  0  0.479
  1  0.847
  1  0.588
  0  0.608
  1  0.677
  1  0.500
  1  0.490
  0  0.546
  1  0.881
  0  1.987
  0  1.223
  1  0.618
  0  0.626
  0  0.748
  0  0.485
  0  0.596
  1  0.736
  1  0.565
  1  0.666
  1  0.700
  1  0.445
  1  0.899
  1  0.680
  1  0.949
  0  1.331
  1  0.551
  1  1.110
  1  0.534
  1  0.857
  0  0.604
  0  0.438
  1  0.685
  0  0.693
  0  0.548
  1  0.641
  0  0.825
  1  0.748
  0  0.696
  1  0.549
  0  0.628
  0  0.509
  0  0.636
  1  0.567
  1  0.662
  1  0.483
  1  1.124
  1  0.714
  1  0.515
  0  0.655
  0  1.500
  1  0.606
  0  0.494
  0  0.868
  0  0.455
  1  0.595
  0  0.546
  1  0.608
  1  1.316
  1  0.774
  0  0.705
  1  0.419
  1  0.839
  1  0.801
  1  0.790
  0  0.484
  0  1.609
  1  0.607
  0  1.012
  1  0.749
  1  1.325
  1  0.539
  0  0.463
  1  0.724
  0  0.580
  1  0.725
  1  0.970
  1  0.767
  0  0.605
  1  0.738
  1  0.580
  1  0.661
  1  0.599
  1  0.666
  1  0.819
  1  0.739
  0  0.517
  1  0.817
  0  0.661
  1  0.563
  1  0.782
  1  0.730
  0  2.180
  1  1.181
  1  1.144
  1  1.278
  1  0.577
  1  0.621
  1  0.955
  1  0.745
  1  1.143
  1  0.779
  0  0.560
  1  0.593
  0  0.523
  1  0.560
  0  0.567
  0  0.586
  1  0.752
  0  0.716
  1  0.610
  1  1.360
  1  0.890
  1  0.597
  0  0.743
  1  0.912
  1  0.591
  1  0.583
  0  0.712
  1  0.501
  1  0.473
  1  0.698
  0  0.576
  1  0.582
  1  0.703
  1  1.051
  0  0.816
  1  0.648
  0  0.487
  1  1.968
  1  1.192
  0  1.084
  0  0.540
  1  0.914
  1  0.874
  0  0.873
  1  0.630
  1  0.694
  0  0.586
  1  0.659
  1  0.482
  1  0.698
  0  1.040
  0  0.694
  0  1.060
  1  1.400
  1  0.718
  0  0.486
  1  1.535
  1  0.779
  1  0.512
  1  0.929
  1  0.726
  1  0.549
  1  1.012
  0  0.454
  1  1.145
  1  0.606
  1  0.763
  1  0.896
  1  1.013
  1  0.698
  0  1.192
  1  1.972
  0  0.648
  0  1.219
  1  0.560
  1  1.339
  1  0.640
  1  0.704
  1  0.908
  1  0.874
  0  1.458
  1  0.848
  1  0.719
  0  1.331
  1  0.593
  0  0.712
  1  0.983
  1  1.228
  1  0.586
  1  0.655
  1  1.499
  0  1.547
  1  0.750
  0  1.208
  0  0.868
  1  0.769
  1  0.753
  0  1.323
  1  1.038
  1  0.495
  1  1.833
  0  0.666
  0  0.859
  0  1.134
  1  0.582
  0  0.558
  0  0.620
  1  0.872
  1  0.948
  1  0.602
  1  0.772
  1  0.561
  1  0.662
  1  1.656
  1  0.621
  1  0.595
  0  0.666
  1  0.759
  0  0.625
  0  0.655
  1  0.810
  1  0.806
  1  0.559
  0  1.490
  1  0.508
  1  1.151
  1  0.838
  1  0.701
  1  0.505
  1  0.769
  0  1.816
  1  1.288
  1  0.732
  1  0.633
  1  0.754
  0  0.700
  1  0.705
  1  1.119
  1  0.690
  1  0.677
  0  1.370
  1  1.718
  0  0.522
  1  0.462
  0  0.885
  1  0.656
  1  0.603
  1  0.574
  1  0.975
  1  0.717
  0  0.730
  0  0.884
  1  0.557
  1  0.832
  1  0.669
  1  0.604
  1  0.526
  1  0.668
  1  0.759
  1  0.681
  1  0.693
  0  0.427
  0  0.402
  1  0.726
  1  0.899
  1  0.667
  1  1.034
  0  0.501
  1  0.888
  0  0.515
  1  2.066
  1  0.672
  1  0.550
  1  0.592
  1  0.560
  1  0.642
  1  1.171
  1  0.819
  1  0.614
  1  1.052
  1  0.838
  1  1.099
  0  0.566
  1  0.673
  0  0.643
  0  1.409
  0  0.480
  0  0.692
  1  0.649
  1  0.831
  1  0.523
  0  0.577
  1  0.708
  0  0.566
  1  0.616
  0  1.105
  1  0.520
  1  1.049
  1  1.240
  0  1.309
  0  1.299
  0  1.521
  1  0.690
  1  0.575
  1  1.296
  1  0.677
  1  1.115
  0  0.539
  1  0.870
  0  0.438
  1  1.831
  0  1.568
  1  0.584
  0  0.920
  1  2.223
  1  0.846
  1  0.796
  1  0.638
  0  0.598
  1  0.733
  1  0.658
  0  0.676
  1  0.619
  0  0.622
  1  0.729
  1  0.822
  1  0.591
  0  1.212
  0  0.535
  0  0.766
  1  1.307
  0  0.595
  1  0.672
  1  0.625
  0  0.772
  0  0.392
  1  1.073
  1  0.773
  1  1.070
  1  1.003
  1  0.588
  1  0.519
  1  0.882
  1  0.878
  1  1.011
  1  0.586
  1  0.682
  1  0.691
  1  1.143
  0  0.457
  1  0.667
  0  0.694
  0  0.937
  1  0.850
  1  0.699
  1  1.011
  0  0.624
  0  0.790
  1  1.202
  1  0.655
  1  0.740
  1  0.976
  1  0.695
  1  0.687
  0  0.611
  1  0.661
  0  0.627
  1  0.604
  1  0.692
  1  0.890
  1  0.800
  0  0.552
  1  0.957
  0  0.647
  1  1.056
  0  0.626
  1  0.741
  1  0.796
  1  0.791
  0  0.559
  1  0.739
  1  1.267
  1  0.924
  1  0.663
  1  0.746
  1  0.597
  1  2.154
  0  0.656
  1  0.642
  0  0.451
  0  1.295
  1  0.716
  1  1.572
  1  0.695
  1  0.609
  0  0.880
  1  0.797
  1  0.674
  1  0.752
  0  0.534
  1  0.535
  1  0.715
  1  1.044
  1  0.909
  0  0.778
  1  0.591
  0  1.612
  0  0.565
  0  1.404
  0  0.749
  1  0.686
  1  0.809
  1  1.039
  1  0.598
  1  1.035
  1  0.492
  1  0.608
  1  0.933
  1  0.871
  1  0.768
  1  0.689
  1  0.962
  1  0.765
  1  0.942
  1  1.223
  0  0.837
  1  1.636
  1  1.668
  1  1.083
  1  0.598
  1  1.017
  1  0.706
  0  0.621
  1  1.373
  1  0.902
  1  0.491
  1  1.107
  1  0.851
  1  0.796
  1  1.147
  1  0.595
  1  0.900
  1  0.673
  1  0.676
  1  0.587
  1  0.793
  1  0.556
  1  0.661
  0  1.084
  1  0.712
  1  1.047
  1  0.814
  1  0.525
  1  0.841
  1  0.935
  1  0.886
  1  0.896
  1  0.819
  0  1.209
  1  0.831
  1  0.811
  1  0.823
  0  0.525
  1  0.704
  1  0.454
  0  0.510
  1  0.744
  1  0.905
  0  0.887
  0  0.775
  1  0.599
  1  1.010
  0  0.584
  0  1.031
  1  1.499
  0  1.440
  1  1.026
  0  1.099
  1  0.768
  1  0.832
  1  0.633
  1  1.441
  1  0.827
  1  0.740
  1  0.537
  0  0.522
  0  1.042
  1  0.617
