  0  0.853
  0  0.597
  0  0.782
  0  0.484
  0  0.365
  0  0.420
  0  0.399
  0  0.644
  0  0.412
  0  0.745
  0  0.698
  0  0.953
  0  1.077
  0  0.429
  0  0.420
  0  1.395
  0  0.857
  0  1.854
  0  0.514
  0  0.473
  0  0.347
  0  0.528
  0  0.808
  0  0.517
  0  0.362
  0  1.029
  0  0.496
  0  0.412
  1  1.780
  0  0.457
  0  0.417
  0  0.310
  0  0.420
  0  0.389
  0  0.703
  0  1.346
  1  0.699
  0  0.460
  0  0.631
  0  0.451
  0  0.490
  1  1.088
  1  1.185
  1  1.480
  1  1.008
  0  0.475
  0  0.983
  0  0.375
  0  0.350
  0  0.491
  0  0.878
  0  0.503
  0  0.310
  0  0.405
  0  0.371
  0  0.991
  0  0.429
  0  0.492
  0  0.295
  0  0.627
  0  0.398
  0  0.574
  0  0.345
  0  0.840
  0  1.091
  0  0.528
  0  0.461
  0  0.369
  0  0.430
  0  0.881
  0  0.623
  0  0.336
  1  0.656
  0  0.612
  0  0.530
  1  0.594
  0  0.359
  0  0.422
  0  0.748
  0  0.663
  0  0.530
  0  0.633
  0  0.363
  0  0.416
  0  0.408
  0  0.652
  0  0.491
  0  1.579
  0  0.513
  0  0.424
  0  0.782
  0  0.395
  0  0.832
  0  0.453
  0  0.386
  0  0.475
  0  0.745
  0  0.356
  0  0.990
  0  1.170
  0  1.167
  0  0.492
  0  0.563
  0  0.511
  0  0.450
  0  0.478
  0  0.399
  0  0.476
  0  0.474
  1  0.880
  0  0.451
  0  0.377
  1  1.203
  0  0.410
  0  0.425
  0  0.608
  0  0.352
  0  0.898
  1  1.438
  0  0.351
  0  0.331
  0  0.465
  0  0.381
  0  0.668
  0  0.505
  0  0.455
  1  1.067
  0  0.698
  1  0.809
  0  0.706
  0  0.555
  0  0.499
  0  0.349
  0  0.725
  0  0.378
  0  0.441
  0  0.404
  0  0.308
  0  0.474
  0  0.375
  0  0.704
  0  0.865
  0  0.825
  0  0.468
  0  0.399
  0  0.526
  0  1.071
  0  0.369
  0  0.544
  0  0.469
  0  0.503
  0  0.445
  0  0.414
  0  0.320
  0  0.407
  0  0.821
  0  0.554
  0  0.522
  0  0.542
  0  0.408
  0  0.378
  0  0.540
  0  0.484
  0  0.503
  0  0.367
  0  0.614
  0  0.623
  0  0.427
  0  1.465
  1  1.227
  0  0.403
  0  0.352
  0  0.635
  0  0.459
  0  0.347
  0  0.660
  0  0.615
  0  0.781
  0  0.492
  0  0.397
  0  0.435
  0  0.475
  0  0.424
  0  0.312
  0  0.648
  0  0.389
  0  0.542
  1  1.125
  0  1.018
  0  0.496
  0  0.508
  0  3.538
  0  2.351
  0  0.918
  0  1.878
  0  0.402
  0  0.360
  0  0.818
  0  0.768
  0  0.391
  0  1.308
  1  0.674
  0  0.410
  0  0.450
  1  0.982
  0  0.669
  0  0.732
  0  0.457
  0  0.322
  0  0.531
  1  0.788
  1  1.047
  0  0.326
  0  0.387
  0  0.446
  0  0.644
  0  0.586
  0  0.363
  0  0.392
  0  0.985
  0  0.354
  0  0.341
  0  0.416
  0  0.465
  0  0.456
  0  1.449
  0  0.514
  0  0.459
  0  0.489
  0  0.550
  0  0.846
  0  0.615
  0  0.502
  0  0.466
  0  0.629
  1  1.370
  0  0.521
  0  0.406
  0  0.659
  0  0.435
  0  0.415
  0  0.432
  0  0.499
  0  0.321
  0  0.766
  0  0.560
  0  0.421
  0  0.901
  0  0.508
  0  0.575
  0  0.480
  1  0.772
  0  0.519
  0  0.579
  0  1.311
  0  0.426
  0  0.384
  0  0.412
  0  0.475
  0  0.383
  1  0.968
  0  0.440
  0  0.887
  0  1.959
  0  0.430
  0  0.604
  0  0.555
  0  0.937
  0  0.430
  1  1.056
  0  0.596
  0  0.478
  1  0.558
  1  0.821
  0  0.874
  0  0.436
  0  0.493
  0  0.441
  0  0.612
  0  0.406
  0  0.476
  0  0.531
  0  1.036
  0  0.298
  0  0.672
  0  0.528
  1  1.484
  0  0.421
  0  0.483
  0  0.394
  1  1.989
  0  0.390
  0  1.218
  0  0.336
  0  0.427
  0  0.631
  0  0.484
  0  0.290
  0  0.493
  1  0.534
  0  0.359
  0  0.497
  0  1.042
  0  0.650
  0  0.757
  0  0.752
  0  1.101
  0  0.364
  0  0.294
  0  0.831
  1  1.540
  0  0.498
  0  0.508
  0  1.330
  0  0.411
  0  1.753
  0  0.340
  0  0.504
  0  0.722
  0  1.489
  0  0.950
  0  0.452
  0  0.576
  0  0.663
  0  0.436
  0  1.477
  1  0.851
  0  0.584
  0  0.456
  0  0.746
  1  0.566
  1  0.776
  0  0.373
  0  0.384
  0  0.883
  0  0.363
  0  0.437
  0  0.390
  0  0.457
  0  0.774
  0  0.411
  0  0.359
  1  0.754
  0  0.447
  0  0.369
  0  0.659
  0  0.573
  0  0.377
  0  0.429
  0  0.453
  1  0.716
  0  0.411
  0  0.520
  0  0.546
  0  0.330
  0  0.553
  0  0.719
  0  0.773
  0  0.654
  0  0.694
  0  0.483
  0  0.674
  0  0.684
  0  0.452
  0  0.669
  0  0.715
  0  0.449
  1  0.822
  0  0.371
  0  0.510
  0  0.623
  0  0.940
  0  0.536
  0  0.530
  0  0.453
  0  0.344
  0  0.788
  0  0.375
  0  0.537
  0  0.592
  0  0.492
  0  0.438
  0  0.472
  0  0.493
  0  0.439
  0  0.418
  0  0.383
  0  0.524
  0  0.803
  0  0.406
  0  0.617
  0  0.476
  0  0.622
  0  0.352
  0  0.533
  0  0.495
  0  0.462
  0  0.427
  0  0.906
  0  1.494
  0  0.503
  0  0.356
  0  0.599
  0  0.471
  1  1.181
  0  0.363
  0  0.497
  0  0.355
  0  0.592
  0  0.370
  0  0.421
  0  0.631
  0  0.356
  0  0.839
  0  0.592
  0  0.375
  0  0.526
  0  0.416
  0  0.532
  0  0.425
  1  1.250
  0  0.382
  0  0.642
  0  0.453
  0  1.185
  0  0.876
  0  0.475
  0  0.396
  0  0.649
  0  0.729
  0  0.556
  0  0.776
  0  1.494
  0  0.504
  0  0.450
  0  0.438
  0  0.547
  0  0.399
  1  1.092
  0  0.392
  0  0.440
  0  0.469
  0  0.462
  0  0.341
  0  0.300
  0  0.845
  0  0.718
  0  0.479
  0  0.769
  0  0.490
  0  0.447
  0  0.787
  0  0.480
  0  0.494
  0  1.244
  0  0.411
  0  0.587
  0  0.488
  0  0.799
  0  0.283
  0  0.395
  0  0.568
  1  0.828
  0  0.587
  0  0.476
  0  0.292
  0  0.410
  0  0.473
  0  1.096
  0  0.677
  1  0.587
  0  0.393
  0  0.427
  0  0.421
  0  0.623
  0  1.063
  0  0.325
  0  0.647
  0  0.631
  0  0.698
  0  0.312
  1  1.497
  0  0.591
  0  0.502
  0  0.563
  0  0.737
  0  0.593
  0  0.415
  0  0.396
  0  0.980
  1  1.643
  0  0.448
  0  0.343
  0  0.413
  0  0.595
  0  0.462
  0  0.496
  0  0.589
  0  0.339
  0  0.364
