  1  0.701
  0  0.744
  1  0.739
  1  0.735
  0  0.770
  0  0.736
  0  0.817
  0  0.833
  0  0.810
  0  0.784
  0  0.704
  0  0.803
  0  0.791
  1  0.734
  1  0.736
  0  0.735
  1  0.684
  1  0.673
  1  0.750
  1  0.754
  1  0.649
  0  0.772
  1  0.765
  0  0.832
  0  0.904
  1  0.732
  1  0.671
  0  0.747
  0  0.792
  0  0.774
  0  0.840
  0  0.818
  0  0.790
  1  0.708
  0  0.816
  0  0.812
  0  0.833
  0  0.726
  1  0.745
  0  0.826
  0  0.857
  0  0.812
  0  0.819
  0  0.819
  0  0.862
  0  0.712
  0  0.806
  0  0.833
  0  0.979
  0  0.789
  0  0.756
  0  0.744
  0  0.992
  0  0.733
  0  0.826
  0  0.747
  0  0.768
  0  0.701
  1  0.635
  0  0.839
  0  0.843
  1  0.820
  0  0.811
  0  0.835
  0  0.737
  1  0.842
  0  0.776
  0  0.819
  1  0.659
  1  0.758
  0  0.776
  1  0.694
  0  0.689
  0  0.854
  0  0.743
  0  0.797
  0  0.822
  0  0.880
  0  0.752
  1  0.665
  0  0.874
  1  0.786
  0  0.834
  1  0.711
  0  0.785
  0  0.807
  1  0.762
  1  0.639
  0  0.850
  0  0.752
  0  0.804
  1  0.752
  1  0.815
  0  0.818
  0  0.745
  1  0.804
  0  0.839
  1  0.666
  0  0.877
  1  0.709
  0  0.746
  0  0.704
  0  0.705
  0  0.829
  0  0.824
  0  0.723
  0  0.760
  0  0.708
  1  0.804
  0  0.777
  1  0.929
  0  0.788
  0  0.822
  1  0.690
  1  0.694
  0  0.853
  0  0.829
  1  0.860
  0  0.912
  1  0.770
  1  0.732
  0  0.758
  0  0.870
  0  1.083
  1  0.644
  0  0.724
  1  0.796
  1  0.739
  0  0.737
  0  0.745
  1  0.675
  0  0.763
  0  0.840
  1  0.650
  0  0.771
  0  0.838
  0  0.862
  1  0.732
  0  0.752
  0  0.802
  1  0.859
  0  0.796
  0  0.874
  1  0.871
  1  0.752
  0  0.822
  0  0.943
  1  0.671
  0  0.733
  0  0.761
  0  0.977
  1  0.773
  0  0.815
  0  0.832
  0  0.748
  1  0.688
  1  0.766
  0  0.702
  0  0.846
  1  0.694
  0  0.721
  0  0.809
  1  0.783
  0  0.730
  0  0.692
  1  0.947
  1  0.756
  0  0.862
  0  0.929
  0  0.861
  0  0.843
  0  0.742
  0  0.942
  0  0.821
  0  0.798
  0  0.800
  1  0.743
  0  0.769
  0  0.783
  0  0.747
  1  0.764
  1  0.708
  0  0.802
  0  0.743
  0  0.770
  0  0.895
  0  0.714
  1  0.819
  1  0.696
  1  0.689
  0  0.805
  1  0.763
  1  0.860
  0  0.757
  1  0.668
  0  0.911
  0  0.774
  1  0.759
  0  0.788
  0  0.787
  0  0.839
  0  0.728
  0  0.881
  0  0.726
  0  0.692
  1  0.817
  1  0.814
  0  0.851
  1  0.665
  1  0.753
  0  0.743
  0  0.843
  0  0.827
  0  0.716
  0  0.790
  1  0.780
  0  0.837
  1  0.760
  0  0.822
  0  0.723
  0  0.818
  0  0.725
  1  0.718
  0  0.792
  0  0.703
  0  0.759
  1  0.836
  0  0.795
  1  0.780
  0  0.799
  0  0.752
  0  0.796
  1  0.877
  0  0.854
  0  0.699
  0  0.755
  1  0.734
  0  0.808
  1  0.731
  0  0.801
  0  0.714
  0  0.786
  0  0.706
  1  0.748
  0  0.870
  0  0.761
  0  0.831
  1  0.681
  0  0.778
  0  0.811
  1  0.752
  1  0.719
  0  0.732
  0  0.813
  0  0.771
  1  0.751
  0  0.710
  1  0.740
  0  0.864
  1  0.705
  1  0.847
  0  0.705
  0  0.714
  0  0.837
  0  0.799
  0  0.771
  0  0.764
  1  0.681
  0  0.763
  1  0.897
  1  0.672
  1  0.702
  0  0.748
  1  0.718
  0  0.781
  0  0.847
  1  0.755
  0  0.817
  1  0.721
  0  0.794
  0  0.806
  0  0.748
  0  0.847
  1  0.854
  0  0.854
  0  0.850
  0  0.855
  1  0.659
  1  0.663
  1  0.773
  0  0.840
  1  0.863
  1  0.654
  0  0.716
  0  0.778
  0  0.890
  0  0.853
  0  0.861
  1  0.645
  0  0.887
  0  0.797
  0  0.730
  0  0.756
  0  0.712
  0  0.858
  0  0.728
  0  0.788
  0  0.833
  1  0.806
  1  0.763
  0  0.706
  0  0.833
  0  0.730
  0  0.821
  0  0.832
  0  0.812
  0  0.963
  1  0.868
  1  0.655
  0  0.779
  0  0.843
  0  0.802
  0  0.720
  0  0.747
  0  0.790
  0  0.825
  1  0.703
  0  0.779
  0  0.791
  0  0.749
  0  0.733
  1  0.728
  1  0.739
  0  0.787
  1  0.692
  0  0.771
  0  0.815
  1  0.872
  1  0.624
  0  0.847
  0  0.735
  1  0.793
  0  0.963
  0  0.859
  0  0.787
  0  0.737
  0  0.878
  0  0.777
  0  0.715
  0  0.796
  0  0.743
  0  0.808
  1  0.674
  1  0.738
  0  0.775
  0  0.760
  0  0.712
  1  0.808
  1  0.762
  1  0.669
  0  0.773
  1  0.751
  0  0.832
  0  0.777
  0  0.824
  0  0.730
  0  0.789
  1  0.728
  0  0.906
  0  0.792
  1  0.717
  0  0.731
  1  0.835
  0  0.725
  1  0.684
  0  0.822
  0  0.781
  0  0.807
  0  0.858
  0  0.875
  1  0.682
  0  0.758
  0  0.837
  0  0.710
  0  0.853
  0  0.741
  1  0.702
  1  0.938
  0  0.736
  1  0.793
  0  0.804
  1  0.780
  0  0.775
  1  0.809
  0  0.734
  0  0.827
  0  0.810
  1  0.820
  0  0.724
  0  0.796
  1  0.673
  1  0.924
  0  0.783
  1  0.930
  0  0.752
  0  0.713
  1  0.786
  1  0.745
  0  0.739
  1  0.775
  0  0.806
  1  0.695
  0  0.704
  1  0.745
  1  0.724
  0  0.820
  1  0.755
  0  0.798
  0  0.758
  0  0.787
  1  0.807
  0  0.843
  0  0.834
  1  0.703
  0  0.749
  1  0.823
  0  0.771
  1  0.821
  0  0.737
  0  0.916
  0  0.760
  1  0.718
  0  0.785
  0  0.854
  0  0.777
  0  0.784
  0  0.841
  0  0.796
  1  0.800
  1  0.691
  0  0.771
  1  0.790
  1  0.915
  1  0.859
  0  0.773
  1  0.766
  0  0.806
  0  0.768
  1  0.726
  0  0.842
  0  0.764
  0  0.748
  1  0.633
  0  0.884
  0  0.891
  0  0.708
  1  0.802
  1  0.635
  0  0.756
  1  0.785
  0  0.840
  1  0.631
  0  0.854
  0  0.779
  1  0.752
  1  0.910
  0  0.781
  0  0.742
  0  0.726
  1  0.676
  0  0.849
  0  0.826
  1  0.850
  0  0.787
  0  0.737
  0  0.848
  0  0.774
  1  0.866
  0  0.708
  0  0.713
  0  0.851
  0  0.809
  0  0.739
  0  0.834
  0  0.801
  1  0.970
  0  0.721
  0  0.781
  0  0.713
  0  0.890
  0  0.952
  0  0.934
  0  0.771
  0  0.698
  0  0.810
  0  0.722
  0  0.811
  0  0.761
  1  0.741
  0  0.880
