  0  0.855
  1  0.641
  0  0.791
  0  0.776
  0  0.841
  0  0.750
  0  1.009
  0  0.778
  0  0.868
  0  1.265
  0  0.696
  0  1.029
  0  0.752
  0  0.662
  0  0.649
  0  0.864
  0  0.852
  0  0.823
  0  1.025
  0  1.108
  0  1.270
  0  0.868
  0  0.779
  0  0.926
  0  0.974
  0  0.729
  0  0.869
  0  0.799
  0  0.993
  0  0.816
  0  0.900
  0  0.824
  0  0.801
  0  0.703
  0  0.827
  0  0.681
  0  0.878
  1  1.057
  0  0.733
  0  0.686
  0  0.613
  0  1.003
  0  0.741
  0  0.777
  0  0.969
  0  0.770
  0  0.859
  1  0.912
  0  0.962
  0  0.772
  0  1.097
  0  0.793
  0  0.766
  0  0.734
  0  0.975
  0  0.793
  0  0.921
  0  0.849
  0  0.833
  0  0.899
  1  0.718
  0  0.762
  0  1.217
  0  1.265
  0  1.170
  0  1.013
  0  0.909
  0  0.743
  0  0.867
  0  1.046
  1  1.101
  0  0.714
  0  0.710
  0  1.180
  0  0.925
  0  0.868
  0  1.041
  0  0.953
  0  0.954
  0  0.733
  0  0.667
  0  0.718
  0  0.768
  0  0.782
  0  1.060
  0  1.141
  0  1.117
  1  0.797
  0  0.841
  0  0.763
  0  1.486
  0  0.786
  0  1.020
  0  0.698
  0  1.050
  0  0.769
  0  0.917
  0  1.410
  0  1.137
  0  1.003
  0  0.923
  0  0.852
  0  0.846
  0  0.967
  0  0.795
  0  0.754
  0  0.618
  0  0.685
  0  0.637
  0  0.828
  0  0.717
  0  0.747
  0  0.992
  0  0.806
  0  0.668
  0  0.942
  0  0.996
  0  0.781
  0  0.885
  0  0.885
  1  0.790
  0  0.809
  0  1.174
  0  1.192
  0  0.878
  0  0.719
  0  0.720
  0  1.180
  0  0.727
  0  0.778
  0  1.003
  0  0.769
  0  1.028
  0  0.759
  0  0.774
  0  0.790
  1  1.267
  0  0.692
  0  1.231
  0  0.636
  0  0.888
  0  1.105
  0  0.902
  0  0.708
  0  0.651
  0  0.730
  0  0.640
  0  0.744
  1  0.881
  0  0.774
  0  0.623
  0  0.803
  0  0.752
  0  0.757
  0  0.876
  0  0.782
  1  0.711
  0  0.941
  0  0.831
  0  0.791
  0  0.938
  0  0.682
  0  1.399
  0  0.745
  0  0.698
  0  0.893
  0  0.793
  1  1.479
  0  0.862
  0  0.829
  0  1.027
  0  0.890
  0  0.701
  0  1.147
  0  0.702
  0  0.996
  0  1.062
  0  0.680
  0  0.630
  0  0.992
  0  0.690
  0  0.910
  0  1.193
  0  0.705
  0  1.352
  0  0.952
  0  1.152
  0  1.567
  0  0.741
  0  0.872
  0  0.937
  0  0.894
  0  0.703
  0  0.827
  0  0.769
  0  0.675
  0  0.882
  0  0.794
  0  0.866
  0  0.732
  0  0.678
  0  0.988
  0  1.261
  0  1.035
  1  1.582
  0  0.832
  0  0.764
  0  0.871
  0  0.980
  0  1.012
  0  0.752
  0  0.730
  0  1.001
  0  0.883
  1  0.695
  0  0.868
  0  0.821
  0  0.921
  0  0.627
  0  0.772
  0  0.693
  0  0.813
  1  0.813
  0  0.830
  0  0.757
  0  0.833
  0  0.920
  0  0.907
  0  0.814
  0  0.742
  0  0.769
  0  0.785
  0  0.700
  0  0.730
  0  0.880
  0  2.759
  0  1.322
  0  0.752
  0  1.306
  0  0.921
  0  0.827
  0  0.797
  0  0.928
  1  1.764
  0  0.770
  0  0.793
  0  1.304
  0  0.688
  0  0.897
  0  0.849
  0  0.849
  0  0.876
  0  0.782
  0  0.719
  1  1.468
  0  0.855
  0  0.794
  0  0.773
  0  1.149
  0  0.784
  0  0.717
  0  1.017
  0  0.771
  0  0.892
  1  1.946
  0  1.065
  0  0.741
  0  0.746
  0  0.884
  0  0.886
  0  0.828
  0  2.147
  0  0.990
  0  0.917
  0  1.597
  0  0.716
  0  1.034
  0  0.862
  0  0.776
  0  0.733
  1  0.721
  0  0.902
  0  0.718
  0  0.891
  0  0.880
  0  0.875
  0  1.145
  0  0.774
  0  0.913
  0  0.709
  0  1.033
  0  0.767
  0  1.053
  0  0.720
  0  0.905
  0  1.047
  0  0.812
  0  0.798
  0  0.776
  0  0.720
  0  0.729
  0  0.733
  0  0.649
  0  0.849
  0  0.885
  0  0.776
  0  0.685
  1  0.917
  0  1.032
  0  0.767
  0  0.733
  0  0.702
  0  0.824
  0  1.120
  0  0.953
  0  0.685
  0  0.815
  1  0.698
  0  0.946
  0  0.809
  0  0.757
  0  0.804
  0  0.839
  0  0.993
  0  0.807
  0  0.664
  0  0.766
  0  0.767
  0  0.788
  0  0.828
  0  1.020
  0  0.759
  0  0.925
  0  0.714
  0  0.834
  0  0.785
  0  0.963
  1  0.775
  0  0.791
  1  0.992
  0  0.768
  0  0.986
  0  1.384
  0  0.908
  0  1.134
  0  0.761
  0  0.971
  0  0.867
  0  0.747
  0  0.614
  1  1.174
  0  0.714
  0  0.750
  0  0.683
  0  0.898
  0  0.683
  0  1.126
  0  1.245
  0  0.601
  0  1.228
  0  1.061
  0  0.663
  0  1.157
  0  0.826
  0  0.838
  0  0.808
  0  0.781
  0  1.116
  0  0.950
  0  0.715
  1  0.853
  1  0.754
  0  0.757
  0  0.781
  0  1.149
  0  0.702
  0  0.839
  0  1.385
  0  1.042
  0  0.865
  0  0.761
  0  0.735
  0  1.682
  0  0.851
  0  0.805
  0  0.934
  0  0.611
  0  0.626
  0  1.986
  0  0.670
  0  0.813
  0  0.943
  0  1.097
  0  0.847
  0  0.788
  0  0.932
  0  0.876
  0  0.694
  0  0.981
  0  0.678
  0  0.781
  0  0.653
  0  0.768
  0  1.075
  0  1.089
  0  0.663
  0  0.986
  0  0.894
  0  1.076
  0  0.852
  0  0.736
  0  0.853
  0  0.615
  0  0.876
  0  0.686
  0  1.432
  0  0.833
  0  1.007
  0  0.747
  0  0.853
  0  0.820
  0  0.597
  0  0.887
  1  2.681
  0  0.707
  0  0.903
  1  0.851
  0  0.788
  0  0.752
  0  0.965
  0  1.014
  1  0.948
  0  0.939
  0  0.664
  1  0.921
  0  0.982
  0  1.097
  0  0.809
  0  0.606
  0  0.722
  0  0.993
  0  0.665
  1  0.718
  0  2.973
  0  0.697
  0  0.778
  0  1.664
  0  1.015
  0  1.071
  0  0.796
  0  1.296
  0  1.507
  0  0.698
  0  0.688
  0  0.704
  0  1.515
  0  0.639
  0  0.772
  0  0.822
  1  1.014
  0  0.878
  0  0.666
  0  0.746
  1  1.072
  0  0.893
  0  0.650
  0  0.813
  0  1.308
  0  0.784
  0  1.158
  0  0.815
  0  1.163
  0  2.042
  1  1.016
  0  1.000
  0  1.157
  0  1.098
  1  1.095
  0  0.753
  0  0.833
  0  1.183
  0  0.706
  0  0.974
  0  1.043
  0  0.751
  0  0.897
  0  0.784
  0  0.812
  0  1.359
  0  1.025
  0  0.642
  0  0.801
  0  0.904
  0  0.719
  0  0.689
  0  0.997
  0  1.478
  0  0.687
  0  1.186
  0  0.844
