  0  0.799
  0  0.738
  0  0.733
  1  0.656
  1  0.797
  0  0.707
  0  0.723
  0  0.730
  0  0.764
  1  1.004
  0  0.771
  1  0.782
  1  0.683
  1  0.738
  0  0.728
  0  0.902
  0  0.752
  0  0.849
  0  0.768
  0  0.750
  0  0.732
  1  0.772
  0  0.767
  0  0.733
  0  1.082
  0  0.777
  1  0.661
  0  0.744
  0  0.823
  0  0.713
  0  0.731
  0  0.798
  0  0.763
  0  0.818
  1  0.806
  0  0.756
  0  0.736
  0  0.761
  0  0.770
  0  0.780
  1  0.685
  0  0.740
  0  0.720
  0  0.720
  0  0.844
  0  0.775
  0  0.740
  0  0.706
  0  0.796
  0  0.872
  0  0.739
  0  0.887
  0  0.729
  0  0.713
  0  0.731
  0  0.744
  0  0.723
  1  0.780
  0  0.847
  0  0.816
  0  0.733
  0  0.712
  0  0.743
  0  0.823
  0  0.761
  0  0.737
  0  0.733
  0  0.747
  0  0.702
  1  0.694
  0  0.892
  0  0.728
  0  0.792
  0  0.731
  0  0.750
  1  0.684
  0  0.722
  0  0.770
  0  0.726
  1  0.796
  0  0.741
  0  0.730
  0  0.717
  1  0.685
  0  0.867
  0  0.780
  0  0.769
  0  0.730
  0  0.747
  1  0.687
  0  0.737
  0  0.774
  1  0.790
  0  0.723
  0  0.792
  0  0.809
  0  0.754
  0  0.782
  0  0.719
  0  0.763
  0  0.774
  0  0.739
  0  0.727
  0  0.769
  0  0.751
  0  0.761
  0  0.730
  0  0.835
  0  0.753
  0  0.764
  0  0.783
  0  0.727
  0  0.720
  0  0.737
  0  0.847
  1  0.767
  0  0.718
  0  0.740
  0  0.715
  0  0.730
  0  0.765
  1  0.806
  0  0.724
  0  0.749
  1  0.767
  0  0.752
  0  0.777
  0  0.764
  1  0.723
  0  0.762
  0  0.778
  0  0.867
  0  0.726
  1  0.750
  0  0.752
  0  0.719
  0  0.712
  0  0.732
  1  0.657
  0  0.882
  1  0.687
  0  0.812
  1  0.712
  1  0.684
  1  0.673
  1  0.701
  0  0.815
  0  0.942
  0  0.758
  0  0.724
  0  0.737
  0  0.739
  0  0.841
  0  0.760
  0  0.775
  1  0.796
  1  0.648
  1  0.687
  0  0.840
  0  0.740
  0  0.807
  0  0.731
  0  0.744
  1  0.666
  0  0.766
  0  0.760
  0  0.705
  0  0.719
  0  0.724
  0  0.743
  0  0.835
  0  0.766
  1  0.727
  0  0.783
  1  0.725
  1  0.711
  0  0.732
  0  0.802
  0  1.018
  0  0.742
  0  0.700
  0  0.751
  0  0.709
  1  0.628
  0  0.761
  0  0.742
  0  0.764
  0  0.742
  0  0.764
  1  0.788
  0  0.766
  0  1.293
  0  0.765
  1  0.687
  1  0.794
  0  0.778
  0  0.788
  0  0.777
  1  0.683
  0  0.746
  0  0.725
  0  0.709
  0  0.708
  0  0.776
  0  0.855
  0  0.790
  0  0.718
  0  0.725
  0  0.729
  0  0.814
  0  0.727
  0  0.879
  0  0.759
  1  0.782
  0  0.775
  0  0.773
  0  0.752
  1  0.899
  1  0.767
  0  0.782
  0  0.732
  0  0.779
  0  0.987
  0  0.734
  0  0.922
  0  0.785
  0  0.732
  1  0.715
  0  0.712
  0  0.724
  0  0.782
  0  0.771
  1  0.659
  0  0.820
  0  0.751
  0  0.781
  0  0.741
  0  0.813
  1  0.756
  0  0.740
  0  0.792
  0  0.762
  1  0.897
  0  0.872
  1  0.793
  0  0.769
  0  0.740
  0  0.737
  1  0.631
  0  0.848
  0  0.749
  0  0.736
  0  0.810
  1  0.665
  0  0.755
  0  0.858
  0  0.768
  0  0.708
  0  0.938
  0  0.737
  0  0.742
  0  0.728
  0  0.778
  0  0.859
  0  0.701
  0  0.714
  1  0.700
  0  0.719
  1  0.824
  0  0.858
  0  0.811
  0  0.796
  0  0.801
  0  0.751
  0  0.700
  0  0.763
  0  0.752
  0  0.745
  0  0.983
  0  0.693
  0  1.181
  0  0.856
  1  0.675
  0  0.704
  0  0.746
  0  0.942
  0  0.731
  0  0.748
  0  0.698
  0  0.727
  0  0.747
  0  0.735
  1  0.664
  0  0.788
  0  0.739
  0  1.073
  0  0.906
  0  0.752
  0  0.704
  0  0.713
  0  0.717
  0  0.715
  0  0.728
  0  0.779
  0  0.791
  1  0.688
  0  0.743
  0  0.792
  0  0.812
  0  0.702
  0  0.768
  0  0.720
  0  0.760
  0  0.870
  0  0.729
  0  0.729
  0  0.730
  0  0.721
  0  0.724
  0  0.753
  0  0.807
  0  0.845
  0  0.749
  0  0.724
  0  0.713
  1  0.699
  0  0.762
  0  0.764
  1  0.922
  0  0.781
  0  0.704
  0  0.770
  0  0.755
  0  0.812
  0  0.729
  0  0.718
  0  0.709
  0  0.759
  0  0.728
  0  0.732
  0  0.920
  0  0.761
  0  0.860
  1  0.734
  0  0.761
  0  0.758
  0  0.736
  0  0.818
  0  0.776
  0  0.725
  0  0.829
  0  0.726
  1  0.698
  0  0.744
  1  0.742
  0  0.833
  0  0.881
  0  0.718
  0  0.804
  0  0.712
  0  0.705
  0  0.795
  0  0.796
  0  0.780
  0  0.770
  0  0.817
  0  0.753
  1  0.699
  0  0.711
  0  0.707
  1  0.719
  0  0.787
  0  0.905
  0  0.737
  0  0.944
  0  0.719
  0  0.761
  0  0.724
  0  0.756
  0  0.891
  0  0.898
  1  0.671
  0  0.805
  0  0.741
  0  0.733
  0  0.734
  0  0.724
  0  0.777
  1  0.748
  1  0.789
  1  0.659
  0  0.785
  0  0.797
  1  0.693
  0  0.701
  0  0.957
  0  0.800
  0  0.957
  1  0.863
  0  0.750
  0  0.897
  0  0.947
  1  0.642
  1  0.705
  0  0.750
  0  0.726
  0  0.742
  1  0.653
  0  0.800
  0  0.917
  0  0.750
  0  0.863
  0  0.802
  1  0.762
  0  0.755
  0  0.902
  0  0.715
  0  0.759
  0  0.761
  0  0.730
  1  0.688
  0  0.735
  0  0.734
  0  0.694
  0  0.755
  0  0.784
  0  0.762
  0  0.754
  0  1.020
  0  0.745
  1  0.657
  0  0.748
  0  0.727
  0  0.868
  0  0.781
  0  0.856
  0  0.787
  1  0.711
  0  0.734
  0  0.844
  0  0.704
  0  0.722
  0  0.761
  0  0.746
  0  0.756
  0  0.876
  0  0.729
  1  0.654
  0  0.749
  1  0.951
  1  0.688
  0  0.791
  0  0.779
  0  0.745
  0  0.840
  0  0.758
  0  0.815
  0  0.742
  0  0.869
  0  0.822
  1  0.786
  0  0.817
  0  0.901
  0  0.770
  0  0.729
  0  0.759
  0  0.799
  0  0.727
  0  0.744
  0  0.755
  0  0.780
  1  0.782
  0  0.736
  0  0.717
  0  0.732
  1  0.717
  0  0.711
  1  0.769
  0  0.882
  0  0.716
  1  0.670
  0  0.745
  0  0.770
  1  0.832
  0  0.754
  0  0.791
  0  0.840
  0  0.748
  0  0.812
  1  0.850
  0  0.730
  0  0.731
  0  0.843
  0  0.728
  0  0.761
  0  0.725
  0  0.781
  0  0.715
  0  0.742
  0  0.763
