  1  0.732
  0  0.919
  0  0.717
  1  0.712
  0  0.722
  1  0.731
  0  0.802
  0  0.729
  0  0.871
  1  0.899
  1  1.096
  0  0.781
  0  0.800
  1  0.673
  0  0.717
  0  0.917
  0  0.816
  0  1.218
  0  0.668
  1  0.746
  0  0.821
  0  0.904
  0  0.826
  1  0.858
  0  0.816
  0  1.021
  0  1.009
  0  0.900
  1  0.663
  0  0.885
  0  1.084
  0  0.656
  1  1.207
  1  1.020
  0  1.152
  0  1.347
  1  0.785
  0  0.930
  0  0.610
  0  1.008
  0  0.943
  1  0.891
  0  0.663
  0  0.779
  0  0.906
  1  0.678
  1  0.898
  1  1.016
  0  0.915
  0  0.851
  1  0.778
  1  0.950
  1  1.017
  1  0.984
  1  0.677
  0  0.900
  1  0.879
  0  0.656
  1  0.819
  1  0.870
  0  0.833
  0  1.024
  1  0.692
  0  0.976
  0  0.876
  1  0.672
  1  0.629
  0  0.698
  0  0.870
  0  0.826
  1  0.776
  1  0.840
  0  0.807
  0  0.825
  0  0.729
  1  0.800
  0  0.703
  1  0.945
  1  0.779
  1  0.587
  0  0.708
  1  0.649
  1  0.708
  0  1.010
  0  0.725
  1  0.698
  0  0.832
  0  0.808
  0  0.891
  0  0.705
  0  0.945
  1  0.643
  0  0.972
  1  0.667
  1  0.991
  0  1.132
  0  0.764
  1  0.709
  1  0.874
  0  0.637
  0  1.237
  1  0.792
  0  0.704
  0  0.755
  0  1.002
  0  0.851
  0  0.653
  1  0.854
  0  0.633
  0  0.817
  0  0.751
  0  0.709
  1  0.697
  0  0.796
  0  0.789
  0  0.746
  0  0.787
  1  0.642
  1  0.787
  0  1.049
  1  0.900
  1  0.736
  0  0.801
  1  0.635
  0  0.614
  0  0.927
  1  0.826
  0  1.101
  0  0.575
  1  0.659
  0  0.761
  1  0.852
  1  0.787
  1  0.701
  1  0.807
  1  0.847
  0  1.016
  1  0.812
  1  0.636
  1  0.619
  0  0.684
  0  1.283
  1  0.831
  1  0.775
  1  0.729
  0  0.695
  1  0.942
  0  0.898
  0  0.883
  0  0.857
  1  0.913
  1  0.886
  1  0.780
  0  0.655
  0  0.711
  0  1.083
  0  0.712
  1  0.720
  1  0.681
  1  0.793
  0  0.815
  1  1.205
  0  1.017
  1  0.675
  0  0.700
  0  0.772
  0  0.818
  0  0.892
  1  0.800
  0  0.727
  1  0.793
  1  0.672
  1  0.842
  1  1.029
  1  0.801
  0  0.598
  0  0.843
  1  0.707
  0  1.168
  1  0.807
  0  0.814
  0  0.964
  0  0.857
  1  0.850
  1  0.738
  0  0.728
  0  1.539
  0  0.830
  1  0.803
  0  0.859
  1  0.988
  1  0.748
  0  0.777
  0  0.943
  0  0.713
  0  1.078
  0  0.757
  0  0.874
  1  1.094
  1  0.780
  1  0.671
  0  0.740
  1  1.504
  0  0.840
  0  1.105
  1  0.850
  0  0.695
  1  0.790
  0  0.816
  0  0.665
  0  0.822
  0  0.997
  1  0.634
  1  0.624
  0  0.593
  0  0.805
  0  0.799
  0  0.835
  1  0.806
  0  0.851
  0  1.006
  1  1.091
  1  0.782
  0  0.682
  1  0.775
  0  0.738
  0  0.695
  0  0.771
  0  0.832
  1  0.827
  0  0.825
  0  0.816
  1  0.835
  0  0.875
  0  0.805
  0  0.844
  0  0.813
  1  0.699
  1  0.797
  0  0.701
  1  0.591
  1  0.828
  0  0.704
  0  1.027
  1  0.885
  0  0.795
  0  1.014
  1  0.939
  1  0.895
  0  0.786
  0  0.735
  0  0.892
  1  0.818
  1  0.843
  0  0.674
  0  0.731
  1  0.662
  0  0.623
  0  1.278
  1  0.581
  0  0.815
  0  0.657
  0  0.899
  1  0.713
  0  0.619
  0  0.846
  1  0.774
  1  1.191
  0  0.803
  1  0.657
  0  0.875
  0  0.660
  1  0.732
  1  0.628
  1  0.941
  0  0.849
  0  1.017
  0  1.002
  0  0.689
  0  0.612
  0  0.803
  0  0.701
  1  0.709
  0  0.735
  0  0.690
  1  0.625
  0  0.652
  0  0.848
  1  0.944
  0  0.790
  0  1.758
  0  0.771
  0  0.647
  1  1.120
  1  0.774
  0  0.936
  0  0.819
  0  0.784
  0  0.617
  1  0.797
  0  0.674
  0  0.777
  1  1.072
  0  0.733
  0  0.839
  0  1.070
  0  0.872
  1  0.766
  1  0.797
  0  0.776
  1  0.830
  1  0.924
  0  0.887
  0  0.881
  1  0.833
  0  0.959
  0  0.647
  0  0.676
  0  0.789
  1  0.646
  0  0.971
  0  1.204
  1  0.797
  1  1.258
  1  0.934
  0  0.733
  0  0.872
  0  0.845
  0  0.956
  0  0.723
  1  1.229
  0  0.804
  0  0.659
  1  1.116
  0  0.849
  0  0.880
  0  0.764
  0  0.850
  0  0.838
  1  0.829
  0  0.875
  0  0.728
  1  0.704
  1  1.097
  0  0.760
  0  1.213
  0  0.706
  0  0.934
  1  0.663
  1  0.806
  1  0.614
  0  0.964
  1  0.770
  0  0.661
  0  0.751
  0  0.922
  0  0.669
  0  0.798
  0  0.793
  0  0.833
  0  0.662
  0  0.663
  1  0.701
  0  0.736
  0  0.802
  0  0.680
  1  0.695
  1  0.676
  0  0.848
  0  0.965
  0  0.839
  0  0.882
  0  0.856
  1  0.950
  0  0.726
  0  0.731
  0  0.750
  1  1.338
  0  0.713
  1  0.785
  0  0.999
  1  1.122
  1  0.861
  1  0.772
  0  0.597
  0  0.825
  0  0.944
  0  1.049
  1  0.644
  0  0.729
  0  0.766
  0  0.898
  0  0.797
  1  0.777
  0  0.854
  1  1.054
  1  1.348
  1  0.751
  0  0.754
  0  0.975
  0  0.765
  0  0.735
  1  0.753
  0  0.671
  0  0.827
  1  0.689
  1  0.835
  0  1.208
  0  0.859
  0  0.745
  0  0.755
  1  0.869
  1  0.714
  1  0.879
  1  0.848
  0  0.872
  0  0.680
  1  0.819
  0  1.124
  0  0.644
  0  0.946
  0  0.867
  0  0.863
  0  0.766
  0  0.823
  0  0.741
  1  0.785
  1  1.253
  1  0.696
  0  0.760
  0  0.896
  0  0.666
  1  1.010
  0  0.767
  0  1.049
  1  0.663
  1  0.635
  1  0.839
  1  0.820
  0  0.778
  0  0.679
  0  0.842
  0  1.016
  0  0.901
  1  0.820
  1  0.863
  0  0.968
  0  0.885
  0  0.745
  0  0.993
  0  0.793
  0  0.713
  0  0.680
  0  0.762
  0  0.647
  1  0.873
  0  0.842
  0  0.670
  1  0.644
  0  1.178
  0  0.773
  1  0.723
  0  1.301
  1  0.835
  1  0.607
  1  0.813
  0  0.779
  1  0.859
  0  0.757
  1  0.982
  1  1.346
  0  0.789
  0  0.997
  1  0.649
  0  0.787
  0  0.773
  0  0.787
  0  0.674
  1  0.924
  0  0.922
  0  1.353
  1  0.703
  0  0.961
  0  0.938
  0  0.664
  0  1.040
  0  0.749
  0  0.699
  0  0.711
  1  0.719
  0  0.759
  1  0.753
  0  0.756
  1  0.974
  1  0.815
  0  0.834
  1  0.732
  0  1.140
  1  0.840
  1  0.797
