  1  1.017
  1  0.844
  1  0.935
  1  1.008
  1  0.933
  1  1.016
  1  0.897
  1  0.929
  1  0.864
  1  1.152
  1  1.360
  1  0.907
  1  0.898
  1  0.993
  1  0.935
  1  0.844
  1  0.890
  0  0.940
  1  0.953
  1  1.024
  1  0.888
  1  0.850
  1  0.885
  1  1.111
  1  0.890
  1  0.804
  1  0.809
  1  0.851
  1  0.990
  1  0.858
  0  0.763
  1  0.957
  1  1.488
  1  1.276
  0  0.872
  0  1.088
  1  1.048
  1  0.839
  1  0.969
  1  0.810
  1  0.835
  1  1.144
  1  0.955
  1  0.908
  1  0.849
  1  0.994
  1  1.151
  1  1.272
  1  0.845
  1  0.873
  1  1.043
  1  1.203
  1  1.273
  1  1.239
  1  0.994
  1  0.852
  1  1.132
  1  0.957
  1  1.076
  1  1.123
  1  0.882
  1  0.803
  1  0.999
  1  0.822
  1  0.862
  1  0.992
  1  0.981
  1  0.942
  1  0.864
  1  0.885
  1  1.042
  1  1.095
  1  0.894
  1  0.886
  1  0.929
  1  1.060
  1  0.940
  1  1.198
  1  1.044
  1  0.975
  1  0.938
  1  0.986
  1  1.006
  1  0.809
  1  0.931
  1  1.002
  1  0.882
  1  0.894
  1  0.855
  1  0.939
  1  0.834
  1  0.984
  1  0.823
  1  0.991
  1  1.245
  0  0.852
  1  0.914
  1  1.006
  1  1.127
  1  0.963
  0  0.961
  1  1.053
  1  0.940
  1  0.918
  1  0.812
  1  0.873
  1  0.958
  1  1.107
  1  0.964
  1  0.890
  1  0.920
  1  0.938
  1  1.001
  1  0.900
  1  0.903
  1  0.922
  1  0.904
  1  0.984
  1  1.049
  1  0.791
  1  1.153
  1  1.019
  1  0.897
  1  0.982
  1  0.969
  1  0.841
  1  1.082
  0  0.810
  1  0.973
  1  0.989
  1  0.916
  1  1.106
  1  1.050
  1  1.003
  1  1.065
  1  1.101
  1  0.806
  1  1.070
  1  0.983
  1  0.979
  1  0.948
  0  1.012
  1  1.086
  1  1.041
  1  1.015
  1  0.943
  1  1.195
  1  0.852
  1  0.859
  1  0.870
  1  1.166
  1  1.139
  1  1.045
  1  0.958
  1  0.937
  0  0.761
  1  0.936
  1  1.011
  1  0.996
  1  1.054
  1  0.891
  1  1.486
  1  0.806
  1  0.993
  1  0.941
  1  0.911
  1  0.889
  1  0.855
  1  1.059
  1  0.930
  1  1.054
  1  0.993
  1  1.096
  1  1.286
  1  1.060
  1  0.971
  1  0.877
  1  1.005
  0  0.888
  1  1.065
  1  0.891
  1  0.826
  1  0.870
  1  1.104
  1  1.020
  1  0.930
  0  1.346
  1  0.884
  1  1.062
  1  0.869
  1  1.242
  1  1.025
  1  0.908
  1  0.835
  1  0.936
  1  0.762
  1  0.918
  1  0.862
  1  1.357
  1  1.045
  1  0.992
  1  0.925
  1  1.875
  1  0.878
  0  0.817
  1  1.104
  1  0.943
  1  1.052
  1  0.890
  1  0.954
  1  0.887
  1  0.814
  1  0.982
  1  0.980
  1  0.972
  1  0.895
  1  0.899
  1  0.881
  1  1.065
  1  0.873
  1  0.811
  1  1.354
  1  1.046
  1  0.948
  1  1.041
  1  0.925
  1  0.943
  1  0.911
  1  0.882
  1  1.082
  1  0.886
  1  0.890
  1  1.090
  1  0.862
  1  0.895
  1  0.877
  1  0.891
  1  1.002
  1  1.057
  1  0.941
  1  0.975
  1  1.084
  1  0.940
  1  0.802
  1  1.138
  1  0.900
  1  0.807
  1  1.192
  1  1.148
  1  0.904
  1  0.927
  1  0.855
  1  1.074
  1  1.097
  1  0.951
  1  0.929
  1  0.989
  1  0.967
  0  1.006
  1  0.974
  1  0.891
  1  0.957
  1  0.852
  1  1.008
  1  0.967
  1  0.876
  1  1.041
  1  1.469
  1  0.896
  1  0.988
  1  0.862
  1  0.956
  1  1.017
  1  0.981
  1  1.194
  1  0.874
  1  0.806
  1  0.812
  1  0.946
  1  0.969
  1  0.896
  1  0.941
  1  1.006
  1  0.927
  1  0.945
  1  0.980
  1  0.959
  1  0.874
  1  1.197
  1  0.902
  0  1.681
  1  0.911
  1  0.960
  1  1.386
  1  1.041
  1  0.837
  1  0.889
  1  0.905
  1  0.968
  1  1.057
  1  0.951
  1  0.909
  1  1.333
  1  0.928
  1  0.879
  1  0.775
  1  0.863
  1  1.035
  1  1.057
  1  0.909
  1  1.085
  1  1.177
  1  0.857
  1  0.860
  1  1.088
  1  0.828
  1  0.960
  1  0.950
  1  0.903
  1  0.985
  1  0.824
  0  0.926
  1  1.057
  1  1.550
  1  1.187
  1  0.928
  1  0.863
  1  0.876
  1  0.830
  1  0.932
  1  1.515
  1  0.896
  1  0.956
  1  1.382
  1  0.874
  1  0.860
  1  0.914
  1  0.873
  1  0.879
  1  1.084
  1  0.862
  1  0.930
  1  1.004
  1  1.361
  1  0.916
  0  0.935
  1  0.939
  1  0.838
  1  0.990
  1  1.064
  1  0.978
  1  0.827
  1  1.038
  1  0.956
  1  0.920
  1  0.843
  1  0.953
  1  0.899
  1  0.901
  1  0.882
  1  0.955
  1  0.955
  1  1.003
  1  0.927
  1  0.897
  1  0.949
  1  1.001
  1  0.994
  1  0.874
  1  0.826
  1  0.879
  1  0.859
  1  0.871
  1  1.203
  1  0.931
  1  0.929
  1  0.920
  1  1.652
  1  0.936
  1  1.049
  1  0.813
  1  1.390
  1  1.115
  1  1.040
  1  0.971
  1  0.886
  1  0.834
  1  0.791
  1  0.984
  1  0.930
  1  0.913
  1  0.852
  1  0.899
  1  1.043
  1  0.871
  1  1.313
  1  1.665
  1  1.027
  1  0.918
  1  0.822
  1  0.914
  1  0.927
  1  1.028
  1  0.952
  1  0.885
  1  0.998
  1  1.090
  0  0.930
  1  0.869
  1  0.923
  1  0.918
  1  1.122
  1  1.008
  1  1.132
  1  1.102
  1  0.864
  1  0.949
  1  1.075
  0  0.842
  1  0.961
  1  0.833
  1  0.866
  1  0.868
  1  0.913
  1  0.887
  1  0.924
  1  1.049
  1  1.545
  1  1.001
  1  0.916
  1  0.853
  1  0.954
  1  1.266
  1  0.913
  1  0.791
  1  0.990
  1  0.982
  1  1.094
  1  1.077
  1  0.908
  1  0.950
  1  0.877
  1  0.807
  1  0.851
  1  1.076
  1  1.116
  1  0.825
  1  0.858
  1  0.923
  1  0.816
  1  0.901
  1  0.936
  1  0.949
  1  0.915
  1  0.960
  1  1.126
  1  0.877
  1  0.953
  1  0.984
  0  0.898
  1  0.910
  1  1.012
  0  1.032
  1  1.090
  1  0.977
  1  1.070
  1  0.908
  1  1.113
  1  0.917
  1  1.236
  1  1.661
  1  0.903
  1  0.814
  1  0.986
  1  0.904
  1  0.910
  1  0.904
  1  0.951
  1  1.176
  1  0.843
  0  1.096
  1  1.004
  1  0.828
  1  0.836
  1  0.955
  1  0.796
  1  0.921
  1  0.942
  1  0.937
  1  1.011
  1  0.917
  1  1.028
  1  0.918
  1  1.228
  1  1.072
  1  0.881
  1  1.017
  0  0.860
  1  1.095
  1  1.057
