  1  0.673
  0  0.639
  1  0.838
  0  0.630
  0  0.831
  0  0.664
  1  0.680
  0  0.691
  1  0.639
  0  0.604
  0  0.640
  1  0.620
  1  0.636
  0  0.653
  0  0.637
  1  0.745
  0  0.881
  1  0.719
  0  0.861
  0  0.648
  0  0.609
  0  0.757
  0  0.651
  0  0.725
  1  0.731
  0  0.666
  1  0.617
  1  0.652
  0  0.715
  0  0.634
  0  0.743
  1  1.131
  0  0.634
  0  0.692
  0  0.677
  1  0.666
  1  0.709
  1  0.918
  0  0.619
  0  0.640
  1  0.661
  0  0.635
  0  0.668
  1  0.671
  1  0.665
  1  0.590
  0  0.797
  1  0.652
  1  0.677
  0  0.612
  0  0.650
  0  0.647
  1  0.646
  0  0.848
  0  0.656
  0  0.706
  0  0.700
  1  0.670
  0  0.778
  0  0.679
  0  0.824
  0  0.671
  1  0.620
  0  0.678
  0  0.744
  0  0.601
  0  0.612
  1  0.753
  1  0.716
  0  0.913
  1  0.718
  1  0.641
  0  0.643
  0  0.632
  1  0.636
  0  0.681
  0  0.775
  0  0.627
  1  0.636
  1  0.693
  0  0.635
  1  1.005
  0  0.670
  0  0.704
  0  0.675
  0  0.620
  0  0.729
  0  0.710
  1  0.707
  0  0.645
  0  0.713
  1  0.621
  0  0.714
  1  0.895
  0  0.714
  1  0.667
  1  0.610
  0  0.794
  1  0.624
  0  0.589
  0  0.626
  0  0.620
  0  0.858
  0  0.755
  1  0.673
  0  0.787
  0  0.592
  1  0.759
  0  0.912
  1  0.611
  1  0.630
  0  0.785
  1  0.746
  0  0.598
  1  0.655
  1  0.662
  0  0.751
  0  0.614
  1  0.977
  0  0.736
  1  0.857
  0  0.631
  1  0.728
  0  0.632
  0  0.598
  1  0.618
  1  0.704
  1  0.692
  0  0.697
  0  0.706
  0  0.652
  0  0.666
  0  0.635
  0  0.672
  0  0.656
  0  0.747
  1  0.736
  1  0.684
  1  0.821
  0  0.795
  0  0.635
  0  0.635
  0  0.660
  0  0.594
  1  0.658
  1  0.641
  1  0.678
  1  0.692
  0  0.605
  0  0.834
  0  0.627
  1  0.660
  1  0.726
  0  0.608
  1  0.822
  0  0.656
  0  0.686
  1  0.644
  0  0.624
  0  0.652
  1  0.659
  1  0.674
  0  0.631
  1  0.642
  1  0.661
  1  0.760
  0  0.659
  1  0.764
  1  0.700
  0  0.632
  1  0.603
  0  0.767
  0  0.679
  0  0.692
  1  0.658
  1  0.734
  0  0.670
  1  0.828
  0  0.608
  1  0.940
  0  0.648
  1  0.656
  0  0.650
  1  0.623
  0  0.650
  1  0.637
  0  0.648
  0  0.717
  0  0.600
  0  0.716
  1  0.632
  0  1.111
  0  0.588
  0  0.738
  1  0.665
  1  0.622
  1  0.637
  0  0.640
  0  0.725
  0  0.828
  0  0.631
  1  0.781
  0  0.687
  0  0.607
  0  0.622
  1  0.720
  0  0.742
  1  0.950
  1  0.814
  1  0.631
  0  0.629
  0  0.645
  0  0.630
  0  0.665
  1  0.821
  1  0.675
  0  0.689
  0  0.614
  1  0.616
  0  0.733
  0  0.620
  1  0.677
  0  0.670
  1  0.601
  0  0.621
  1  0.723
  1  0.698
  0  0.752
  1  0.742
  1  0.713
  0  0.613
  1  0.626
  0  0.592
  0  0.604
  0  0.599
  1  0.650
  0  0.653
  1  0.709
  0  0.609
  1  0.590
  1  0.701
  0  0.626
  0  0.665
  0  0.649
  0  0.677
  0  0.611
  0  0.634
  1  0.680
  1  0.710
  0  0.654
  0  0.625
  0  0.633
  0  0.611
  0  0.699
  0  0.614
  1  0.825
  0  0.621
  0  0.754
  0  0.632
  1  0.685
  1  0.713
  1  0.882
  0  0.627
  1  0.727
  1  0.707
  1  0.797
  0  0.601
  0  0.747
  1  0.902
  0  0.686
  0  0.601
  1  0.698
  1  0.785
  1  0.655
  0  0.663
  1  0.686
  1  0.615
  1  0.714
  0  0.704
  0  0.729
  1  0.677
  0  0.656
  1  0.710
  0  0.759
  0  0.684
  0  0.623
  0  0.622
  0  0.679
  0  0.635
  1  0.627
  0  0.622
  0  0.626
  0  0.643
  0  0.663
  0  0.830
  0  0.935
  0  0.670
  1  0.645
  0  0.596
  0  0.662
  0  0.658
  0  0.616
  1  0.687
  1  0.680
  1  0.638
  0  0.588
  0  0.695
  0  0.614
  0  0.694
  0  0.899
  1  0.734
  1  0.665
  0  0.603
  0  0.765
  0  0.621
  0  0.790
  0  0.700
  0  0.599
  0  0.856
  1  0.761
  0  0.857
  0  0.678
  1  0.730
  1  0.770
  0  0.638
  0  0.617
  0  0.682
  0  0.725
  1  0.635
  0  0.611
  1  0.626
  1  0.802
  1  0.624
  1  0.685
  0  0.705
  1  1.086
  1  0.810
  0  0.617
  1  0.699
  0  0.645
  0  0.697
  0  0.642
  0  0.634
  1  0.651
  1  0.845
  0  0.718
  0  0.679
  0  0.670
  0  0.786
  0  0.626
  0  0.634
  0  0.718
  0  0.668
  1  0.625
  1  0.677
  0  0.670
  1  0.687
  1  0.737
  1  0.688
  0  0.605
  0  0.627
  0  0.787
  0  0.630
  0  0.603
  1  0.889
  1  0.774
  1  0.673
  1  0.722
  0  0.743
  0  0.626
  0  0.617
  0  0.689
  0  0.604
  0  0.643
  0  0.680
  0  0.632
  0  0.619
  0  0.705
  1  0.634
  0  0.631
  1  0.638
  0  0.626
  0  0.641
  0  0.627
  0  0.648
  0  0.588
  0  0.699
  1  0.622
  1  0.650
  0  0.647
  1  0.773
  0  0.623
  1  0.818
  0  0.705
  0  0.642
  1  0.737
  0  0.634
  0  0.663
  1  0.709
  0  0.855
  0  0.651
  1  0.713
  1  0.636
  0  0.610
  1  0.644
  0  0.824
  1  0.646
  0  0.693
  0  0.602
  0  0.638
  0  0.655
  0  0.639
  1  0.738
  1  0.621
  0  0.660
  1  0.667
  0  0.701
  1  0.801
  0  0.886
  0  0.586
  1  0.661
  1  0.794
  0  0.587
  0  0.694
  0  0.808
  1  0.634
  1  0.744
  1  0.827
  1  0.633
  0  0.757
  1  0.627
  0  0.659
  0  0.638
  0  0.888
  0  0.658
  0  0.591
  0  0.639
  0  0.595
  1  0.707
  0  0.635
  0  0.606
  1  0.675
  1  0.634
  0  0.691
  1  0.634
  1  0.669
  1  0.653
  0  0.708
  0  0.661
  1  0.712
  1  0.735
  1  0.891
  0  0.677
  0  0.596
  0  0.663
  0  0.629
  0  0.639
  1  0.670
  0  0.726
  1  0.727
  0  0.625
  1  0.680
  0  0.641
  0  0.847
  0  0.652
  0  0.608
  1  0.642
  0  0.622
  1  0.838
  0  0.639
  0  0.732
  0  0.662
  1  0.937
  1  0.909
  0  0.616
  1  0.651
  1  0.629
  1  0.826
  0  0.619
  1  0.636
  1  0.957
  1  0.672
  1  0.648
  0  0.754
  0  0.655
  1  0.609
  0  0.632
  0  0.675
  0  0.780
  1  0.736
  0  0.620
  1  0.659
  0  0.708
  1  0.788
  0  0.645
  0  0.834
  0  0.638
  0  0.655
  0  0.787
  0  0.658
