  0  1.412
  1  0.955
  0  0.782
  1  1.017
  1  1.497
  1  0.857
  1  0.798
  0  0.575
  0  1.631
  0  1.224
  0  1.107
  0  2.026
  1  0.757
  1  1.018
  0  1.373
  0  0.844
  1  1.153
  1  1.526
  0  0.924
  0  1.152
  1  1.264
  0  0.773
  0  0.820
  0  0.638
  1  0.943
  0  1.497
  0  0.962
  0  0.847
  1  1.254
  0  1.161
  0  0.757
  1  1.057
  0  0.768
  1  1.561
  1  0.686
  0  0.639
  1  0.841
  0  1.221
  1  0.792
  0  1.054
  0  1.176
  0  0.646
  0  1.099
  0  0.853
  1  3.222
  1  0.613
  0  0.634
  0  0.964
  1  1.397
  0  0.730
  0  0.630
  0  1.038
  1  0.727
  1  2.225
  0  1.120
  1  0.619
  0  2.653
  0  1.137
  1  0.734
  0  0.620
  0  0.846
  0  0.618
  1  1.323
  0  1.336
  1  0.561
  1  0.914
  1  0.800
  1  0.825
  1  0.887
  0  1.184
  0  2.126
  0  0.528
  1  0.805
  0  0.546
  0  0.793
  1  0.705
  1  0.914
  1  1.209
  0  0.678
  0  1.009
  0  1.233
  1  0.904
  0  0.982
  0  1.104
  0  0.807
  1  1.015
  0  1.010
  1  1.375
  1  1.274
  1  2.918
  0  0.726
  0  1.262
  1  0.781
  1  0.635
  0  1.103
  0  0.816
  0  1.130
  1  3.202
  1  0.994
  1  0.810
  0  1.381
  0  0.697
  0  1.602
  0  0.685
  0  0.784
  1  1.070
  1  2.782
  0  0.528
  1  0.952
  1  1.018
  0  0.823
  0  0.893
  1  1.071
  0  0.747
  0  1.167
  0  1.402
  1  0.726
  0  0.786
  0  1.004
  0  1.330
  0  0.808
  1  1.983
  0  1.565
  0  1.319
  0  0.635
  0  1.007
  1  0.690
  0  0.636
  1  1.547
  0  1.219
  0  0.676
  1  1.067
  1  1.677
  1  1.243
  0  1.731
  1  1.062
  0  1.859
  0  1.329
  1  1.023
  1  1.143
  0  0.792
  0  0.877
  0  1.196
  0  0.754
  0  0.711
  1  2.040
  1  1.516
  0  1.050
  1  0.818
  1  0.980
  0  0.801
  1  0.846
  0  0.728
  0  0.691
  0  1.699
  1  0.976
  1  1.067
  0  1.321
  0  0.912
  0  0.636
  0  0.634
  0  0.720
  0  1.615
  0  1.945
  1  1.448
  1  0.921
  1  3.133
  0  2.401
  1  1.478
  0  0.661
  1  1.150
  0  1.014
  1  0.794
  0  0.915
  1  0.633
  0  1.533
  0  1.404
  0  1.013
  0  1.848
  1  0.828
  0  0.955
  1  0.895
  1  1.151
  0  0.851
  0  0.831
  0  3.220
  0  0.633
  0  1.206
  0  0.496
  1  1.412
  1  0.936
  0  0.987
  1  2.012
  1  0.789
  1  0.998
  0  0.632
  1  1.139
  0  0.650
  1  2.096
  0  1.148
  0  0.901
  1  1.277
  1  1.728
  0  0.854
  0  0.748
  0  2.006
  0  0.811
  1  1.428
  0  0.927
  1  0.890
  1  0.709
  1  0.887
  0  0.740
  0  0.978
  1  0.848
  0  1.868
  0  1.010
  0  0.625
  1  1.703
  0  0.770
  1  1.597
  0  1.068
  0  1.605
  0  0.845
  0  0.757
  0  1.425
  1  1.323
  0  0.726
  1  1.059
  0  1.176
  1  1.491
  0  1.322
  1  1.306
  0  0.661
  0  0.885
  0  1.429
  0  0.663
  1  2.160
  1  1.559
  0  0.505
  1  0.864
  0  1.189
  0  0.830
  1  1.050
  0  1.052
  0  0.693
  0  1.025
  1  1.410
  0  1.070
  1  0.864
  0  0.771
  1  0.600
  1  1.073
  0  0.642
  1  1.712
  1  1.041
  0  1.513
  1  2.866
  1  0.897
  1  0.697
  0  0.854
  0  3.359
  0  2.035
  1  1.210
  0  1.943
  1  1.168
  1  1.055
  0  0.678
  0  1.034
  1  0.888
  1  0.814
  1  0.941
  0  0.617
  0  0.831
  0  0.780
  1  0.872
  0  2.015
  0  0.713
  0  0.707
  1  0.912
  0  0.728
  1  2.081
  1  0.656
  1  0.915
  0  0.761
  1  2.462
  0  1.296
  1  0.901
  0  0.553
  0  0.725
  0  1.089
  0  1.473
  0  1.061
  0  0.677
  1  0.743
  0  0.658
  0  1.269
  1  0.931
  1  0.878
  1  1.045
  0  0.952
  0  0.580
  0  1.604
  0  0.576
  1  1.369
  1  1.402
  1  1.216
  0  1.812
  1  0.851
  0  1.013
  1  1.274
  1  1.776
  0  1.200
  0  0.665
  0  0.686
  0  0.685
  1  1.029
  1  0.698
  1  3.043
  0  1.639
  0  1.035
  1  1.018
  1  1.029
  0  1.327
  0  1.513
  0  1.216
  1  1.262
  1  0.969
  0  0.650
  1  1.803
  1  1.055
  0  0.640
  1  0.849
  0  1.045
  0  1.370
  0  1.424
  0  0.949
  0  1.293
  0  1.446
  0  2.834
  1  0.987
  0  0.846
  0  1.104
  0  0.807
  0  1.399
  0  0.743
  0  0.740
  0  1.014
  0  2.022
  0  0.638
  0  0.980
  1  0.809
  0  0.797
  0  1.190
  0  0.531
  1  1.422
  1  0.922
  0  1.149
  0  0.619
  0  0.985
  0  0.779
  0  0.938
  1  3.624
  1  1.326
  0  1.631
  1  1.723
  1  1.148
  1  1.038
  1  2.053
  1  0.857
  0  0.846
  0  1.049
  1  0.621
  1  1.280
  0  0.845
  1  1.281
  1  1.133
  0  0.748
  0  0.582
  1  0.775
  0  0.568
  1  1.069
  0  1.193
  0  0.655
  0  0.774
  0  0.579
  0  0.582
  1  1.040
  1  0.832
  0  1.009
  1  0.935
  0  1.556
  0  1.308
  0  0.712
  1  0.840
  0  0.762
  1  0.912
  0  0.655
  0  1.209
  1  1.393
  0  1.063
  1  1.043
  1  1.279
  1  0.765
  0  1.305
  0  1.137
  1  1.310
  1  0.825
  1  1.830
  0  0.905
  0  0.692
  0  0.845
  0  1.365
  1  1.301
  0  1.190
  1  1.172
  0  2.126
  1  1.177
  1  0.952
  0  1.006
  1  1.331
  0  3.604
  1  1.725
  0  1.015
  0  0.860
  0  0.720
  0  0.577
  0  0.921
  0  0.749
  0  0.668
  0  0.887
  1  0.948
  0  1.304
  0  0.669
  0  1.186
  1  1.065
  1  0.710
  1  1.072
  1  1.228
  0  0.789
  0  0.806
  0  0.804
  0  3.842
  1  1.085
  1  1.239
  0  0.973
  1  1.631
  1  0.947
  0  0.575
  0  0.702
  0  0.704
  0  0.671
  1  1.295
  0  0.728
  1  1.022
  1  1.440
  0  0.563
  1  1.155
  0  0.762
  0  0.728
  1  0.999
  1  1.226
  0  0.770
  1  1.227
  1  1.623
  1  1.066
  1  1.258
  1  0.997
  1  1.301
  1  1.026
  1  0.866
  0  0.822
  1  1.279
  0  1.224
  1  1.271
  1  0.762
  0  1.640
  1  0.642
  0  0.811
  0  1.600
  1  1.319
  1  0.737
  1  0.752
  1  1.212
  0  0.828
  0  0.734
  0  0.896
  0  0.680
  0  0.647
  0  0.678
  0  1.282
  1  1.767
  0  0.750
  0  1.149
  1  1.326
  0  0.687
  0  0.922
  0  1.328
  1  1.705
  0  0.786
